******************************************************************************
            TI ARM Clang Linker PC v3.2.2                      
******************************************************************************
>> Linked Wed Jul  1 20:07:50 2026

OUTPUT FILE NAME:   <flower_ota_onchip_CC2340R5_RGE.out>
ENTRY POINT SYMBOL: "resetISR"  address: 00037f91


MEMORY CONFIGURATION

         name            origin    length      used     unused   attr    fill
----------------------  --------  ---------  --------  --------  ----  --------
  FLASH                 00004100   0003c700  00038ee8  00003818  R  X
  NVRAM                 0007f000   00001000  00001000  00000000  R  X
  SRAM                  20000000   00009000  000075dd  00001a23  RW X
  S2RRAM                40098000   00001000  00000000  00001000  RW  
  CCFG                  4e020000   00000800  00000800  00000000  R   
  LOG_DATA              90000000   00040000  00000000  00040000  R   
  LOG_PTR               94000008   00040000  00000000  00040000  R   


SEGMENT ALLOCATION MAP

run origin  load origin   length   init length attrs members
----------  ----------- ---------- ----------- ----- -------
00004100    00004100    00038ef0   00038ef0    r-x
  00004100    00004100    0000008c   0000008c    r-- .resetVecs
  00004190    00004190    000353c4   000353c4    r-x .text
  00039558    00039558    00003718   00003718    r-- .rodata
  0003cc70    0003cc70    00000380   00000380    r-- .cinit
0007f000    0007f000    00001000   00000000    rw-
  0007f000    0007f000    00001000   00000000    rw- .TI.bound:flashBuf0
20000440    20000440    00000020   00000000    rw-
  20000440    20000440    00000010   00000000    rw- .TI.bound:dmaChannel4ControlTableEntry
  20000450    20000450    00000010   00000000    rw- .TI.bound:dmaChannel5ControlTableEntry
20000460    20000460    00007135   00000000    rw-
  20000460    20000460    00004e0c   00000000    rw- .bss
  20005270    20005270    00002325   00000000    rw- .data
20008c00    20008c00    00000400   00000000    rw-
  20008c00    20008c00    00000400   00000000    rw- .stack
4e020000    4e020000    00000800   00000800    r--
  4e020000    4e020000    00000800   00000800    r-- .ccfg


SECTION ALLOCATION MAP

 output                                  attributes/
section   page    origin      length       input sections
--------  ----  ----------  ----------   ----------------
.resetVecs 
*          0    00004100    0000008c     
                  00004100    0000008c     ti_freertos_config.o (.resetVecs)

.binit     0    00004100    00000000     

.text      0    00004190    000353c4     
                  00004190    00002e30     zb_zdo_ed.a : zboss_r23_zdo_zdo_rx.obj (.text.zb_zdo_data_indication)
                  00006fc0    00001bb0     zb_ed_role.a : zboss_r23_common_zb_nvram.obj (.text.zb_nvram_load)
                  00008b70    000014a4     ti_f3_main.o (.text.main_task_function)
                  0000a014    00001340     rcl_cc23x0r5.a : ieee.c.obj (.text.RCL_Handler_Ieee_RxTx)
                  0000b354    00001030     zb_ed_role.a : zboss_r23_aps_aps_main.obj (.text.zb_nlde_data_indication_continue)
                  0000c384    00000e2c     lto83 (.text.write_dataset_body_by_type)
                  0000d1b0    00000d90     lto83 (.text.zb_zcl_process_ota_upgrade_specific_commands_cli)
                  0000df40    00000a54     lto83 (.text.ep_process_zcl_cmd)
                  0000e994    000008c8     zb_ed_role.a : zboss_r23_mac_mac.obj (.text.zb_mac_logic_iteration)
                  0000f25c    00000880                  : zboss_r23_nwk_nwk_discovery.obj (.text.zb_mlme_beacon_notify_indication)
                  0000fadc    00000830                  : zboss_r23_nwk_nwk_main.obj (.text.zb_mcps_data_indication_process_nwk)
                  0001030c    000006c4     zb_cluster_ed.a : zboss_r23_zcl_zcl_scenes.obj (.text.zb_zcl_process_scenes_specific_commands_cli)
                  000109d0    000006bc     lto83 (.text.zb_apsde_data_request_main)
                  0001108c    000005dc     zb_cluster_ed.a : zboss_r23_zcl_zcl_on_off_commands.obj (.text.zb_zcl_process_on_off_specific_commands_cli)
                  00011668    0000052c     on_off_switch_ota_client.o (.text.zboss_signal_handler)
                  00011b94    00000524     lto83 (.text.zb_sw_crypto_scalarmult)
                  000120b8    000004f4     rcl_cc23x0r5.a : LRFCC23X0.c.obj (.text.LRF_setupRadio)
                  000125ac    000004c8     lto83 (.text.done_with_frag_tx_ack)
                  00012a74    0000044c     zb_ti_platform_zed_log.a : mac_ti_f3_mac.obj (.text.rfCallback)
                  00012ec0    0000043c     zb_zdo_ed.a : zboss_r23_zdo_af_rx.obj (.text.zb_apsde_data_acknowledged)
                  000132fc    00000414     on_off_switch_ota_client.o (.text.device_interface_cb)
                  00013710    000003cc     lto83 (.text.zb_zcl_read_attr_handler_continue)
                  00013adc    000003c8     zb_ed_role.a : zboss_r23_nwk_nwk_join.obj (.text.zb_nlme_rejoin_response)
                  00013ea4    000003b8                  : zboss_r23_nwk_nwk_discovery.obj (.text.zb_mlme_scan_confirm)
                  0001425c    000003b0     lto83 (.text.zb_zdo_common_response_handler)
                  0001460c    0000036c     zb_ed_role.a : zboss_r23_secur_zdo_secur.obj (.text.zb_apsme_transport_key_indication)
                  00014978    0000036c     zb_cluster_ed.a : zboss_r23_zcl_zcl_general_commands.obj (.text.zb_zcl_send_report_attr_command)
                  00014ce4    00000368                     : zboss_r23_zcl_zcl_general_commands.obj (.text.zb_zcl_write_attr_handler)
                  0001504c    00000344     zb_ed_role.a : zboss_r23_aps_aps_main.obj (.text.zb_apsde_data_request)
                  00015390    00000340     on_off_switch_ota_client.o (.text.my_main_loop)
                  000156d0    0000032c     zb_ed_role.a : zboss_r23_secur_aps_secur.obj (.text.zb_aps_unsecure_frame)
                  000159fc    00000320                  : zboss_r23_nwk_nwk_main.obj (.text.nwk_frame_indication)
                  00015d1c    0000030c     lto83 (.text.LRF_temperatureCompensateTrim)
                  00016028    00000304     zb_ed_role.a : zboss_r23_aps_aps_main.obj (.text.zb_nlde_data_confirm)
                  0001632c    000002fc     zb_zdo_ed.a : zboss_r23_zdo_zdo_bind_manage.obj (.text.zb_zdo_bind_unbind_res)
                  00016628    000002e0     lto83 (.text.bdb_rejoin_machine)
                  00016908    000002dc     libc.a : e_log10.c.obj (.text.log10)
                  00016be4    000002d0     zb_ed_role.a : zboss_r23_aps_aps_bind.obj (.text.zb_apsme_bind_request)
                  00016eb4    000002cc                  : zboss_r23_common_zb_scheduler.obj (.text.zb_schedule_alarm)
                  00017180    00000010     lto83 (.tramp.OUTLINED_FUNCTION_485.1)
                  00017190    000002c4     drivers_cc23x0r5.a : AESCMACLPF3.c.obj (.text.AESCMAC_oneStepSign)
                  00017454    000002c0     rcl_cc23x0r5.a : LRFCC23X0.c.obj (.text.LRF_programFrequency)
                  00017714    000002ac     zb_ed_role.a : zboss_r23_nwk_nwk_main.obj (.text.zb_nwk_handle_mcps_data_confirm)
                  000179c0    0000029c     lto83 (.text.bdb_network_steering_machine)
                  00017c5c    0000029c     lto83 (.text.rclCommandHwi)
                  00017ef8    00000294     lto83 (.text.zb_zcl_finish_and_send_packet_common)
                  0001818c    0000027c     lto83 (.text.bdb_handle_comm_signal)
                  00018408    00000274     ti_f3_main.o (.text.main)
                  0001867c    00000274     lto83 (.text.process_binding_for_respondent)
                  000188f0    00000274     zb_ed_role.a : zboss_r23_mac_mac_scan.obj (.text.zb_mlme_scan_step)
                  00018b64    0000026c                  : zboss_r23_secur_aps_secur.obj (.text.zb_aps_secure_frame)
                  00018dd0    0000025c     zb_zdo_ed.a : zboss_r23_zdo_zdo_app_join.obj (.text.zb_nlme_network_discovery_confirm)
                  0001902c    0000025c     zb_cluster_ed.a : zboss_r23_zcl_zcl_reporting.obj (.text.zb_zcl_mark_attr_for_reporting_manuf)
                  00019288    00000258     ti_freertos_config.o (.text.PowerCC23X0_standbyPolicy)
                  000194e0    00000254     lto83 (.text.sendTx)
                  00019734    0000024c     rcl_cc23x0r5.a : adc_noise.c.obj (.text.RCL_Handler_ADC_Noise_getNoise)
                  00019980    0000024c     lto83 (.text.rclSchedulerHwi)
                  00019bcc    0000024c     lto83 (.text.zcl_write_attr_post_process)
                  00019e18    00000248     lto83 (.text.zb_nvram_get_length_dataset)
                  0001a060    00000244     zb_ed_role.a : zboss_r23_common_zb_address.obj (.text.zb_address_update)
                  0001a2a4    00000240                  : zboss_r23_aps_aps_main.obj (.text.zb_nlde_data_indication)
                  0001a4e4    00000230                  : zboss_r23_mac_mac.obj (.text.zb_mac_send_frame)
                  0001a714    0000022c     lto83 (.text.aps_ack_send_handle)
                  0001a940    0000022c     zb_ed_role.a : zboss_r23_nwk_nwk_join.obj (.text.zb_mlme_associate_confirm)
                  0001ab6c    00000224                  : zboss_r23_nwk_nwk_main.obj (.text.zb_nwk_forward)
                  0001ad90    00000218                  : zboss_r23_commissioning_bdb_zdo_commissioning_bdb.obj (.text.bdb_commissioning_machine)
                  0001afa8    00000218                  : zboss_r23_mac_mac_pib.obj (.text.zb_mlme_set_request_sync)
                  0001b1c0    00000210                  : zboss_r23_mac_mac_pib.obj (.text.zb_mlme_get_request)
                  0001b3d0    0000020c                  : zboss_r23_aps_aps_main.obj (.text.zb_aps_ack_timer_cb)
                  0001b5dc    000001f8     lto83 (.text.find_datasets_on_page)
                  0001b7d4    000001f8     zb_ed_role.a : zboss_r23_nwk_nwk_join.obj (.text.zb_nlme_join_request)
                  0001b9cc    000001f4     lto83 (.text.zb_aps_unsecure_frame_bykey)
                  0001bbc0    000001f0     zb_cluster_ed.a : zboss_r23_zcl_zcl_common.obj (.text.zb_zcl_get_attribute_size)
                  0001bdb0    000001ec     lto83 (.text.zb_aps_out_frag_schedule_send_next_block)
                  0001bf9c    000001e8     zb_zdo_ed.a : zboss_r23_zdo_zdo_wwah_survey_beacons.obj (.text.zb_nlme_beacon_survey_scan_confirm)
                  0001c184    000001e8     zb_cluster_ed.a : zboss_r23_zcl_zcl_power_config_commands.obj (.text.zcl_pwr_cfg_check_battery_voltage_or_percentage_value)
                  0001c36c    000001e0     lto83 (.text.zb_zcl_put_attribute_value)
                  0001c54c    000001e0     lto83 (.text.zb_zcl_scenes_process_add_scene_command)
                  0001c72c    000001dc     zb_ed_role.a : zboss_r23_nwk_nwk_main.obj (.text.zb_nwk_do_leave)
                  0001c908    000001d8     lto83 (.text.addr_add)
                  0001cae0    000001d8     lto83 (.text.zb_aps_send_command_main)
                  0001ccb8    000001d4     lto83 (.text.nwk_choose_parent)
                  0001ce8c    000001d0     drivers_cc23x0r5.a : AESCTRLPF3.c.obj (.text.AESCTR_oneStepEncrypt)
                  0001d05c    000001d0     zb_ti_platform_zed_log.a : osif_ti_f3_crypto.obj (.text.hw_aes128)
                  0001d22c    000001d0     lto83 (.text.zb_zcl_disc_attr_handler)
                  0001d3fc    000001c8     zb_ed_role.a : zboss_r23_secur_zdo_secur.obj (.text.zb_secur_update_key_pair_ex)
                  0001d5c4    000001c0     lto83 (.text.nwk_association_join)
                  0001d784    000001a8     zb_ed_role.a : zboss_r23_nwk_nwk_disc_table.obj (.text.zb_nwk_neighbor_ext_to_base)
                  0001d92c    000001a8     zb_cluster_ed.a : zboss_r23_zcl_zcl_common.obj (.text.zb_zcl_process_device_command)
                  0001dad4    000001a4                     : zboss_r23_zcl_zcl_identify_commands.obj (.text.zb_zcl_process_identify_specific_commands)
                  0001dc78    000001a0     lto83 (.text.done_with_this_ack)
                  0001de18    000001a0     lto83 (.text.resend_buffer)
                  0001dfb8    00000194     lto83 (.text.migrate_curr_page_to_new_version)
                  0001e14c    00000192     libclang_rt.builtins.a : adddf3.S.obj (.text.adddf3_subdf3)
                  0001e2de    00000002     lto83 (.text.IntDefaultHandler)
                  0001e2e0    00000190     zb_ed_role.a : zboss_r23_nwk_nwk_nlme.obj (.text.zb_nwk_load_pib_stm)
                  0001e470    00000190     zb_cluster_ed.a : zboss_r23_zcl_zcl_general_commands.obj (.text.zb_zcl_discover_commands_res)
                  0001e600    0000018c     ti_freertos_config.o (.text.xQueueSemaphoreTake)
                  0001e78c    00000184     zb_ed_role.a : zboss_r23_aps_aps_main.obj (.text.zb_aps_hdr_parse)
                  0001e910    00000184                  : zboss_r23_secur_zdo_secur.obj (.text.zb_zdo_secur_ecdhe_start)
                  0001ea94    0000017c     lto83 (.text.mlme_get_mac_diag_info)
                  0001ec10    0000017c     zb_ed_role.a : zboss_r23_mac_mac_scan.obj (.text.zb_mac_send_enhanced_beacon_request_command)
                  0001ed8c    00000178                  : zboss_r23_mac_mac_data.obj (.text.zb_mcps_data_request)
                  0001ef04    00000178     lto83 (.text.zdo_send_req)
                  0001f07c    00000174     zb_ti_platform_zed_log.a : mac_ti_f3_mac.obj (.text.mac_ti23xx_radio_init)
                  0001f1f0    00000170     zb_ed_role.a : zboss_r23_mac_mac_scan.obj (.text.zb_mlme_scan_request)
                  0001f360    0000016c     lto83 (.text.prvTimerTask)
                  0001f4cc    00000168     lto83 (.text.rclSchedulerProcessCmdStartStopTime)
                  0001f634    00000162     drivers_cc23x0r5.a : I2C.c.obj (.text.I2C_transfer)
                  0001f796    00000002                        : PWMTimerLPF3.c.obj (.text.PWMTimerLPF3_init)
                  0001f798    00000160     lto83 (.text.update_attr_illuminance_value)
                  0001f8f8    00000160     zb_zdo_ed.a : zboss_r23_zdo_zdo_poll.obj (.text.zb_nlme_sync_confirm)
                  0001fa58    0000015c     lto83 (.text.nwk_alloc_and_fill_hdr_int)
                  0001fbb4    0000015c     lto83 (.text.zb_zcl_scenes_process_view_scene_command)
                  0001fd10    00000158     lto83 (.text.rclStop)
                  0001fe68    00000158     zb_cluster_ed.a : zboss_r23_zcl_zcl_alarms_commands.obj (.text.zb_zcl_process_alarms_specific_commands_srv)
                  0001ffc0    00000150     drivers_cc23x0r5.a : PWMTimerLPF3.c.obj (.text.PWMTimerLPF3_open)
                  00020110    00000010     lto83 (.tramp.OUTLINED_FUNCTION_485.2)
                  00020120    00000150     lto83 (.text.RNGLPF3RF_generateEntropy)
                  00020270    00000150     lto83 (.text.zb_nvram_migrate_current_page)
                  000203c0    00000150     zb_ed_role.a : zboss_r23_secur_nwk_secur.obj (.text.zb_nwk_secure_frame)
                  00020510    0000014c                  : zboss_r23_aps_aps_main.obj (.text.zb_aps_clear_after_leave)
                  0002065c    0000014c                  : zboss_r23_commissioning_bdb_bdb_finding_binding.obj (.text.zb_bdb_process_identify_query_res)
                  000207a8    00000148     ti_freertos_config.o (.text.xQueueGenericSend)
                  000208f0    00000140     lto83 (.text.process_ed_timeout_resp)
                  00020a30    00000140     lto83 (.text.prvAddNewTaskToReadyList)
                  00020b70    0000013c     drivers_cc23x0r5.a : ADCLPF3.c.obj (.text.ADCLPF3_convertChain)
                  00020cac    00000010     lto83 (.tramp.OUTLINED_FUNCTION_485.3)
                  00020cbc    00000138     drivers_cc23x0r5.a : NVSLPF3.c.obj (.text.NVSLPF3_write)
                  00020df4    00000138     zb_ed_role.a : zboss_r23_mac_mac.obj (.text.zb_mac_change_channel)
                  00020f2c    00000138     zb_zdo_ed.a : zboss_r23_zdo_zdo_disc_cli.obj (.text.zb_zdo_initiate_nwk_addr_req_2param)
                  00021064    00000138     lto83 (.text.zb_zdo_node_desc_req_2param_cb)
                  0002119c    00000132     zb_ed_role.a : zboss_r23_secur_secur_ccm.obj (.text.zb_ccm_auth_trans)
                  000212ce    00000002     libclang_rt.builtins.a : aeabi_div0.c.obj (.text.__aeabi_idiv0)
                  000212d0    00000130     lto83 (.text.bdb_initialization_machine)
                  00021400    0000012c     zb_cluster_ed.a : zboss_r23_zcl_zcl_s_wwah.obj (.text.zb_zcl_wwah_periodic_checkin_tc_poll)
                  0002152c    00000128     zb_zdo_ed.a : zboss_r23_zdo_zdo_app_leave.obj (.text.zb_nlme_leave_confirm)
                  00021654    00000128     zb_ed_role.a : zboss_r23_common_zb_scheduler.obj (.text.zb_schedule_alarm_cancel)
                  0002177c    00000128     zb_zdo_ed.a : zboss_r23_zdo_zdo_commissioning.obj (.text.zdo_commissioning_join_via_scanlist)
                  000218a4    00000124     drivers_cc23x0r5.a : ADCLPF3.c.obj (.text.ADCLPF3_convert)
                  000219c8    00000124     ti_freertos_config.o (.text.xQueueReceive)
                  00021aec    00000124     zb_zdo_ed.a : zboss_r23_zdo_zdo_commissioning.obj (.text.zdo_commissioning_leave_done)
                  00021c10    00000124                 : zboss_r23_zdo_zdo_diagnostics.obj (.text.zdo_diagnostics_inc)
                  00021d34    00000124     lto83 (.text.zdo_ed_scan_completed_by_update_request)
                  00021e58    00000120     zb_ed_role.a : zboss_r23_aps_aps_main.obj (.text.aps_data_hdr_fill_datareq)
                  00021f78    00000120                  : zboss_r23_commissioning_bdb_bdb_finding_binding.obj (.text.zb_bdb_active_eps_check_cb)
                  00022098    0000011c     lto83 (.text.allocate_buffer_unsafe)
                  000221b4    0000011c     lto83 (.text.check_in_handle_check_binding_confirm)
                  000222d0    0000011c     ti_freertos_config.o (.text.xTaskResumeAll)
                  000223ec    0000011c     zb_zdo_ed.a : zboss_r23_zdo_af_rx.obj (.text.zb_apsde_data_indication)
                  00022508    0000011c     zb_ed_role.a : zboss_r23_nwk_nwk_nlme.obj (.text.zb_nlme_leave_request)
                  00022624    0000011c     lto83 (.text.zb_zcl_ota_server_discovery_callback)
                  00022740    0000011c     zb_cluster_ed.a : zboss_r23_zcl_zcl_reporting.obj (.text.zb_zcl_put_reporting_info)
                  0002285c    00000118     lto83 (.text.AESCTRDRBG_reseed)
                  00022974    00000118     zb_ed_role.a : zboss_r23_commissioning_bdb_zdo_commissioning_bdb.obj (.text.bdb_initialization_procedure)
                  00022a8c    00000118                  : zboss_r23_secur_zdo_secur.obj (.text.zb_zdo_secur_send_challenge_req)
                  00022ba4    00000110     zb_zdo_ed.a : zboss_r23_zdo_zdo_disc_cli.obj (.text.zb_zdo_init_node_desc_req_2param)
                  00022cb4    00000110     lto83 (.text.zclSampleSw_I2cInit)
                  00022dc4    00000110     zb_zdo_ed.a : zboss_r23_zdo_zdo_app_join.obj (.text.zdo_authenticated_send_device_annce)
                  00022ed4    0000010c     libclang_rt.builtins.a : divdf3.S.obj (.text.__divdf3)
                  00022fe0    0000010c     on_off_switch_ota_client.o (.text.update_attr_moisture_value)
                  000230ec    0000010c     lto83 (.text.update_attr_temperature_value)
                  000231f8    0000010c     zb_ed_role.a : zboss_r23_secur_aps_secur.obj (.text.zb_aps_secure_frame_by_key)
                  00023304    0000010c     zb_zdo_ed.a : zboss_r23_zdo_zdo_app.obj (.text.zb_apsde_data_confirm)
                  00023410    0000010c     lto83 (.text.zdo_mgmt_leave_local)
                  0002351c    00000108     on_off_switch_ota_client.o (.text.button_press_handler)
                  00023624    00000108     zb_ed_role.a : zboss_r23_mac_mac_data.obj (.text.zb_handle_mcps_data_req)
                  0002372c    00000108                  : zboss_r23_mac_mac.obj (.text.zb_mlme_handle_in_command)
                  00023834    00000108     zb_cluster_ed.a : zboss_r23_zcl_zcl_ota_upgrade_commands.obj (.text.zcl_ota_abort)
                  0002393c    00000100     lto83 (.text.batteryEventCb)
                  00023a3c    00000100     zb_zdo_ed.a : zboss_r23_zdo_zdo_app.obj (.text.zb_aps_command_confirm)
                  00023b3c    00000100     zb_ed_role.a : zboss_r23_commissioning_bdb_bdb_finding_binding.obj (.text.zb_bdb_process_ext_addr_resp)
                  00023c3c    000000fc     lto83 (.text.I2CLPF3_hwiFxn)
                  00023d38    000000fc     lto83 (.text.aps_in_frag_do_merge_blocks)
                  00023e34    000000fc     lto83 (.text.rclDispatchHwi)
                  00023f30    000000fc     ti_freertos_config.o (.text.xTaskIncrementTick)
                  0002402c    000000fc     zb_ti_platform_zed_log.a : osif_ti_f3_nvram.obj (.text.zb_osif_nvram_erase_async)
                  00024128    000000fc     zb_cluster_ed.a : zboss_r23_zcl_zcl_reporting.obj (.text.zb_zcl_reporting_timer_handler)
                  00024224    000000fa     lto83 (.text.encrypt_trans)
                  0002431e    00000002     libclang_rt.builtins.a : aeabi_div0.c.obj (.text.__aeabi_ldiv0)
                  00024320    000000f8     zb_ed_role.a : zboss_r23_common_zb_nvram.obj (.text.zb_nvram_write_end)
                  00024418    000000f8     lto83 (.text.zb_zcl_on_off_timer_handler)
                  00024510    000000f4     zb_ed_role.a : zboss_r23_aps_aps_main.obj (.text.zb_apsde_data_request_relay)
                  00024604    000000f4     lto83 (.text.zb_apsme_unbind_all)
                  000246f8    000000f0     zb_ed_role.a : zboss_r23_aps_aps_bind.obj (.text.zb_apsme_unbind_by_ref)
                  000247e8    000000f0     lto83 (.text.zb_zcl_ota_upgrade_send_block_request)
                  000248d8    000000f0     lto83 (.text.zdo_diagnostics_get_mac_stats_cb)
                  000249c8    000000ec     lto83 (.text.bdb_restore_saved_rr)
                  00024ab4    000000ec     lto83 (.text.zb_nvram_dataset_data_is_valid)
                  00024ba0    000000ec     lto83 (.text.zb_zcl_conform_singleton)
                  00024c8c    000000e8     zb_cluster_ed.a : zboss_r23_zcl_zcl_illuminance_measurement.obj (.text.check_value_illuminance_measurement_server)
                  00024d74    000000e8                     : zboss_r23_zcl_zcl_common.obj (.text.zb_zcl_check_attribute_writable)
                  00024e5c    000000e8     lto83 (.text.zb_zcl_send_command_short_schedule)
                  00024f44    000000e4     libclang_rt.builtins.a : muldf3.S.obj (.text.__muldf3)
                  00025028    000000e4     zb_ed_role.a : zboss_r23_common_zb_address.obj (.text.zb_address_set_pan_id)
                  0002510c    000000e4                  : zboss_r23_nwk_nwk_main.obj (.text.zb_nlde_data_request)
                  000251f0    000000e0     ti_freertos_config.o (.text.pvPortMalloc)
                  000252d0    000000e0     zb_ed_role.a : zboss_r23_secur_apsme_secur.obj (.text.zb_apsme_verify_key_req)
                  000253b0    000000e0                  : zboss_r23_secur_zdo_secur.obj (.text.zb_zdo_sec_st_key_neg_req_send)
                  00025490    000000e0     lto83 (.text.zdo_initiate_rejoin_cont)
                  00025570    000000dc     zb_ti_platform_zed_log.a : mac_ti_f3_mac.obj (.text.mac_ti23xx_trans_set_rx_on_off)
                  0002564c    000000dc     lto83 (.text.zb_nvram_read_aps_counters)
                  00025728    000000dc     zb_cluster_ed.a : zboss_r23_zcl_zcl_s_wwah.obj (.text.zb_zcl_wwah_send_survey_beacons_response)
                  00025804    000000d8     lto83 (.text.bdb_key_exchg_node_desc_callback)
                  000258dc    000000d8     lto83 (.text.nvram_read_aps_keypair)
                  000259b4    000000d8     zb_ed_role.a : zboss_r23_nwk_nwk_nlme.obj (.text.zb_nlme_sync_request)
                  00025a8c    000000d4                  : zboss_r23_commissioning_bdb_zdo_commissioning_bdb.obj (.text.bdb_force_link)
                  00025b60    000000d4     ti_f3_led_buttons.o (.text.button_callback)
                  00025c34    000000d4     ti_freertos_config.o (.text.pthread_create)
                  00025d08    000000d4     zb_ed_role.a : zboss_r23_aps_aps_main.obj (.text.zb_aps_add_max_trans_size)
                  00025ddc    000000d4                  : zboss_r23_aps_aps_main.obj (.text.zb_aps_pass_group_msg_up)
                  00025eb0    000000d4     zb_cluster_ed.a : zboss_r23_zcl_zcl_s_wwah.obj (.text.zb_zcl_wwah_periodic_checkin_match_desc_req)
                  00025f84    000000d0     rcl_cc23x0r5.a : RCL.c.obj (.text.RCL_init)
                  00026054    000000d0     zb_ed_role.a : zboss_r23_nwk_nwk_main.obj (.text.mcps_indication_process_in)
                  00026124    000000d0                  : zboss_r23_secur_apsme_secur.obj (.text.zb_aps_in_relay)
                  000261f4    000000d0     lto83 (.text.zb_check_frag_queue_cleanup_and_send_fail_confirm)
                  000262c4    000000d0     zb_ed_role.a : zboss_r23_nwk_nwk_join.obj (.text.zb_nlme_rejoin_scan_confirm)
                  00026394    000000d0     zb_ti_platform_zed_log.a : osif_ti_f3_crypto.obj (.text.zb_osif_random_hw)
                  00026464    000000d0     zb_zdo_ed.a : zboss_r23_zdo_zdo_commissioning.obj (.text.zdo_commissioning_dev_annce_sent)
                  00026534    000000cc     zb_ed_role.a : zboss_r23_mac_mac.obj (.text.zb_handle_mlme_poll_request)
                  00026600    000000cc     lto83 (.text.zb_zdo_pim_turbo_poll_adaptation)
                  000266cc    000000c8     rcl_cc23x0r5.a : RCL_Scheduler.c.obj (.text.RCL_Scheduler_setStopTimes)
                  00026794    000000c8     zb_cluster_ed.a : zboss_r23_zcl_zcl_temp_measurement.obj (.text.check_value_temp_measurement_server)
                  0002685c    000000c8                     : zboss_r23_zcl_zcl_power_config_commands.obj (.text.send_alarm)
                  00026924    000000c8     lto83 (.text.zb_nlme_nwk_commis_req_send_pkt)
                  000269ec    000000c8     zb_ed_role.a : zboss_r23_mac_mac_common.obj (.text.zb_parse_mhr_ptr)
                  00026ab4    000000c8     zb_cluster_ed.a : zboss_r23_zcl_zcl_power_config_commands.obj (.text.zb_zcl_power_config_write_attr_hook_server)
                  00026b7c    000000c4                     : zboss_r23_zcl_zcl_power_config_commands.obj (.text.fill_alarm_state_bitmap)
                  00026c40    000000c4     on_off_switch_ota_client.o (.text.update_attr_battery_value)
                  00026d04    000000c4     ti_freertos_config.o (.text.vTaskSuspend)
                  00026dc8    000000c4     zb_ed_role.a : zboss_r23_nwk_nwk_main.obj (.text.zb_nwk_forget_device)
                  00026e8c    000000c4     zb_zdo_ed.a : zboss_r23_zdo_zdo_common.obj (.text.zdo_send_req_by_short)
                  00026f50    000000c0     ti_freertos_config.o (.text.SwiP_construct)
                  00027010    000000c0     zb_zdo_ed.a : zboss_r23_zdo_af_descriptor.obj (.text.zb_set_default_ed_descriptor_values)
                  000270d0    000000c0     lto83 (.text.zb_zcl_adjust_reporting_timer)
                  00027190    000000c0     zb_cluster_ed.a : zboss_r23_zcl_zcl_reporting.obj (.text.zb_zcl_find_reporting_info_manuf)
                  00027250    000000c0     zb_zdo_ed.a : zboss_r23_zdo_zdo_disc_cli.obj (.text.zb_zdo_match_desc_req)
                  00027310    000000bc     zb_ed_role.a : zboss_r23_mac_mac_associate.obj (.text.mac_call_associate_confirm_fail)
                  000273cc    000000bc                  : zboss_r23_common_zb_address.obj (.text.zb_add_short_addr_sorted)
                  00027488    000000bc                  : zboss_r23_common_zb_bufpool_mult.obj (.text.zb_buf_copy_func)
                  00027544    000000bc     zb_cluster_ed.a : zboss_r23_zcl_zcl_common.obj (.text.zb_zcl_get_next_target_endpoint)
                  00027600    000000bc     lto83 (.text.zdo_nwk_update_req_process_channel_ed_scan)
                  000276bc    000000b8     lto83 (.text.PowerCC23X0_oscillatorISR)
                  00027774    000000b8     ti_freertos_config.o (.text.xQueueGenericReset)
                  0002782c    000000b8     zb_ed_role.a : zboss_r23_commissioning_bdb_bdb_finding_binding.obj (.text.zb_bdb_simple_desc_check_cb)
                  000278e4    000000b8                  : zboss_r23_nwk_nwk_join.obj (.text.zb_nlme_rejoin_send_pkt)
                  0002799c    000000b8                  : zboss_r23_secur_ic_secur.obj (.text.zb_secur_ic_get_key_by_address)
                  00027a54    000000b6     lto83 (.text.zb_channel_page_list_set_logical_channel)
                  00027b0a    00000002     lto83 (.text.errorSpin)
                  00027b0c    000000b4     zb_ed_role.a : zboss_r23_aps_aps_main.obj (.text.aps_send_fail_confirm)
                  00027bc0    000000b4     ti_freertos_config.o (.text.vTaskDelete)
                  00027c74    000000b4     zb_cluster_ed.a : zboss_r23_zcl_zcl_reporting.obj (.text.zb_zcl_wait_reporting_timeout)
                  00027d28    000000b4     zb_zdo_ed.a : zboss_r23_zdo_af_rx.obj (.text.zb_zdo_device_is_unreachable)
                  00027ddc    000000b4                 : zboss_r23_zdo_zdo_common.obj (.text.zdo_af_resp)
                  00027e90    000000b4                 : zboss_r23_zdo_zdo_app_join.obj (.text.zdo_join_to_nwk_descr)
                  00027f44    000000b0     rcl_cc23x0r5.a : RCL_Scheduler.c.obj (.text.RCL_Scheduler_cancelSchedStopTime)
                  00027ff4    000000b0     zb_ed_role.a : zboss_r23_mac_mac_associate.obj (.text.zb_mlme_send_association_req_cmd)
                  000280a4    000000b0                  : zboss_r23_common_zb_nvram.obj (.text.zb_nvram_write_start)
                  00028154    000000ac     lto83 (.text.aps_in_frag_assemble_window_delayed)
                  00028200    000000ac     lto83 (.text.nwk_fill_alloc_hdr_req)
                  000282ac    000000ac     lto83 (.text.send_bind_unbind_req)
                  00028358    000000ac     on_off_switch_ota_client.o (.text.timer_update)
                  00028404    000000ac     lto83 (.text.zdo_mgmt_leave_req)
                  000284b0    000000a8     lto83 (.text.handle_bind_confirm.1284)
                  00028558    000000a8     ti_freertos_config.o (.text.xTaskRemoveFromEventList)
                  00028600    000000a8     zb_ed_role.a : zboss_r23_common_zb_nvram.obj (.text.zb_aps_keypair_write)
                  000286a8    000000a8     lto83 (.text.zb_mlme_reset_request_sync)
                  00028750    000000a4     rcl_cc23x0r5.a : RCL.c.obj (.text.RCL_open)
                  000287f4    000000a4     zb_ed_role.a : zboss_r23_secur_secur_ccm.obj (.text.zb_ccm_decrypt_n_auth)
                  00028898    000000a4     lto83 (.text.zb_clear_bind_trans)
                  0002893c    000000a4     lto83 (.text.zb_nlme_status_indication_process)
                  000289e0    000000a4     zb_ed_role.a : zboss_r23_nwk_nwk_neighbor.obj (.text.zb_nwk_neighbor_get)
                  00028a84    000000a4     lto83 (.text.zb_zcl_set_attr_val)
                  00028b28    000000a4     lto83 (.text.zdo_cb_killer)
                  00028bcc    000000a2     libclang_rt.builtins.a : udivmoddi4.S.obj (.text)
                  00028c6e    00000002     ti_freertos_config.o (.text.vApplicationStackOverflowHook)
                  00028c70    000000a0     lto83 (.text.LGPTimerLPF3_initHw)
                  00028d10    000000a0     lto83 (.text.RCL_Handler_Ieee_setCustomEventTime)
                  00028db0    000000a0     zb_cluster_ed.a : zboss_r23_zcl_zcl_rel_humidity.obj (.text.check_value_rel_humidity_measurement_server)
                  00028e50    000000a0     zb_ed_role.a : zboss_r23_nwk_nwk_nlme.obj (.text.nwk_next_rejoin_poll)
                  00028ef0    000000a0     lto83 (.text.prvUnlockQueue)
                  00028f90    000000a0     zb_ed_role.a : zboss_r23_commissioning_bdb_bdb_finding_binding.obj (.text.zb_bdb_process_active_eps_res)
                  00029030    000000a0                  : zboss_r23_secur_aps_secur.obj (.text.zb_increase_aps_outgoing_frame_counter)
                  000290d0    000000a0                  : zboss_r23_mac_mac_data.obj (.text.zb_mac_get_indirect_data)
                  00029170    000000a0                  : zboss_r23_nwk_nwk_join.obj (.text.zb_nlme_rejoin_response_timeout)
                  00029210    000000a0                  : zboss_r23_nwk_nwk_nlme.obj (.text.zb_nlme_send_status)
                  000292b0    000000a0     zb_cluster_ed.a : zboss_r23_zcl_zcl_reporting.obj (.text.zb_zcl_reporting_cb)
                  00029350    000000a0     lto83 (.text.zb_zdo_nwk_addr_req_2param_cb)
                  000293f0    000000a0     zb_zdo_ed.a : zboss_r23_zdo_zdo_tlv_mgmt.obj (.text.zb_zdo_upd_key_req_process_tlv)
                  00029490    0000009c     drivers_cc23x0r5.a : ADCLPF3.c.obj (.text.ADCLPF3_open)
                  0002952c    0000009c     zb_ed_role.a : zboss_r23_common_zb_address.obj (.text.zb_address_unlock_func)
                  000295c8    0000009c                  : zboss_r23_common_zb_bufpool_mult.obj (.text.zb_buf_free_func)
                  00029664    0000009c     lto83 (.text.zb_zdo_poll_parent)
                  00029700    00000098     lto83 (.text.doErase)
                  00029798    00000098     zb_ed_role.a : zboss_r23_secur_zdo_secur.obj (.text.secur_nwk_key_switch)
                  00029830    00000098     ti_freertos_config.o (.text.vTaskStartScheduler)
                  000298c8    00000098     lto83 (.text.zb_aps_relay_secured)
                  00029960    00000098     lto83 (.text.zb_button_register_handler)
                  000299f8    00000098     zb_ed_role.a : zboss_r23_nwk_nwk_main.obj (.text.zb_mcps_data_indication)
                  00029a90    00000098     lto83 (.text.zb_zcl_ota_upgrade_request_server_send)
                  00029b28    00000098     zb_cluster_ed.a : zboss_r23_zcl_zcl_poll_control_commands.obj (.text.zb_zcl_poll_control_start_check_in)
                  00029bc0    00000098                     : zboss_r23_zcl_zcl_reporting.obj (.text.zb_zcl_report_attr)
                  00029c58    00000094     driverlib.a : interrupt.c.obj (.text.IntSetPriority)
                  00029cec    00000094     lto83 (.text.RCL_Handler_Ieee_updateRxCurBufferAndFifo)
                  00029d80    00000094     zb_ed_role.a : zboss_r23_common_zb_bufpool_mult.obj (.text.zb_buf_initial_alloc_func)
                  00029e14    00000094     lto83 (.text.zb_mac_send_data_conf)
                  00029ea8    00000094     zb_ed_role.a : zboss_r23_nwk_nwk_nlme.obj (.text.zb_nlme_reset_request)
                  00029f3c    00000094                  : zboss_r23_secur_zdo_secur.obj (.text.zb_secur_create_best_suitable_link_key_pair_set)
                  00029fd0    00000094     zb_cluster_ed.a : zboss_r23_zcl_zcl_ias_zone_commands.obj (.text.zb_zcl_ias_zone_put_cie_address_to_binding_whitelist)
                  0002a064    00000094                     : zboss_r23_zcl_zcl_main.obj (.text.zb_zcl_send_default_resp_ext)
                  0002a0f8    00000094     lto83 (.text.zdo_join_done_cont)
                  0002a18c    00000092     lto83 (.text.I2CLPF3_swiFxn)
                  0002a21e    00000092     lto83 (.text.square)
                  0002a2b0    00000092     driverlib.a : aes_ticlang.s.obj (.text)
                  0002a342    00000002     ti_freertos_portable_config.o (.text.vPortSVCHandler)
                  0002a344    00000090     ti_freertos_config.o (.text.ClockP_startup)
                  0002a3d4    00000090     lto83 (.text.aps_in_frag_get_received_mask)
                  0002a464    00000090     lto83 (.text.aps_send_frame_via_binding)
                  0002a4f4    00000090     lto83 (.text.nwk_scan_find_next_channel_mask)
                  0002a584    00000090     lto83 (.text.prvInitialiseNewTask)
                  0002a614    00000090     lto83 (.text.short_search)
                  0002a6a4    00000090     zb_ed_role.a : zboss_r23_mac_mac_common.obj (.text.zb_mac_fill_mhr)
                  0002a734    00000090                  : zboss_r23_mac_mac_data.obj (.text.zb_mac_indirect_data_rx_failed)
                  0002a7c4    00000090                  : zboss_r23_nwk_nwk_discovery.obj (.text.zb_nlme_network_discovery_request)
                  0002a854    00000090                  : zboss_r23_common_zb_nvram.obj (.text.zb_nvram_write_dataset)
                  0002a8e4    00000090     zb_zdo_ed.a : zboss_r23_zdo_zdo_hubs.obj (.text.zb_wwah_set_pending_channel)
                  0002a974    00000090     zb_cluster_ed.a : zboss_r23_zcl_zcl_on_off_commands.obj (.text.zb_zcl_on_off_invoke_user_app)
                  0002aa04    00000090                     : zboss_r23_zcl_zcl_reporting.obj (.text.zb_zcl_reporting_slot_number)
                  0002aa94    00000090     zb_zdo_ed.a : zboss_r23_zdo_zdo_poll.obj (.text.zb_zdo_pim_init_defaults)
                  0002ab24    00000090     lto83 (.text.zdo_initiate_rejoin)
                  0002abb4    0000008c     lto83 (.text.AESCMACLPF3_getResult)
                  0002ac40    0000008c     libclang_rt.builtins.a : mulsf3.S.obj (.text.__mulsf3)
                  0002accc    0000008c     zb_ed_role.a : zboss_r23_aps_aps_main.obj (.text.zb_aps_pass_local_msg_up)
                  0002ad58    0000008c                  : zboss_r23_mac_mac_pib.obj (.text.zb_mac_reinit_pib)
                  0002ade4    00000088     drivers_cc23x0r5.a : PWMTimerLPF3.c.obj (.text.PWMTimerLPF3_setDutyAndPeriod)
                  0002ae6c    00000088                        : PWMTimerLPF3.c.obj (.text.PWMTimerLPF3_setPeriod)
                  0002aef4    00000088     zb_cluster_ed.a : zboss_r23_zcl_zcl_common.obj (.text.cluster_needs_aps_encryption)
                  0002af7c    00000088     zb_ed_role.a : zboss_r23_common_zb_bufpool_mult.obj (.text.zb_buf_alloc_right_func)
                  0002b004    00000088     lto83 (.text.zb_get_buf_tail_ptr)
                  0002b08c    00000088     zb_cluster_ed.a : zboss_r23_zcl_zcl_main.obj (.text.zb_zcl_process_command_finish)
                  0002b114    00000088     lto83 (.text.zdo_nwk_update_req_process_new_active_channel)
                  0002b19c    00000086     drivers_cc23x0r5.a : I2CLPF3.c.obj (.text.I2CSupport_primeTransfer)
                  0002b222    00000002     zb_cluster_ed.a : zboss_r23_zcl_zcl_temp_measurement.obj (.text.zb_zcl_temp_measurement_write_attr_hook_server)
                  0002b224    00000084     lto83 (.text.ClockP_hwiCallback)
                  0002b2a8    00000084     ti_freertos_config.o (.text.SwiP_dispatch)
                  0002b32c    00000084     lto83 (.text.get_new_reporting_info)
                  0002b3b0    00000084     lto83 (.text.handle_bind_unbind_confirm)
                  0002b434    00000084     lto83 (.text.ieee_search)
                  0002b4b8    00000084     ti_freertos_config.o (.text.memalign)
                  0002b53c    00000084     lto83 (.text.prvAddCurrentTaskToDelayedList)
                  0002b5c0    00000084     lto83 (.text.prvCheckForValidListAndQueue)
                  0002b644    00000084     lto83 (.text.send_bind_unbind_with_check)
                  0002b6c8    00000084     zb_ed_role.a : zboss_r23_aps_aps_bind.obj (.text.zb_apsme_move_dst_bind_table)
                  0002b74c    00000084                  : zboss_r23_aps_aps_binding_whitelist.obj (.text.zb_check_binding_table_whitelist)
                  0002b7d0    00000084                  : zboss_r23_nwk_nwk_broadcasting.obj (.text.zb_nwk_broadcasting_add_btr)
                  0002b854    00000084     zb_cluster_ed.a : zboss_r23_zcl_zcl_common.obj (.text.zb_zcl_is_target_endpoint)
                  0002b8d8    00000084                     : zboss_r23_zcl_zcl_ota_upgrade_commands.obj (.text.zb_zcl_ota_upgrade_init_client)
                  0002b95c    00000084     lto83 (.text.zb_zcl_start_identifying)
                  0002b9e0    00000080     rcl_cc23x0r5.a : RCL_Scheduler.c.obj (.text.RCL_Scheduler_findStopStatus)
                  0002ba60    00000080     lto83 (.text.check_cluster_list)
                  0002bae0    00000080     lto83 (.text.nwk_do_retry)
                  0002bb60    00000080     lto83 (.text.send_ed_timeout_req)
                  0002bbe0    00000080     ti_freertos_config.o (.text.vTaskSwitchContext)
                  0002bc60    00000080     ti_freertos_config.o (.text.xTaskPriorityInherit)
                  0002bce0    00000080     lto83 (.text.zb_ccm_encrypt_n_auth)
                  0002bd60    00000080     zb_ed_role.a : zboss_r23_mac_mac_associate.obj (.text.zb_mlme_associate_request_do)
                  0002bde0    00000080     lto83 (.text.zb_nvram_write_aps_counters)
                  0002be60    00000080     lto83 (.text.zb_nwk_neighbor_delete)
                  0002bee0    00000080     zb_ed_role.a : zboss_r23_common_zb_tlv.obj (.text.zb_tlv_general_tlv_processing)
                  0002bf60    00000080     lto83 (.text.zb_zdo_bind_unbind_req)
                  0002bfe0    00000080     lto83 (.text.zdo_nwk_update_req_process_new_channel_mask)
                  0002c060    0000007e     drivers_cc23x0r5.a : LGPTimerLPF3.c.obj (.text.LGPTimerLPF3_close)
                  0002c0de    0000007e     lto83 (.text.zb_sec_b6_hash)
                  0002c15c    0000007c     lto83 (.text.AESCTRDRBGXX_updateState)
                  0002c1d8    0000007c     rcl_cc23x0r5.a : RCL.c.obj (.text.RCL_Command_submit)
                  0002c254    0000007c     lto83 (.text.call_scan_complete_cb)
                  0002c2d0    0000007c     lto83 (.text.prvIdleTask)
                  0002c34c    0000007c     lto83 (.text.temperatureEventCb)
                  0002c3c8    0000007c     zb_ed_role.a : zboss_r23_common_zb_address.obj (.text.zb_address_ieee_by_ref)
                  0002c444    0000007c                  : zboss_r23_common_zb_address.obj (.text.zb_address_ieee_by_short)
                  0002c4c0    0000007c                  : zboss_r23_secur_zdo_secur.obj (.text.zb_zdo_sec_get_auth_tok_req_snd)
                  0002c53c    0000007c     zb_zdo_ed.a : zboss_r23_zdo_zdo_app_join.obj (.text.zdo_next_nwk_discovery_req)
                  0002c5b8    00000078     ti_freertos_config.o (.text.HwiP_construct)
                  0002c630    00000078     lto83 (.text.bdb_node_desc_workaround_callback)
                  0002c6a8    00000078     ti_freertos_config.o (.text.xQueueReceiveFromISR)
                  0002c720    00000078     zb_ed_role.a : zboss_r23_commissioning_bdb_bdb_finding_binding.obj (.text.zb_bdb_finding_binding_target_alarm_ep)
                  0002c798    00000078                  : zboss_r23_mac_mac_pib.obj (.text.zb_mlme_set_request)
                  0002c810    00000078     zb_cluster_ed.a : zboss_r23_zcl_zcl_scenes.obj (.text.zb_zcl_scenes_process_recall_scene)
                  0002c888    00000078                     : zboss_r23_zcl_zcl_scenes.obj (.text.zb_zcl_scenes_process_store_scene)
                  0002c900    00000078                     : zboss_r23_zcl_zcl_poll_control_commands.obj (.text.zcl_poll_control_check_in_send_cb)
                  0002c978    00000078     libc.a : copy_decompress_lzss.c.obj (.text:decompress:lzss)
                  0002c9f0    00000076     lto83 (.text.prvCopyDataToQueue)
                  0002ca66    00000076     lto83 (.text.zb_zcl_set_attr_val_manuf_internal)
                  0002cadc    00000074     lto83 (.text.AESCTRLPF3_hwiFxn)
                  0002cb50    00000074     libclang_rt.builtins.a : truncdfsf2.S.obj (.text.__truncdfsf2)
                  0002cbc4    00000074     lto83 (.text.alloc_new_extneiboar)
                  0002cc38    00000074     lto83 (.text.broadcast_endpoint_delivery_step)
                  0002ccac    00000074     lto83 (.text.channel_page_get_edge_channel_number)
                  0002cd20    00000074     lto83 (.text.ed_scan_timer_callback)
                  0002cd94    00000074     zb_ed_role.a : zboss_r23_common_zb_address.obj (.text.zb_address_lock_func)
                  0002ce08    00000074                  : zboss_r23_common_zb_nvram.obj (.text.zb_aps_keypair_load_by_idx)
                  0002ce7c    00000074                  : zboss_r23_aps_aps_main.obj (.text.zb_aps_pass_local_group_pkt_up)
                  0002cef0    00000074                  : zboss_r23_common_zb_nvram.obj (.text.zb_nvram_write_data)
                  0002cf64    00000074     zb_cluster_ed.a : zboss_r23_zcl_zcl_diagnostics_commands.obj (.text.zb_zcl_diagnostics_sync_counters)
                  0002cfd8    00000074     zb_zdo_ed.a : zboss_r23_zdo_zdo_poll.obj (.text.zb_zdo_pim_start_turbo_poll_packets)
                  0002d04c    00000072     lto83 (.text.zb_zcl_ota_upgrade_end)
                  0002d0be    00000002     lto83 (.text.zb_zcl_wwah_trace_ctx)
                  0002d0c0    00000070     ti_freertos_config.o (.text.ClockP_start)
                  0002d130    00000070     lto83 (.text.PowerCC23X0_startHFXT)
                  0002d1a0    00000070     lto83 (.text.age_dups)
                  0002d210    00000070     lto83 (.text.aps_in_frag_mac_ack_for_aps_ack_arrived)
                  0002d280    00000070     zb_ed_role.a : zboss_r23_secur_bdb_secur.obj (.text.bdb_initiate_key_exchange)
                  0002d2f0    00000070     lto83 (.text.mult)
                  0002d360    00000070     zb_ed_role.a : zboss_r23_nwk_nwk_discovery.obj (.text.nlme_scan_request)
                  0002d3d0    00000070     lto83 (.text.process_delayed_buf_entry_unsafe)
                  0002d440    00000070     zb_ti_platform_zed_log.a : mac_ti_f3_mac.obj (.text.update_rx_panconfig)
                  0002d4b0    00000070     zb_ed_role.a : zboss_r23_common_zb_address.obj (.text.zb_address_delete)
                  0002d520    00000070                  : zboss_r23_aps_aps_bind.obj (.text.zb_aps_check_binding_request)
                  0002d590    00000070     lto83 (.text.zb_aps_check_max_trans_size_timer_cb)
                  0002d600    00000070     zb_ed_role.a : zboss_r23_nwk_nwk_discovery.obj (.text.zb_nlme_ed_scan_request)
                  0002d670    00000070                  : zboss_r23_nwk_nwk_neighbor.obj (.text.zb_nwk_neighbor_clear)
                  0002d6e0    00000070     lto83 (.text.zb_zcl_diagnostics_sync_counters_cb)
                  0002d750    00000070     zb_cluster_ed.a : zboss_r23_zcl_zcl_general_commands.obj (.text.zb_zcl_get_attr_desc_manuf)
                  0002d7c0    00000070     lto83 (.text.zdo_kill_cb_by_index)
                  0002d830    00000070     zb_zdo_ed.a : zboss_r23_zdo_zdo_app_join.obj (.text.zdo_rejoin_clear_prev_join)
                  0002d8a0    0000006c     drivers_cc23x0r5.a : ADCLPF3.c.obj (.text.ADCLPF3_convertToMicroVolts)
                  0002d90c    0000006c     driverlib.a : adc.c.obj (.text.ADCSetAdjustmentOffset)
                  0002d978    0000006c     ti_freertos_config.o (.text.ClockP_stop)
                  0002d9e4    0000006c     lto83 (.text.zb_aps_hdr_mod)
                  0002da50    0000006c     zb_ed_role.a : zboss_r23_commissioning_bdb_bdb_finding_binding.obj (.text.zb_bdb_process_simple_desc_res)
                  0002dabc    0000006c     zb_zdo_ed.a : zboss_r23_zdo_zdo_app_join.obj (.text.zb_nlme_join_confirm)
                  0002db28    0000006c     zb_ed_role.a : zboss_r23_nwk_nwk_join.obj (.text.zb_nlme_rejoin_set_parent_long)
                  0002db94    0000006c                  : zboss_r23_nwk_nwk_tlv_mgmt.obj (.text.zb_nwk_commissioning_req_put_tlv)
                  0002dc00    0000006c     lto83 (.text.zb_zcl_add_cluster_handlers)
                  0002dc6c    0000006c     lto83 (.text.zdo_validate_desc_resp)
                  0002dcd8    00000068     lto83 (.text.LRF_setTrimCommon)
                  0002dd40    00000068     drivers_cc23x0r5.a : NVSLPF3.c.obj (.text.NVSLPF3_open)
                  0002dda8    00000068     lto83 (.text.RCL_Handler_Adc_Noise_powerDown)
                  0002de10    00000068     lto83 (.text.RCL_Handler_Ieee_findPbeErrorEndStatus)
                  0002de78    00000068     lto83 (.text.aps_in_frag_restart_ack_timer)
                  0002dee0    00000068     lto83 (.text.aps_in_frag_stop_entry)
                  0002df48    00000068     zb_ed_role.a : zboss_r23_commissioning_bdb_zdo_commissioning_bdb.obj (.text.bdb_network_steering_start_scan)
                  0002dfb0    00000068     zb_cluster_ed.a : zboss_r23_zcl_zcl_common.obj (.text.get_profile_id_by_endpoint)
                  0002e018    00000068     lto83 (.text.nwk_cancel_network_discovery_response)
                  0002e080    00000068     ti_freertos_config.o (.text.vTaskPriorityDisinheritAfterTimeout)
                  0002e0e8    00000068     ti_freertos_config.o (.text.xTaskCheckForTimeOut)
                  0002e150    00000068     zb_ed_role.a : zboss_r23_common_zb_address.obj (.text.zb_address_get_pan_id_ref)
                  0002e1b8    00000068                  : zboss_r23_secur_apsme_secur.obj (.text.zb_aps_secur_init)
                  0002e220    00000068                  : zboss_r23_secur_zdo_secur.obj (.text.zb_secur_get_link_key_by_address)
                  0002e288    00000068     zb_zdo_ed.a : zboss_r23_zdo_zdo_hubs.obj (.text.zb_wwah_set_leave_without_rejoin_allowed)
                  0002e2f0    00000068     lto83 (.text.zb_zcl_finish_and_send_packet_new)
                  0002e358    00000068     zb_cluster_ed.a : zboss_r23_zcl_zcl_identify_commands.obj (.text.zb_zcl_identify_effect_invoke_user_app)
                  0002e3c0    00000064     drivers_cc23x0r5.a : AESCommonLPF3.c.obj (.text.AESCommonLPF3_construct)
                  0002e424    00000064     lto83 (.text.bdb_finding_n_binding_machine)
                  0002e488    00000064     lto83 (.text.bdb_force_rejoin_if_not_in_progress)
                  0002e4ec    00000064     lto83 (.text.bdb_precomm_rejoin_over_all_channels)
                  0002e550    00000064     zb_cluster_ed.a : zboss_r23_zcl_zcl_common.obj (.text.get_endpoint_by_cluster)
                  0002e5b4    00000064     zb_ed_role.a : zboss_r23_nwk_nwk_main.obj (.text.nwk_call_nlde_data_confirm)
                  0002e618    00000064     ti_freertos_config.o (.text.xTaskPriorityDisinherit)
                  0002e67c    00000064     zb_ed_role.a : zboss_r23_common_zb_address.obj (.text.zb_address_by_ref)
                  0002e6e0    00000064                  : zboss_r23_common_zb_address.obj (.text.zb_address_cmp_two_refs)
                  0002e744    00000064     zb_zdo_ed.a : zboss_r23_zdo_af_rx.obj (.text.zb_apsde_data_indication_cont)
                  0002e7a8    00000064     zb_ed_role.a : zboss_r23_commissioning_bdb_zdo_commissioning_bdb.obj (.text.zb_bdb_initiate_tc_rejoin)
                  0002e80c    00000064                  : zboss_r23_common_zb_time.obj (.text.zb_timer_start)
                  0002e870    00000064     zb_cluster_ed.a : zboss_r23_zcl_zcl_identify_commands.obj (.text.zb_zcl_identify_time_handler)
                  0002e8d4    00000064     lto83 (.text.zb_zdo_node_desc_req)
                  0002e938    00000064     lto83 (.text.zb_zdo_pim_restart_poll)
                  0002e99c    00000062     zb_cluster_ed.a : zboss_r23_zcl_zcl_common.obj (.text.zb_zcl_finish_and_send_packet)
                  0002e9fe    00000002     --HOLE-- [fill = 0]
                  0002ea00    00000060     drivers_cc23x0r5.a : BatMonSupportLPF3.c.obj (.text.BatMonSupportLPF3_init)
                  0002ea60    00000060                        : PWMTimerLPF3.c.obj (.text.PWMTimerLPF3_setDuty)
                  0002eac0    00000060     lto83 (.text.RCL_Handler_Ieee_updateStats)
                  0002eb20    00000060     lto83 (.text.aps_in_frag_send_ack)
                  0002eb80    00000060     zb_ti_platform_zed_log.a : mac_ti_f3_mac.obj (.text.mac_ti23xx_start_ed_scan)
                  0002ebe0    00000060     lto83 (.text.nwk_broadcasting_btr_aging_alarm)
                  0002ec40    00000060     lto83 (.text.rclSchedulerFindEarliestStopTime)
                  0002eca0    00000060     lto83 (.text.send_report)
                  0002ed00    00000060     ti_freertos_config.o (.text.xQueueGiveFromISR)
                  0002ed60    00000060     ti_freertos_config.o (.text.xTaskCreate)
                  0002edc0    00000010     lto83 (.tramp.OUTLINED_FUNCTION_485.4)
                  0002edd0    00000060     zb_cluster_ed.a : zboss_r23_zcl_zcl_common.obj (.text.zb_af_get_endpoint_desc)
                  0002ee30    00000060     lto83 (.text.zb_get_buf_delayed)
                  0002ee90    00000060     zb_ti_platform_zed_log.a : osif_ti_f3_crypto.obj (.text.zb_hw_sha_256)
                  0002eef0    00000060     lto83 (.text.zb_nvram_get_dataset_version)
                  0002ef50    00000060     zb_ed_role.a : zboss_r23_nwk_nwk_disc_table.obj (.text.zb_nwk_exneighbor_by_short)
                  0002efb0    00000060     zb_cluster_ed.a : zboss_r23_zcl_zcl_groups.obj (.text.zb_zcl_process_groups_commands_cli)
                  0002f010    00000060     zb_zdo_ed.a : zboss_r23_zdo_zdo_bind_manage.obj (.text.zb_zdo_send_check_bind_unbind)
                  0002f070    00000060                 : zboss_r23_zdo_zdo_common.obj (.text.zdo_send_resp_by_short)
                  0002f0d0    0000005c     lto83 (.text.GPIO_setConfigAndMux)
                  0002f12c    0000005c     ti_freertos_config.o (.text.SwiP_post)
                  0002f188    0000005c     lto83 (.text.get_endpoint_by_cluster_with_role)
                  0002f1e4    0000005c     lto83 (.text.get_manufacturer_index_by_ieee_addr)
                  0002f240    0000005c     lto83 (.text.nwk_join_failure_confirm)
                  0002f29c    0000005c     zb_ed_role.a : zboss_r23_common_zb_address.obj (.text.zb_address_done_ieee_disc)
                  0002f2f8    0000005c                  : zboss_r23_common_zb_bufpool_mult.obj (.text.zb_buf_alloc_left_func)
                  0002f354    0000005c                  : zboss_r23_common_zb_sleep.obj (.text.zb_sleep_calc_sleep_tmo)
                  0002f3b0    0000005c     lto83 (.text.zb_zcl_basic_reset_invoke_user_app)
                  0002f40c    0000005c     zb_zdo_ed.a : zboss_r23_zdo_zdo_channel_manager.obj (.text.zb_zdo_ed_scan_request)
                  0002f468    0000005c                 : zboss_r23_zdo_zdo_nwk_manage_srv.obj (.text.zb_zdo_nwk_upd_notify)
                  0002f4c4    0000005c                 : zboss_r23_zdo_zdo_app.obj (.text.zb_zdo_startup_complete_int)
                  0002f520    0000005c                 : zboss_r23_zdo_zdo_app.obj (.text.zb_zdo_tclk_valid)
                  0002f57c    0000005c     lto83 (.text.zclSampleSw_I2cClose)
                  0002f5d8    0000005c     on_off_switch_ota_client.o (.text.zcl_specific_cluster_cmd_handler)
                  0002f634    0000005c     zb_ed_role.a : zboss_r23_secur_bdb_secur.obj (.text.zdo_secur_update_tclk_done)
                  0002f690    00000058     lto83 (.text.AESCMACLPF3_hwiFxn)
                  0002f6e8    00000058     drivers_cc23x0r5.a : AESCommonLPF3.c.obj (.text.AESCommonLPF3_init)
                  0002f740    00000058     ti_freertos_config.o (.text.ClockP_walkQueueDynamic)
                  0002f798    00000058     lto83 (.text.I2CLPF3_initHw)
                  0002f7f0    00000058     rcl_cc23x0r5.a : LRFCC23X0.c.obj (.text.LRF_enableTemperatureMonitoring)
                  0002f848    00000058     lto83 (.text.LogSinkBuf_printf)
                  0002f8a0    00000058     lto83 (.text.PWMTimerLPF3_getDutyCounts)
                  0002f8f8    00000058     lto83 (.text.RCL_Handler_Ieee_restoreStopTime)
                  0002f950    00000058     libclang_rt.builtins.a : clzsi2.c.obj (.text.__clzsi2)
                  0002f9a8    00000058     zb_ed_role.a : zboss_r23_commissioning_bdb_zdo_commissioning_bdb.obj (.text.bdb_not_ever_joined)
                  0002fa00    00000058     zb_cluster_ed.a : zboss_r23_zcl_zcl_power_config_commands.obj (.text.get_send_alarm_buf)
                  0002fa58    00000058     lto83 (.text.send_unknown_command_status)
                  0002fab0    00000058     zb_ed_role.a : zboss_r23_common_zb_address.obj (.text.zb_ieee_addr_compress)
                  0002fb08    00000058     lto83 (.text.zb_nvram_dataset_is_supported)
                  0002fb60    00000058     zb_ed_role.a : zboss_r23_common_zb_scheduler.obj (.text.zb_schedule_callback2)
                  0002fbb8    00000058                  : zboss_r23_common_zb_scheduler.obj (.text.zb_schedule_get_alarm_time)
                  0002fc10    00000058                  : zboss_r23_common_zb_scheduler.obj (.text.zb_schedule_tx_cb)
                  0002fc68    00000058     lto83 (.text.zb_secur_get_auth_token_key_by_ieee)
                  0002fcc0    00000058     lto83 (.text.zb_start_device_interview_on_joiner)
                  0002fd18    00000058     lto83 (.text.zb_timer_callback)
                  0002fd70    00000058     zb_zdo_ed.a : zboss_r23_zdo_zdo_hubs.obj (.text.zb_wwah_set_require_lk_encryption)
                  0002fdc8    00000058     lto83 (.text.zb_zcl_init_periodic_activities)
                  0002fe20    00000058     zb_zdo_ed.a : zboss_r23_zdo_zdo_disc_cli.obj (.text.zb_zdo_nwk_addr_req)
                  0002fe78    00000058     zb_ed_role.a : zboss_r23_secur_zdo_secur.obj (.text.zb_zdo_verify_tclk)
                  0002fed0    00000058     lto83 (.text.zdo_wwah_start_survey_beacons_cont)
                  0002ff28    00000056     libclang_rt.builtins.a : aeabi_idivmod.S.obj (.text.__aeabi_idivmod)
                  0002ff7e    00000056     ti_freertos_config.o (.text.xQueueGenericCreate)
                  0002ffd4    00000056     zb_ed_role.a : zboss_r23_secur_secur_ccm.obj (.text.zb_cmm_key_hash)
                  0003002a    00000002     --HOLE-- [fill = 0]
                  0003002c    00000054     lto83 (.text.AESECBLPF3_hwiFxn)
                  00030080    00000054     rcl_cc23x0r5.a : RCL.c.obj (.text.RCL_Command_pend)
                  000300d4    00000054                    : RCL_Scheduler.c.obj (.text.RCL_Scheduler_setStartStopTimeEarliestStart)
                  00030128    00000054     lto83 (.text.aps_in_frag_kill_stopped_entries)
                  0003017c    00000054     lto83 (.text.aps_in_frag_send_ack_delayed)
                  000301d0    00000054     lto83 (.text.aps_in_frag_total_window_size)
                  00030224    00000054     lto83 (.text.bdb_network_formation_machine)
                  00030278    00000054     lto83 (.text.bdb_start_top_level_commissioning)
                  000302cc    00000054     zb_cluster_ed.a : zboss_r23_zcl_zcl_scenes.obj (.text.check_value_scenes)
                  00030320    00000054     lto83 (.text.manuf_tbl_clear_unusable_entries)
                  00030374    00000054     ti_freertos_config.o (.text.vQueueWaitForMessageRestricted)
                  000303c8    00000054     zb_ed_role.a : zboss_r23_commissioning_bdb_bdb_finding_binding.obj (.text.zb_bdb_error_handle_buf)
                  0003041c    00000054     lto83 (.text.zb_mac_diagnostics_init)
                  00030470    00000054     zb_ed_role.a : zboss_r23_mac_mac_scan.obj (.text.zb_mac_send_beacon_request_command)
                  000304c4    00000054                  : zboss_r23_common_zb_nvram.obj (.text.zb_nvram_read_data)
                  00030518    00000054     lto83 (.text.zb_schedule_callback_prior)
                  0003056c    00000054     lto83 (.text.zb_secur_ic_generate_key)
                  000305c0    00000054     zb_ed_role.a : zboss_r23_common_zb_tlv.obj (.text.zb_tlv_get_tlv_ptr)
                  00030614    00000054     zb_zdo_ed.a : zboss_r23_zdo_zdo_hubs.obj (.text.zb_wwah_set_configuration_mode)
                  00030668    00000054     zb_cluster_ed.a : zboss_r23_zcl_zcl_basic_commands.obj (.text.zb_zcl_check_is_device_enabled)
                  000306bc    00000054                     : zboss_r23_zcl_zcl_identify_commands.obj (.text.zb_zcl_stop_identifying)
                  00030710    00000054                     : zboss_r23_zcl_zcl_reporting.obj (.text.zb_zcl_update_reporting_info)
                  00030764    00000054                     : zboss_r23_zcl_zcl_s_wwah.obj (.text.zb_zcl_wwah_check_if_aps_link_key_authorization_needed)
                  000307b8    00000054     zb_zdo_ed.a : zboss_r23_zdo_zdo_bind_manage.obj (.text.zb_zdo_bind_unbind_check_cb)
                  0003080c    00000054     zb_ed_role.a : zboss_r23_secur_zdo_secur.obj (.text.zb_zdo_update_tclk)
                  00030860    00000050     driverlib.a : adc.c.obj (.text.ADCGetAdjustmentGain)
                  000308b0    00000050     drivers_cc23x0r5.a : ADCLPF3.c.obj (.text.ADCLPF3_close)
                  00030900    00000050                        : AESCommonLPF3.c.obj (.text.AESCommonLPF3_cleanup)
                  00030950    00000050     lto83 (.text.Power_releaseDependency)
                  000309a0    00000050     lto83 (.text.Power_setDependency)
                  000309f0    00000050     lto83 (.text.aps_in_frag_find_by_hdr)
                  00030a40    00000050     lto83 (.text.aps_out_frag_schedule_queued_requests)
                  00030a90    00000050     bh1750.o (.text.bh1750_Write)
                  00030ae0    00000050     lto83 (.text.handle_bind_check_response)
                  00030b30    00000050     lto83 (.text.mac_ti23xx_set_channel)
                  00030b80    00000050     lto83 (.text.nvram_write_dataset_tail)
                  00030bd0    00000050     lto83 (.text.opt3001_start_measuremts)
                  00030c20    00000050     lto83 (.text.rclPowerNotify)
                  00030c70    00000050     lto83 (.text.sleepTicks)
                  00030cc0    00000050     lto83 (.text.uDMASetChannelTransfer)
                  00030d10    00000050     lto83 (.text.validate_new_channel)
                  00030d60    00000050     ti_freertos_config.o (.text.xTaskCreateStatic)
                  00030db0    00000050     zb_ed_role.a : zboss_r23_common_zb_address.obj (.text.zb_address_by_ieee)
                  00030e00    00000050     zb_zdo_ed.a : zboss_r23_zdo_af_rx.obj (.text.zb_af_handle_zcl_frame)
                  00030e50    00000050     lto83 (.text.zb_bdb_finding_binding_initiator_stop)
                  00030ea0    00000050     zb_ed_role.a : zboss_r23_common_zb_signal_common.obj (.text.zb_get_app_signal)
                  00030ef0    00000050                  : zboss_r23_mac_mac.obj (.text.zb_mlme_poll_request)
                  00030f40    00000050     lto83 (.text.zb_nvram_check_and_read_page_hdr_ds)
                  00030f90    00000050     zb_ti_platform_zed_log.a : osif_ti_f3_nvram.obj (.text.zb_osif_nvram_read)
                  00030fe0    00000050                              : osif_ti_f3_nvram.obj (.text.zb_osif_nvram_write)
                  00031030    00000050     zb_ed_role.a : zboss_r23_common_zb_scheduler.obj (.text.zb_schedule_callback)
                  00031080    00000050     lto83 (.text.zb_zcl_ota_upgrade_finish_upgrade)
                  000310d0    00000050     zb_cluster_ed.a : zboss_r23_zcl_zcl_basic_commands.obj (.text.zb_zcl_process_basic_specific_commands_srv)
                  00031120    00000050                     : zboss_r23_zcl_zcl_common.obj (.text.zb_zcl_register_cb)
                  00031170    00000050                     : zboss_r23_zcl_zcl_s_wwah.obj (.text.zb_zcl_wwah_match_desc_resp_handle)
                  000311c0    00000050     zb_zdo_ed.a : zboss_r23_zdo_zdo_tlv_mgmt.obj (.text.zb_zdo_get_tunneled_frame_from_relay)
                  00031210    00000050     lto83 (.text.zb_zdo_mgmt_permit_joining_req)
                  00031260    00000050     zb_zdo_ed.a : zboss_r23_zdo_zdo_commissioning.obj (.text.zdo_commissioning_nwk_discovery_failed)
                  000312b0    0000004e     ti_freertos_config.o (.text.realloc)
                  000312fe    0000004e     lto83 (.text.zb_nwk_neighbor_update_lqa)
                  0003134c    0000004e     lto83 (.text.zb_zdo_process_eui64_array)
                  0003139a    00000002     --HOLE-- [fill = 0]
                  0003139c    0000004c     lto83 (.text.AESCTRLPF3_processData)
                  000313e8    0000004c     driverlib.a : interrupt.c.obj (.text.IntSetPend)
                  00031434    0000004c                 : lrfd.c.obj (.text.LRFDApplyClockDependencies)
                  00031480    0000004c     rcl_cc23x0r5.a : LRFCC23X0.c.obj (.text.LRF_programTemperatureCompensatedTxPower)
                  000314cc    0000004c                    : LRFCC23X0.c.obj (.text.LRF_writeTxFifoWords)
                  00031518    0000004c     lto83 (.text.SHA2_open)
                  00031564    0000004c     drivers_cc23x0r5.a : UDMALPF3.c.obj (.text.UDMALPF3_init)
                  000315b0    0000004c     ti_freertos_config.o (.text.__aeabi_errno_addr)
                  000315fc    0000004c     lto83 (.text.aps_in_frag_find_by_buf)
                  00031648    0000004c     zb_ed_role.a : zboss_r23_commissioning_bdb_zdo_commissioning_bdb.obj (.text.bdb_start_rejoin_recovery)
                  00031694    0000004c     lto83 (.text.call_nlme_status_ind)
                  000316e0    0000004c     lto83 (.text.del_short_sorted)
                  0003172c    0000004c     lto83 (.text.forward_req_packet_or_delay)
                  00031778    0000004c     zb_cluster_ed.a : zboss_r23_zcl_zcl_common.obj (.text.get_cluster_desc)
                  000317c4    0000004c     lto83 (.text.schedule_resend_buffer)
                  00031810    0000004c     zb_ed_role.a : zboss_r23_secur_zdo_secur.obj (.text.secur_nwk_key_by_seq)
                  0003185c    0000004c                  : zboss_r23_common_zb_signal_common.obj (.text.zb_app_signal_pack_with_detailed_status)
                  000318a8    0000004c                  : zboss_r23_commissioning_bdb_bdb_finding_binding.obj (.text.zb_bdb_finding_binding_target_cancel)
                  000318f4    0000004c                  : zboss_r23_mac_mac.obj (.text.zb_mac_check_frame_dst_addr)
                  00031940    0000004c                  : zboss_r23_mac_mac_zcl_diagnostic.obj (.text.zb_mac_diagnostics_periodic_handler)
                  0003198c    0000004c                  : zboss_r23_nwk_nwk_main.obj (.text.zb_nwk_handle_init)
                  000319d8    0000004c     lto83 (.text.zb_nwk_reset_nwk_addr_in_mac_pib)
                  00031a24    0000004c     zb_ed_role.a : zboss_r23_nwk_nwk_main.obj (.text.zb_nwk_unlock_in)
                  00031a70    0000004c                  : zboss_r23_secur_zdo_secur.obj (.text.zb_secur_delete_link_key_by_idx)
                  00031abc    0000004c     lto83 (.text.zb_zcl_send_default_handler)
                  00031b08    0000004c     zb_zdo_ed.a : zboss_r23_zdo_zdo_bind_manage.obj (.text.zb_zdo_end_device_bind_resp)
                  00031b54    0000004c     lto83 (.text.zb_zdo_pim_start_fast_poll)
                  00031ba0    0000004a     rcl_cc23x0r5.a : LRF.c.obj (.text.LRF_loadImage)
                  00031bea    00000002     --HOLE-- [fill = 0]
                  00031bec    0000004a     libclang_rt.builtins.a : fixdfsi.S.obj (.text.__fixdfsi)
                  00031c36    0000004a     ti_freertos_config.o (.text.calloc)
                  00031c80    0000004a     zb_ed_role.a : zboss_r23_secur_apsme_secur.obj (.text.zb_secur_apsme_request_key)
                  00031cca    0000004a     zb_cluster_ed.a : zboss_r23_zcl_zcl_common.obj (.text.zb_zcl_schedule_status_abort)
                  00031d14    00000048     lto83 (.text.LRF_setTemperatureTrim)
                  00031d5c    00000048     lto83 (.text.OPT3001_read)
                  00031da4    00000048     lto83 (.text.PowerCC23X0_hfxtAmpsettledTimeout)
                  00031dec    00000048     zb_ed_role.a : zboss_r23_secur_bdb_secur.obj (.text.bdb_initiate_key_verify)
                  00031e34    00000048     lto83 (.text.degreesToCode)
                  00031e7c    00000048     lto83 (.text.initiate_short_disc)
                  00031ec4    00000048     ti_freertos_config.o (.text.localProgramStart)
                  00031f0c    00000048     lto83 (.text.mac_get_tx_power)
                  00031f54    00000048     lto83 (.text.removeThreadKeys)
                  00031f9c    00000048     lto83 (.text.tmp102_openPointerRegister)
                  00031fe4    00000048     lto83 (.text.tmp102_readRegister)
                  0003202c    00000048     ti_freertos_config.o (.text.xTimerCreateTimerTask)
                  00032074    00000048     zb_ed_role.a : zboss_r23_aps_aps_bind.obj (.text.zb_apsme_clear_all_bind_by_ieee)
                  000320bc    00000048                  : zboss_r23_common_zb_bufpool_mult.obj (.text.zb_buf_reuse_func)
                  00032104    00000048     lto83 (.text.zb_calculate_mic64_for_challenge)
                  0003214c    00000048     lto83 (.text.zb_ecc_dlk_create_base_point)
                  00032194    00000048     zb_ed_role.a : zboss_r23_mac_mac_associate.obj (.text.zb_mac_assoc_send_data_req)
                  000321dc    00000048                  : zboss_r23_nwk_nwk_nlme.obj (.text.zb_mlme_poll_confirm)
                  00032224    00000048                  : zboss_r23_nwk_nwk_broadcasting.obj (.text.zb_nwk_broadcasting_find_btr)
                  0003226c    00000048     lto83 (.text.zb_panid_conflict_set_panid_conf)
                  000322b4    00000048     zb_ed_role.a : zboss_r23_common_zb_tlv.obj (.text.zb_tlv_parse_value_fragmentation_parameters)
                  000322fc    00000048     zb_zdo_ed.a : zboss_r23_zdo_zdo_hubs.obj (.text.zb_wwah_set_pending_panid)
                  00032344    00000048     zb_cluster_ed.a : zboss_r23_zcl_zcl_s_wwah.obj (.text.zb_zcl_wwah_bad_parent_recovery_signal)
                  0003238c    00000048                     : zboss_r23_zcl_zcl_s_wwah.obj (.text.zb_zcl_wwah_recounter_checkin)
                  000323d4    00000048     zb_zdo_ed.a : zboss_r23_zdo_zdo_poll.obj (.text.zb_zdo_pim_set_long_poll_interval)
                  0003241c    00000048     lto83 (.text.zb_zdo_pim_start_poll)
                  00032464    00000048     lto83 (.text.zb_zdo_pim_stop_poll)
                  000324ac    00000048     zb_zdo_ed.a : zboss_r23_zdo_zdo_poll.obj (.text.zb_zdo_pim_turbo_poll_continuous_leave)
                  000324f4    00000048     lto83 (.text.zb_zdo_pim_work_poll_interval_update)
                  0003253c    00000048     zb_zdo_ed.a : zboss_r23_zdo_zdo_app_leave.obj (.text.zdo_device_removed)
                  00032584    00000046     ti_freertos_config.o (.text.pthread_exit)
                  000325ca    00000002     --HOLE-- [fill = 0]
                  000325cc    00000044     lto83 (.text.AESCMACLPF3_generateSubKey)
                  00032610    00000044     ti_freertos_config.o (.text.ClockP_construct)
                  00032654    00000044     drivers_cc23x0r5.a : GPIO.c.obj (.text.GPIO_resetConfig)
                  00032698    00000044     opt3001.o (.text.OPT3001_apply_config)
                  000326dc    00000044     zb_ed_role.a : zboss_r23_aps_aps_main.obj (.text.aps_force_retx)
                  00032720    00000044     lto83 (.text.aps_in_frag_stop_ack_timer)
                  00032764    00000044     lto83 (.text.aps_retrans_ent_free)
                  000327a8    00000044     lto83 (.text.batMonHwiFxn)
                  000327ec    00000044     zb_ed_role.a : zboss_r23_secur_bdb_secur.obj (.text.bdb_request_tclk_alarm)
                  00032830    00000044     lto83 (.text.bdb_touchlink_machine)
                  00032874    00000044     zb_ed_role.a : zboss_r23_secur_bdb_secur.obj (.text.bdb_verify_tclk_alarm)
                  000328b8    00000044     lto83 (.text.call_status_indication)
                  000328fc    00000044     rcl_cc23x0r5.a : hal_cc23x0.c.obj (.text.hal_power_release_swtcxo_update_constraint)
                  00032940    00000044     lto83 (.text.handle_scan_during_poll)
                  00032984    00000044     lto83 (.text.mgmt_leave_to_unauth_chld)
                  000329c8    00000044     lto83 (.text.prvInsertBlockIntoFreeList)
                  00032a0c    00000044     lto83 (.text.prvSampleTimeNow)
                  00032a50    00000044     lto83 (.text.setNextThresholds)
                  00032a94    00000044     ti_freertos_config.o (.text.vPortFree)
                  00032ad8    00000008     drivers_cc23x0r5.a : ADCLPF3.c.obj (.text.ADCLPF3_init)
                  00032ae0    00000044     ti_freertos_portable_config.o (.text.xPortPendSVHandler)
                  00032b24    00000044     zb_ed_role.a : zboss_r23_aps_aps_main.obj (.text.zb_aps_get_max_buffer_size)
                  00032b68    00000044                  : zboss_r23_aps_aps_main.obj (.text.zb_aps_get_max_trans_size)
                  00032bac    00000044     lto83 (.text.zb_apsde_check_selfie)
                  00032bf0    00000044     zb_ed_role.a : zboss_r23_common_zb_address.obj (.text.zb_ieee_addr_decompress)
                  00032c34    00000044     ti_f3_main.o (.text.zb_memmove)
                  00032c78    00000044     zb_ed_role.a : zboss_r23_nwk_nwk_nlme.obj (.text.zb_nwk_pib_set)
                  00032cbc    00000044                  : zboss_r23_common_zb_random.obj (.text.zb_random_val)
                  00032d00    00000044     lto83 (.text.zb_zcl_call_identify_time_attr_device_cb)
                  00032d44    00000044     zb_cluster_ed.a : zboss_r23_zcl_zcl_attr_value.obj (.text.zb_zcl_write_attr_hook)
                  00032d88    00000044     zb_zdo_ed.a : zboss_r23_zdo_zdo_app.obj (.text.zb_zdo_dev_start_cont)
                  00032dcc    00000044     lto83 (.text.zb_zdo_set_channel_cont)
                  00032e10    00000044     lto83 (.text.zdo_validate_nwk_addr_resp)
                  00032e54    00000042     libclang_rt.builtins.a : fixunsdfsi.S.obj (.text.__fixunsdfsi)
                  00032e96    00000042     lto83 (.text.squeeze)
                  00032ed8    00000042     zb_zdo_ed.a : zboss_r23_zdo_zdo_rx.obj (.text.zb_zdo_send_status_res)
                  00032f1a    00000002     --HOLE-- [fill = 0]
                  00032f1c    00000040     drivers_cc23x0r5.a : NVSLPF3.c.obj (.text.NVSLPF3_read)
                  00032f5c    00000040     lto83 (.text.PWMTimerLPF3_getPeriodCounts)
                  00032f9c    00000040     ti_freertos_config.o (.text.SemaphoreP_construct)
                  00032fdc    00000040     libclang_rt.builtins.a : aeabi_uidivmod.S.obj (.text.__aeabi_uidivmod)
                  0003301c    00000040                            : extendsfdf2.S.obj (.text.__extendsfdf2)
                  0003305c    00000040     lto83 (.text.find_binding_whitelist_entry)
                  0003309c    00000040     zb_ed_role.a : zboss_r23_mac_mac_associate.obj (.text.mac_association_req_sent)
                  000330dc    00000040     lto83 (.text.schedule_wwah_rejoin_backoff_attempt)
                  0003311c    00000040     lto83 (.text.startCSMABackoff)
                  0003315c    00000040     lto83 (.text.start_wait_reporting_timer)
                  0003319c    00000040     ti_freertos_config.o (.text.vTaskPlaceOnEventListRestricted)
                  000331dc    00000040     ti_freertos_config.o (.text.vTaskStepTick)
                  0003321c    00000040     lto83 (.text.zb_bdb_find_respondent)
                  0003325c    00000040     zb_ed_role.a : zboss_r23_commissioning_bdb_bdb_finding_binding.obj (.text.zb_bdb_finding_binding_initiator_alarm)
                  0003329c    00000040                  : zboss_r23_common_zb_bufpool_mult.obj (.text.zb_buf_cut_left_func)
                  000332dc    00000040     zb_zdo_ed.a : zboss_r23_zdo_zdo_app_leave.obj (.text.zb_nlme_leave_indication)
                  0003331c    00000040     zb_ed_role.a : zboss_r23_nwk_nwk_join.obj (.text.zb_nlme_rejoin_set_channel)
                  0003335c    00000040     lto83 (.text.zb_nvs_open)
                  0003339c    00000040     zb_cluster_ed.a : zboss_r23_zcl_zcl_main.obj (.text.zb_zcl_map_ret_code_to_zcl_status)
                  000333dc    00000040     lto83 (.text.zb_zcl_ota_upgrade_request_server)
                  0003341c    00000040     zb_cluster_ed.a : zboss_r23_zcl_zcl_s_wwah.obj (.text.zb_zcl_wwah_periodic_checkin_timeout)
                  0003345c    00000040     zb_zdo_ed.a : zboss_r23_zdo_zdo_disc_cli.obj (.text.zb_zdo_ieee_addr_req)
                  0003349c    00000040                 : zboss_r23_zdo_zdo_poll.obj (.text.zb_zdo_pim_set_fast_poll_timeout)
                  000334dc    00000040     lto83 (.text.zdo_join_done)
                  0003351c    0000003e     drivers_cc23x0r5.a : PWMTimerLPF3.c.obj (.text.PWMTimerLPF3_stop)
                  0003355a    00000002     --HOLE-- [fill = 0]
                  0003355c    0000003c     lto83 (.text.ADCSetInput)
                  00033598    0000003c     drivers_cc23x0r5.a : PWMTimerLPF3.c.obj (.text.PWMTimerLPF3_start)
                  000335d4    0000003c     lto83 (.text.SHA2_finalize)
                  00033610    0000003c     ti_freertos_config.o (.text.SemaphoreP_pend)
                  0003364c    0000003c     lto83 (.text.aps_start_dups_alarm)
                  00033688    0000003c     zb_ed_role.a : zboss_r23_commissioning_bdb_zdo_commissioning_bdb.obj (.text.bdb_joined)
                  000336c4    0000003c     lto83 (.text.call_ed_scan_confirm)
                  00033700    0000003c     lto83 (.text.countLeadingZeros)
                  0003373c    0000003c     ti_freertos_config.o (.text.eTaskConfirmSleepModeStatus)
                  00033778    0000003c     zb_ti_platform_zed_log.a : mac_ti_f3_mac.obj (.text.mac_ti23xx_get_energy_level)
                  000337b4    0000003c     lto83 (.text.prvProcessExpiredTimer)
                  000337f0    0000003c     lto83 (.text.updateThresholds)
                  0003382c    0000003c     zb_ed_role.a : zboss_r23_aps_aps_main.obj (.text.zb_aps_send_command)
                  00033868    0000003c                  : zboss_r23_common_zb_bufpool_mult.obj (.text.zb_buf_flags_or_func)
                  000338a4    0000003c                  : zboss_r23_mac_mac_data.obj (.text.zb_mlme_send_data_req_done)
                  000338e0    0000003c                  : zboss_r23_secur_zdo_secur.obj (.text.zb_need_start_device_interview_on_joiner)
                  0003391c    0000003c     lto83 (.text.zb_nlme_rejoin_set_page)
                  00033958    0000003c     lto83 (.text.zb_nwk_mm_sync_assoc_get_coord_addr_conf)
                  00033994    0000003c     lto83 (.text.zb_nwk_set_or_get_pib_attr)
                  000339d0    0000003c     lto83 (.text.zb_panid_conflict_set_panid)
                  00033a0c    0000003c     zb_ed_role.a : zboss_r23_aps_aps_bind.obj (.text.zb_reinit_aps_binding_dst_table_entry_by_index)
                  00033a48    0000003c                  : zboss_r23_aps_aps_aib.obj (.text.zb_reinit_aps_device_key_pair_storage)
                  00033a84    0000003c                  : zboss_r23_secur_zdo_secur.obj (.text.zb_secur_send_get_auth_token_req)
                  00033ac0    0000003c     zb_cluster_ed.a : zboss_r23_zcl_zcl_s_wwah.obj (.text.zb_zcl_wwah_periodic_checkin_countdown)
[...]
0002431f  __aeabi_ldiv0                                       
0003686d  __aeabi_llsl                                        
00035c85  __aeabi_lmul                                        
00038531  __aeabi_memclr                                      
00038531  __aeabi_memclr4                                     
00038531  __aeabi_memclr8                                     
00038d59  __aeabi_memcpy                                      
00038d59  __aeabi_memcpy4                                     
00038d59  __aeabi_memcpy8                                     
0003837d  __aeabi_memset                                      
0003837d  __aeabi_memset4                                     
0003837d  __aeabi_memset8                                     
00035c61  __aeabi_ui2d                                        
000355bd  __aeabi_ui2f                                        
00032fdd  __aeabi_uidiv                                       
00032fdd  __aeabi_uidivmod                                    
00037959  __aeabi_uldivmod                                    
0003686d  __ashldi3                                           
ffffffff  __binit__                                           
0002f951  __clzsi2                                            
00022ed5  __divdf3                                            
0003301d  __extendsfdf2                                       
00031bed  __fixdfsi                                           
00033cfd  __fixsfsi                                           
00032e55  __fixunsdfsi                                        
00034a05  __fixunssfsi                                        
00034fc1  __floatsidf                                         
00035c61  __floatunsidf                                       
000355bd  __floatunsisf                                       
UNDEFED   __mpu_init                                          
00024f45  __muldf3                                            
00035c85  __muldi3                                            
00033b39  __muldsi3                                           
0002ac41  __mulsf3                                            
20008c00  __stack                                             
20000000  __start___llvm_prf_bits                             
20000000  __start___llvm_prf_cnts                             
20000000  __stop___llvm_prf_bits                              
20000000  __stop___llvm_prf_cnts                              
0001e14d  __subdf3                                            
0002cb51  __truncdfsf2                                        
00028bcd  __udivmoddi4                                        
00036d41  _c_int00                                            
UNDEFED   _system_post_cinit                                  
00039551  abort                                               
00038d69  aligned_alloc                                       
ffffffff  binit                                               
00031c37  calloc                                              
4e020000  ccfg                                                
0003373d  eTaskConfirmSleepModeStatus                         
00037f71  free                                                
00031ec5  localProgramStart                                   
00016909  log10                                               
00016909  log10l                                              
00033e4d  malloc                                              
0002b4b9  memalign                                            
00025c35  pthread_create                                      
00032585  pthread_exit                                        
00037f81  pthread_self                                        
000251f1  pvPortMalloc                                        
00037285  pvTaskIncrementMutexHeldCount                       
20007574  pxCurrentTCB                                        
000312b1  realloc                                             
00037f91  resetISR                                            
00004100  resetVectors                                        
0003cc59  sysTimerResolutionShift                             
20005220  sysTimerTimeouts                                    
4e020000  ti_utils_build_GenMap_sym_CRC_CCFG_BOOT_CFG_begin   
4e02000b  ti_utils_build_GenMap_sym_CRC_CCFG_BOOT_CFG_end     
4e0207d0  ti_utils_build_GenMap_sym_CRC_CCFG_DEBUG_begin      
4e0207fb  ti_utils_build_GenMap_sym_CRC_CCFG_DEBUG_end        
4e020750  ti_utils_build_GenMap_sym_CRC_CCFG_USER_RECORD_begin
4e0207cb  ti_utils_build_GenMap_sym_CRC_CCFG_USER_RECORD_end  
4e020010  ti_utils_build_GenMap_sym_CRC_CCFG_begin            
4e02074b  ti_utils_build_GenMap_sym_CRC_CCFG_end              
0003619b  uxListRemove                                        
0003cc6c  uxTopUsedPriority                                   
00028c6f  vApplicationStackOverflowHook                       
00034eb7  vListInsert                                         
000372b5  vListInsertEnd                                      
00032a95  vPortFree                                           
00037d33  vQueueDelete                                        
00030375  vQueueWaitForMessageRestricted                      
00027bc1  vTaskDelete                                         
00036a85  vTaskPlaceOnEventList                               
0003319d  vTaskPlaceOnEventListRestricted                     
0002e081  vTaskPriorityDisinheritAfterTimeout                 
000346c5  vTaskSetApplicationTaskTag                          
00029831  vTaskStartScheduler                                 
000331dd  vTaskStepTick                                       
00026d05  vTaskSuspend                                        
0002bbe1  vTaskSwitchContext                                  
00035e21  xQueueCreateCountingSemaphore                       
00035387  xQueueCreateCountingSemaphoreStatic                 
0002ff7f  xQueueGenericCreate                                 
00034273  xQueueGenericCreateStatic                           
00027775  xQueueGenericReset                                  
000207a9  xQueueGenericSend                                   
0002ed01  xQueueGiveFromISR                                   
000219c9  xQueueReceive                                       
0002c6a9  xQueueReceiveFromISR                                
0001e601  xQueueSemaphoreTake                                 
0002e0e9  xTaskCheckForTimeOut                                
0002ed61  xTaskCreate                                         
00030d61  xTaskCreateStatic                                   
000346f9  xTaskGetApplicationTaskTag                          
00023f31  xTaskIncrementTick                                  
0002e619  xTaskPriorityDisinherit                             
0002bc61  xTaskPriorityInherit                                
00028559  xTaskRemoveFromEventList                            
000222d1  xTaskResumeAll                                      
0003202d  xTimerCreateTimerTask                               


GLOBAL SYMBOLS: SORTED BY Symbol Address 

address   name                                                
-------   ----                                                
00000000  __TI_ATRegion0_region_sz                            
00000000  __TI_ATRegion0_src_addr                             
00000000  __TI_ATRegion0_trg_addr                             
00000000  __TI_ATRegion1_region_sz                            
00000000  __TI_ATRegion1_src_addr                             
00000000  __TI_ATRegion1_trg_addr                             
00000000  __TI_ATRegion2_region_sz                            
00000000  __TI_ATRegion2_src_addr                             
00000000  __TI_ATRegion2_trg_addr                             
00000400  __STACK_SIZE                                        
00004000  _PRIMARY_SLOT_BASE                                  
00004100  __TI_static_base__                                  
00004100  resetVectors                                        
00016909  log10                                               
00016909  log10l                                              
00019289  PowerCC23X0_standbyPolicy                           
0001e14d  __aeabi_dsub                                        
0001e14d  __subdf3                                            
0001e157  __adddf3                                            
0001e157  __aeabi_dadd                                        
0001e601  xQueueSemaphoreTake                                 
000207a9  xQueueGenericSend                                   
000212cf  __aeabi_idiv0                                       
000219c9  xQueueReceive                                       
000222d1  xTaskResumeAll                                      
00022ed5  __aeabi_ddiv                                        
00022ed5  __divdf3                                            
00023f31  xTaskIncrementTick                                  
0002431f  __aeabi_ldiv0                                       
00024f45  __aeabi_dmul                                        
00024f45  __muldf3                                            
000251f1  pvPortMalloc                                        
00025c35  pthread_create                                      
00026d05  vTaskSuspend                                        
00026f51  SwiP_construct                                      
00027775  xQueueGenericReset                                  
00027bc1  vTaskDelete                                         
00028559  xTaskRemoveFromEventList                            
00028bcd  __udivmoddi4                                        
00028c6f  vApplicationStackOverflowHook                       
00029831  vTaskStartScheduler                                 
0002a2b1  AESProcessAlignedBlocksCMAC                         
0002a2c1  AESProcessAlignedBlocksCTR                          
0002a2d9  AESProcessAlignedBlocksECB                          
0002a321  AESCopyBlock                                        
0002a345  ClockP_startup                                      
0002ac41  __aeabi_fmul                                        
0002ac41  __mulsf3                                            
0002b2a9  SwiP_dispatch                                       
0002b4b9  memalign                                            
0002bbe1  vTaskSwitchContext                                  
0002bc61  xTaskPriorityInherit                                
0002c5b9  HwiP_construct                                      
0002c6a9  xQueueReceiveFromISR                                
0002c979  __TI_decompress_lzss                                
0002cb51  __aeabi_d2f                                         
0002cb51  __truncdfsf2                                        
0002d0c1  ClockP_start                                        
0002d979  ClockP_stop                                         
0002e081  vTaskPriorityDisinheritAfterTimeout                 
0002e0e9  xTaskCheckForTimeOut                                
0002e619  xTaskPriorityDisinherit                             
0002ed01  xQueueGiveFromISR                                   
0002ed61  xTaskCreate                                         
0002f12d  SwiP_post                                           
0002f741  ClockP_walkQueueDynamic                             
0002f951  __clzsi2                                            
0002ff29  __aeabi_idiv                                        
0002ff29  __aeabi_idivmod                                     
0002ff7f  xQueueGenericCreate                                 
00030375  vQueueWaitForMessageRestricted                      
00030d61  xTaskCreateStatic                                   
000312b1  realloc                                             
000315b1  __aeabi_errno_addr                                  
00031bed  __aeabi_d2iz                                        
00031bed  __fixdfsi                                           
00031c37  calloc                                              
00031ec5  localProgramStart                                   
0003202d  xTimerCreateTimerTask                               
00032585  pthread_exit                                        
00032611  ClockP_construct                                    
00032a95  vPortFree                                           
00032e55  __aeabi_d2uiz                                       
00032e55  __fixunsdfsi                                        
00032f9d  SemaphoreP_construct                                
00032fdd  __aeabi_uidiv                                       
00032fdd  __aeabi_uidivmod                                    
0003301d  __aeabi_f2d                                         
0003301d  __extendsfdf2                                       
0003319d  vTaskPlaceOnEventListRestricted                     
000331dd  vTaskStepTick                                       
00033611  SemaphoreP_pend                                     
0003373d  eTaskConfirmSleepModeStatus                         
00033afd  __TI_auto_init_nobinit_nopinit                      
00033b39  __muldsi3                                           
00033c8d  SemaphoreP_create                                   
00033cfd  __aeabi_f2iz                                        
00033cfd  __fixsfsi                                           
00033e4d  malloc                                              
00034273  xQueueGenericCreateStatic                           
000343b5  HwiP_disable                                        
000344b9  SwiP_destruct                                       
0003468d  Exception_handlerSpin                               
000346c5  vTaskSetApplicationTaskTag                          
000346f9  xTaskGetApplicationTaskTag                          
00034a05  __aeabi_f2uiz                                       
00034a05  __fixunssfsi                                        
00034a69  HwiP_dispatch                                       
00034eb7  vListInsert                                         
00034fc1  __aeabi_i2d                                         
00034fc1  __floatsidf                                         
00035387  xQueueCreateCountingSemaphoreStatic                 
0003542d  ClockP_usleep                                       
00035455  HwiP_restore                                        
000355bd  __aeabi_ui2f                                        
000355bd  __floatunsisf                                       
00035c61  __aeabi_ui2d                                        
00035c61  __floatunsidf                                       
00035c85  __aeabi_lmul                                        
00035c85  __muldi3                                            
00035e21  xQueueCreateCountingSemaphore                       
000360f1  SemaphoreP_constructBinary                          
0003619b  uxListRemove                                        
000362a5  HwiP_destruct                                       
000363a5  SemaphoreP_post                                     
0003684f  SemaphoreP_createBinary                             
0003686d  __aeabi_llsl                                        
0003686d  __ashldi3                                           
00036919  PTLS_taskDeleteHook                                 
00036a85  vTaskPlaceOnEventList                               
00036d41  _c_int00                                            
000371ad  QueueP_get                                          
000371c5  QueueP_put                                          
00037285  pvTaskIncrementMutexHeldCount                       
000372b5  vListInsertEnd                                      
00037465  HwiP_setPriority                                    
00037959  __aeabi_uldivmod                                    
00037d33  vQueueDelete                                        
00037d9d  TI_memcpy_small                                     
00037daf  __TI_decompress_none                                
00037de1  ClockP_destruct                                     
00037df1  ClockP_setFunc                                      
00037e11  HwiP_setFunc                                        
00037f71  free                                                
00037f81  pthread_self                                        
00037f91  resetISR                                            
00038101  __TI_zero_init                                      
0003837d  __aeabi_memset                                      
0003837d  __aeabi_memset4                                     
0003837d  __aeabi_memset8                                     
000383d1  TI_memset_small                                     
00038531  __aeabi_memclr                                      
00038531  __aeabi_memclr4                                     
00038531  __aeabi_memclr8                                     
00038d59  __aeabi_memcpy                                      
00038d59  __aeabi_memcpy4                                     
00038d59  __aeabi_memcpy8                                     
00038d69  aligned_alloc                                       
00039550  C$$EXIT                                             
00039551  abort                                               
0003cc59  sysTimerResolutionShift                             
0003cc60  TimestampP_nativeFormat32                           
0003cc64  TimestampP_nativeFormat64                           
0003cc6c  uxTopUsedPriority                                   
0003cfac  __TI_Handler_Table_Base                             
0003cfb8  __TI_Handler_Table_Limit                            
0003cfd0  __TI_CINIT_Base                                     
0003cff0  __TI_CINIT_Limit                                    
0003cff0  __TI_CINIT_Warm                                     
0003d800  _MCUBOOT_MAX_SLOT_SIZE                              
00041800  _SECONDARY_SLOT_BASE                                
20000000  __start___llvm_prf_bits                             
20000000  __start___llvm_prf_cnts                             
20000000  __stop___llvm_prf_bits                              
20000000  __stop___llvm_prf_cnts                              
20005220  sysTimerTimeouts                                    
20006cc0  __TI_cleanup_ptr                                    
20006cc4  __TI_dtors_ptr                                      
20006d40  HwiP_swiPIntNum                                     
20007574  pxCurrentTCB                                        
20008c00  __stack                                             
20009000  __STACK_END                                         
4e020000  ccfg                                                
4e020000  ti_utils_build_GenMap_sym_CRC_CCFG_BOOT_CFG_begin   
4e02000b  ti_utils_build_GenMap_sym_CRC_CCFG_BOOT_CFG_end     
4e020010  ti_utils_build_GenMap_sym_CRC_CCFG_begin            
4e02074b  ti_utils_build_GenMap_sym_CRC_CCFG_end              
4e020750  ti_utils_build_GenMap_sym_CRC_CCFG_USER_RECORD_begin
4e0207cb  ti_utils_build_GenMap_sym_CRC_CCFG_USER_RECORD_end  
4e0207d0  ti_utils_build_GenMap_sym_CRC_CCFG_DEBUG_begin      
4e0207fb  ti_utils_build_GenMap_sym_CRC_CCFG_DEBUG_end        
90002cf8  TimestampP_nativeFormat64_copy                      
90002cfc  TimestampP_nativeFormat32_copy                      
ffffffff  __TI_pprof_out_hndl                                 
ffffffff  __TI_prof_data_size                                 
ffffffff  __TI_prof_data_start                                
ffffffff  __binit__                                           
ffffffff  binit                                               
UNDEFED   RCL_Debug_assertProxy                               
UNDEFED   RCL_Profiling_eventHook                             
UNDEFED   __mpu_init                                          
UNDEFED   _system_post_cinit                                  

[202 symbols]
