******************************************************************************
            TI ARM Clang Linker PC v3.2.2                      
******************************************************************************
>> Linked Wed Dec  3 19:01:47 2025

OUTPUT FILE NAME:   <flower_ota_onchip_CC2340R5_RGE.out>
ENTRY POINT SYMBOL: "resetISR"  address: 000365f1


MEMORY CONFIGURATION

         name            origin    length      used     unused   attr    fill
----------------------  --------  ---------  --------  --------  ----  --------
  FLASH                 00004100   0003c700  000373d4  0000532c  R  X
  NVRAM                 0007f000   00001000  00001000  00000000  R  X
  SRAM                  20000000   00009000  0000737a  00001c86  RW X
  S2RRAM                40098000   00001000  00000000  00001000  RW  
  CCFG                  4e020000   00000800  00000800  00000000  R   
  LOG_DATA              90000000   00040000  00000000  00040000  R   
  LOG_PTR               94000008   00040000  00000000  00040000  R   


SEGMENT ALLOCATION MAP

run origin  load origin   length   init length attrs members
----------  ----------- ---------- ----------- ----- -------
00004100    00004100    000373dc   000373dc    r-x
  00004100    00004100    0000008c   0000008c    r-- .resetVecs
  00004190    00004190    000338cc   000338cc    r-x .text
  00037a60    00037a60    00003728   00003728    r-- .rodata
  0003b188    0003b188    00000354   00000354    r-- .cinit
0007f000    0007f000    00001000   00000000    rw-
  0007f000    0007f000    00001000   00000000    rw- .TI.bound:flashBuf0
20000440    20000440    00000020   00000000    rw-
  20000440    20000440    00000010   00000000    rw- .TI.bound:dmaChannel4ControlTableEntry
  20000450    20000450    00000010   00000000    rw- .TI.bound:dmaChannel5ControlTableEntry
20000460    20000460    00006ece   00000000    rw-
  20000460    20000460    00004c58   00000000    rw- .bss
  200050b8    200050b8    00002276   00000000    rw- .data
20008c00    20008c00    00000400   00000000    rw-
  20008c00    20008c00    00000400   00000000    rw- .stack
4e020000    4e020000    00000800   00000800    r--
  4e020000    4e020000    00000800   00000800    r-- .ccfg


SECTION ALLOCATION MAP

 output                                  attributes/
section   page    origin      length       input sections
--------  ----  ----------  ----------   ----------------
.resetVecs 
*          0    00004100    0000008c     
                  00004100    0000008c     ti_freertos_config.o (.resetVecs)

.binit     0    00004100    00000000     

.text      0    00004190    000338cc     
                  00004190    00002e2c     zb_zdo_ed.a : zboss_r23_zdo_zdo_rx.obj (.text.zb_zdo_data_indication)
                  00006fbc    00001ba0     zb_ed_role.a : zboss_r23_common_zb_nvram.obj (.text.zb_nvram_load)
                  00008b5c    00001340     rcl_cc23x0r5.a : ieee.c.obj (.text.RCL_Handler_Ieee_RxTx)
                  00009e9c    00001158     ti_f3_main.o (.text.main_task_function)
                  0000aff4    00001030     zb_ed_role.a : zboss_r23_aps_aps_main.obj (.text.zb_nlde_data_indication_continue)
                  0000c024    00000e30     lto90 (.text.write_dataset_body_by_type)
                  0000ce54    00000d9c     lto90 (.text.zb_zcl_process_ota_upgrade_specific_commands_cli)
                  0000dbf0    00000a54     lto90 (.text.ep_process_zcl_cmd)
                  0000e644    000008c8     zb_ed_role.a : zboss_r23_mac_mac.obj (.text.zb_mac_logic_iteration)
                  0000ef0c    00000880                  : zboss_r23_nwk_nwk_discovery.obj (.text.zb_mlme_beacon_notify_indication)
                  0000f78c    00000830                  : zboss_r23_nwk_nwk_main.obj (.text.zb_mcps_data_indication_process_nwk)
                  0000ffbc    000006c4     zb_cluster_ed.a : zboss_r23_zcl_zcl_scenes.obj (.text.zb_zcl_process_scenes_specific_commands_cli)
                  00010680    000006bc     lto90 (.text.zb_apsde_data_request_main)
                  00010d3c    000005dc     zb_cluster_ed.a : zboss_r23_zcl_zcl_on_off_commands.obj (.text.zb_zcl_process_on_off_specific_commands_cli)
                  00011318    00000524     lto90 (.text.zb_sw_crypto_scalarmult)
                  0001183c    000004f4     rcl_cc23x0r5.a : LRFCC23X0.c.obj (.text.LRF_setupRadio)
                  00011d30    000004c8     lto90 (.text.done_with_frag_tx_ack)
                  000121f8    00000448     zb_ti_platform_zed_log.a : mac_ti_f3_mac.obj (.text.rfCallback)
                  00012640    0000043c     zb_zdo_ed.a : zboss_r23_zdo_af_rx.obj (.text.zb_apsde_data_acknowledged)
                  00012a7c    0000041c     on_off_switch_ota_client.o (.text.device_interface_cb)
                  00012e98    000003f4     on_off_switch_ota_client.o (.text.zboss_signal_handler)
                  0001328c    000003cc     lto90 (.text.zb_zcl_read_attr_handler_continue)
                  00013658    000003c8     zb_ed_role.a : zboss_r23_nwk_nwk_join.obj (.text.zb_nlme_rejoin_response)
                  00013a20    000003b8                  : zboss_r23_nwk_nwk_discovery.obj (.text.zb_mlme_scan_confirm)
                  00013dd8    000003b0     lto90 (.text.zb_zdo_common_response_handler)
                  00014188    0000036c     zb_ed_role.a : zboss_r23_secur_zdo_secur.obj (.text.zb_apsme_transport_key_indication)
                  000144f4    0000036c     zb_cluster_ed.a : zboss_r23_zcl_zcl_general_commands.obj (.text.zb_zcl_send_report_attr_command)
                  00014860    00000368                     : zboss_r23_zcl_zcl_general_commands.obj (.text.zb_zcl_write_attr_handler)
                  00014bc8    00000344     zb_ed_role.a : zboss_r23_aps_aps_main.obj (.text.zb_apsde_data_request)
                  00014f0c    00000340     on_off_switch_ota_client.o (.text.my_main_loop)
                  0001524c    0000032c     zb_ed_role.a : zboss_r23_secur_aps_secur.obj (.text.zb_aps_unsecure_frame)
                  00015578    0000031c                  : zboss_r23_nwk_nwk_main.obj (.text.nwk_frame_indication)
                  00015894    0000030c     lto90 (.text.LRF_temperatureCompensateTrim)
                  00015ba0    00000304     zb_ed_role.a : zboss_r23_aps_aps_main.obj (.text.zb_nlde_data_confirm)
                  00015ea4    000002fc     zb_zdo_ed.a : zboss_r23_zdo_zdo_bind_manage.obj (.text.zb_zdo_bind_unbind_res)
                  000161a0    000002dc     lto90 (.text.bdb_rejoin_machine)
                  0001647c    000002d0     zb_ed_role.a : zboss_r23_aps_aps_bind.obj (.text.zb_apsme_bind_request)
                  0001674c    000002cc                  : zboss_r23_common_zb_scheduler.obj (.text.zb_schedule_alarm)
                  00016a18    00000010     lto90 (.tramp.OUTLINED_FUNCTION_477.1)
                  00016a28    000002c4     drivers_cc23x0r5.a : AESCMACLPF3.c.obj (.text.AESCMAC_oneStepSign)
                  00016cec    000002c0     rcl_cc23x0r5.a : LRFCC23X0.c.obj (.text.LRF_programFrequency)
                  00016fac    000002ac     zb_ed_role.a : zboss_r23_nwk_nwk_main.obj (.text.zb_nwk_handle_mcps_data_confirm)
                  00017258    0000029c     lto90 (.text.bdb_network_steering_machine)
                  000174f4    0000029c     lto90 (.text.rclCommandHwi)
                  00017790    00000294     lto90 (.text.zb_zcl_finish_and_send_packet_common)
                  00017a24    0000027c     lto90 (.text.bdb_handle_comm_signal)
                  00017ca0    00000274     zb_ed_role.a : zboss_r23_mac_mac_scan.obj (.text.zb_mlme_scan_step)
                  00017f14    00000270     ti_f3_main.o (.text.main)
                  00018184    0000026c     zb_ed_role.a : zboss_r23_secur_aps_secur.obj (.text.zb_aps_secure_frame)
                  000183f0    00000264     lto90 (.text.process_binding_for_respondent)
                  00018654    0000025c     zb_zdo_ed.a : zboss_r23_zdo_zdo_app_join.obj (.text.zb_nlme_network_discovery_confirm)
                  000188b0    0000025c     zb_cluster_ed.a : zboss_r23_zcl_zcl_reporting.obj (.text.zb_zcl_mark_attr_for_reporting_manuf)
                  00018b0c    00000254     ti_freertos_config.o (.text.PowerCC23X0_standbyPolicy)
                  00018d60    00000250     lto90 (.text.sendTx)
                  00018fb0    0000024c     rcl_cc23x0r5.a : adc_noise.c.obj (.text.RCL_Handler_ADC_Noise_getNoise)
                  000191fc    0000024c     lto90 (.text.rclSchedulerHwi)
                  00019448    0000024c     lto90 (.text.zcl_write_attr_post_process)
                  00019694    00000248     lto90 (.text.zb_nvram_get_length_dataset)
                  000198dc    00000244     zb_ed_role.a : zboss_r23_common_zb_address.obj (.text.zb_address_update)
                  00019b20    00000240                  : zboss_r23_aps_aps_main.obj (.text.zb_nlde_data_indication)
                  00019d60    00000230     on_off_switch_ota_client.o (.text.update_attr_value)
                  00019f90    00000230     zb_ed_role.a : zboss_r23_mac_mac.obj (.text.zb_mac_send_frame)
                  0001a1c0    0000022c     lto90 (.text.aps_ack_send_handle)
                  0001a3ec    0000022c     zb_ed_role.a : zboss_r23_nwk_nwk_join.obj (.text.zb_mlme_associate_confirm)
                  0001a618    00000224                  : zboss_r23_nwk_nwk_main.obj (.text.zb_nwk_forward)
                  0001a83c    00000218                  : zboss_r23_commissioning_bdb_zdo_commissioning_bdb.obj (.text.bdb_commissioning_machine)
                  0001aa54    00000218                  : zboss_r23_mac_mac_pib.obj (.text.zb_mlme_set_request_sync)
                  0001ac6c    00000210                  : zboss_r23_mac_mac_pib.obj (.text.zb_mlme_get_request)
                  0001ae7c    0000020c                  : zboss_r23_aps_aps_main.obj (.text.zb_aps_ack_timer_cb)
                  0001b088    000001f8     lto90 (.text.find_datasets_on_page)
                  0001b280    000001f8     zb_ed_role.a : zboss_r23_nwk_nwk_join.obj (.text.zb_nlme_join_request)
                  0001b478    000001f4     lto90 (.text.zb_aps_unsecure_frame_bykey)
                  0001b66c    000001f0     zb_cluster_ed.a : zboss_r23_zcl_zcl_common.obj (.text.zb_zcl_get_attribute_size)
                  0001b85c    000001ec     lto90 (.text.zb_aps_out_frag_schedule_send_next_block)
                  0001ba48    000001e8     zb_zdo_ed.a : zboss_r23_zdo_zdo_wwah_survey_beacons.obj (.text.zb_nlme_beacon_survey_scan_confirm)
                  0001bc30    000001e8     zb_cluster_ed.a : zboss_r23_zcl_zcl_power_config_commands.obj (.text.zcl_pwr_cfg_check_battery_voltage_or_percentage_value)
                  0001be18    000001e0     lto90 (.text.zb_zcl_put_attribute_value)
                  0001bff8    000001e0     lto90 (.text.zb_zcl_scenes_process_add_scene_command)
                  0001c1d8    000001dc     zb_ed_role.a : zboss_r23_nwk_nwk_main.obj (.text.zb_nwk_do_leave)
                  0001c3b4    000001d8     lto90 (.text.addr_add)
                  0001c58c    000001d8     lto90 (.text.zb_aps_send_command_main)
                  0001c764    000001d4     lto90 (.text.nwk_choose_parent)
                  0001c938    000001d0     zb_ti_platform_zed_log.a : osif_ti_f3_crypto.obj (.text.hw_aes128)
                  0001cb08    000001d0     lto90 (.text.zb_zcl_disc_attr_handler)
                  0001ccd8    000001cc     drivers_cc23x0r5.a : AESCTRLPF3.c.obj (.text.AESCTR_oneStepEncrypt)
                  0001cea4    00000010     lto90 (.tramp.OUTLINED_FUNCTION_447.1)
                  0001ceb4    000001c8     zb_ed_role.a : zboss_r23_secur_zdo_secur.obj (.text.zb_secur_update_key_pair_ex)
                  0001d07c    000001c0     lto90 (.text.nwk_association_join)
                  0001d23c    000001a8     zb_ed_role.a : zboss_r23_nwk_nwk_disc_table.obj (.text.zb_nwk_neighbor_ext_to_base)
                  0001d3e4    000001a8     zb_cluster_ed.a : zboss_r23_zcl_zcl_common.obj (.text.zb_zcl_process_device_command)
                  0001d58c    000001a4                     : zboss_r23_zcl_zcl_identify_commands.obj (.text.zb_zcl_process_identify_specific_commands)
                  0001d730    000001a0     lto90 (.text.done_with_this_ack)
                  0001d8d0    000001a0     lto90 (.text.resend_buffer)
                  0001da70    00000194     lto90 (.text.migrate_curr_page_to_new_version)
                  0001dc04    00000190     zb_ed_role.a : zboss_r23_nwk_nwk_nlme.obj (.text.zb_nwk_load_pib_stm)
                  0001dd94    00000190     zb_cluster_ed.a : zboss_r23_zcl_zcl_general_commands.obj (.text.zb_zcl_discover_commands_res)
                  0001df24    0000018c     ti_freertos_config.o (.text.xQueueSemaphoreTake)
                  0001e0b0    00000184     zb_ed_role.a : zboss_r23_aps_aps_main.obj (.text.zb_aps_hdr_parse)
                  0001e234    00000184                  : zboss_r23_secur_zdo_secur.obj (.text.zb_zdo_secur_ecdhe_start)
                  0001e3b8    0000017c     lto90 (.text.mlme_get_mac_diag_info)
                  0001e534    0000017c     zb_ed_role.a : zboss_r23_mac_mac_scan.obj (.text.zb_mac_send_enhanced_beacon_request_command)
                  0001e6b0    00000178                  : zboss_r23_mac_mac_data.obj (.text.zb_mcps_data_request)
                  0001e828    00000178     lto90 (.text.zdo_send_req)
                  0001e9a0    00000170     zb_ti_platform_zed_log.a : mac_ti_f3_mac.obj (.text.mac_ti23xx_radio_init)
                  0001eb10    00000170     zb_ed_role.a : zboss_r23_mac_mac_scan.obj (.text.zb_mlme_scan_request)
                  0001ec80    0000016c     lto90 (.text.prvTimerTask)
                  0001edec    00000168     lto90 (.text.rclSchedulerProcessCmdStartStopTime)
                  0001ef54    00000160     zb_zdo_ed.a : zboss_r23_zdo_zdo_poll.obj (.text.zb_nlme_sync_confirm)
                  0001f0b4    0000015c     lto90 (.text.nwk_alloc_and_fill_hdr_int)
                  0001f210    0000015c     lto90 (.text.zb_zcl_scenes_process_view_scene_command)
                  0001f36c    00000158     lto90 (.text.rclStop)
                  0001f4c4    00000158     zb_cluster_ed.a : zboss_r23_zcl_zcl_alarms_commands.obj (.text.zb_zcl_process_alarms_specific_commands_srv)
                  0001f61c    00000150     drivers_cc23x0r5.a : PWMTimerLPF3.c.obj (.text.PWMTimerLPF3_open)
                  0001f76c    00000010     lto90 (.tramp.OUTLINED_FUNCTION_477.2)
                  0001f77c    00000150     lto90 (.text.RNGLPF3RF_generateEntropy)
                  0001f8cc    00000150     lto90 (.text.zb_nvram_migrate_current_page)
                  0001fa1c    00000150     zb_ed_role.a : zboss_r23_secur_nwk_secur.obj (.text.zb_nwk_secure_frame)
                  0001fb6c    0000014c                  : zboss_r23_aps_aps_main.obj (.text.zb_aps_clear_after_leave)
                  0001fcb8    0000014c                  : zboss_r23_commissioning_bdb_bdb_finding_binding.obj (.text.zb_bdb_process_identify_query_res)
                  0001fe04    00000148     ti_freertos_config.o (.text.xQueueGenericSend)
                  0001ff4c    00000140     lto90 (.text.process_ed_timeout_resp)
                  0002008c    0000013c     drivers_cc23x0r5.a : ADCLPF3.c.obj (.text.ADCLPF3_convertChain)
                  000201c8    00000010     lto90 (.tramp.OUTLINED_FUNCTION_477.3)
                  000201d8    00000138     drivers_cc23x0r5.a : NVSLPF3.c.obj (.text.NVSLPF3_write)
                  00020310    00000138     zb_ed_role.a : zboss_r23_secur_secur_ccm.obj (.text.zb_ccm_auth_trans)
                  00020448    00000138                  : zboss_r23_mac_mac.obj (.text.zb_mac_change_channel)
                  00020580    00000138     zb_zdo_ed.a : zboss_r23_zdo_zdo_disc_cli.obj (.text.zb_zdo_initiate_nwk_addr_req_2param)
                  000206b8    00000138     lto90 (.text.zb_zdo_node_desc_req_2param_cb)
                  000207f0    00000130     lto90 (.text.bdb_initialization_machine)
                  00020920    00000130     lto90 (.text.prvAddNewTaskToReadyList)
                  00020a50    0000012c     zb_cluster_ed.a : zboss_r23_zcl_zcl_s_wwah.obj (.text.zb_zcl_wwah_periodic_checkin_tc_poll)
                  00020b7c    00000128     zb_zdo_ed.a : zboss_r23_zdo_zdo_app_leave.obj (.text.zb_nlme_leave_confirm)
                  00020ca4    00000128     zb_ed_role.a : zboss_r23_common_zb_scheduler.obj (.text.zb_schedule_alarm_cancel)
                  00020dcc    00000128     zb_zdo_ed.a : zboss_r23_zdo_zdo_commissioning.obj (.text.zdo_commissioning_join_via_scanlist)
                  00020ef4    00000124     drivers_cc23x0r5.a : ADCLPF3.c.obj (.text.ADCLPF3_convert)
                  00021018    00000124     ti_freertos_config.o (.text.xQueueReceive)
                  0002113c    00000124     zb_zdo_ed.a : zboss_r23_zdo_zdo_commissioning.obj (.text.zdo_commissioning_leave_done)
                  00021260    00000124                 : zboss_r23_zdo_zdo_diagnostics.obj (.text.zdo_diagnostics_inc)
                  00021384    00000124     lto90 (.text.zdo_ed_scan_completed_by_update_request)
                  000214a8    00000120     zb_ed_role.a : zboss_r23_aps_aps_main.obj (.text.aps_data_hdr_fill_datareq)
                  000215c8    00000120                  : zboss_r23_commissioning_bdb_bdb_finding_binding.obj (.text.zb_bdb_active_eps_check_cb)
                  000216e8    0000011c     lto90 (.text.allocate_buffer_unsafe)
                  00021804    0000011c     lto90 (.text.check_in_handle_check_binding_confirm)
                  00021920    0000011c     ti_freertos_config.o (.text.xTaskResumeAll)
                  00021a3c    0000011c     zb_zdo_ed.a : zboss_r23_zdo_af_rx.obj (.text.zb_apsde_data_indication)
                  00021b58    0000011c     zb_ed_role.a : zboss_r23_nwk_nwk_nlme.obj (.text.zb_nlme_leave_request)
                  00021c74    0000011c     lto90 (.text.zb_zcl_ota_server_discovery_callback)
                  00021d90    0000011c     zb_cluster_ed.a : zboss_r23_zcl_zcl_reporting.obj (.text.zb_zcl_put_reporting_info)
                  00021eac    00000118     lto90 (.text.AESCTRDRBG_reseed)
                  00021fc4    00000118     zb_ed_role.a : zboss_r23_commissioning_bdb_zdo_commissioning_bdb.obj (.text.bdb_initialization_procedure)
                  000220dc    00000118                  : zboss_r23_secur_zdo_secur.obj (.text.zb_zdo_secur_send_challenge_req)
                  000221f4    00000114     zb_zdo_ed.a : zboss_r23_zdo_zdo_app_join.obj (.text.zdo_authenticated_send_device_annce)
                  00022308    00000110                 : zboss_r23_zdo_zdo_disc_cli.obj (.text.zb_zdo_init_node_desc_req_2param)
                  00022418    0000010c     zb_ed_role.a : zboss_r23_secur_aps_secur.obj (.text.zb_aps_secure_frame_by_key)
                  00022524    0000010c     zb_zdo_ed.a : zboss_r23_zdo_zdo_app.obj (.text.zb_apsde_data_confirm)
                  00022630    0000010c     lto90 (.text.zdo_mgmt_leave_local)
                  0002273c    00000108     ti_freertos_config.o (.text.xTaskIncrementTick)
                  00022844    00000108     zb_ed_role.a : zboss_r23_mac_mac_data.obj (.text.zb_handle_mcps_data_req)
                  0002294c    00000108                  : zboss_r23_mac_mac.obj (.text.zb_mlme_handle_in_command)
                  00022a54    00000108     zb_cluster_ed.a : zboss_r23_zcl_zcl_ota_upgrade_commands.obj (.text.zcl_ota_abort)
                  00022b5c    00000100     lto90 (.text.batteryEventCb)
                  00022c5c    00000100     zb_zdo_ed.a : zboss_r23_zdo_zdo_app.obj (.text.zb_aps_command_confirm)
                  00022d5c    00000100     zb_ed_role.a : zboss_r23_commissioning_bdb_bdb_finding_binding.obj (.text.zb_bdb_process_ext_addr_resp)
                  00022e5c    000000fc     lto90 (.text.aps_in_frag_do_merge_blocks)
                  00022f58    000000fc     on_off_switch_ota_client.o (.text.button_press_handler)
                  00023054    000000fc     lto90 (.text.rclDispatchHwi)
                  00023150    000000fc     zb_ti_platform_zed_log.a : osif_ti_f3_nvram.obj (.text.zb_osif_nvram_erase_async)
                  0002324c    000000fc     zb_cluster_ed.a : zboss_r23_zcl_zcl_reporting.obj (.text.zb_zcl_reporting_timer_handler)
                  00023348    000000fa     lto90 (.text.encrypt_trans)
                  00023442    00000002     lto90 (.text.IntDefaultHandler)
                  00023444    000000f8     zb_ed_role.a : zboss_r23_common_zb_nvram.obj (.text.zb_nvram_write_end)
                  0002353c    000000f8     lto90 (.text.zb_zcl_on_off_timer_handler)
                  00023634    000000f4     zb_ed_role.a : zboss_r23_aps_aps_main.obj (.text.zb_apsde_data_request_relay)
                  00023728    000000f4     lto90 (.text.zb_apsme_unbind_all)
                  0002381c    000000f0     zb_ed_role.a : zboss_r23_aps_aps_bind.obj (.text.zb_apsme_unbind_by_ref)
                  0002390c    000000f0     lto90 (.text.zb_zcl_ota_upgrade_send_block_request)
                  000239fc    000000f0     lto90 (.text.zdo_diagnostics_get_mac_stats_cb)
                  00023aec    000000ec     lto90 (.text.bdb_restore_saved_rr)
                  00023bd8    000000ec     lto90 (.text.zb_nvram_dataset_data_is_valid)
                  00023cc4    000000ec     lto90 (.text.zb_zcl_conform_singleton)
                  00023db0    000000e8     zb_cluster_ed.a : zboss_r23_zcl_zcl_common.obj (.text.zb_zcl_check_attribute_writable)
                  00023e98    000000e8     lto90 (.text.zb_zcl_send_command_short_schedule)
                  00023f80    000000e4     zb_ed_role.a : zboss_r23_common_zb_address.obj (.text.zb_address_set_pan_id)
                  00024064    000000e4                  : zboss_r23_nwk_nwk_main.obj (.text.zb_nlde_data_request)
                  00024148    000000e0     ti_freertos_config.o (.text.pvPortMalloc)
                  00024228    000000e0     zb_ed_role.a : zboss_r23_secur_apsme_secur.obj (.text.zb_apsme_verify_key_req)
                  00024308    000000e0                  : zboss_r23_secur_zdo_secur.obj (.text.zb_zdo_sec_st_key_neg_req_send)
                  000243e8    000000e0     lto90 (.text.zdo_initiate_rejoin_cont)
                  000244c8    000000dc     ti_f3_led_buttons.o (.text.button_callback)
                  000245a4    000000dc     zb_ti_platform_zed_log.a : mac_ti_f3_mac.obj (.text.mac_ti23xx_trans_set_rx_on_off)
                  00024680    000000dc     lto90 (.text.zb_nvram_read_aps_counters)
                  0002475c    000000dc     zb_cluster_ed.a : zboss_r23_zcl_zcl_s_wwah.obj (.text.zb_zcl_wwah_send_survey_beacons_response)
                  00024838    000000d8     lto90 (.text.bdb_key_exchg_node_desc_callback)
                  00024910    000000d8     lto90 (.text.nvram_read_aps_keypair)
                  000249e8    000000d8     ti_freertos_config.o (.text.pthread_create)
                  00024ac0    000000d8     zb_ed_role.a : zboss_r23_nwk_nwk_nlme.obj (.text.zb_nlme_sync_request)
                  00024b98    000000d8     libclang_rt.builtins.a : addsf3.S.obj (.text)
                  00024c70    000000d4     zb_ed_role.a : zboss_r23_commissioning_bdb_zdo_commissioning_bdb.obj (.text.bdb_force_link)
                  00024d44    000000d4                  : zboss_r23_aps_aps_main.obj (.text.zb_aps_add_max_trans_size)
                  00024e18    000000d4                  : zboss_r23_aps_aps_main.obj (.text.zb_aps_pass_group_msg_up)
                  00024eec    000000d4     zb_cluster_ed.a : zboss_r23_zcl_zcl_s_wwah.obj (.text.zb_zcl_wwah_periodic_checkin_match_desc_req)
                  00024fc0    000000d4     lto90 (.text.zb_zdo_pim_turbo_poll_adaptation)
                  00025094    000000d0     rcl_cc23x0r5.a : RCL.c.obj (.text.RCL_init)
                  00025164    000000d0     zb_ed_role.a : zboss_r23_nwk_nwk_main.obj (.text.mcps_indication_process_in)
                  00025234    000000d0                  : zboss_r23_secur_apsme_secur.obj (.text.zb_aps_in_relay)
                  00025304    000000d0     lto90 (.text.zb_check_frag_queue_cleanup_and_send_fail_confirm)
                  000253d4    000000d0     zb_ed_role.a : zboss_r23_nwk_nwk_join.obj (.text.zb_nlme_rejoin_scan_confirm)
                  000254a4    000000d0     zb_ti_platform_zed_log.a : osif_ti_f3_crypto.obj (.text.zb_osif_random_hw)
                  00025574    000000d0     zb_zdo_ed.a : zboss_r23_zdo_zdo_commissioning.obj (.text.zdo_commissioning_dev_annce_sent)
                  00025644    000000cc     zb_ed_role.a : zboss_r23_mac_mac.obj (.text.zb_handle_mlme_poll_request)
                  00025710    000000c8     rcl_cc23x0r5.a : RCL_Scheduler.c.obj (.text.RCL_Scheduler_setStopTimes)
                  000257d8    000000c8     zb_cluster_ed.a : zboss_r23_zcl_zcl_power_config_commands.obj (.text.send_alarm)
                  000258a0    000000c8     lto90 (.text.zb_nlme_nwk_commis_req_send_pkt)
                  00025968    000000c8     zb_ed_role.a : zboss_r23_mac_mac_common.obj (.text.zb_parse_mhr_ptr)
                  00025a30    000000c8     zb_cluster_ed.a : zboss_r23_zcl_zcl_power_config_commands.obj (.text.zb_zcl_power_config_write_attr_hook_server)
                  00025af8    000000c4                     : zboss_r23_zcl_zcl_power_config_commands.obj (.text.fill_alarm_state_bitmap)
                  00025bbc    000000c4     zb_ed_role.a : zboss_r23_nwk_nwk_main.obj (.text.zb_nwk_forget_device)
                  00025c80    000000c4     zb_zdo_ed.a : zboss_r23_zdo_zdo_common.obj (.text.zdo_send_req_by_short)
                  00025d44    000000c0                 : zboss_r23_zdo_af_descriptor.obj (.text.zb_set_default_ed_descriptor_values)
                  00025e04    000000c0     lto90 (.text.zb_zcl_adjust_reporting_timer)
                  00025ec4    000000c0     zb_cluster_ed.a : zboss_r23_zcl_zcl_reporting.obj (.text.zb_zcl_find_reporting_info_manuf)
                  00025f84    000000c0     zb_zdo_ed.a : zboss_r23_zdo_zdo_disc_cli.obj (.text.zb_zdo_match_desc_req)
                  00026044    000000bc     zb_ed_role.a : zboss_r23_mac_mac_associate.obj (.text.mac_call_associate_confirm_fail)
                  00026100    000000bc     ti_freertos_config.o (.text.vTaskSuspend)
                  000261bc    000000bc     zb_ed_role.a : zboss_r23_common_zb_address.obj (.text.zb_add_short_addr_sorted)
                  00026278    000000bc                  : zboss_r23_common_zb_bufpool_mult.obj (.text.zb_buf_copy_func)
                  00026334    000000bc     zb_cluster_ed.a : zboss_r23_zcl_zcl_common.obj (.text.zb_zcl_get_next_target_endpoint)
                  000263f0    000000bc     lto90 (.text.zdo_nwk_update_req_process_channel_ed_scan)
                  000264ac    000000b8     lto90 (.text.PowerCC23X0_oscillatorISR)
                  00026564    000000b8     ti_freertos_config.o (.text.xQueueGenericReset)
                  0002661c    000000b8     zb_ed_role.a : zboss_r23_commissioning_bdb_bdb_finding_binding.obj (.text.zb_bdb_simple_desc_check_cb)
                  000266d4    000000b8                  : zboss_r23_nwk_nwk_join.obj (.text.zb_nlme_rejoin_send_pkt)
                  0002678c    000000b8                  : zboss_r23_secur_ic_secur.obj (.text.zb_secur_ic_get_key_by_address)
                  00026844    000000b6     lto90 (.text.zb_channel_page_list_set_logical_channel)
                  000268fa    00000002     drivers_cc23x0r5.a : PWMTimerLPF3.c.obj (.text.PWMTimerLPF3_init)
                  000268fc    000000b4     zb_ed_role.a : zboss_r23_aps_aps_main.obj (.text.aps_send_fail_confirm)
                  000269b0    000000b4     zb_cluster_ed.a : zboss_r23_zcl_zcl_reporting.obj (.text.zb_zcl_wait_reporting_timeout)
                  00026a64    000000b4     zb_zdo_ed.a : zboss_r23_zdo_af_rx.obj (.text.zb_zdo_device_is_unreachable)
                  00026b18    000000b4                 : zboss_r23_zdo_zdo_common.obj (.text.zdo_af_resp)
                  00026bcc    000000b4                 : zboss_r23_zdo_zdo_app_join.obj (.text.zdo_join_to_nwk_descr)
                  00026c80    000000b0     rcl_cc23x0r5.a : RCL_Scheduler.c.obj (.text.RCL_Scheduler_cancelSchedStopTime)
                  00026d30    000000b0     ti_freertos_config.o (.text.xTaskRemoveFromEventList)
                  00026de0    000000b0     zb_ed_role.a : zboss_r23_mac_mac_associate.obj (.text.zb_mlme_send_association_req_cmd)
                  00026e90    000000b0                  : zboss_r23_common_zb_nvram.obj (.text.zb_nvram_write_start)
                  00026f40    000000ac     lto90 (.text.aps_in_frag_assemble_window_delayed)
                  00026fec    000000ac     zb_cluster_ed.a : zboss_r23_zcl_zcl_rel_humidity.obj (.text.check_value_rel_humidity_measurement_server)
                  00027098    000000ac     lto90 (.text.nwk_fill_alloc_hdr_req)
                  00027144    000000ac     lto90 (.text.send_bind_unbind_req)
                  000271f0    000000ac     ti_freertos_config.o (.text.vTaskDelete)
                  0002729c    000000ac     lto90 (.text.zdo_mgmt_leave_req)
                  00027348    000000a8     lto90 (.text.handle_bind_confirm.1280)
                  000273f0    000000a8     zb_ed_role.a : zboss_r23_common_zb_nvram.obj (.text.zb_aps_keypair_write)
                  00027498    000000a8     lto90 (.text.zb_mlme_reset_request_sync)
                  00027540    000000a4     zb_ed_role.a : zboss_r23_secur_secur_ccm.obj (.text.zb_ccm_decrypt_n_auth)
                  000275e4    000000a4     lto90 (.text.zb_clear_bind_trans)
                  00027688    000000a4     lto90 (.text.zb_nlme_status_indication_process)
                  0002772c    000000a4     zb_ed_role.a : zboss_r23_nwk_nwk_neighbor.obj (.text.zb_nwk_neighbor_get)
                  000277d0    000000a4     lto90 (.text.zb_zcl_set_attr_val)
                  00027874    000000a4     lto90 (.text.zdo_cb_killer)
                  00027918    000000a2     libclang_rt.builtins.a : udivmoddi4.S.obj (.text)
                  000279ba    00000002                            : aeabi_div0.c.obj (.text.__aeabi_idiv0)
                  000279bc    000000a0     lto90 (.text.LGPTimerLPF3_initHw)
                  00027a5c    000000a0     lto90 (.text.RCL_Handler_Ieee_setCustomEventTime)
                  00027afc    000000a0     rcl_cc23x0r5.a : RCL.c.obj (.text.RCL_open)
                  00027b9c    000000a0     zb_ed_role.a : zboss_r23_nwk_nwk_nlme.obj (.text.nwk_next_rejoin_poll)
                  00027c3c    000000a0     lto90 (.text.prvUnlockQueue)
                  00027cdc    000000a0     zb_ed_role.a : zboss_r23_commissioning_bdb_bdb_finding_binding.obj (.text.zb_bdb_process_active_eps_res)
                  00027d7c    000000a0                  : zboss_r23_secur_aps_secur.obj (.text.zb_increase_aps_outgoing_frame_counter)
                  00027e1c    000000a0                  : zboss_r23_mac_mac_data.obj (.text.zb_mac_get_indirect_data)
                  00027ebc    000000a0                  : zboss_r23_nwk_nwk_join.obj (.text.zb_nlme_rejoin_response_timeout)
                  00027f5c    000000a0                  : zboss_r23_nwk_nwk_nlme.obj (.text.zb_nlme_send_status)
                  00027ffc    000000a0     zb_cluster_ed.a : zboss_r23_zcl_zcl_reporting.obj (.text.zb_zcl_reporting_cb)
                  0002809c    000000a0     lto90 (.text.zb_zdo_nwk_addr_req_2param_cb)
                  0002813c    000000a0     lto90 (.text.zb_zdo_poll_parent)
                  000281dc    000000a0     zb_zdo_ed.a : zboss_r23_zdo_zdo_tlv_mgmt.obj (.text.zb_zdo_upd_key_req_process_tlv)
                  0002827c    0000009c     drivers_cc23x0r5.a : ADCLPF3.c.obj (.text.ADCLPF3_open)
                  00028318    0000009c     zb_ed_role.a : zboss_r23_common_zb_address.obj (.text.zb_address_unlock_func)
                  000283b4    0000009c                  : zboss_r23_common_zb_bufpool_mult.obj (.text.zb_buf_free_func)
                  00028450    00000098     lto90 (.text.doErase)
                  000284e8    00000098     zb_ed_role.a : zboss_r23_secur_zdo_secur.obj (.text.secur_nwk_key_switch)
                  00028580    00000098     ti_freertos_config.o (.text.vTaskStartScheduler)
                  00028618    00000098     lto90 (.text.zb_aps_relay_secured)
                  000286b0    00000098     zb_ed_role.a : zboss_r23_nwk_nwk_main.obj (.text.zb_mcps_data_indication)
                  00028748    00000098     zb_cluster_ed.a : zboss_r23_zcl_zcl_poll_control_commands.obj (.text.zb_zcl_poll_control_start_check_in)
                  000287e0    00000098                     : zboss_r23_zcl_zcl_reporting.obj (.text.zb_zcl_report_attr)
                  00028878    00000094     driverlib.a : interrupt.c.obj (.text.IntSetPriority)
                  0002890c    00000094     lto90 (.text.RCL_Handler_Ieee_updateRxCurBufferAndFifo)
                  000289a0    00000094     zb_ed_role.a : zboss_r23_common_zb_bufpool_mult.obj (.text.zb_buf_initial_alloc_func)
                  00028a34    00000094     lto90 (.text.zb_button_register_handler)
                  00028ac8    00000094     lto90 (.text.zb_mac_send_data_conf)
                  00028b5c    00000094     zb_ed_role.a : zboss_r23_nwk_nwk_nlme.obj (.text.zb_nlme_reset_request)
                  00028bf0    00000094                  : zboss_r23_secur_zdo_secur.obj (.text.zb_secur_create_best_suitable_link_key_pair_set)
                  00028c84    00000094     zb_cluster_ed.a : zboss_r23_zcl_zcl_ias_zone_commands.obj (.text.zb_zcl_ias_zone_put_cie_address_to_binding_whitelist)
                  00028d18    00000094     lto90 (.text.zb_zcl_ota_upgrade_request_server_send)
                  00028dac    00000094     zb_cluster_ed.a : zboss_r23_zcl_zcl_main.obj (.text.zb_zcl_send_default_resp_ext)
                  00028e40    00000094     lto90 (.text.zdo_join_done_cont)
                  00028ed4    00000092     lto90 (.text.square)
                  00028f66    0000000a     lto90 (.text.GPIO_setConfig)
                  00028f70    00000092     driverlib.a : aes_ticlang.s.obj (.text)
                  00029002    00000002     libclang_rt.builtins.a : aeabi_div0.c.obj (.text.__aeabi_ldiv0)
                  00029004    00000090     lto90 (.text.aps_in_frag_get_received_mask)
                  00029094    00000090     lto90 (.text.aps_send_frame_via_binding)
                  00029124    00000090     lto90 (.text.nwk_scan_find_next_channel_mask)
                  000291b4    00000090     lto90 (.text.prvInitialiseNewTask)
                  00029244    00000090     lto90 (.text.short_search)
                  000292d4    00000090     zb_ed_role.a : zboss_r23_mac_mac_common.obj (.text.zb_mac_fill_mhr)
                  00029364    00000090                  : zboss_r23_mac_mac_data.obj (.text.zb_mac_indirect_data_rx_failed)
                  000293f4    00000090                  : zboss_r23_nwk_nwk_discovery.obj (.text.zb_nlme_network_discovery_request)
                  00029484    00000090                  : zboss_r23_common_zb_nvram.obj (.text.zb_nvram_write_dataset)
                  00029514    00000090     zb_zdo_ed.a : zboss_r23_zdo_zdo_hubs.obj (.text.zb_wwah_set_pending_channel)
                  000295a4    00000090     zb_cluster_ed.a : zboss_r23_zcl_zcl_on_off_commands.obj (.text.zb_zcl_on_off_invoke_user_app)
                  00029634    00000090                     : zboss_r23_zcl_zcl_reporting.obj (.text.zb_zcl_reporting_slot_number)
                  000296c4    00000090     zb_zdo_ed.a : zboss_r23_zdo_zdo_poll.obj (.text.zb_zdo_pim_init_defaults)
                  00029754    00000090     lto90 (.text.zdo_initiate_rejoin)
                  000297e4    0000008c     lto90 (.text.AESCMACLPF3_getResult)
                  00029870    0000008c     zb_ed_role.a : zboss_r23_aps_aps_main.obj (.text.zb_aps_pass_local_msg_up)
                  000298fc    0000008c                  : zboss_r23_mac_mac_pib.obj (.text.zb_mac_reinit_pib)
                  00029988    00000088     lto90 (.text.ClockP_hwiCallback)
                  00029a10    00000088     ti_freertos_config.o (.text.ClockP_startup)
                  00029a98    00000088     drivers_cc23x0r5.a : PWMTimerLPF3.c.obj (.text.PWMTimerLPF3_setDutyAndPeriod)
                  00029b20    00000088                        : PWMTimerLPF3.c.obj (.text.PWMTimerLPF3_setPeriod)
                  00029ba8    00000088     zb_cluster_ed.a : zboss_r23_zcl_zcl_common.obj (.text.cluster_needs_aps_encryption)
                  00029c30    00000088     lto90 (.text.prvAddCurrentTaskToDelayedList)
                  00029cb8    00000088     zb_ed_role.a : zboss_r23_common_zb_bufpool_mult.obj (.text.zb_buf_alloc_right_func)
                  00029d40    00000088     lto90 (.text.zb_get_buf_tail_ptr)
                  00029dc8    00000088     zb_cluster_ed.a : zboss_r23_zcl_zcl_main.obj (.text.zb_zcl_process_command_finish)
                  00029e50    00000088     lto90 (.text.zdo_nwk_update_req_process_new_active_channel)
                  00029ed8    00000084     lto90 (.text.get_new_reporting_info)
                  00029f5c    00000084     lto90 (.text.handle_bind_unbind_confirm)
                  00029fe0    00000084     lto90 (.text.ieee_search)
                  0002a064    00000084     ti_freertos_config.o (.text.memalign)
                  0002a0e8    00000084     lto90 (.text.prvCheckForValidListAndQueue)
                  0002a16c    00000084     lto90 (.text.send_bind_unbind_with_check)
                  0002a1f0    00000084     ti_freertos_config.o (.text.vTaskSwitchContext)
                  0002a274    00000084     zb_ed_role.a : zboss_r23_aps_aps_bind.obj (.text.zb_apsme_move_dst_bind_table)
                  0002a2f8    00000084                  : zboss_r23_aps_aps_binding_whitelist.obj (.text.zb_check_binding_table_whitelist)
                  0002a37c    00000084                  : zboss_r23_nwk_nwk_broadcasting.obj (.text.zb_nwk_broadcasting_add_btr)
                  0002a400    00000084     zb_cluster_ed.a : zboss_r23_zcl_zcl_common.obj (.text.zb_zcl_is_target_endpoint)
                  0002a484    00000084                     : zboss_r23_zcl_zcl_ota_upgrade_commands.obj (.text.zb_zcl_ota_upgrade_init_client)
                  0002a508    00000084     lto90 (.text.zb_zcl_start_identifying)
                  0002a58c    00000080     rcl_cc23x0r5.a : RCL_Scheduler.c.obj (.text.RCL_Scheduler_findStopStatus)
                  0002a60c    00000080     lto90 (.text.check_cluster_list)
                  0002a68c    00000080     lto90 (.text.nwk_do_retry)
                  0002a70c    00000080     lto90 (.text.send_ed_timeout_req)
                  0002a78c    00000080     ti_freertos_config.o (.text.xTaskPriorityInherit)
                  0002a80c    00000080     lto90 (.text.zb_ccm_encrypt_n_auth)
                  0002a88c    00000080     zb_ed_role.a : zboss_r23_mac_mac_associate.obj (.text.zb_mlme_associate_request_do)
                  0002a90c    00000080     lto90 (.text.zb_nvram_write_aps_counters)
                  0002a98c    00000080     lto90 (.text.zb_nwk_neighbor_delete)
                  0002aa0c    00000080     zb_ed_role.a : zboss_r23_common_zb_tlv.obj (.text.zb_tlv_general_tlv_processing)
                  0002aa8c    00000080     lto90 (.text.zb_zdo_bind_unbind_req)
                  0002ab0c    00000080     lto90 (.text.zdo_nwk_update_req_process_new_channel_mask)
                  0002ab8c    0000007e     drivers_cc23x0r5.a : LGPTimerLPF3.c.obj (.text.LGPTimerLPF3_close)
                  0002ac0a    0000007e     lto90 (.text.zb_sec_b6_hash)
                  0002ac88    0000007c     lto90 (.text.AESCTRDRBGXX_updateState)
                  0002ad04    0000007c     rcl_cc23x0r5.a : RCL.c.obj (.text.RCL_Command_submit)
                  0002ad80    0000007c     lto90 (.text.call_scan_complete_cb)
                  0002adfc    0000007c     lto90 (.text.prvIdleTask)
                  0002ae78    0000007c     lto90 (.text.temperatureEventCb)
                  0002aef4    0000007c     zb_ed_role.a : zboss_r23_common_zb_address.obj (.text.zb_address_ieee_by_ref)
                  0002af70    0000007c                  : zboss_r23_common_zb_address.obj (.text.zb_address_ieee_by_short)
                  0002afec    0000007c     zb_zdo_ed.a : zboss_r23_zdo_zdo_app_join.obj (.text.zdo_next_nwk_discovery_req)
                  0002b068    00000078     ti_freertos_config.o (.text.HwiP_construct)
                  0002b0e0    00000078     lto90 (.text.bdb_node_desc_workaround_callback)
                  0002b158    00000078     ti_freertos_config.o (.text.xQueueReceiveFromISR)
                  0002b1d0    00000078     zb_ed_role.a : zboss_r23_commissioning_bdb_bdb_finding_binding.obj (.text.zb_bdb_finding_binding_target_alarm_ep)
                  0002b248    00000078                  : zboss_r23_mac_mac_pib.obj (.text.zb_mlme_set_request)
                  0002b2c0    00000078     zb_cluster_ed.a : zboss_r23_zcl_zcl_scenes.obj (.text.zb_zcl_scenes_process_recall_scene)
                  0002b338    00000078                     : zboss_r23_zcl_zcl_scenes.obj (.text.zb_zcl_scenes_process_store_scene)
                  0002b3b0    00000078     zb_ed_role.a : zboss_r23_secur_zdo_secur.obj (.text.zb_zdo_sec_get_auth_tok_req_snd)
                  0002b428    00000078     libc.a : copy_decompress_lzss.c.obj (.text:decompress:lzss)
                  0002b4a0    00000076     lto90 (.text.prvCopyDataToQueue)
                  0002b516    00000076     lto90 (.text.zb_zcl_set_attr_val_manuf_internal)
                  0002b58c    00000074     lto90 (.text.AESCTRLPF3_hwiFxn)
                  0002b600    00000074     lto90 (.text.alloc_new_extneiboar)
                  0002b674    00000074     lto90 (.text.broadcast_endpoint_delivery_step)
                  0002b6e8    00000074     lto90 (.text.channel_page_get_edge_channel_number)
                  0002b75c    00000074     lto90 (.text.ed_scan_timer_callback)
                  0002b7d0    00000074     zb_ed_role.a : zboss_r23_common_zb_address.obj (.text.zb_address_lock_func)
                  0002b844    00000074                  : zboss_r23_common_zb_nvram.obj (.text.zb_aps_keypair_load_by_idx)
                  0002b8b8    00000074                  : zboss_r23_aps_aps_main.obj (.text.zb_aps_pass_local_group_pkt_up)
                  0002b92c    00000074                  : zboss_r23_common_zb_nvram.obj (.text.zb_nvram_write_data)
                  0002b9a0    00000074     zb_cluster_ed.a : zboss_r23_zcl_zcl_diagnostics_commands.obj (.text.zb_zcl_diagnostics_sync_counters)
                  0002ba14    00000074     zb_zdo_ed.a : zboss_r23_zdo_zdo_poll.obj (.text.zb_zdo_pim_start_turbo_poll_packets)
                  0002ba88    00000074     zb_cluster_ed.a : zboss_r23_zcl_zcl_poll_control_commands.obj (.text.zcl_poll_control_check_in_send_cb)
                  0002bafc    00000072     lto90 (.text.zb_zcl_ota_upgrade_end)
                  0002bb6e    00000002     lto90 (.text.errorSpin)
                  0002bb70    00000070     ti_freertos_config.o (.text.ClockP_start)
                  0002bbe0    00000070     lto90 (.text.PowerCC23X0_startHFXT)
                  0002bc50    00000070     lto90 (.text.age_dups)
                  0002bcc0    00000070     lto90 (.text.aps_in_frag_mac_ack_for_aps_ack_arrived)
                  0002bd30    00000070     zb_ed_role.a : zboss_r23_secur_bdb_secur.obj (.text.bdb_initiate_key_exchange)
                  0002bda0    00000070     lto90 (.text.mult)
                  0002be10    00000070     zb_ed_role.a : zboss_r23_nwk_nwk_discovery.obj (.text.nlme_scan_request)
                  0002be80    00000070     lto90 (.text.process_delayed_buf_entry_unsafe)
                  0002bef0    00000070     zb_ti_platform_zed_log.a : mac_ti_f3_mac.obj (.text.update_rx_panconfig)
                  0002bf60    00000070     zb_ed_role.a : zboss_r23_common_zb_address.obj (.text.zb_address_delete)
                  0002bfd0    00000070                  : zboss_r23_aps_aps_bind.obj (.text.zb_aps_check_binding_request)
                  0002c040    00000070     lto90 (.text.zb_aps_check_max_trans_size_timer_cb)
                  0002c0b0    00000070     zb_ed_role.a : zboss_r23_nwk_nwk_discovery.obj (.text.zb_nlme_ed_scan_request)
                  0002c120    00000070                  : zboss_r23_nwk_nwk_neighbor.obj (.text.zb_nwk_neighbor_clear)
                  0002c190    00000070     lto90 (.text.zb_zcl_diagnostics_sync_counters_cb)
                  0002c200    00000070     zb_cluster_ed.a : zboss_r23_zcl_zcl_general_commands.obj (.text.zb_zcl_get_attr_desc_manuf)
                  0002c270    00000070     lto90 (.text.zdo_kill_cb_by_index)
                  0002c2e0    00000070     zb_zdo_ed.a : zboss_r23_zdo_zdo_app_join.obj (.text.zdo_rejoin_clear_prev_join)
                  0002c350    0000006c     drivers_cc23x0r5.a : ADCLPF3.c.obj (.text.ADCLPF3_convertToMicroVolts)
                  0002c3bc    0000006c     driverlib.a : adc.c.obj (.text.ADCSetAdjustmentOffset)
                  0002c428    0000006c     ti_freertos_config.o (.text.ClockP_stop)
                  0002c494    0000006c     on_off_switch_ota_client.o (.text.pwm_init_param)
                  0002c500    0000006c     lto90 (.text.zb_aps_hdr_mod)
                  0002c56c    0000006c     zb_ed_role.a : zboss_r23_commissioning_bdb_bdb_finding_binding.obj (.text.zb_bdb_process_simple_desc_res)
                  0002c5d8    0000006c     zb_zdo_ed.a : zboss_r23_zdo_zdo_app_join.obj (.text.zb_nlme_join_confirm)
                  0002c644    0000006c     zb_ed_role.a : zboss_r23_nwk_nwk_join.obj (.text.zb_nlme_rejoin_set_parent_long)
                  0002c6b0    0000006c                  : zboss_r23_nwk_nwk_tlv_mgmt.obj (.text.zb_nwk_commissioning_req_put_tlv)
                  0002c71c    0000006c     lto90 (.text.zb_zcl_add_cluster_handlers)
                  0002c788    0000006c     lto90 (.text.zdo_validate_desc_resp)
                  0002c7f4    00000068     lto90 (.text.LRF_setTrimCommon)
                  0002c85c    00000068     drivers_cc23x0r5.a : NVSLPF3.c.obj (.text.NVSLPF3_open)
                  0002c8c4    00000068     lto90 (.text.RCL_Handler_Adc_Noise_powerDown)
                  0002c92c    00000068     lto90 (.text.RCL_Handler_Ieee_findPbeErrorEndStatus)
                  0002c994    00000068     lto90 (.text.aps_in_frag_restart_ack_timer)
                  0002c9fc    00000068     lto90 (.text.aps_in_frag_stop_entry)
                  0002ca64    00000068     zb_ed_role.a : zboss_r23_commissioning_bdb_zdo_commissioning_bdb.obj (.text.bdb_network_steering_start_scan)
                  0002cacc    00000068     zb_cluster_ed.a : zboss_r23_zcl_zcl_common.obj (.text.get_profile_id_by_endpoint)
                  0002cb34    00000068     lto90 (.text.nwk_cancel_network_discovery_response)
                  0002cb9c    00000068     ti_freertos_config.o (.text.vTaskPriorityDisinheritAfterTimeout)
                  0002cc04    00000068     ti_freertos_config.o (.text.xTaskCheckForTimeOut)
                  0002cc6c    00000068     zb_ed_role.a : zboss_r23_common_zb_address.obj (.text.zb_address_get_pan_id_ref)
                  0002ccd4    00000068                  : zboss_r23_secur_apsme_secur.obj (.text.zb_aps_secur_init)
                  0002cd3c    00000068                  : zboss_r23_secur_zdo_secur.obj (.text.zb_secur_get_link_key_by_address)
                  0002cda4    00000068     zb_zdo_ed.a : zboss_r23_zdo_zdo_hubs.obj (.text.zb_wwah_set_leave_without_rejoin_allowed)
                  0002ce0c    00000068     lto90 (.text.zb_zcl_finish_and_send_packet_new)
                  0002ce74    00000068     zb_cluster_ed.a : zboss_r23_zcl_zcl_identify_commands.obj (.text.zb_zcl_identify_effect_invoke_user_app)
                  0002cedc    00000068     lto90 (.text.zb_zdo_pim_restart_poll)
                  0002cf44    00000064     drivers_cc23x0r5.a : AESCommonLPF3.c.obj (.text.AESCommonLPF3_construct)
                  0002cfa8    00000064     lto90 (.text.bdb_finding_n_binding_machine)
                  0002d00c    00000064     lto90 (.text.bdb_force_rejoin_if_not_in_progress)
                  0002d070    00000064     lto90 (.text.bdb_precomm_rejoin_over_all_channels)
                  0002d0d4    00000064     zb_cluster_ed.a : zboss_r23_zcl_zcl_common.obj (.text.get_endpoint_by_cluster)
                  0002d138    00000064     zb_ed_role.a : zboss_r23_nwk_nwk_main.obj (.text.nwk_call_nlde_data_confirm)
                  0002d19c    00000064     ti_freertos_config.o (.text.xTaskPriorityDisinherit)
                  0002d200    00000064     zb_ed_role.a : zboss_r23_common_zb_address.obj (.text.zb_address_by_ref)
                  0002d264    00000064                  : zboss_r23_common_zb_address.obj (.text.zb_address_cmp_two_refs)
                  0002d2c8    00000064     zb_zdo_ed.a : zboss_r23_zdo_af_rx.obj (.text.zb_apsde_data_indication_cont)
                  0002d32c    00000064     zb_ed_role.a : zboss_r23_commissioning_bdb_zdo_commissioning_bdb.obj (.text.zb_bdb_initiate_tc_rejoin)
                  0002d390    00000064                  : zboss_r23_common_zb_time.obj (.text.zb_timer_start)
                  0002d3f4    00000064     zb_cluster_ed.a : zboss_r23_zcl_zcl_identify_commands.obj (.text.zb_zcl_identify_time_handler)
                  0002d458    00000064     lto90 (.text.zb_zdo_node_desc_req)
                  0002d4bc    00000062     zb_cluster_ed.a : zboss_r23_zcl_zcl_common.obj (.text.zb_zcl_finish_and_send_packet)
                  0002d51e    00000002     ti_freertos_config.o (.text.vApplicationStackOverflowHook)
                  0002d520    00000060     drivers_cc23x0r5.a : BatMonSupportLPF3.c.obj (.text.BatMonSupportLPF3_init)
                  0002d580    00000060                        : PWMTimerLPF3.c.obj (.text.PWMTimerLPF3_setDuty)
                  0002d5e0    00000060     lto90 (.text.RCL_Handler_Ieee_updateStats)
                  0002d640    00000060     on_off_switch_ota_client.o (.text.adc_init_param)
                  0002d6a0    00000060     lto90 (.text.aps_in_frag_send_ack)
                  0002d700    00000060     zb_ti_platform_zed_log.a : mac_ti_f3_mac.obj (.text.mac_ti23xx_start_ed_scan)
                  0002d760    00000060     lto90 (.text.nwk_broadcasting_btr_aging_alarm)
                  0002d7c0    00000060     lto90 (.text.rclSchedulerFindEarliestStopTime)
                  0002d820    00000060     on_off_switch_ota_client.o (.text.send_soil_moisture)
                  0002d880    00000060     ti_freertos_config.o (.text.xQueueGiveFromISR)
                  0002d8e0    00000060     ti_freertos_config.o (.text.xTaskCreate)
                  0002d940    00000010     lto90 (.tramp.OUTLINED_FUNCTION_477.4)
                  0002d950    00000060     zb_cluster_ed.a : zboss_r23_zcl_zcl_common.obj (.text.zb_af_get_endpoint_desc)
                  0002d9b0    00000060     lto90 (.text.zb_get_buf_delayed)
                  0002da10    00000060     zb_ti_platform_zed_log.a : osif_ti_f3_crypto.obj (.text.zb_hw_sha_256)
                  0002da70    00000060     lto90 (.text.zb_nvram_get_dataset_version)
                  0002dad0    00000060     zb_ed_role.a : zboss_r23_nwk_nwk_disc_table.obj (.text.zb_nwk_exneighbor_by_short)
                  0002db30    00000060     zb_cluster_ed.a : zboss_r23_zcl_zcl_groups.obj (.text.zb_zcl_process_groups_commands_cli)
                  0002db90    00000060     zb_zdo_ed.a : zboss_r23_zdo_zdo_bind_manage.obj (.text.zb_zdo_send_check_bind_unbind)
                  0002dbf0    00000060     on_off_switch_ota_client.o (.text.zcl_specific_cluster_cmd_handler)
                  0002dc50    00000060     zb_ed_role.a : zboss_r23_secur_bdb_secur.obj (.text.zdo_secur_update_tclk_done)
                  0002dcb0    00000060     zb_zdo_ed.a : zboss_r23_zdo_zdo_common.obj (.text.zdo_send_resp_by_short)
                  0002dd10    0000005c     drivers_cc23x0r5.a : AESCommonLPF3.c.obj (.text.AESCommonLPF3_init)
                  0002dd6c    0000005c     ti_freertos_config.o (.text.ClockP_walkQueueDynamic)
                  0002ddc8    0000005c     lto90 (.text.GPIO_setConfigAndMux)
                  0002de24    0000005c     lto90 (.text.get_endpoint_by_cluster_with_role)
                  0002de80    0000005c     lto90 (.text.get_manufacturer_index_by_ieee_addr)
                  0002dedc    0000005c     lto90 (.text.nwk_join_failure_confirm)
                  0002df38    0000005c     zb_ed_role.a : zboss_r23_common_zb_address.obj (.text.zb_address_done_ieee_disc)
                  0002df94    0000005c                  : zboss_r23_common_zb_bufpool_mult.obj (.text.zb_buf_alloc_left_func)
                  0002dff0    0000005c                  : zboss_r23_common_zb_sleep.obj (.text.zb_sleep_calc_sleep_tmo)
                  0002e04c    0000005c     lto90 (.text.zb_zcl_basic_reset_invoke_user_app)
                  0002e0a8    0000005c     zb_zdo_ed.a : zboss_r23_zdo_zdo_channel_manager.obj (.text.zb_zdo_ed_scan_request)
                  0002e104    0000005c                 : zboss_r23_zdo_zdo_nwk_manage_srv.obj (.text.zb_zdo_nwk_upd_notify)
                  0002e160    0000005c                 : zboss_r23_zdo_zdo_app.obj (.text.zb_zdo_startup_complete_int)
                  0002e1bc    0000005c                 : zboss_r23_zdo_zdo_app.obj (.text.zb_zdo_tclk_valid)
                  0002e218    00000058     lto90 (.text.AESCMACLPF3_hwiFxn)
                  0002e270    00000058     rcl_cc23x0r5.a : LRFCC23X0.c.obj (.text.LRF_enableTemperatureMonitoring)
                  0002e2c8    00000058     lto90 (.text.LogSinkBuf_printf)
                  0002e320    00000058     lto90 (.text.PWMTimerLPF3_getDutyCounts)
                  0002e378    00000058     lto90 (.text.RCL_Handler_Ieee_restoreStopTime)
                  0002e3d0    00000058     libclang_rt.builtins.a : clzsi2.c.obj (.text.__clzsi2)
                  0002e428    00000058     zb_ed_role.a : zboss_r23_commissioning_bdb_zdo_commissioning_bdb.obj (.text.bdb_not_ever_joined)
                  0002e480    00000058     zb_cluster_ed.a : zboss_r23_zcl_zcl_power_config_commands.obj (.text.get_send_alarm_buf)
                  0002e4d8    00000058     lto90 (.text.send_unknown_command_status)
                  0002e530    00000058     zb_ed_role.a : zboss_r23_common_zb_address.obj (.text.zb_ieee_addr_compress)
                  0002e588    00000058     lto90 (.text.zb_nvram_dataset_is_supported)
                  0002e5e0    00000058     zb_ed_role.a : zboss_r23_common_zb_scheduler.obj (.text.zb_schedule_callback2)
                  0002e638    00000058                  : zboss_r23_common_zb_scheduler.obj (.text.zb_schedule_get_alarm_time)
                  0002e690    00000058                  : zboss_r23_common_zb_scheduler.obj (.text.zb_schedule_tx_cb)
                  0002e6e8    00000058     lto90 (.text.zb_secur_get_auth_token_key_by_ieee)
                  0002e740    00000058     lto90 (.text.zb_start_device_interview_on_joiner)
                  0002e798    00000058     lto90 (.text.zb_timer_callback)
                  0002e7f0    00000058     zb_zdo_ed.a : zboss_r23_zdo_zdo_hubs.obj (.text.zb_wwah_set_require_lk_encryption)
                  0002e848    00000058     lto90 (.text.zb_zcl_init_periodic_activities)
                  0002e8a0    00000058     zb_zdo_ed.a : zboss_r23_zdo_zdo_disc_cli.obj (.text.zb_zdo_nwk_addr_req)
                  0002e8f8    00000058     zb_ed_role.a : zboss_r23_secur_zdo_secur.obj (.text.zb_zdo_verify_tclk)
                  0002e950    00000058     lto90 (.text.zdo_wwah_start_survey_beacons_cont)
                  0002e9a8    00000056     libclang_rt.builtins.a : aeabi_idivmod.S.obj (.text.__aeabi_idivmod)
                  0002e9fe    00000056     ti_freertos_config.o (.text.xQueueGenericCreate)
                  0002ea54    00000056     zb_ed_role.a : zboss_r23_secur_secur_ccm.obj (.text.zb_cmm_key_hash)
                  0002eaaa    00000002     ti_freertos_portable_config.o (.text.vPortSVCHandler)
                  0002eaac    00000054     lto90 (.text.AESECBLPF3_hwiFxn)
                  0002eb00    00000054     rcl_cc23x0r5.a : RCL.c.obj (.text.RCL_Command_pend)
                  0002eb54    00000054                    : RCL_Scheduler.c.obj (.text.RCL_Scheduler_setStartStopTimeEarliestStart)
                  0002eba8    00000054     lto90 (.text.aps_in_frag_kill_stopped_entries)
                  0002ebfc    00000054     lto90 (.text.aps_in_frag_send_ack_delayed)
                  0002ec50    00000054     lto90 (.text.aps_in_frag_total_window_size)
                  0002eca4    00000054     lto90 (.text.bdb_network_formation_machine)
                  0002ecf8    00000054     lto90 (.text.bdb_start_top_level_commissioning)
                  0002ed4c    00000054     zb_cluster_ed.a : zboss_r23_zcl_zcl_scenes.obj (.text.check_value_scenes)
                  0002eda0    00000054     lto90 (.text.manuf_tbl_clear_unusable_entries)
                  0002edf4    00000054     ti_freertos_config.o (.text.vQueueWaitForMessageRestricted)
                  0002ee48    00000054     zb_ed_role.a : zboss_r23_commissioning_bdb_bdb_finding_binding.obj (.text.zb_bdb_error_handle_buf)
                  0002ee9c    00000054     lto90 (.text.zb_mac_diagnostics_init)
                  0002eef0    00000054     zb_ed_role.a : zboss_r23_mac_mac_scan.obj (.text.zb_mac_send_beacon_request_command)
                  0002ef44    00000054                  : zboss_r23_common_zb_nvram.obj (.text.zb_nvram_read_data)
                  0002ef98    00000054     lto90 (.text.zb_schedule_callback_prior)
                  0002efec    00000054     lto90 (.text.zb_secur_ic_generate_key)
                  0002f040    00000054     zb_ed_role.a : zboss_r23_common_zb_tlv.obj (.text.zb_tlv_get_tlv_ptr)
                  0002f094    00000054     zb_zdo_ed.a : zboss_r23_zdo_zdo_hubs.obj (.text.zb_wwah_set_configuration_mode)
                  0002f0e8    00000054     zb_cluster_ed.a : zboss_r23_zcl_zcl_basic_commands.obj (.text.zb_zcl_check_is_device_enabled)
                  0002f13c    00000054                     : zboss_r23_zcl_zcl_identify_commands.obj (.text.zb_zcl_stop_identifying)
                  0002f190    00000054                     : zboss_r23_zcl_zcl_reporting.obj (.text.zb_zcl_update_reporting_info)
                  0002f1e4    00000054                     : zboss_r23_zcl_zcl_s_wwah.obj (.text.zb_zcl_wwah_check_if_aps_link_key_authorization_needed)
                  0002f238    00000054     zb_zdo_ed.a : zboss_r23_zdo_zdo_bind_manage.obj (.text.zb_zdo_bind_unbind_check_cb)
                  0002f28c    00000054     zb_ed_role.a : zboss_r23_secur_zdo_secur.obj (.text.zb_zdo_update_tclk)
                  0002f2e0    00000050     driverlib.a : adc.c.obj (.text.ADCGetAdjustmentGain)
                  0002f330    00000050     drivers_cc23x0r5.a : ADCLPF3.c.obj (.text.ADCLPF3_close)
                  0002f380    00000050                        : AESCommonLPF3.c.obj (.text.AESCommonLPF3_cleanup)
                  0002f3d0    00000050     ti_freertos_config.o (.text.__aeabi_errno_addr)
                  0002f420    00000050     lto90 (.text.aps_in_frag_find_by_hdr)
                  0002f470    00000050     lto90 (.text.aps_out_frag_schedule_queued_requests)
                  0002f4c0    00000050     lto90 (.text.handle_bind_check_response)
                  0002f510    00000050     lto90 (.text.mac_ti23xx_set_channel)
                  0002f560    00000050     lto90 (.text.nvram_write_dataset_tail)
                  0002f5b0    00000050     lto90 (.text.rclPowerNotify)
                  0002f600    00000050     lto90 (.text.sleepTicks)
                  0002f650    00000050     lto90 (.text.uDMASetChannelTransfer)
                  0002f6a0    00000050     lto90 (.text.validate_new_channel)
                  0002f6f0    00000050     ti_freertos_config.o (.text.xTaskCreateStatic)
                  0002f740    00000050     zb_ed_role.a : zboss_r23_common_zb_address.obj (.text.zb_address_by_ieee)
                  0002f790    00000050     zb_zdo_ed.a : zboss_r23_zdo_af_rx.obj (.text.zb_af_handle_zcl_frame)
                  0002f7e0    00000050     lto90 (.text.zb_bdb_finding_binding_initiator_stop)
                  0002f830    00000050     zb_ed_role.a : zboss_r23_common_zb_signal_common.obj (.text.zb_get_app_signal)
                  0002f880    00000050                  : zboss_r23_mac_mac.obj (.text.zb_mlme_poll_request)
                  0002f8d0    00000050     lto90 (.text.zb_nvram_check_and_read_page_hdr_ds)
                  0002f920    00000050     zb_ti_platform_zed_log.a : osif_ti_f3_nvram.obj (.text.zb_osif_nvram_read)
                  0002f970    00000050                              : osif_ti_f3_nvram.obj (.text.zb_osif_nvram_write)
                  0002f9c0    00000050     zb_ed_role.a : zboss_r23_common_zb_scheduler.obj (.text.zb_schedule_callback)
                  0002fa10    00000050     lto90 (.text.zb_zcl_ota_upgrade_finish_upgrade)
                  0002fa60    00000050     zb_cluster_ed.a : zboss_r23_zcl_zcl_basic_commands.obj (.text.zb_zcl_process_basic_specific_commands_srv)
                  0002fab0    00000050                     : zboss_r23_zcl_zcl_common.obj (.text.zb_zcl_register_cb)
                  0002fb00    00000050                     : zboss_r23_zcl_zcl_s_wwah.obj (.text.zb_zcl_wwah_match_desc_resp_handle)
                  0002fb50    00000050     zb_zdo_ed.a : zboss_r23_zdo_zdo_tlv_mgmt.obj (.text.zb_zdo_get_tunneled_frame_from_relay)
                  0002fba0    00000050     lto90 (.text.zb_zdo_mgmt_permit_joining_req)
                  0002fbf0    00000050     lto90 (.text.zb_zdo_pim_start_fast_poll)
                  0002fc40    00000050     zb_zdo_ed.a : zboss_r23_zdo_zdo_commissioning.obj (.text.zdo_commissioning_nwk_discovery_failed)
                  0002fc90    0000004e     ti_freertos_config.o (.text.realloc)
                  0002fcde    0000004e     lto90 (.text.zb_nwk_neighbor_update_lqa)
                  0002fd2c    0000004e     lto90 (.text.zb_zdo_process_eui64_array)
                  0002fd7a    00000002     lto90 (.text.zb_zcl_wwah_trace_ctx)
                  0002fd7c    0000004c     lto90 (.text.AESCTRLPF3_processData)
                  0002fdc8    0000004c     driverlib.a : lrfd.c.obj (.text.LRFDApplyClockDependencies)
                  0002fe14    0000004c     rcl_cc23x0r5.a : LRFCC23X0.c.obj (.text.LRF_programTemperatureCompensatedTxPower)
                  0002fe60    0000004c                    : LRFCC23X0.c.obj (.text.LRF_writeTxFifoWords)
                  0002feac    0000004c     lto90 (.text.SHA2_open)
                  0002fef8    0000004c     drivers_cc23x0r5.a : UDMALPF3.c.obj (.text.UDMALPF3_init)
                  0002ff44    0000004c     lto90 (.text.aps_in_frag_find_by_buf)
                  0002ff90    0000004c     zb_ed_role.a : zboss_r23_secur_bdb_secur.obj (.text.bdb_initiate_key_verify)
                  0002ffdc    0000004c                  : zboss_r23_commissioning_bdb_zdo_commissioning_bdb.obj (.text.bdb_start_rejoin_recovery)
                  00030028    0000004c     lto90 (.text.call_nlme_status_ind)
                  00030074    0000004c     lto90 (.text.del_short_sorted)
                  000300c0    0000004c     lto90 (.text.forward_req_packet_or_delay)
                  0003010c    0000004c     zb_cluster_ed.a : zboss_r23_zcl_zcl_common.obj (.text.get_cluster_desc)
                  00030158    0000004c     lto90 (.text.schedule_resend_buffer)
                  000301a4    0000004c     zb_ed_role.a : zboss_r23_secur_zdo_secur.obj (.text.secur_nwk_key_by_seq)
                  000301f0    0000004c     on_off_switch_ota_client.o (.text.send_percentage)
                  0003023c    0000004c     zb_ed_role.a : zboss_r23_common_zb_signal_common.obj (.text.zb_app_signal_pack_with_detailed_status)
                  00030288    0000004c                  : zboss_r23_commissioning_bdb_bdb_finding_binding.obj (.text.zb_bdb_finding_binding_target_cancel)
                  000302d4    0000004c                  : zboss_r23_mac_mac.obj (.text.zb_mac_check_frame_dst_addr)
                  00030320    0000004c                  : zboss_r23_mac_mac_zcl_diagnostic.obj (.text.zb_mac_diagnostics_periodic_handler)
                  0003036c    0000004c                  : zboss_r23_nwk_nwk_main.obj (.text.zb_nwk_handle_init)
                  000303b8    0000004c     lto90 (.text.zb_nwk_reset_nwk_addr_in_mac_pib)
                  00030404    0000004c     zb_ed_role.a : zboss_r23_nwk_nwk_main.obj (.text.zb_nwk_unlock_in)
                  00030450    0000004c                  : zboss_r23_secur_zdo_secur.obj (.text.zb_secur_delete_link_key_by_idx)
                  0003049c    0000004c     lto90 (.text.zb_zcl_send_default_handler)
                  000304e8    0000004c     zb_zdo_ed.a : zboss_r23_zdo_zdo_bind_manage.obj (.text.zb_zdo_end_device_bind_resp)
                  00030534    0000004a     rcl_cc23x0r5.a : LRF.c.obj (.text.LRF_loadImage)
                  0003057e    0000004a     ti_freertos_config.o (.text.calloc)
                  000305c8    0000004a     zb_ed_role.a : zboss_r23_secur_apsme_secur.obj (.text.zb_secur_apsme_request_key)
                  00030612    0000004a     zb_cluster_ed.a : zboss_r23_zcl_zcl_common.obj (.text.zb_zcl_schedule_status_abort)
                  0003065c    00000048     ti_freertos_config.o (.text.ClockP_construct)
                  000306a4    00000048     lto90 (.text.LRF_setTemperatureTrim)
                  000306ec    00000048     lto90 (.text.PowerCC23X0_hfxtAmpsettledTimeout)
                  00030734    00000048     lto90 (.text.Power_releaseDependency)
                  0003077c    00000010     lto90 (.tramp.OUTLINED_FUNCTION_475.1)
                  0003078c    00000048     lto90 (.text.Power_setDependency)
                  000307d4    00000048     lto90 (.text.degreesToCode)
                  0003081c    00000048     lto90 (.text.initiate_short_disc)
                  00030864    00000048     ti_freertos_config.o (.text.localProgramStart)
                  000308ac    00000048     lto90 (.text.mac_get_tx_power)
                  000308f4    00000048     lto90 (.text.prvSampleTimeNow)
                  0003093c    00000048     lto90 (.text.removeThreadKeys)
                  00030984    00000048     ti_freertos_config.o (.text.xTimerCreateTimerTask)
                  000309cc    00000048     zb_ed_role.a : zboss_r23_aps_aps_bind.obj (.text.zb_apsme_clear_all_bind_by_ieee)
                  00030a14    00000048                  : zboss_r23_common_zb_bufpool_mult.obj (.text.zb_buf_reuse_func)
                  00030a5c    00000048     lto90 (.text.zb_calculate_mic64_for_challenge)
                  00030aa4    00000048     lto90 (.text.zb_ecc_dlk_create_base_point)
                  00030aec    00000048     zb_ed_role.a : zboss_r23_mac_mac_associate.obj (.text.zb_mac_assoc_send_data_req)
                  00030b34    00000048                  : zboss_r23_nwk_nwk_nlme.obj (.text.zb_mlme_poll_confirm)
                  00030b7c    00000048                  : zboss_r23_nwk_nwk_broadcasting.obj (.text.zb_nwk_broadcasting_find_btr)
                  00030bc4    00000048     lto90 (.text.zb_panid_conflict_set_panid_conf)
                  00030c0c    00000048     zb_ed_role.a : zboss_r23_common_zb_tlv.obj (.text.zb_tlv_parse_value_fragmentation_parameters)
                  00030c54    00000048     zb_zdo_ed.a : zboss_r23_zdo_zdo_hubs.obj (.text.zb_wwah_set_pending_panid)
                  00030c9c    00000048     zb_cluster_ed.a : zboss_r23_zcl_zcl_s_wwah.obj (.text.zb_zcl_wwah_bad_parent_recovery_signal)
                  00030ce4    00000048                     : zboss_r23_zcl_zcl_s_wwah.obj (.text.zb_zcl_wwah_recounter_checkin)
                  00030d2c    00000048     zb_zdo_ed.a : zboss_r23_zdo_zdo_poll.obj (.text.zb_zdo_pim_set_fast_poll_timeout)
                  00030d74    00000048                 : zboss_r23_zdo_zdo_poll.obj (.text.zb_zdo_pim_set_long_poll_interval)
                  00030dbc    00000048     lto90 (.text.zb_zdo_pim_start_poll)
                  00030e04    00000048     lto90 (.text.zb_zdo_pim_stop_poll)
                  00030e4c    00000048     zb_zdo_ed.a : zboss_r23_zdo_zdo_poll.obj (.text.zb_zdo_pim_turbo_poll_continuous_leave)
                  00030e94    00000048     lto90 (.text.zb_zdo_pim_work_poll_interval_update)
                  00030edc    00000048     zb_zdo_ed.a : zboss_r23_zdo_zdo_app_leave.obj (.text.zdo_device_removed)
                  00030f24    00000046     ti_freertos_config.o (.text.pthread_exit)
                  00030f6a    00000002     --HOLE-- [fill = 0]
                  00030f6c    00000044     lto90 (.text.AESCMACLPF3_generateSubKey)
                  00030fb0    00000044     drivers_cc23x0r5.a : GPIO.c.obj (.text.GPIO_resetConfig)
                  00030ff4    00000044     zb_ed_role.a : zboss_r23_aps_aps_main.obj (.text.aps_force_retx)
                  00031038    00000044     lto90 (.text.aps_in_frag_stop_ack_timer)
                  0003107c    00000044     lto90 (.text.aps_retrans_ent_free)
                  000310c0    00000044     lto90 (.text.aps_start_dups_alarm)
                  00031104    00000044     lto90 (.text.batMonHwiFxn)
                  00031148    00000044     zb_ed_role.a : zboss_r23_secur_bdb_secur.obj (.text.bdb_request_tclk_alarm)
                  0003118c    00000044     lto90 (.text.bdb_touchlink_machine)
                  000311d0    00000044     zb_ed_role.a : zboss_r23_secur_bdb_secur.obj (.text.bdb_verify_tclk_alarm)
                  00031214    00000044     lto90 (.text.call_status_indication)
                  00031258    00000044     rcl_cc23x0r5.a : hal_cc23x0.c.obj (.text.hal_power_release_swtcxo_update_constraint)
                  0003129c    00000044     lto90 (.text.handle_scan_during_poll)
                  000312e0    00000044     lto90 (.text.mgmt_leave_to_unauth_chld)
                  00031324    00000044     lto90 (.text.prvInsertBlockIntoFreeList)
                  00031368    00000044     lto90 (.text.setNextThresholds)
                  000313ac    00000044     ti_freertos_config.o (.text.vPortFree)
                  000313f0    00000044     ti_freertos_config.o (.text.vTaskStepTick)
                  00031434    0000000c     lto90 (.text.OUTLINED_FUNCTION_115)
                  00031440    00000044     ti_freertos_portable_config.o (.text.xPortPendSVHandler)
                  00031484    00000044     zb_ed_role.a : zboss_r23_aps_aps_main.obj (.text.zb_aps_get_max_buffer_size)
                  000314c8    00000044                  : zboss_r23_aps_aps_main.obj (.text.zb_aps_get_max_trans_size)
                  0003150c    00000044     lto90 (.text.zb_apsde_check_selfie)
                  00031550    00000044     zb_ed_role.a : zboss_r23_common_zb_address.obj (.text.zb_ieee_addr_decompress)
                  00031594    00000044     ti_f3_main.o (.text.zb_memmove)
                  000315d8    00000044     zb_ed_role.a : zboss_r23_nwk_nwk_nlme.obj (.text.zb_nwk_pib_set)
                  0003161c    00000044                  : zboss_r23_common_zb_random.obj (.text.zb_random_val)
                  00031660    00000044     lto90 (.text.zb_zcl_call_identify_time_attr_device_cb)
                  000316a4    00000044     zb_cluster_ed.a : zboss_r23_zcl_zcl_attr_value.obj (.text.zb_zcl_write_attr_hook)
                  000316e8    00000044     zb_zdo_ed.a : zboss_r23_zdo_zdo_app.obj (.text.zb_zdo_dev_start_cont)
                  0003172c    00000044     lto90 (.text.zb_zdo_set_channel_cont)
                  00031770    00000044     lto90 (.text.zdo_validate_nwk_addr_resp)
                  000317b4    00000042     lto90 (.text.squeeze)
                  000317f6    00000042     zb_zdo_ed.a : zboss_r23_zdo_zdo_rx.obj (.text.zb_zdo_send_status_res)
                  00031838    00000040     drivers_cc23x0r5.a : NVSLPF3.c.obj (.text.NVSLPF3_read)
                  00031878    00000040     lto90 (.text.PWMTimerLPF3_getPeriodCounts)
                  000318b8    00000040     ti_freertos_config.o (.text.SemaphoreP_construct)
                  000318f8    00000040     libclang_rt.builtins.a : aeabi_uidivmod.S.obj (.text.__aeabi_uidivmod)
                  00031938    00000040     lto90 (.text.find_binding_whitelist_entry)
                  00031978    00000040     zb_ed_role.a : zboss_r23_mac_mac_associate.obj (.text.mac_association_req_sent)
                  000319b8    00000040     zb_ti_platform_zed_log.a : mac_ti_f3_mac.obj (.text.mac_ti23xx_get_energy_level)
                  000319f8    00000040     lto90 (.text.schedule_wwah_rejoin_backoff_attempt)
                  00031a38    00000040     lto90 (.text.startCSMABackoff)
                  00031a78    00000040     lto90 (.text.start_wait_reporting_timer)
                  00031ab8    00000040     ti_freertos_config.o (.text.vTaskPlaceOnEventListRestricted)
                  00031af8    00000040     lto90 (.text.zb_bdb_find_respondent)
                  00031b38    00000040     zb_ed_role.a : zboss_r23_commissioning_bdb_bdb_finding_binding.obj (.text.zb_bdb_finding_binding_initiator_alarm)
                  00031b78    00000040                  : zboss_r23_common_zb_bufpool_mult.obj (.text.zb_buf_cut_left_func)
                  00031bb8    00000040     zb_zdo_ed.a : zboss_r23_zdo_zdo_app_leave.obj (.text.zb_nlme_leave_indication)
                  00031bf8    00000040     zb_ed_role.a : zboss_r23_nwk_nwk_join.obj (.text.zb_nlme_rejoin_set_channel)
                  00031c38    00000040     lto90 (.text.zb_nvs_open)
                  00031c78    00000040     zb_cluster_ed.a : zboss_r23_zcl_zcl_main.obj (.text.zb_zcl_map_ret_code_to_zcl_status)
                  00031cb8    00000040     lto90 (.text.zb_zcl_ota_upgrade_request_server)
                  00031cf8    00000040     zb_cluster_ed.a : zboss_r23_zcl_zcl_s_wwah.obj (.text.zb_zcl_wwah_periodic_checkin_timeout)
                  00031d38    00000040     zb_zdo_ed.a : zboss_r23_zdo_zdo_disc_cli.obj (.text.zb_zdo_ieee_addr_req)
                  00031d78    00000040                 : zboss_r23_zdo_zdo_poll.obj (.text.zb_zdo_pim_repeat_poll)
                  00031db8    00000040     lto90 (.text.zdo_join_done)
                  00031df8    0000003e     drivers_cc23x0r5.a : PWMTimerLPF3.c.obj (.text.PWMTimerLPF3_stop)
                  00031e36    00000002     --HOLE-- [fill = 0]
                  00031e38    0000003c     lto90 (.text.ADCSetInput)
                  00031e74    0000003c     drivers_cc23x0r5.a : BatteryMonitorLPF3.c.obj (.text.BatteryMonitor_init)
                  00031eb0    00000010     lto90 (.tramp.OUTLINED_FUNCTION_475.2)
                  00031ec0    0000003c     drivers_cc23x0r5.a : PWMTimerLPF3.c.obj (.text.PWMTimerLPF3_start)
                  00031efc    0000003c     lto90 (.text.SHA2_finalize)
                  00031f38    0000003c     ti_freertos_config.o (.text.SemaphoreP_pend)
                  00031f74    0000003c     libclang_rt.builtins.a : floatsisf.S.obj (.text.__floatsisf)
                  00031fb0    0000003c     zb_ed_role.a : zboss_r23_commissioning_bdb_zdo_commissioning_bdb.obj (.text.bdb_joined)
                  00031fec    0000003c     lto90 (.text.call_ed_scan_confirm)
                  00032028    0000003c     lto90 (.text.countLeadingZeros)
                  00032064    0000003c     ti_freertos_config.o (.text.eTaskConfirmSleepModeStatus)
                  000320a0    0000003c     lto90 (.text.prvProcessExpiredTimer)
                  000320dc    0000003c     lto90 (.text.updateThresholds)
                  00032118    0000003c     zb_ed_role.a : zboss_r23_aps_aps_main.obj (.text.zb_aps_send_command)
                  00032154    0000003c                  : zboss_r23_common_zb_bufpool_mult.obj (.text.zb_buf_flags_or_func)
                  00032190    0000003c                  : zboss_r23_mac_mac_data.obj (.text.zb_mlme_send_data_req_done)
                  000321cc    0000003c                  : zboss_r23_secur_zdo_secur.obj (.text.zb_need_start_device_interview_on_joiner)
                  00032208    0000003c     lto90 (.text.zb_nlme_rejoin_set_page)
                  00032244    0000003c     lto90 (.text.zb_nwk_mm_sync_assoc_get_coord_addr_conf)
                  00032280    0000003c     lto90 (.text.zb_nwk_set_or_get_pib_attr)
                  000322bc    0000003c     lto90 (.text.zb_panid_conflict_set_panid)
                  000322f8    0000003c     zb_ed_role.a : zboss_r23_aps_aps_bind.obj (.text.zb_reinit_aps_binding_dst_table_entry_by_index)
                  00032334    0000003c                  : zboss_r23_aps_aps_aib.obj (.text.zb_reinit_aps_device_key_pair_storage)
                  00032370    0000003c                  : zboss_r23_secur_zdo_secur.obj (.text.zb_secur_send_get_auth_token_req)
                  000323ac    0000003c     zb_cluster_ed.a : zboss_r23_zcl_zcl_s_wwah.obj (.text.zb_zcl_wwah_periodic_checkin_countdown)
                  000323e8    0000003c     libc.a : autoinit.c.obj (.text:__TI_auto_init_nobinit_nopinit)
                  00032424    0000003a     libclang_rt.builtins.a : muldsi3.S.obj (.text.__muldsi3)
                  0003245e    0000003a     zb_ed_role.a : zboss_r23_common_zb_tlv.obj (.text.zb_tlv_parse_value_supported_key_neg_methods)
                  00032498    00000038     drivers_cc23x0r5.a : AESCommonLPF3.c.obj (.text.AESCommonLPF3_configInputDMA)
                  000324d0    00000038                        : AESCommonLPF3.c.obj (.text.AESCommonLPF3_configOutputDMA)
                  00032508    00000038                        : GPIOLPF3.c.obj (.text.GPIO_hwiIntFxn)
                  00032540    00000038     lto90 (.text.RCL_Scheduler_postEvent)
                  00032578    00000038     ti_freertos_config.o (.text.SemaphoreP_create)
                  000325b0    00000038     drivers_cc23x0r5.a : TemperatureLPF3.c.obj (.text.Temperature_getTemperature)
                  000325e8    00000038     libclang_rt.builtins.a : fixsfsi.S.obj (.text.__fixsfsi)
                  00032620    00000038     zb_ed_role.a : zboss_r23_aps_aps_bind.obj (.text.aps_find_src_ref)
                  00032658    00000038     lto90 (.text.aps_in_frag_is_block_within_window)
                  00032690    00000038     lto90 (.text.aps_in_frag_stop_fail_timer)
                  000326c8    00000038     zb_ed_role.a : zboss_r23_secur_bdb_secur.obj (.text.bdb_update_tclk_stop)
                  00032700    00000038     lto90 (.text.ieee_disc_complete)
                  00032738    00000038     ti_freertos_config.o (.text.malloc)
                  00032770    00000038     lto90 (.text.prvGetExpectedIdleTime)
                  000327a8    00000038     lto90 (.text.prvInsertTimerInActiveList)
                  000327e0    00000038     lto90 (.text.zb_aps_buf_retrans_isbusy)
                  00032818    00000038     zb_ed_role.a : zboss_r23_aps_aps_bind.obj (.text.zb_aps_is_in_group)
                  00032850    00000038     zb_zdo_ed.a : zboss_r23_zdo_zb_zboss_api_common.obj (.text.zb_bdb_reset_via_local_action)
                  00032888    00000038     zb_ed_role.a : zboss_r23_mac_mac_common.obj (.text.zb_mac_calculate_mhr_length)
                  000328c0    00000038                  : zboss_r23_mac_mac.obj (.text.zb_mlme_reset_request)
[...]
0003b178  TimestampP_nativeFormat32                           
90002ad0  TimestampP_nativeFormat32_copy                      
0003b17c  TimestampP_nativeFormat64                           
90002acc  TimestampP_nativeFormat64_copy                      
0003d800  _MCUBOOT_MAX_SLOT_SIZE                              
00004000  _PRIMARY_SLOT_BASE                                  
00041800  _SECONDARY_SLOT_BASE                                
20009000  __STACK_END                                         
00000400  __STACK_SIZE                                        
00000000  __TI_ATRegion0_region_sz                            
00000000  __TI_ATRegion0_src_addr                             
00000000  __TI_ATRegion0_trg_addr                             
00000000  __TI_ATRegion1_region_sz                            
00000000  __TI_ATRegion1_src_addr                             
00000000  __TI_ATRegion1_trg_addr                             
00000000  __TI_ATRegion2_region_sz                            
00000000  __TI_ATRegion2_src_addr                             
00000000  __TI_ATRegion2_trg_addr                             
0003b4bc  __TI_CINIT_Base                                     
0003b4dc  __TI_CINIT_Limit                                    
0003b4dc  __TI_CINIT_Warm                                     
0003b498  __TI_Handler_Table_Base                             
0003b4a4  __TI_Handler_Table_Limit                            
000323e9  __TI_auto_init_nobinit_nopinit                      
20006b5c  __TI_cleanup_ptr                                    
0002b429  __TI_decompress_lzss                                
0003643d  __TI_decompress_none                                
20006b60  __TI_dtors_ptr                                      
ffffffff  __TI_pprof_out_hndl                                 
ffffffff  __TI_prof_data_size                                 
ffffffff  __TI_prof_data_start                                
00004100  __TI_static_base__                                  
00036751  __TI_zero_init                                      
00024ba3  __addsf3                                            
0002f3d1  __aeabi_errno_addr                                  
000325e9  __aeabi_f2iz                                        
00024ba3  __aeabi_fadd                                        
00024b99  __aeabi_fsub                                        
00031f75  __aeabi_i2f                                         
0002e9a9  __aeabi_idiv                                        
000279bb  __aeabi_idiv0                                       
0002e9a9  __aeabi_idivmod                                     
00029003  __aeabi_ldiv0                                       
00034f29  __aeabi_llsl                                        
000343a5  __aeabi_lmul                                        
00036b09  __aeabi_memclr                                      
00036b09  __aeabi_memclr4                                     
00036b09  __aeabi_memclr8                                     
000372dd  __aeabi_memcpy                                      
000372dd  __aeabi_memcpy4                                     
000372dd  __aeabi_memcpy8                                     
000369bd  __aeabi_memset                                      
000369bd  __aeabi_memset4                                     
000369bd  __aeabi_memset8                                     
000318f9  __aeabi_uidiv                                       
000318f9  __aeabi_uidivmod                                    
00035fe5  __aeabi_uldivmod                                    
00034f29  __ashldi3                                           
ffffffff  __binit__                                           
0002e3d1  __clzsi2                                            
000325e9  __fixsfsi                                           
00031f75  __floatsisf                                         
UNDEFED   __mpu_init                                          
000343a5  __muldi3                                            
00032425  __muldsi3                                           
20008c00  __stack                                             
20000000  __start___llvm_prf_bits                             
20000000  __start___llvm_prf_cnts                             
20000000  __stop___llvm_prf_bits                              
20000000  __stop___llvm_prf_cnts                              
00024b99  __subsf3                                            
00027919  __udivmoddi4                                        
00035435  _c_int00                                            
UNDEFED   _system_post_cinit                                  
00037a59  abort                                               
000372ed  aligned_alloc                                       
ffffffff  binit                                               
0003057f  calloc                                              
4e020000  ccfg                                                
00032065  eTaskConfirmSleepModeStatus                         
000365d1  free                                                
00030865  localProgramStart                                   
00032739  malloc                                              
0002a065  memalign                                            
000249e9  pthread_create                                      
00030f25  pthread_exit                                        
000365e1  pthread_self                                        
00024149  pvPortMalloc                                        
000358fd  pvTaskIncrementMutexHeldCount                       
20007314  pxCurrentTCB                                        
0002fc91  realloc                                             
000365f1  resetISR                                            
00004100  resetVectors                                        
0003b171  sysTimerResolutionShift                             
2000506c  sysTimerTimeouts                                    
4e020000  ti_utils_build_GenMap_sym_CRC_CCFG_BOOT_CFG_begin   
4e02000b  ti_utils_build_GenMap_sym_CRC_CCFG_BOOT_CFG_end     
4e0207d0  ti_utils_build_GenMap_sym_CRC_CCFG_DEBUG_begin      
4e0207fb  ti_utils_build_GenMap_sym_CRC_CCFG_DEBUG_end        
4e020750  ti_utils_build_GenMap_sym_CRC_CCFG_USER_RECORD_begin
4e0207cb  ti_utils_build_GenMap_sym_CRC_CCFG_USER_RECORD_end  
4e020010  ti_utils_build_GenMap_sym_CRC_CCFG_begin            
4e02074b  ti_utils_build_GenMap_sym_CRC_CCFG_end              
00034897  uxListRemove                                        
0003b184  uxTopUsedPriority                                   
0002d51f  vApplicationStackOverflowHook                       
00033677  vListInsert                                         
0003592d  vListInsertEnd                                      
000313ad  vPortFree                                           
000363d3  vQueueDelete                                        
0002edf5  vQueueWaitForMessageRestricted                      
000271f1  vTaskDelete                                         
0003515d  vTaskPlaceOnEventList                               
00031ab9  vTaskPlaceOnEventListRestricted                     
0002cb9d  vTaskPriorityDisinheritAfterTimeout                 
00032ee5  vTaskSetApplicationTaskTag                          
00028581  vTaskStartScheduler                                 
000313f1  vTaskStepTick                                       
00026101  vTaskSuspend                                        
0002a1f1  vTaskSwitchContext                                  
00034541  xQueueCreateCountingSemaphore                       
00033b1b  xQueueCreateCountingSemaphoreStatic                 
0002e9ff  xQueueGenericCreate                                 
00032b5f  xQueueGenericCreateStatic                           
00026565  xQueueGenericReset                                  
0001fe05  xQueueGenericSend                                   
0002d881  xQueueGiveFromISR                                   
00021019  xQueueReceive                                       
0002b159  xQueueReceiveFromISR                                
0001df25  xQueueSemaphoreTake                                 
0002cc05  xTaskCheckForTimeOut                                
0002d8e1  xTaskCreate                                         
0002f6f1  xTaskCreateStatic                                   
00032f19  xTaskGetApplicationTaskTag                          
0002273d  xTaskIncrementTick                                  
0002d19d  xTaskPriorityDisinherit                             
0002a78d  xTaskPriorityInherit                                
00026d31  xTaskRemoveFromEventList                            
00021921  xTaskResumeAll                                      
00030985  xTimerCreateTimerTask                               


GLOBAL SYMBOLS: SORTED BY Symbol Address 

address   name                                                
-------   ----                                                
00000000  __TI_ATRegion0_region_sz                            
00000000  __TI_ATRegion0_src_addr                             
00000000  __TI_ATRegion0_trg_addr                             
00000000  __TI_ATRegion1_region_sz                            
00000000  __TI_ATRegion1_src_addr                             
00000000  __TI_ATRegion1_trg_addr                             
00000000  __TI_ATRegion2_region_sz                            
00000000  __TI_ATRegion2_src_addr                             
00000000  __TI_ATRegion2_trg_addr                             
00000400  __STACK_SIZE                                        
00004000  _PRIMARY_SLOT_BASE                                  
00004100  __TI_static_base__                                  
00004100  resetVectors                                        
00018b0d  PowerCC23X0_standbyPolicy                           
0001df25  xQueueSemaphoreTake                                 
0001fe05  xQueueGenericSend                                   
00021019  xQueueReceive                                       
00021921  xTaskResumeAll                                      
0002273d  xTaskIncrementTick                                  
00024149  pvPortMalloc                                        
000249e9  pthread_create                                      
00024b99  __aeabi_fsub                                        
00024b99  __subsf3                                            
00024ba3  __addsf3                                            
00024ba3  __aeabi_fadd                                        
00026101  vTaskSuspend                                        
00026565  xQueueGenericReset                                  
00026d31  xTaskRemoveFromEventList                            
000271f1  vTaskDelete                                         
00027919  __udivmoddi4                                        
000279bb  __aeabi_idiv0                                       
00028581  vTaskStartScheduler                                 
00028f71  AESProcessAlignedBlocksCMAC                         
00028f81  AESProcessAlignedBlocksCTR                          
00028f99  AESProcessAlignedBlocksECB                          
00028fe1  AESCopyBlock                                        
00029003  __aeabi_ldiv0                                       
00029a11  ClockP_startup                                      
0002a065  memalign                                            
0002a1f1  vTaskSwitchContext                                  
0002a78d  xTaskPriorityInherit                                
0002b069  HwiP_construct                                      
0002b159  xQueueReceiveFromISR                                
0002b429  __TI_decompress_lzss                                
0002bb71  ClockP_start                                        
0002c429  ClockP_stop                                         
0002cb9d  vTaskPriorityDisinheritAfterTimeout                 
0002cc05  xTaskCheckForTimeOut                                
0002d19d  xTaskPriorityDisinherit                             
0002d51f  vApplicationStackOverflowHook                       
0002d881  xQueueGiveFromISR                                   
0002d8e1  xTaskCreate                                         
0002dd6d  ClockP_walkQueueDynamic                             
0002e3d1  __clzsi2                                            
0002e9a9  __aeabi_idiv                                        
0002e9a9  __aeabi_idivmod                                     
0002e9ff  xQueueGenericCreate                                 
0002edf5  vQueueWaitForMessageRestricted                      
0002f3d1  __aeabi_errno_addr                                  
0002f6f1  xTaskCreateStatic                                   
0002fc91  realloc                                             
0003057f  calloc                                              
0003065d  ClockP_construct                                    
00030865  localProgramStart                                   
00030985  xTimerCreateTimerTask                               
00030f25  pthread_exit                                        
000313ad  vPortFree                                           
000313f1  vTaskStepTick                                       
000318b9  SemaphoreP_construct                                
000318f9  __aeabi_uidiv                                       
000318f9  __aeabi_uidivmod                                    
00031ab9  vTaskPlaceOnEventListRestricted                     
00031f39  SemaphoreP_pend                                     
00031f75  __aeabi_i2f                                         
00031f75  __floatsisf                                         
00032065  eTaskConfirmSleepModeStatus                         
000323e9  __TI_auto_init_nobinit_nopinit                      
00032425  __muldsi3                                           
00032579  SemaphoreP_create                                   
000325e9  __aeabi_f2iz                                        
000325e9  __fixsfsi                                           
00032739  malloc                                              
00032b5f  xQueueGenericCreateStatic                           
00032ca1  HwiP_disable                                        
00032ee5  vTaskSetApplicationTaskTag                          
00032f19  xTaskGetApplicationTaskTag                          
00033289  HwiP_dispatch                                       
00033677  vListInsert                                         
00033b1b  xQueueCreateCountingSemaphoreStatic                 
00033bc1  ClockP_usleep                                       
00033be9  HwiP_restore                                        
000343a5  __aeabi_lmul                                        
000343a5  __muldi3                                            
00034541  xQueueCreateCountingSemaphore                       
000347ed  SemaphoreP_constructBinary                          
00034897  uxListRemove                                        
000349a1  HwiP_destruct                                       
00034a81  SemaphoreP_post                                     
00034f0b  SemaphoreP_createBinary                             
00034f29  __aeabi_llsl                                        
00034f29  __ashldi3                                           
00034fd5  PTLS_taskDeleteHook                                 
0003515d  vTaskPlaceOnEventList                               
00035435  _c_int00                                            
000358fd  pvTaskIncrementMutexHeldCount                       
0003592d  vListInsertEnd                                      
00035ac5  HwiP_setPriority                                    
00035d65  ClockP_destruct                                     
00035fe5  __aeabi_uldivmod                                    
000363d3  vQueueDelete                                        
0003642b  TI_memcpy_small                                     
0003643d  __TI_decompress_none                                
00036471  ClockP_setFunc                                      
00036491  HwiP_setFunc                                        
000365d1  free                                                
000365e1  pthread_self                                        
000365f1  resetISR                                            
00036751  __TI_zero_init                                      
000369bd  __aeabi_memset                                      
000369bd  __aeabi_memset4                                     
000369bd  __aeabi_memset8                                     
000369f5  TI_memset_small                                     
00036b09  __aeabi_memclr                                      
00036b09  __aeabi_memclr4                                     
00036b09  __aeabi_memclr8                                     
000372dd  __aeabi_memcpy                                      
000372dd  __aeabi_memcpy4                                     
000372dd  __aeabi_memcpy8                                     
000372ed  aligned_alloc                                       
0003757d  Exception_handlerSpin                               
00037a58  C$$EXIT                                             
00037a59  abort                                               
0003b171  sysTimerResolutionShift                             
0003b178  TimestampP_nativeFormat32                           
0003b17c  TimestampP_nativeFormat64                           
0003b184  uxTopUsedPriority                                   
0003b498  __TI_Handler_Table_Base                             
0003b4a4  __TI_Handler_Table_Limit                            
0003b4bc  __TI_CINIT_Base                                     
0003b4dc  __TI_CINIT_Limit                                    
0003b4dc  __TI_CINIT_Warm                                     
0003d800  _MCUBOOT_MAX_SLOT_SIZE                              
00041800  _SECONDARY_SLOT_BASE                                
20000000  __start___llvm_prf_bits                             
20000000  __start___llvm_prf_cnts                             
20000000  __stop___llvm_prf_bits                              
20000000  __stop___llvm_prf_cnts                              
2000506c  sysTimerTimeouts                                    
20006b5c  __TI_cleanup_ptr                                    
20006b60  __TI_dtors_ptr                                      
20006da8  HwiP_swiPIntNum                                     
20007314  pxCurrentTCB                                        
20008c00  __stack                                             
20009000  __STACK_END                                         
4e020000  ccfg                                                
4e020000  ti_utils_build_GenMap_sym_CRC_CCFG_BOOT_CFG_begin   
4e02000b  ti_utils_build_GenMap_sym_CRC_CCFG_BOOT_CFG_end     
4e020010  ti_utils_build_GenMap_sym_CRC_CCFG_begin            
4e02074b  ti_utils_build_GenMap_sym_CRC_CCFG_end              
4e020750  ti_utils_build_GenMap_sym_CRC_CCFG_USER_RECORD_begin
4e0207cb  ti_utils_build_GenMap_sym_CRC_CCFG_USER_RECORD_end  
4e0207d0  ti_utils_build_GenMap_sym_CRC_CCFG_DEBUG_begin      
4e0207fb  ti_utils_build_GenMap_sym_CRC_CCFG_DEBUG_end        
90002acc  TimestampP_nativeFormat64_copy                      
90002ad0  TimestampP_nativeFormat32_copy                      
ffffffff  __TI_pprof_out_hndl                                 
ffffffff  __TI_prof_data_size                                 
ffffffff  __TI_prof_data_start                                
ffffffff  __binit__                                           
ffffffff  binit                                               
UNDEFED   RCL_Debug_assertProxy                               
UNDEFED   RCL_Profiling_eventHook                             
UNDEFED   __mpu_init                                          
UNDEFED   _system_post_cinit                                  

[174 symbols]
