******************************************************************************
            TI ARM Clang Linker PC v3.2.2                      
******************************************************************************
>> Linked Tue Feb 10 18:46:50 2026

OUTPUT FILE NAME:   <flower_ota_onchip_CC2340R5_RGE.out>
ENTRY POINT SYMBOL: "resetISR"  address: 00037a11


MEMORY CONFIGURATION

         name            origin    length      used     unused   attr    fill
----------------------  --------  ---------  --------  --------  ----  --------
  FLASH                 00004100   0003c700  000388f0  00003e10  R  X
  NVRAM                 0007f000   00001000  00001000  00000000  R  X
  SRAM                  20000000   00009000  000075cf  00001a31  RW X
  S2RRAM                40098000   00001000  00000000  00001000  RW  
  CCFG                  4e020000   00000800  00000800  00000000  R   
  LOG_DATA              90000000   00040000  00000000  00040000  R   
  LOG_PTR               94000008   00040000  00000000  00040000  R   


SEGMENT ALLOCATION MAP

run origin  load origin   length   init length attrs members
----------  ----------- ---------- ----------- ----- -------
00004100    00004100    000388f4   000388f4    r-x
  00004100    00004100    0000008c   0000008c    r-- .resetVecs
  00004190    00004190    00034d90   00034d90    r-x .text
  00038f20    00038f20    00003748   00003748    r-- .rodata
  0003c668    0003c668    0000038c   0000038c    r-- .cinit
0007f000    0007f000    00001000   00000000    rw-
  0007f000    0007f000    00001000   00000000    rw- .TI.bound:flashBuf0
20000440    20000440    00000020   00000000    rw-
  20000440    20000440    00000010   00000000    rw- .TI.bound:dmaChannel4ControlTableEntry
  20000450    20000450    00000010   00000000    rw- .TI.bound:dmaChannel5ControlTableEntry
20000460    20000460    00007123   00000000    rw-
  20000460    20000460    00004e08   00000000    rw- .bss
  20005268    20005268    0000231b   00000000    rw- .data
20008c00    20008c00    00000400   00000000    rw-
  20008c00    20008c00    00000400   00000000    rw- .stack
4e020000    4e020000    00000800   00000800    r--
  4e020000    4e020000    00000800   00000800    r-- .ccfg


SECTION ALLOCATION MAP

 output                                  attributes/
section   page    origin      length       input sections
--------  ----  ----------  ----------   ----------------
.resetVecs 
*          0    00004100    0000008c     
                  00004100    0000008c     ti_freertos_config.o (.resetVecs)

.binit     0    00004100    00000000     

.text      0    00004190    00034d90     
                  00004190    00002e2c     zb_zdo_ed.a : zboss_r23_zdo_zdo_rx.obj (.text.zb_zdo_data_indication)
                  00006fbc    00001ba0     zb_ed_role.a : zboss_r23_common_zb_nvram.obj (.text.zb_nvram_load)
                  00008b5c    00001340     rcl_cc23x0r5.a : ieee.c.obj (.text.RCL_Handler_Ieee_RxTx)
                  00009e9c    000011b4     ti_f3_main.o (.text.main_task_function)
                  0000b050    00001030     zb_ed_role.a : zboss_r23_aps_aps_main.obj (.text.zb_nlde_data_indication_continue)
                  0000c080    00000e2c     lto14 (.text.write_dataset_body_by_type)
                  0000ceac    00000d9c     lto14 (.text.zb_zcl_process_ota_upgrade_specific_commands_cli)
                  0000dc48    00000a54     lto14 (.text.ep_process_zcl_cmd)
                  0000e69c    000008c8     zb_ed_role.a : zboss_r23_mac_mac.obj (.text.zb_mac_logic_iteration)
                  0000ef64    00000880                  : zboss_r23_nwk_nwk_discovery.obj (.text.zb_mlme_beacon_notify_indication)
                  0000f7e4    00000830                  : zboss_r23_nwk_nwk_main.obj (.text.zb_mcps_data_indication_process_nwk)
                  00010014    000006c4     zb_cluster_ed.a : zboss_r23_zcl_zcl_scenes.obj (.text.zb_zcl_process_scenes_specific_commands_cli)
                  000106d8    000006bc     lto14 (.text.zb_apsde_data_request_main)
                  00010d94    000005dc     zb_cluster_ed.a : zboss_r23_zcl_zcl_on_off_commands.obj (.text.zb_zcl_process_on_off_specific_commands_cli)
                  00011370    00000524     lto14 (.text.zb_sw_crypto_scalarmult)
                  00011894    000004f4     rcl_cc23x0r5.a : LRFCC23X0.c.obj (.text.LRF_setupRadio)
                  00011d88    000004c8     lto14 (.text.done_with_frag_tx_ack)
                  00012250    0000047c     on_off_switch_ota_client.o (.text.zboss_signal_handler)
                  000126cc    00000448     zb_ti_platform_zed_log.a : mac_ti_f3_mac.obj (.text.rfCallback)
                  00012b14    0000043c     zb_zdo_ed.a : zboss_r23_zdo_af_rx.obj (.text.zb_apsde_data_acknowledged)
                  00012f50    0000041c     on_off_switch_ota_client.o (.text.device_interface_cb)
                  0001336c    000003cc     lto14 (.text.zb_zcl_read_attr_handler_continue)
                  00013738    000003c8     zb_ed_role.a : zboss_r23_nwk_nwk_join.obj (.text.zb_nlme_rejoin_response)
                  00013b00    000003b8                  : zboss_r23_nwk_nwk_discovery.obj (.text.zb_mlme_scan_confirm)
                  00013eb8    000003b0     lto14 (.text.zb_zdo_common_response_handler)
                  00014268    0000036c     zb_ed_role.a : zboss_r23_secur_zdo_secur.obj (.text.zb_apsme_transport_key_indication)
                  000145d4    0000036c     zb_cluster_ed.a : zboss_r23_zcl_zcl_general_commands.obj (.text.zb_zcl_send_report_attr_command)
                  00014940    00000368                     : zboss_r23_zcl_zcl_general_commands.obj (.text.zb_zcl_write_attr_handler)
                  00014ca8    00000344     zb_ed_role.a : zboss_r23_aps_aps_main.obj (.text.zb_apsde_data_request)
                  00014fec    00000340     on_off_switch_ota_client.o (.text.my_main_loop)
                  0001532c    0000032c     zb_ed_role.a : zboss_r23_secur_aps_secur.obj (.text.zb_aps_unsecure_frame)
                  00015658    00000320                  : zboss_r23_nwk_nwk_main.obj (.text.nwk_frame_indication)
                  00015978    0000030c     lto14 (.text.LRF_temperatureCompensateTrim)
                  00015c84    00000304     zb_ed_role.a : zboss_r23_aps_aps_main.obj (.text.zb_nlde_data_confirm)
                  00015f88    000002fc     zb_zdo_ed.a : zboss_r23_zdo_zdo_bind_manage.obj (.text.zb_zdo_bind_unbind_res)
                  00016284    000002dc     lto14 (.text.bdb_rejoin_machine)
                  00016560    000002d0     zb_ed_role.a : zboss_r23_aps_aps_bind.obj (.text.zb_apsme_bind_request)
                  00016830    000002cc                  : zboss_r23_common_zb_scheduler.obj (.text.zb_schedule_alarm)
                  00016afc    00000010     lto14 (.tramp.OUTLINED_FUNCTION_489.1)
                  00016b0c    000002c4     drivers_cc23x0r5.a : AESCMACLPF3.c.obj (.text.AESCMAC_oneStepSign)
                  00016dd0    000002c0     rcl_cc23x0r5.a : LRFCC23X0.c.obj (.text.LRF_programFrequency)
                  00017090    000002ac     zb_ed_role.a : zboss_r23_nwk_nwk_main.obj (.text.zb_nwk_handle_mcps_data_confirm)
                  0001733c    0000029c     lto14 (.text.bdb_network_steering_machine)
                  000175d8    0000029c     lto14 (.text.rclCommandHwi)
                  00017874    00000294     lto14 (.text.zb_zcl_finish_and_send_packet_common)
                  00017b08    0000027c     lto14 (.text.bdb_handle_comm_signal)
                  00017d84    00000274     zb_ed_role.a : zboss_r23_mac_mac_scan.obj (.text.zb_mlme_scan_step)
                  00017ff8    00000270     ti_f3_main.o (.text.main)
                  00018268    0000026c     zb_ed_role.a : zboss_r23_secur_aps_secur.obj (.text.zb_aps_secure_frame)
                  000184d4    00000264     lto14 (.text.process_binding_for_respondent)
                  00018738    0000025c     zb_zdo_ed.a : zboss_r23_zdo_zdo_app_join.obj (.text.zb_nlme_network_discovery_confirm)
                  00018994    0000025c     zb_cluster_ed.a : zboss_r23_zcl_zcl_reporting.obj (.text.zb_zcl_mark_attr_for_reporting_manuf)
                  00018bf0    00000258     ti_freertos_config.o (.text.PowerCC23X0_standbyPolicy)
                  00018e48    00000254     lto14 (.text.sendTx)
                  0001909c    0000024c     rcl_cc23x0r5.a : adc_noise.c.obj (.text.RCL_Handler_ADC_Noise_getNoise)
                  000192e8    0000024c     lto14 (.text.rclSchedulerHwi)
                  00019534    0000024c     lto14 (.text.zcl_write_attr_post_process)
                  00019780    00000248     lto14 (.text.zb_nvram_get_length_dataset)
                  000199c8    00000244     zb_ed_role.a : zboss_r23_common_zb_address.obj (.text.zb_address_update)
                  00019c0c    00000240                  : zboss_r23_aps_aps_main.obj (.text.zb_nlde_data_indication)
                  00019e4c    00000230                  : zboss_r23_mac_mac.obj (.text.zb_mac_send_frame)
                  0001a07c    0000022c     lto14 (.text.aps_ack_send_handle)
                  0001a2a8    0000022c     zb_ed_role.a : zboss_r23_nwk_nwk_join.obj (.text.zb_mlme_associate_confirm)
                  0001a4d4    00000224                  : zboss_r23_nwk_nwk_main.obj (.text.zb_nwk_forward)
                  0001a6f8    00000218                  : zboss_r23_commissioning_bdb_zdo_commissioning_bdb.obj (.text.bdb_commissioning_machine)
                  0001a910    00000218                  : zboss_r23_mac_mac_pib.obj (.text.zb_mlme_set_request_sync)
                  0001ab28    00000210                  : zboss_r23_mac_mac_pib.obj (.text.zb_mlme_get_request)
                  0001ad38    0000020c                  : zboss_r23_aps_aps_main.obj (.text.zb_aps_ack_timer_cb)
                  0001af44    000001f8     lto14 (.text.find_datasets_on_page)
                  0001b13c    000001f8     zb_ed_role.a : zboss_r23_nwk_nwk_join.obj (.text.zb_nlme_join_request)
                  0001b334    000001f4     lto14 (.text.zb_aps_unsecure_frame_bykey)
                  0001b528    000001f0     zb_cluster_ed.a : zboss_r23_zcl_zcl_common.obj (.text.zb_zcl_get_attribute_size)
                  0001b718    000001ec     on_off_switch_ota_client.o (.text.timer_update)
                  0001b904    000001ec     lto14 (.text.zb_aps_out_frag_schedule_send_next_block)
                  0001baf0    000001e8     zb_zdo_ed.a : zboss_r23_zdo_zdo_wwah_survey_beacons.obj (.text.zb_nlme_beacon_survey_scan_confirm)
                  0001bcd8    000001e8     zb_cluster_ed.a : zboss_r23_zcl_zcl_power_config_commands.obj (.text.zcl_pwr_cfg_check_battery_voltage_or_percentage_value)
                  0001bec0    000001e0     lto14 (.text.zb_zcl_put_attribute_value)
                  0001c0a0    000001e0     lto14 (.text.zb_zcl_scenes_process_add_scene_command)
                  0001c280    000001dc     zb_ed_role.a : zboss_r23_nwk_nwk_main.obj (.text.zb_nwk_do_leave)
                  0001c45c    000001d8     lto14 (.text.addr_add)
                  0001c634    000001d8     lto14 (.text.zb_aps_send_command_main)
                  0001c80c    000001d4     lto14 (.text.nwk_choose_parent)
                  0001c9e0    000001d0     zb_ti_platform_zed_log.a : osif_ti_f3_crypto.obj (.text.hw_aes128)
                  0001cbb0    000001d0     lto14 (.text.zb_zcl_disc_attr_handler)
                  0001cd80    000001cc     drivers_cc23x0r5.a : AESCTRLPF3.c.obj (.text.AESCTR_oneStepEncrypt)
                  0001cf4c    00000010     lto14 (.tramp.OUTLINED_FUNCTION_459.1)
                  0001cf5c    000001c8     zb_ed_role.a : zboss_r23_secur_zdo_secur.obj (.text.zb_secur_update_key_pair_ex)
                  0001d124    000001c0     lto14 (.text.nwk_association_join)
                  0001d2e4    000001a8     zb_ed_role.a : zboss_r23_nwk_nwk_disc_table.obj (.text.zb_nwk_neighbor_ext_to_base)
                  0001d48c    000001a8     zb_cluster_ed.a : zboss_r23_zcl_zcl_common.obj (.text.zb_zcl_process_device_command)
                  0001d634    000001a4                     : zboss_r23_zcl_zcl_identify_commands.obj (.text.zb_zcl_process_identify_specific_commands)
                  0001d7d8    000001a0     lto14 (.text.done_with_this_ack)
                  0001d978    000001a0     lto14 (.text.resend_buffer)
                  0001db18    00000194     lto14 (.text.migrate_curr_page_to_new_version)
                  0001dcac    00000190     zb_ed_role.a : zboss_r23_nwk_nwk_nlme.obj (.text.zb_nwk_load_pib_stm)
                  0001de3c    00000190     zb_cluster_ed.a : zboss_r23_zcl_zcl_general_commands.obj (.text.zb_zcl_discover_commands_res)
                  0001dfcc    0000018c     ti_freertos_config.o (.text.xQueueSemaphoreTake)
                  0001e158    00000184     zb_ed_role.a : zboss_r23_aps_aps_main.obj (.text.zb_aps_hdr_parse)
                  0001e2dc    00000184                  : zboss_r23_secur_zdo_secur.obj (.text.zb_zdo_secur_ecdhe_start)
                  0001e460    0000017c     lto14 (.text.mlme_get_mac_diag_info)
                  0001e5dc    0000017c     zb_ed_role.a : zboss_r23_mac_mac_scan.obj (.text.zb_mac_send_enhanced_beacon_request_command)
                  0001e758    00000178                  : zboss_r23_mac_mac_data.obj (.text.zb_mcps_data_request)
                  0001e8d0    00000178     lto14 (.text.zdo_send_req)
                  0001ea48    00000174     zb_ti_platform_zed_log.a : mac_ti_f3_mac.obj (.text.mac_ti23xx_radio_init)
                  0001ebbc    00000170     zb_ed_role.a : zboss_r23_mac_mac_scan.obj (.text.zb_mlme_scan_request)
                  0001ed2c    0000016c     lto14 (.text.prvTimerTask)
                  0001ee98    00000168     lto14 (.text.rclSchedulerProcessCmdStartStopTime)
                  0001f000    00000162     drivers_cc23x0r5.a : I2C.c.obj (.text.I2C_transfer)
                  0001f162    00000002     lto14 (.text.IntDefaultHandler)
                  0001f164    00000160     zb_zdo_ed.a : zboss_r23_zdo_zdo_poll.obj (.text.zb_nlme_sync_confirm)
                  0001f2c4    0000015c     lto14 (.text.nwk_alloc_and_fill_hdr_int)
                  0001f420    0000015c     lto14 (.text.zb_zcl_scenes_process_view_scene_command)
                  0001f57c    00000158     lto14 (.text.rclStop)
                  0001f6d4    00000158     zb_cluster_ed.a : zboss_r23_zcl_zcl_alarms_commands.obj (.text.zb_zcl_process_alarms_specific_commands_srv)
                  0001f82c    00000150     drivers_cc23x0r5.a : PWMTimerLPF3.c.obj (.text.PWMTimerLPF3_open)
                  0001f97c    00000010     lto14 (.tramp.OUTLINED_FUNCTION_489.2)
                  0001f98c    00000150     lto14 (.text.zb_nvram_migrate_current_page)
                  0001fadc    00000150     zb_ed_role.a : zboss_r23_secur_nwk_secur.obj (.text.zb_nwk_secure_frame)
                  0001fc2c    0000014c                  : zboss_r23_aps_aps_main.obj (.text.zb_aps_clear_after_leave)
                  0001fd78    0000014c                  : zboss_r23_commissioning_bdb_bdb_finding_binding.obj (.text.zb_bdb_process_identify_query_res)
                  0001fec4    00000148     lto14 (.text.RNGLPF3RF_generateEntropy)
                  0002000c    00000010     lto14 (.tramp.OUTLINED_FUNCTION_365.1)
                  0002001c    00000148     ti_freertos_config.o (.text.xQueueGenericSend)
                  00020164    00000140     lto14 (.text.process_ed_timeout_resp)
                  000202a4    0000013c     drivers_cc23x0r5.a : ADCLPF3.c.obj (.text.ADCLPF3_convertChain)
                  000203e0    00000010     lto14 (.tramp.OUTLINED_FUNCTION_489.3)
                  000203f0    00000138     drivers_cc23x0r5.a : NVSLPF3.c.obj (.text.NVSLPF3_write)
                  00020528    00000138     lto14 (.text.prvAddNewTaskToReadyList)
                  00020660    00000138     zb_ed_role.a : zboss_r23_mac_mac.obj (.text.zb_mac_change_channel)
                  00020798    00000138     zb_zdo_ed.a : zboss_r23_zdo_zdo_disc_cli.obj (.text.zb_zdo_initiate_nwk_addr_req_2param)
                  000208d0    00000138     lto14 (.text.zb_zdo_node_desc_req_2param_cb)
                  00020a08    00000136     zb_ed_role.a : zboss_r23_secur_secur_ccm.obj (.text.zb_ccm_auth_trans)
                  00020b3e    00000002     drivers_cc23x0r5.a : PWMTimerLPF3.c.obj (.text.PWMTimerLPF3_init)
                  00020b40    00000130     lto14 (.text.bdb_initialization_machine)
                  00020c70    0000012c     zb_cluster_ed.a : zboss_r23_zcl_zcl_s_wwah.obj (.text.zb_zcl_wwah_periodic_checkin_tc_poll)
                  00020d9c    00000128     zb_zdo_ed.a : zboss_r23_zdo_zdo_app_leave.obj (.text.zb_nlme_leave_confirm)
                  00020ec4    00000128     zb_ed_role.a : zboss_r23_common_zb_scheduler.obj (.text.zb_schedule_alarm_cancel)
                  00020fec    00000128     zb_zdo_ed.a : zboss_r23_zdo_zdo_commissioning.obj (.text.zdo_commissioning_join_via_scanlist)
                  00021114    00000124     drivers_cc23x0r5.a : ADCLPF3.c.obj (.text.ADCLPF3_convert)
                  00021238    00000124     ti_freertos_config.o (.text.xQueueReceive)
                  0002135c    00000124     zb_zdo_ed.a : zboss_r23_zdo_zdo_commissioning.obj (.text.zdo_commissioning_leave_done)
                  00021480    00000124                 : zboss_r23_zdo_zdo_diagnostics.obj (.text.zdo_diagnostics_inc)
                  000215a4    00000124     lto14 (.text.zdo_ed_scan_completed_by_update_request)
                  000216c8    00000120     zb_ed_role.a : zboss_r23_aps_aps_main.obj (.text.aps_data_hdr_fill_datareq)
                  000217e8    00000120     lto14 (.text.update_attr_illuminance_value)
                  00021908    00000120     zb_ed_role.a : zboss_r23_commissioning_bdb_bdb_finding_binding.obj (.text.zb_bdb_active_eps_check_cb)
                  00021a28    0000011c     lto14 (.text.allocate_buffer_unsafe)
                  00021b44    0000011c     lto14 (.text.check_in_handle_check_binding_confirm)
                  00021c60    0000011c     ti_freertos_config.o (.text.xTaskResumeAll)
                  00021d7c    0000011c     zb_zdo_ed.a : zboss_r23_zdo_af_rx.obj (.text.zb_apsde_data_indication)
                  00021e98    0000011c     zb_ed_role.a : zboss_r23_nwk_nwk_nlme.obj (.text.zb_nlme_leave_request)
                  00021fb4    0000011c     lto14 (.text.zb_zcl_ota_server_discovery_callback)
                  000220d0    0000011c     zb_cluster_ed.a : zboss_r23_zcl_zcl_reporting.obj (.text.zb_zcl_put_reporting_info)
                  000221ec    00000118     zb_ed_role.a : zboss_r23_commissioning_bdb_zdo_commissioning_bdb.obj (.text.bdb_initialization_procedure)
                  00022304    00000118                  : zboss_r23_secur_zdo_secur.obj (.text.zb_zdo_secur_send_challenge_req)
                  0002241c    00000114     lto14 (.text.AESCTRDRBG_reseed)
                  00022530    00000114     zb_zdo_ed.a : zboss_r23_zdo_zdo_app_join.obj (.text.zdo_authenticated_send_device_annce)
                  00022644    00000110                 : zboss_r23_zdo_zdo_disc_cli.obj (.text.zb_zdo_init_node_desc_req_2param)
                  00022754    0000010c     libclang_rt.builtins.a : divdf3.S.obj (.text.__divdf3)
                  00022860    0000010c     lto14 (.text.update_attr_temperature_value)
                  0002296c    0000010c     zb_ed_role.a : zboss_r23_secur_aps_secur.obj (.text.zb_aps_secure_frame_by_key)
                  00022a78    0000010c     zb_zdo_ed.a : zboss_r23_zdo_zdo_app.obj (.text.zb_apsde_data_confirm)
                  00022b84    0000010c     lto14 (.text.zdo_mgmt_leave_local)
                  00022c90    00000108     zb_ed_role.a : zboss_r23_mac_mac_data.obj (.text.zb_handle_mcps_data_req)
                  00022d98    00000108                  : zboss_r23_mac_mac.obj (.text.zb_mlme_handle_in_command)
                  00022ea0    00000108     zb_cluster_ed.a : zboss_r23_zcl_zcl_ota_upgrade_commands.obj (.text.zcl_ota_abort)
                  00022fa8    00000104     lto14 (.text.zclSampleSw_I2cInit)
                  000230ac    00000100     lto14 (.text.batteryEventCb)
                  000231ac    00000100     lto14 (.text.bh1750_init)
                  000232ac    00000010     lto14 (.tramp.OUTLINED_FUNCTION_365.2)
                  000232bc    00000100     ti_freertos_config.o (.text.xTaskIncrementTick)
                  000233bc    00000100     zb_zdo_ed.a : zboss_r23_zdo_zdo_app.obj (.text.zb_aps_command_confirm)
                  000234bc    00000100     zb_ed_role.a : zboss_r23_commissioning_bdb_bdb_finding_binding.obj (.text.zb_bdb_process_ext_addr_resp)
                  000235bc    000000fc     lto14 (.text.I2CLPF3_hwiFxn)
                  000236b8    000000fc     lto14 (.text.aps_in_frag_do_merge_blocks)
                  000237b4    000000fc     lto14 (.text.rclDispatchHwi)
                  000238b0    000000fc     zb_ti_platform_zed_log.a : osif_ti_f3_nvram.obj (.text.zb_osif_nvram_erase_async)
                  000239ac    000000fc     zb_cluster_ed.a : zboss_r23_zcl_zcl_reporting.obj (.text.zb_zcl_reporting_timer_handler)
                  00023aa8    000000fa     lto14 (.text.encrypt_trans)
                  00023ba2    00000002     libclang_rt.builtins.a : aeabi_div0.c.obj (.text.__aeabi_idiv0)
                  00023ba4    000000f8     zb_ed_role.a : zboss_r23_common_zb_nvram.obj (.text.zb_nvram_write_end)
                  00023c9c    000000f8     lto14 (.text.zb_zcl_on_off_timer_handler)
                  00023d94    000000f4     zb_ed_role.a : zboss_r23_aps_aps_main.obj (.text.zb_apsde_data_request_relay)
                  00023e88    000000f4     lto14 (.text.zb_apsme_unbind_all)
                  00023f7c    000000f0     zb_ed_role.a : zboss_r23_aps_aps_bind.obj (.text.zb_apsme_unbind_by_ref)
                  0002406c    000000f0     lto14 (.text.zb_zcl_ota_upgrade_send_block_request)
                  0002415c    000000f0     lto14 (.text.zdo_diagnostics_get_mac_stats_cb)
                  0002424c    000000ec     lto14 (.text.bdb_restore_saved_rr)
                  00024338    000000ec     lto14 (.text.zb_nvram_dataset_data_is_valid)
                  00024424    000000ec     lto14 (.text.zb_zcl_conform_singleton)
                  00024510    000000e8     zb_cluster_ed.a : zboss_r23_zcl_zcl_illuminance_measurement.obj (.text.check_value_illuminance_measurement_server)
                  000245f8    000000e8                     : zboss_r23_zcl_zcl_common.obj (.text.zb_zcl_check_attribute_writable)
                  000246e0    000000e8     lto14 (.text.zb_zcl_send_command_short_schedule)
                  000247c8    000000e4     libclang_rt.builtins.a : muldf3.S.obj (.text.__muldf3)
                  000248ac    000000e4     zb_ed_role.a : zboss_r23_common_zb_address.obj (.text.zb_address_set_pan_id)
                  00024990    000000e4                  : zboss_r23_nwk_nwk_main.obj (.text.zb_nlde_data_request)
                  00024a74    000000e0     on_off_switch_ota_client.o (.text.button_press_handler)
                  00024b54    000000e0     ti_freertos_config.o (.text.pvPortMalloc)
                  00024c34    000000e0     zb_ed_role.a : zboss_r23_secur_apsme_secur.obj (.text.zb_apsme_verify_key_req)
                  00024d14    000000e0                  : zboss_r23_secur_zdo_secur.obj (.text.zb_zdo_sec_st_key_neg_req_send)
                  00024df4    000000e0     lto14 (.text.zdo_initiate_rejoin_cont)
                  00024ed4    000000dc     zb_ti_platform_zed_log.a : mac_ti_f3_mac.obj (.text.mac_ti23xx_trans_set_rx_on_off)
                  00024fb0    000000dc     lto14 (.text.zb_nvram_read_aps_counters)
                  0002508c    000000dc     zb_cluster_ed.a : zboss_r23_zcl_zcl_s_wwah.obj (.text.zb_zcl_wwah_send_survey_beacons_response)
                  00025168    000000d8     lto14 (.text.bdb_key_exchg_node_desc_callback)
                  00025240    000000d8     lto14 (.text.nvram_read_aps_keypair)
                  00025318    000000d8     ti_freertos_config.o (.text.pthread_create)
                  000253f0    000000d8     zb_ed_role.a : zboss_r23_nwk_nwk_nlme.obj (.text.zb_nlme_sync_request)
                  000254c8    000000d4                  : zboss_r23_commissioning_bdb_zdo_commissioning_bdb.obj (.text.bdb_force_link)
                  0002559c    000000d4     ti_f3_led_buttons.o (.text.button_callback)
                  00025670    000000d4     zb_ed_role.a : zboss_r23_aps_aps_main.obj (.text.zb_aps_add_max_trans_size)
                  00025744    000000d4                  : zboss_r23_aps_aps_main.obj (.text.zb_aps_pass_group_msg_up)
                  00025818    000000d4     zb_cluster_ed.a : zboss_r23_zcl_zcl_s_wwah.obj (.text.zb_zcl_wwah_periodic_checkin_match_desc_req)
                  000258ec    000000d0     rcl_cc23x0r5.a : RCL.c.obj (.text.RCL_init)
                  000259bc    000000d0     zb_ed_role.a : zboss_r23_nwk_nwk_main.obj (.text.mcps_indication_process_in)
                  00025a8c    000000d0                  : zboss_r23_secur_apsme_secur.obj (.text.zb_aps_in_relay)
                  00025b5c    000000d0     lto14 (.text.zb_check_frag_queue_cleanup_and_send_fail_confirm)
                  00025c2c    000000d0     zb_ed_role.a : zboss_r23_nwk_nwk_join.obj (.text.zb_nlme_rejoin_scan_confirm)
                  00025cfc    000000d0     zb_ti_platform_zed_log.a : osif_ti_f3_crypto.obj (.text.zb_osif_random_hw)
                  00025dcc    000000d0     zb_zdo_ed.a : zboss_r23_zdo_zdo_commissioning.obj (.text.zdo_commissioning_dev_annce_sent)
                  00025e9c    000000cc     zb_ed_role.a : zboss_r23_mac_mac.obj (.text.zb_handle_mlme_poll_request)
                  00025f68    000000cc     lto14 (.text.zb_zdo_pim_turbo_poll_adaptation)
                  00026034    000000c8     rcl_cc23x0r5.a : RCL_Scheduler.c.obj (.text.RCL_Scheduler_setStopTimes)
                  000260fc    000000c8     zb_cluster_ed.a : zboss_r23_zcl_zcl_temp_measurement.obj (.text.check_value_temp_measurement_server)
                  000261c4    000000c8                     : zboss_r23_zcl_zcl_power_config_commands.obj (.text.send_alarm)
                  0002628c    000000c8     lto14 (.text.zb_nlme_nwk_commis_req_send_pkt)
                  00026354    000000c8     zb_ed_role.a : zboss_r23_mac_mac_common.obj (.text.zb_parse_mhr_ptr)
                  0002641c    000000c8     zb_cluster_ed.a : zboss_r23_zcl_zcl_power_config_commands.obj (.text.zb_zcl_power_config_write_attr_hook_server)
                  000264e4    000000c4                     : zboss_r23_zcl_zcl_power_config_commands.obj (.text.fill_alarm_state_bitmap)
                  000265a8    000000c4     zb_ed_role.a : zboss_r23_nwk_nwk_main.obj (.text.zb_nwk_forget_device)
                  0002666c    000000c4     zb_zdo_ed.a : zboss_r23_zdo_zdo_common.obj (.text.zdo_send_req_by_short)
                  00026730    000000c0                 : zboss_r23_zdo_af_descriptor.obj (.text.zb_set_default_ed_descriptor_values)
                  000267f0    000000c0     lto14 (.text.zb_zcl_adjust_reporting_timer)
                  000268b0    000000c0     zb_zdo_ed.a : zboss_r23_zdo_zdo_disc_cli.obj (.text.zb_zdo_match_desc_req)
                  00026970    000000bc     zb_ed_role.a : zboss_r23_mac_mac_associate.obj (.text.mac_call_associate_confirm_fail)
                  00026a2c    000000bc     ti_freertos_config.o (.text.vTaskSuspend)
                  00026ae8    000000bc     zb_ed_role.a : zboss_r23_common_zb_address.obj (.text.zb_add_short_addr_sorted)
                  00026ba4    000000bc                  : zboss_r23_common_zb_bufpool_mult.obj (.text.zb_buf_copy_func)
                  00026c60    000000bc     zb_cluster_ed.a : zboss_r23_zcl_zcl_reporting.obj (.text.zb_zcl_find_reporting_info_manuf)
                  00026d1c    00000010     lto14 (.tramp.OUTLINED_FUNCTION_365.3)
                  00026d2c    000000bc     zb_cluster_ed.a : zboss_r23_zcl_zcl_common.obj (.text.zb_zcl_get_next_target_endpoint)
                  00026de8    000000bc     lto14 (.text.zdo_nwk_update_req_process_channel_ed_scan)
                  00026ea4    000000b8     lto14 (.text.PowerCC23X0_oscillatorISR)
                  00026f5c    000000b8     ti_freertos_config.o (.text.SwiP_construct)
                  00027014    00000010     lto14 (.tramp.OUTLINED_FUNCTION_459.2)
                  00027024    000000b8     ti_freertos_config.o (.text.xQueueGenericReset)
                  000270dc    000000b8     zb_ed_role.a : zboss_r23_commissioning_bdb_bdb_finding_binding.obj (.text.zb_bdb_simple_desc_check_cb)
                  00027194    000000b8                  : zboss_r23_nwk_nwk_join.obj (.text.zb_nlme_rejoin_send_pkt)
                  0002724c    000000b8                  : zboss_r23_secur_ic_secur.obj (.text.zb_secur_ic_get_key_by_address)
                  00027304    000000b6     lto14 (.text.zb_channel_page_list_set_logical_channel)
                  000273ba    00000002     libclang_rt.builtins.a : aeabi_div0.c.obj (.text.__aeabi_ldiv0)
                  000273bc    000000b4     zb_ed_role.a : zboss_r23_aps_aps_main.obj (.text.aps_send_fail_confirm)
                  00027470    000000b4     zb_cluster_ed.a : zboss_r23_zcl_zcl_reporting.obj (.text.zb_zcl_wait_reporting_timeout)
                  00027524    000000b4     zb_zdo_ed.a : zboss_r23_zdo_af_rx.obj (.text.zb_zdo_device_is_unreachable)
                  000275d8    000000b4                 : zboss_r23_zdo_zdo_common.obj (.text.zdo_af_resp)
                  0002768c    000000b4                 : zboss_r23_zdo_zdo_app_join.obj (.text.zdo_join_to_nwk_descr)
                  00027740    000000b0     rcl_cc23x0r5.a : RCL_Scheduler.c.obj (.text.RCL_Scheduler_cancelSchedStopTime)
                  000277f0    000000b0     zb_ed_role.a : zboss_r23_mac_mac_associate.obj (.text.zb_mlme_send_association_req_cmd)
                  000278a0    000000b0                  : zboss_r23_common_zb_nvram.obj (.text.zb_nvram_write_start)
                  00027950    000000ac     lto14 (.text.aps_in_frag_assemble_window_delayed)
                  000279fc    000000ac     lto14 (.text.nwk_fill_alloc_hdr_req)
                  00027aa8    000000ac     lto14 (.text.send_bind_unbind_req)
                  00027b54    000000ac     ti_freertos_config.o (.text.vTaskDelete)
                  00027c00    000000ac     lto14 (.text.zdo_mgmt_leave_req)
                  00027cac    000000a8     lto14 (.text.handle_bind_confirm.1284)
                  00027d54    000000a8     ti_freertos_config.o (.text.xTaskRemoveFromEventList)
                  00027dfc    000000a8     zb_ed_role.a : zboss_r23_common_zb_nvram.obj (.text.zb_aps_keypair_write)
                  00027ea4    000000a8     lto14 (.text.zb_mlme_reset_request_sync)
                  00027f4c    000000a4     rcl_cc23x0r5.a : RCL.c.obj (.text.RCL_open)
                  00027ff0    000000a4     zb_ed_role.a : zboss_r23_secur_secur_ccm.obj (.text.zb_ccm_decrypt_n_auth)
                  00028094    000000a4     lto14 (.text.zb_clear_bind_trans)
                  00028138    000000a4     lto14 (.text.zb_nlme_status_indication_process)
                  000281dc    000000a4     zb_ed_role.a : zboss_r23_nwk_nwk_neighbor.obj (.text.zb_nwk_neighbor_get)
                  00028280    000000a4     lto14 (.text.zb_zcl_set_attr_val)
                  00028324    000000a4     lto14 (.text.zdo_cb_killer)
                  000283c8    000000a2     libclang_rt.builtins.a : udivmoddi4.S.obj (.text)
                  0002846a    00000002     lto14 (.text.errorSpin)
                  0002846c    000000a0     lto14 (.text.LGPTimerLPF3_initHw)
                  0002850c    000000a0     lto14 (.text.RCL_Handler_Ieee_setCustomEventTime)
                  000285ac    000000a0     zb_cluster_ed.a : zboss_r23_zcl_zcl_rel_humidity.obj (.text.check_value_rel_humidity_measurement_server)
                  0002864c    000000a0     zb_ed_role.a : zboss_r23_nwk_nwk_nlme.obj (.text.nwk_next_rejoin_poll)
                  000286ec    000000a0     lto14 (.text.prvUnlockQueue)
                  0002878c    000000a0     zb_ed_role.a : zboss_r23_commissioning_bdb_bdb_finding_binding.obj (.text.zb_bdb_process_active_eps_res)
                  0002882c    000000a0                  : zboss_r23_secur_aps_secur.obj (.text.zb_increase_aps_outgoing_frame_counter)
                  000288cc    000000a0                  : zboss_r23_mac_mac_data.obj (.text.zb_mac_get_indirect_data)
                  0002896c    000000a0                  : zboss_r23_nwk_nwk_join.obj (.text.zb_nlme_rejoin_response_timeout)
                  00028a0c    000000a0                  : zboss_r23_nwk_nwk_nlme.obj (.text.zb_nlme_send_status)
                  00028aac    000000a0     zb_cluster_ed.a : zboss_r23_zcl_zcl_reporting.obj (.text.zb_zcl_reporting_cb)
                  00028b4c    000000a0     lto14 (.text.zb_zdo_nwk_addr_req_2param_cb)
                  00028bec    000000a0     zb_zdo_ed.a : zboss_r23_zdo_zdo_tlv_mgmt.obj (.text.zb_zdo_upd_key_req_process_tlv)
                  00028c8c    0000009c     drivers_cc23x0r5.a : ADCLPF3.c.obj (.text.ADCLPF3_open)
                  00028d28    0000009c     zb_ed_role.a : zboss_r23_common_zb_address.obj (.text.zb_address_unlock_func)
                  00028dc4    0000009c                  : zboss_r23_common_zb_bufpool_mult.obj (.text.zb_buf_free_func)
                  00028e60    0000009c     lto14 (.text.zb_zdo_poll_parent)
                  00028efc    00000098     lto14 (.text.doErase)
                  00028f94    00000098     zb_ed_role.a : zboss_r23_secur_zdo_secur.obj (.text.secur_nwk_key_switch)
                  0002902c    00000098     ti_freertos_config.o (.text.vTaskStartScheduler)
                  000290c4    00000098     lto14 (.text.zb_aps_relay_secured)
                  0002915c    00000098     zb_ed_role.a : zboss_r23_nwk_nwk_main.obj (.text.zb_mcps_data_indication)
                  000291f4    00000098     zb_cluster_ed.a : zboss_r23_zcl_zcl_poll_control_commands.obj (.text.zb_zcl_poll_control_start_check_in)
                  0002928c    00000098                     : zboss_r23_zcl_zcl_reporting.obj (.text.zb_zcl_report_attr)
                  00029324    00000094     driverlib.a : interrupt.c.obj (.text.IntSetPriority)
                  000293b8    00000094     lto14 (.text.RCL_Handler_Ieee_updateRxCurBufferAndFifo)
                  0002944c    00000094     zb_ed_role.a : zboss_r23_common_zb_bufpool_mult.obj (.text.zb_buf_initial_alloc_func)
                  000294e0    00000094     lto14 (.text.zb_button_register_handler)
                  00029574    00000094     lto14 (.text.zb_mac_send_data_conf)
                  00029608    00000094     zb_ed_role.a : zboss_r23_nwk_nwk_nlme.obj (.text.zb_nlme_reset_request)
                  0002969c    00000094                  : zboss_r23_secur_zdo_secur.obj (.text.zb_secur_create_best_suitable_link_key_pair_set)
                  00029730    00000094     zb_cluster_ed.a : zboss_r23_zcl_zcl_ias_zone_commands.obj (.text.zb_zcl_ias_zone_put_cie_address_to_binding_whitelist)
                  000297c4    00000094     lto14 (.text.zb_zcl_ota_upgrade_request_server_send)
                  00029858    00000094     zb_cluster_ed.a : zboss_r23_zcl_zcl_main.obj (.text.zb_zcl_send_default_resp_ext)
                  000298ec    00000094     lto14 (.text.zdo_join_done_cont)
                  00029980    00000092     lto14 (.text.I2CLPF3_swiFxn)
                  00029a12    00000092     lto14 (.text.square)
                  00029aa4    0000000c     lto14 (.text.I2CLPF3_blockingCallback)
                  00029ab0    00000092     driverlib.a : aes_ticlang.s.obj (.text)
                  00029b42    00000002     ti_freertos_config.o (.text.vApplicationStackOverflowHook)
                  00029b44    00000090     ti_freertos_config.o (.text.ClockP_startup)
                  00029bd4    00000090     lto14 (.text.aps_in_frag_get_received_mask)
                  00029c64    00000090     lto14 (.text.aps_send_frame_via_binding)
                  00029cf4    00000090     lto14 (.text.nwk_scan_find_next_channel_mask)
                  00029d84    00000090     lto14 (.text.prvInitialiseNewTask)
                  00029e14    00000090     lto14 (.text.short_search)
                  00029ea4    00000090     zb_ed_role.a : zboss_r23_mac_mac_common.obj (.text.zb_mac_fill_mhr)
                  00029f34    00000090                  : zboss_r23_mac_mac_data.obj (.text.zb_mac_indirect_data_rx_failed)
                  00029fc4    00000090                  : zboss_r23_nwk_nwk_discovery.obj (.text.zb_nlme_network_discovery_request)
                  0002a054    00000090                  : zboss_r23_common_zb_nvram.obj (.text.zb_nvram_write_dataset)
                  0002a0e4    00000090     zb_zdo_ed.a : zboss_r23_zdo_zdo_hubs.obj (.text.zb_wwah_set_pending_channel)
                  0002a174    00000090     zb_cluster_ed.a : zboss_r23_zcl_zcl_on_off_commands.obj (.text.zb_zcl_on_off_invoke_user_app)
                  0002a204    00000090                     : zboss_r23_zcl_zcl_reporting.obj (.text.zb_zcl_reporting_slot_number)
                  0002a294    00000090     zb_zdo_ed.a : zboss_r23_zdo_zdo_poll.obj (.text.zb_zdo_pim_init_defaults)
                  0002a324    00000090     lto14 (.text.zdo_initiate_rejoin)
                  0002a3b4    0000008c     lto14 (.text.AESCMACLPF3_getResult)
                  0002a440    0000008c     libclang_rt.builtins.a : mulsf3.S.obj (.text.__mulsf3)
                  0002a4cc    0000008c     zb_ed_role.a : zboss_r23_aps_aps_main.obj (.text.zb_aps_pass_local_msg_up)
                  0002a558    0000008c                  : zboss_r23_mac_mac_pib.obj (.text.zb_mac_reinit_pib)
                  0002a5e4    00000088     drivers_cc23x0r5.a : PWMTimerLPF3.c.obj (.text.PWMTimerLPF3_setDutyAndPeriod)
                  0002a66c    00000088                        : PWMTimerLPF3.c.obj (.text.PWMTimerLPF3_setPeriod)
                  0002a6f4    00000088     zb_cluster_ed.a : zboss_r23_zcl_zcl_common.obj (.text.cluster_needs_aps_encryption)
                  0002a77c    00000088     lto14 (.text.prvAddCurrentTaskToDelayedList)
                  0002a804    00000088     zb_ed_role.a : zboss_r23_common_zb_bufpool_mult.obj (.text.zb_buf_alloc_right_func)
                  0002a88c    00000088     lto14 (.text.zb_get_buf_tail_ptr)
                  0002a914    00000088     zb_cluster_ed.a : zboss_r23_zcl_zcl_main.obj (.text.zb_zcl_process_command_finish)
                  0002a99c    00000088     lto14 (.text.zdo_nwk_update_req_process_new_active_channel)
                  0002aa24    00000086     drivers_cc23x0r5.a : I2CLPF3.c.obj (.text.I2CSupport_primeTransfer)
                  0002aaaa    00000002     ti_freertos_portable_config.o (.text.vPortSVCHandler)
                  0002aaac    00000084     lto14 (.text.ClockP_hwiCallback)
                  0002ab30    00000084     ti_freertos_config.o (.text.SwiP_dispatch)
                  0002abb4    00000084     lto14 (.text.get_new_reporting_info)
                  0002ac38    00000084     lto14 (.text.handle_bind_unbind_confirm)
                  0002acbc    00000084     lto14 (.text.ieee_search)
                  0002ad40    00000084     ti_freertos_config.o (.text.memalign)
                  0002adc4    00000084     lto14 (.text.prvCheckForValidListAndQueue)
                  0002ae48    00000084     lto14 (.text.send_bind_unbind_with_check)
                  0002aecc    00000084     zb_ed_role.a : zboss_r23_aps_aps_bind.obj (.text.zb_apsme_move_dst_bind_table)
                  0002af50    00000084                  : zboss_r23_aps_aps_binding_whitelist.obj (.text.zb_check_binding_table_whitelist)
                  0002afd4    00000084                  : zboss_r23_nwk_nwk_broadcasting.obj (.text.zb_nwk_broadcasting_add_btr)
                  0002b058    00000084     zb_cluster_ed.a : zboss_r23_zcl_zcl_common.obj (.text.zb_zcl_is_target_endpoint)
                  0002b0dc    00000084                     : zboss_r23_zcl_zcl_ota_upgrade_commands.obj (.text.zb_zcl_ota_upgrade_init_client)
                  0002b160    00000084     lto14 (.text.zb_zcl_start_identifying)
                  0002b1e4    00000080     rcl_cc23x0r5.a : RCL_Scheduler.c.obj (.text.RCL_Scheduler_findStopStatus)
                  0002b264    00000080     lto14 (.text.check_cluster_list)
                  0002b2e4    00000080     lto14 (.text.nwk_do_retry)
                  0002b364    00000080     lto14 (.text.send_ed_timeout_req)
                  0002b3e4    00000080     ti_freertos_config.o (.text.vTaskSwitchContext)
                  0002b464    00000080     ti_freertos_config.o (.text.xTaskPriorityInherit)
                  0002b4e4    00000080     lto14 (.text.zb_ccm_encrypt_n_auth)
                  0002b564    00000080     zb_ed_role.a : zboss_r23_mac_mac_associate.obj (.text.zb_mlme_associate_request_do)
                  0002b5e4    00000080     lto14 (.text.zb_nvram_write_aps_counters)
                  0002b664    00000080     lto14 (.text.zb_nwk_neighbor_delete)
                  0002b6e4    00000080     zb_ed_role.a : zboss_r23_common_zb_tlv.obj (.text.zb_tlv_general_tlv_processing)
                  0002b764    00000080     lto14 (.text.zb_zdo_bind_unbind_req)
                  0002b7e4    00000080     lto14 (.text.zdo_nwk_update_req_process_new_channel_mask)
                  0002b864    0000007e     drivers_cc23x0r5.a : LGPTimerLPF3.c.obj (.text.LGPTimerLPF3_close)
                  0002b8e2    0000007e     lto14 (.text.zb_sec_b6_hash)
                  0002b960    0000007c     lto14 (.text.AESCTRDRBGXX_updateState)
                  0002b9dc    0000007c     rcl_cc23x0r5.a : RCL.c.obj (.text.RCL_Command_submit)
                  0002ba58    0000007c     lto14 (.text.call_scan_complete_cb)
                  0002bad4    0000007c     lto14 (.text.prvIdleTask)
                  0002bb50    0000007c     lto14 (.text.temperatureEventCb)
                  0002bbcc    0000007c     zb_ed_role.a : zboss_r23_common_zb_address.obj (.text.zb_address_ieee_by_ref)
                  0002bc48    0000007c                  : zboss_r23_common_zb_address.obj (.text.zb_address_ieee_by_short)
                  0002bcc4    0000007c                  : zboss_r23_secur_zdo_secur.obj (.text.zb_zdo_sec_get_auth_tok_req_snd)
                  0002bd40    0000007c     zb_zdo_ed.a : zboss_r23_zdo_zdo_app_join.obj (.text.zdo_next_nwk_discovery_req)
                  0002bdbc    00000078     ti_freertos_config.o (.text.HwiP_construct)
                  0002be34    00000078     lto14 (.text.bdb_node_desc_workaround_callback)
                  0002beac    00000078     ti_freertos_config.o (.text.xQueueReceiveFromISR)
                  0002bf24    00000078     zb_ed_role.a : zboss_r23_commissioning_bdb_bdb_finding_binding.obj (.text.zb_bdb_finding_binding_target_alarm_ep)
                  0002bf9c    00000078                  : zboss_r23_mac_mac_pib.obj (.text.zb_mlme_set_request)
                  0002c014    00000078     zb_cluster_ed.a : zboss_r23_zcl_zcl_scenes.obj (.text.zb_zcl_scenes_process_recall_scene)
                  0002c08c    00000078                     : zboss_r23_zcl_zcl_scenes.obj (.text.zb_zcl_scenes_process_store_scene)
                  0002c104    00000078     libc.a : copy_decompress_lzss.c.obj (.text:decompress:lzss)
                  0002c17c    00000076     lto14 (.text.prvCopyDataToQueue)
                  0002c1f2    00000076     lto14 (.text.zb_zcl_set_attr_val_manuf_internal)
                  0002c268    00000074     lto14 (.text.AESCTRLPF3_hwiFxn)
                  0002c2dc    00000004     ti_freertos_config.o (.text.Exception_handlerSpin)
                  0002c2e0    00000074     libclang_rt.builtins.a : truncdfsf2.S.obj (.text.__truncdfsf2)
                  0002c354    00000074     lto14 (.text.alloc_new_extneiboar)
                  0002c3c8    00000074     lto14 (.text.broadcast_endpoint_delivery_step)
                  0002c43c    00000074     lto14 (.text.channel_page_get_edge_channel_number)
                  0002c4b0    00000074     lto14 (.text.ed_scan_timer_callback)
                  0002c524    00000074     lto14 (.text.tmp102_begin)
                  0002c598    00000010     lto14 (.tramp.OUTLINED_FUNCTION_365.4)
                  0002c5a8    00000074     zb_ed_role.a : zboss_r23_common_zb_address.obj (.text.zb_address_lock_func)
                  0002c61c    00000074                  : zboss_r23_aps_aps_main.obj (.text.zb_aps_pass_local_group_pkt_up)
                  0002c690    00000074                  : zboss_r23_common_zb_nvram.obj (.text.zb_nvram_write_data)
                  0002c704    00000074     zb_cluster_ed.a : zboss_r23_zcl_zcl_diagnostics_commands.obj (.text.zb_zcl_diagnostics_sync_counters)
                  0002c778    00000074     zb_zdo_ed.a : zboss_r23_zdo_zdo_poll.obj (.text.zb_zdo_pim_start_turbo_poll_packets)
                  0002c7ec    00000074     zb_cluster_ed.a : zboss_r23_zcl_zcl_poll_control_commands.obj (.text.zcl_poll_control_check_in_send_cb)
                  0002c860    00000072     lto14 (.text.zb_zcl_ota_upgrade_end)
                  0002c8d2    00000002     zb_cluster_ed.a : zboss_r23_zcl_zcl_temp_measurement.obj (.text.zb_zcl_temp_measurement_write_attr_hook_server)
                  0002c8d4    00000070     ti_freertos_config.o (.text.ClockP_start)
                  0002c944    00000070     lto14 (.text.PowerCC23X0_startHFXT)
                  0002c9b4    00000070     lto14 (.text.age_dups)
                  0002ca24    00000070     lto14 (.text.aps_in_frag_mac_ack_for_aps_ack_arrived)
                  0002ca94    00000070     zb_ed_role.a : zboss_r23_secur_bdb_secur.obj (.text.bdb_initiate_key_exchange)
                  0002cb04    00000070     lto14 (.text.mult)
                  0002cb74    00000070     zb_ed_role.a : zboss_r23_nwk_nwk_discovery.obj (.text.nlme_scan_request)
                  0002cbe4    00000070     lto14 (.text.process_delayed_buf_entry_unsafe)
                  0002cc54    00000070     on_off_switch_ota_client.o (.text.pwm_init_param)
                  0002ccc4    00000070     zb_ti_platform_zed_log.a : mac_ti_f3_mac.obj (.text.update_rx_panconfig)
                  0002cd34    00000070     zb_ed_role.a : zboss_r23_common_zb_address.obj (.text.zb_address_delete)
                  0002cda4    00000070                  : zboss_r23_aps_aps_bind.obj (.text.zb_aps_check_binding_request)
                  0002ce14    00000070     lto14 (.text.zb_aps_check_max_trans_size_timer_cb)
                  0002ce84    00000070     zb_ed_role.a : zboss_r23_common_zb_nvram.obj (.text.zb_aps_keypair_load_by_idx)
                  0002cef4    00000010     lto14 (.tramp.OUTLINED_FUNCTION_365.5)
                  0002cf04    00000070     zb_ed_role.a : zboss_r23_nwk_nwk_discovery.obj (.text.zb_nlme_ed_scan_request)
                  0002cf74    00000070                  : zboss_r23_nwk_nwk_neighbor.obj (.text.zb_nwk_neighbor_clear)
                  0002cfe4    00000070     lto14 (.text.zb_zcl_diagnostics_sync_counters_cb)
                  0002d054    00000070     zb_cluster_ed.a : zboss_r23_zcl_zcl_general_commands.obj (.text.zb_zcl_get_attr_desc_manuf)
                  0002d0c4    00000070     lto14 (.text.zdo_kill_cb_by_index)
                  0002d134    00000070     zb_zdo_ed.a : zboss_r23_zdo_zdo_app_join.obj (.text.zdo_rejoin_clear_prev_join)
                  0002d1a4    0000006c     drivers_cc23x0r5.a : ADCLPF3.c.obj (.text.ADCLPF3_convertToMicroVolts)
                  0002d210    0000006c     driverlib.a : adc.c.obj (.text.ADCSetAdjustmentOffset)
                  0002d27c    0000006c     ti_freertos_config.o (.text.ClockP_stop)
                  0002d2e8    0000006c     lto14 (.text.zb_aps_hdr_mod)
                  0002d354    0000006c     zb_ed_role.a : zboss_r23_commissioning_bdb_bdb_finding_binding.obj (.text.zb_bdb_process_simple_desc_res)
                  0002d3c0    0000006c     zb_zdo_ed.a : zboss_r23_zdo_zdo_app_join.obj (.text.zb_nlme_join_confirm)
                  0002d42c    0000006c     zb_ed_role.a : zboss_r23_nwk_nwk_join.obj (.text.zb_nlme_rejoin_set_parent_long)
                  0002d498    0000006c                  : zboss_r23_nwk_nwk_tlv_mgmt.obj (.text.zb_nwk_commissioning_req_put_tlv)
                  0002d504    0000006c     lto14 (.text.zb_zcl_add_cluster_handlers)
                  0002d570    0000006c     lto14 (.text.zdo_validate_desc_resp)
                  0002d5dc    00000068     lto14 (.text.LRF_setTrimCommon)
                  0002d644    00000068     drivers_cc23x0r5.a : NVSLPF3.c.obj (.text.NVSLPF3_open)
                  0002d6ac    00000068     lto14 (.text.RCL_Handler_Adc_Noise_powerDown)
                  0002d714    00000068     lto14 (.text.RCL_Handler_Ieee_findPbeErrorEndStatus)
                  0002d77c    00000068     lto14 (.text.aps_in_frag_restart_ack_timer)
                  0002d7e4    00000068     lto14 (.text.aps_in_frag_stop_entry)
                  0002d84c    00000068     zb_ed_role.a : zboss_r23_commissioning_bdb_zdo_commissioning_bdb.obj (.text.bdb_network_steering_start_scan)
                  0002d8b4    00000068     zb_cluster_ed.a : zboss_r23_zcl_zcl_common.obj (.text.get_profile_id_by_endpoint)
                  0002d91c    00000068     lto14 (.text.nwk_cancel_network_discovery_response)
                  0002d984    00000068     ti_freertos_config.o (.text.vTaskPriorityDisinheritAfterTimeout)
                  0002d9ec    00000068     ti_freertos_config.o (.text.xTaskCheckForTimeOut)
                  0002da54    00000068     zb_ed_role.a : zboss_r23_common_zb_address.obj (.text.zb_address_get_pan_id_ref)
                  0002dabc    00000068                  : zboss_r23_secur_apsme_secur.obj (.text.zb_aps_secur_init)
                  0002db24    00000068                  : zboss_r23_secur_zdo_secur.obj (.text.zb_secur_get_link_key_by_address)
                  0002db8c    00000068     zb_zdo_ed.a : zboss_r23_zdo_zdo_hubs.obj (.text.zb_wwah_set_leave_without_rejoin_allowed)
                  0002dbf4    00000068     lto14 (.text.zb_zcl_finish_and_send_packet_new)
                  0002dc5c    00000068     zb_cluster_ed.a : zboss_r23_zcl_zcl_identify_commands.obj (.text.zb_zcl_identify_effect_invoke_user_app)
                  0002dcc4    00000064     drivers_cc23x0r5.a : AESCommonLPF3.c.obj (.text.AESCommonLPF3_construct)
                  0002dd28    00000064     lto14 (.text.bdb_finding_n_binding_machine)
                  0002dd8c    00000064     lto14 (.text.bdb_force_rejoin_if_not_in_progress)
                  0002ddf0    00000064     lto14 (.text.bdb_precomm_rejoin_over_all_channels)
                  0002de54    00000064     zb_cluster_ed.a : zboss_r23_zcl_zcl_common.obj (.text.get_endpoint_by_cluster)
                  0002deb8    00000064     zb_ed_role.a : zboss_r23_nwk_nwk_main.obj (.text.nwk_call_nlde_data_confirm)
                  0002df1c    00000064     ti_freertos_config.o (.text.xTaskPriorityDisinherit)
                  0002df80    00000064     zb_ed_role.a : zboss_r23_common_zb_address.obj (.text.zb_address_by_ref)
                  0002dfe4    00000064                  : zboss_r23_common_zb_address.obj (.text.zb_address_cmp_two_refs)
                  0002e048    00000064     zb_zdo_ed.a : zboss_r23_zdo_af_rx.obj (.text.zb_apsde_data_indication_cont)
                  0002e0ac    00000064     zb_ed_role.a : zboss_r23_commissioning_bdb_zdo_commissioning_bdb.obj (.text.zb_bdb_initiate_tc_rejoin)
                  0002e110    00000064                  : zboss_r23_common_zb_time.obj (.text.zb_timer_start)
                  0002e174    00000064     zb_cluster_ed.a : zboss_r23_zcl_zcl_identify_commands.obj (.text.zb_zcl_identify_time_handler)
                  0002e1d8    00000064     lto14 (.text.zb_zdo_node_desc_req)
                  0002e23c    00000064     lto14 (.text.zb_zdo_pim_restart_poll)
                  0002e2a0    00000062     zb_cluster_ed.a : zboss_r23_zcl_zcl_common.obj (.text.zb_zcl_finish_and_send_packet)
                  0002e302    00000002     lto14 (.text.zb_zcl_wwah_trace_ctx)
                  0002e304    00000060     drivers_cc23x0r5.a : BatMonSupportLPF3.c.obj (.text.BatMonSupportLPF3_init)
                  0002e364    00000060                        : PWMTimerLPF3.c.obj (.text.PWMTimerLPF3_setDuty)
                  0002e3c4    00000060     lto14 (.text.RCL_Handler_Ieee_updateStats)
                  0002e424    00000060     on_off_switch_ota_client.o (.text.adc_init_param)
                  0002e484    00000060     lto14 (.text.aps_in_frag_send_ack)
                  0002e4e4    00000060     zb_ti_platform_zed_log.a : mac_ti_f3_mac.obj (.text.mac_ti23xx_start_ed_scan)
                  0002e544    00000060     lto14 (.text.nwk_broadcasting_btr_aging_alarm)
                  0002e5a4    00000060     lto14 (.text.rclSchedulerFindEarliestStopTime)
                  0002e604    00000060     on_off_switch_ota_client.o (.text.send_temperature)
                  0002e664    00000060     ti_freertos_config.o (.text.xQueueGiveFromISR)
                  0002e6c4    00000060     ti_freertos_config.o (.text.xTaskCreate)
                  0002e724    00000010     lto14 (.tramp.OUTLINED_FUNCTION_489.4)
                  0002e734    00000060     zb_cluster_ed.a : zboss_r23_zcl_zcl_common.obj (.text.zb_af_get_endpoint_desc)
                  0002e794    00000060     lto14 (.text.zb_get_buf_delayed)
                  0002e7f4    00000060     zb_ti_platform_zed_log.a : osif_ti_f3_crypto.obj (.text.zb_hw_sha_256)
                  0002e854    00000060     lto14 (.text.zb_nvram_get_dataset_version)
                  0002e8b4    00000060     zb_ed_role.a : zboss_r23_nwk_nwk_disc_table.obj (.text.zb_nwk_exneighbor_by_short)
                  0002e914    00000060     zb_cluster_ed.a : zboss_r23_zcl_zcl_groups.obj (.text.zb_zcl_process_groups_commands_cli)
                  0002e974    00000060     zb_zdo_ed.a : zboss_r23_zdo_zdo_bind_manage.obj (.text.zb_zdo_send_check_bind_unbind)
                  0002e9d4    00000060     on_off_switch_ota_client.o (.text.zcl_specific_cluster_cmd_handler)
                  0002ea34    00000060     zb_ed_role.a : zboss_r23_secur_bdb_secur.obj (.text.zdo_secur_update_tclk_done)
                  0002ea94    00000060     zb_zdo_ed.a : zboss_r23_zdo_zdo_common.obj (.text.zdo_send_resp_by_short)
                  0002eaf4    0000005c     lto14 (.text.GPIO_setConfigAndMux)
                  0002eb50    0000005c     lto14 (.text.get_endpoint_by_cluster_with_role)
                  0002ebac    0000005c     lto14 (.text.get_manufacturer_index_by_ieee_addr)
                  0002ec08    0000005c     lto14 (.text.nwk_join_failure_confirm)
                  0002ec64    0000005c     on_off_switch_ota_client.o (.text.send_illuminance)
                  0002ecc0    0000005c     on_off_switch_ota_client.o (.text.send_soil_moisture)
                  0002ed1c    0000005c     zb_ed_role.a : zboss_r23_common_zb_address.obj (.text.zb_address_done_ieee_disc)
                  0002ed78    0000005c                  : zboss_r23_common_zb_bufpool_mult.obj (.text.zb_buf_alloc_left_func)
                  0002edd4    0000005c                  : zboss_r23_common_zb_sleep.obj (.text.zb_sleep_calc_sleep_tmo)
                  0002ee30    0000005c     lto14 (.text.zb_zcl_basic_reset_invoke_user_app)
                  0002ee8c    0000005c     zb_zdo_ed.a : zboss_r23_zdo_zdo_channel_manager.obj (.text.zb_zdo_ed_scan_request)
                  0002eee8    0000005c                 : zboss_r23_zdo_zdo_nwk_manage_srv.obj (.text.zb_zdo_nwk_upd_notify)
                  0002ef44    0000005c                 : zboss_r23_zdo_zdo_app.obj (.text.zb_zdo_startup_complete_int)
                  0002efa0    0000005c                 : zboss_r23_zdo_zdo_app.obj (.text.zb_zdo_tclk_valid)
                  0002effc    0000005c     lto14 (.text.zclSampleSw_I2cClose)
                  0002f058    00000058     lto14 (.text.AESCMACLPF3_hwiFxn)
                  0002f0b0    00000058     drivers_cc23x0r5.a : AESCommonLPF3.c.obj (.text.AESCommonLPF3_init)
                  0002f108    00000058     ti_freertos_config.o (.text.ClockP_walkQueueDynamic)
                  0002f160    00000058     lto14 (.text.I2CLPF3_initHw)
                  0002f1b8    00000058     rcl_cc23x0r5.a : LRFCC23X0.c.obj (.text.LRF_enableTemperatureMonitoring)
                  0002f210    00000058     lto14 (.text.LogSinkBuf_printf)
                  0002f268    00000058     lto14 (.text.PWMTimerLPF3_getDutyCounts)
                  0002f2c0    00000058     lto14 (.text.RCL_Handler_Ieee_restoreStopTime)
                  0002f318    00000058     ti_freertos_config.o (.text.SwiP_post)
                  0002f370    00000010     lto14 (.tramp.OUTLINED_FUNCTION_485.1)
                  0002f380    00000058     libclang_rt.builtins.a : clzsi2.c.obj (.text.__clzsi2)
                  0002f3d8    00000058     zb_ed_role.a : zboss_r23_commissioning_bdb_zdo_commissioning_bdb.obj (.text.bdb_not_ever_joined)
                  0002f430    00000058     zb_cluster_ed.a : zboss_r23_zcl_zcl_power_config_commands.obj (.text.get_send_alarm_buf)
                  0002f488    00000058     lto14 (.text.send_unknown_command_status)
                  0002f4e0    00000058     zb_ed_role.a : zboss_r23_common_zb_address.obj (.text.zb_ieee_addr_compress)
                  0002f538    00000058     lto14 (.text.zb_nvram_dataset_is_supported)
                  0002f590    00000058     zb_ed_role.a : zboss_r23_common_zb_scheduler.obj (.text.zb_schedule_callback2)
                  0002f5e8    00000058                  : zboss_r23_common_zb_scheduler.obj (.text.zb_schedule_get_alarm_time)
                  0002f640    00000058                  : zboss_r23_common_zb_scheduler.obj (.text.zb_schedule_tx_cb)
                  0002f698    00000058     lto14 (.text.zb_secur_get_auth_token_key_by_ieee)
                  0002f6f0    00000058     lto14 (.text.zb_start_device_interview_on_joiner)
                  0002f748    00000058     lto14 (.text.zb_timer_callback)
                  0002f7a0    00000058     zb_zdo_ed.a : zboss_r23_zdo_zdo_hubs.obj (.text.zb_wwah_set_require_lk_encryption)
                  0002f7f8    00000058     lto14 (.text.zb_zcl_init_periodic_activities)
                  0002f850    00000058     zb_zdo_ed.a : zboss_r23_zdo_zdo_disc_cli.obj (.text.zb_zdo_nwk_addr_req)
                  0002f8a8    00000058     zb_ed_role.a : zboss_r23_secur_zdo_secur.obj (.text.zb_zdo_verify_tclk)
                  0002f900    00000058     lto14 (.text.zdo_wwah_start_survey_beacons_cont)
                  0002f958    00000056     libclang_rt.builtins.a : aeabi_idivmod.S.obj (.text.__aeabi_idivmod)
                  0002f9ae    00000056     ti_freertos_config.o (.text.xQueueGenericCreate)
                  0002fa04    00000056     zb_ed_role.a : zboss_r23_secur_secur_ccm.obj (.text.zb_cmm_key_hash)
                  0002fa5a    00000002     --HOLE-- [fill = 0]
                  0002fa5c    00000054     lto14 (.text.AESECBLPF3_hwiFxn)
                  0002fab0    00000054     rcl_cc23x0r5.a : RCL.c.obj (.text.RCL_Command_pend)
                  0002fb04    00000054                    : RCL_Scheduler.c.obj (.text.RCL_Scheduler_setStartStopTimeEarliestStart)
                  0002fb58    00000054     lto14 (.text.aps_in_frag_kill_stopped_entries)
                  0002fbac    00000054     lto14 (.text.aps_in_frag_send_ack_delayed)
                  0002fc00    00000054     lto14 (.text.aps_in_frag_total_window_size)
                  0002fc54    00000054     lto14 (.text.bdb_network_formation_machine)
                  0002fca8    00000054     lto14 (.text.bdb_start_top_level_commissioning)
                  0002fcfc    00000054     bh1750.o (.text.bh1750_Write)
                  0002fd50    00000054     zb_cluster_ed.a : zboss_r23_zcl_zcl_scenes.obj (.text.check_value_scenes)
                  0002fda4    00000054     lto14 (.text.manuf_tbl_clear_unusable_entries)
                  0002fdf8    00000054     lto14 (.text.opt3001_start_measuremts)
                  0002fe4c    00000054     ti_freertos_config.o (.text.vQueueWaitForMessageRestricted)
                  0002fea0    00000054     zb_ed_role.a : zboss_r23_commissioning_bdb_bdb_finding_binding.obj (.text.zb_bdb_error_handle_buf)
                  0002fef4    00000054     lto14 (.text.zb_mac_diagnostics_init)
                  0002ff48    00000054     zb_ed_role.a : zboss_r23_mac_mac_scan.obj (.text.zb_mac_send_beacon_request_command)
                  0002ff9c    00000054                  : zboss_r23_common_zb_nvram.obj (.text.zb_nvram_read_data)
                  0002fff0    00000054     lto14 (.text.zb_schedule_callback_prior)
                  00030044    00000054     lto14 (.text.zb_secur_ic_generate_key)
                  00030098    00000054     zb_ed_role.a : zboss_r23_common_zb_tlv.obj (.text.zb_tlv_get_tlv_ptr)
                  000300ec    00000054     zb_zdo_ed.a : zboss_r23_zdo_zdo_hubs.obj (.text.zb_wwah_set_configuration_mode)
                  00030140    00000054     zb_cluster_ed.a : zboss_r23_zcl_zcl_basic_commands.obj (.text.zb_zcl_check_is_device_enabled)
                  00030194    00000054                     : zboss_r23_zcl_zcl_identify_commands.obj (.text.zb_zcl_stop_identifying)
                  000301e8    00000054                     : zboss_r23_zcl_zcl_reporting.obj (.text.zb_zcl_update_reporting_info)
                  0003023c    00000054                     : zboss_r23_zcl_zcl_s_wwah.obj (.text.zb_zcl_wwah_check_if_aps_link_key_authorization_needed)
                  00030290    00000054     zb_zdo_ed.a : zboss_r23_zdo_zdo_bind_manage.obj (.text.zb_zdo_bind_unbind_check_cb)
                  000302e4    00000054     zb_ed_role.a : zboss_r23_secur_zdo_secur.obj (.text.zb_zdo_update_tclk)
                  00030338    00000050     driverlib.a : adc.c.obj (.text.ADCGetAdjustmentGain)
                  00030388    00000050     drivers_cc23x0r5.a : ADCLPF3.c.obj (.text.ADCLPF3_close)
                  000303d8    00000050                        : AESCommonLPF3.c.obj (.text.AESCommonLPF3_cleanup)
                  00030428    00000050     ti_freertos_config.o (.text.__aeabi_errno_addr)
                  00030478    00000050     lto14 (.text.aps_in_frag_find_by_hdr)
                  000304c8    00000050     lto14 (.text.aps_out_frag_schedule_queued_requests)
                  00030518    00000050     lto14 (.text.handle_bind_check_response)
                  00030568    00000050     lto14 (.text.mac_ti23xx_set_channel)
                  000305b8    00000050     lto14 (.text.nvram_write_dataset_tail)
                  00030608    00000050     lto14 (.text.rclPowerNotify)
                  00030658    00000050     lto14 (.text.sleepTicks)
                  000306a8    00000050     lto14 (.text.uDMASetChannelTransfer)
                  000306f8    00000050     lto14 (.text.validate_new_channel)
                  00030748    00000050     ti_freertos_config.o (.text.xTaskCreateStatic)
                  00030798    00000050     zb_ed_role.a : zboss_r23_common_zb_address.obj (.text.zb_address_by_ieee)
                  000307e8    00000050     zb_zdo_ed.a : zboss_r23_zdo_af_rx.obj (.text.zb_af_handle_zcl_frame)
                  00030838    00000050     lto14 (.text.zb_bdb_finding_binding_initiator_stop)
                  00030888    00000050     zb_ed_role.a : zboss_r23_common_zb_signal_common.obj (.text.zb_get_app_signal)
                  000308d8    00000050                  : zboss_r23_mac_mac.obj (.text.zb_mlme_poll_request)
                  00030928    00000050     lto14 (.text.zb_nvram_check_and_read_page_hdr_ds)
                  00030978    00000050     zb_ti_platform_zed_log.a : osif_ti_f3_nvram.obj (.text.zb_osif_nvram_read)
                  000309c8    00000050                              : osif_ti_f3_nvram.obj (.text.zb_osif_nvram_write)
                  00030a18    00000050     zb_ed_role.a : zboss_r23_common_zb_scheduler.obj (.text.zb_schedule_callback)
                  00030a68    00000050     lto14 (.text.zb_zcl_ota_upgrade_finish_upgrade)
                  00030ab8    00000050     zb_cluster_ed.a : zboss_r23_zcl_zcl_basic_commands.obj (.text.zb_zcl_process_basic_specific_commands_srv)
                  00030b08    00000050                     : zboss_r23_zcl_zcl_common.obj (.text.zb_zcl_register_cb)
                  00030b58    00000050                     : zboss_r23_zcl_zcl_s_wwah.obj (.text.zb_zcl_wwah_match_desc_resp_handle)
                  00030ba8    00000050     zb_zdo_ed.a : zboss_r23_zdo_zdo_tlv_mgmt.obj (.text.zb_zdo_get_tunneled_frame_from_relay)
                  00030bf8    00000050     lto14 (.text.zb_zdo_mgmt_permit_joining_req)
                  00030c48    00000050     zb_zdo_ed.a : zboss_r23_zdo_zdo_commissioning.obj (.text.zdo_commissioning_nwk_discovery_failed)
                  00030c98    0000004e     ti_freertos_config.o (.text.realloc)
                  00030ce6    0000004e     lto14 (.text.zb_nwk_neighbor_update_lqa)
                  00030d34    0000004e     lto14 (.text.zb_zdo_process_eui64_array)
                  00030d82    00000002     --HOLE-- [fill = 0]
                  00030d84    0000004c     lto14 (.text.AESCTRLPF3_processData)
                  00030dd0    0000004c     driverlib.a : interrupt.c.obj (.text.IntSetPend)
                  00030e1c    0000004c                 : lrfd.c.obj (.text.LRFDApplyClockDependencies)
                  00030e68    0000004c     rcl_cc23x0r5.a : LRFCC23X0.c.obj (.text.LRF_programTemperatureCompensatedTxPower)
                  00030eb4    0000004c                    : LRFCC23X0.c.obj (.text.LRF_writeTxFifoWords)
                  00030f00    0000004c     lto14 (.text.OPT3001_begin)
                  00030f4c    0000004c     lto14 (.text.SHA2_open)
                  00030f98    0000004c     drivers_cc23x0r5.a : UDMALPF3.c.obj (.text.UDMALPF3_init)
                  00030fe4    0000004c     lto14 (.text.aps_in_frag_find_by_buf)
                  00031030    0000004c     zb_ed_role.a : zboss_r23_secur_bdb_secur.obj (.text.bdb_initiate_key_verify)
                  0003107c    0000004c                  : zboss_r23_commissioning_bdb_zdo_commissioning_bdb.obj (.text.bdb_start_rejoin_recovery)
                  000310c8    0000004c     lto14 (.text.call_nlme_status_ind)
                  00031114    0000004c     lto14 (.text.del_short_sorted)
                  00031160    0000004c     lto14 (.text.forward_req_packet_or_delay)
                  000311ac    0000004c     zb_cluster_ed.a : zboss_r23_zcl_zcl_common.obj (.text.get_cluster_desc)
                  000311f8    0000004c     lto14 (.text.schedule_resend_buffer)
                  00031244    0000004c     zb_ed_role.a : zboss_r23_secur_zdo_secur.obj (.text.secur_nwk_key_by_seq)
                  00031290    0000004c     on_off_switch_ota_client.o (.text.send_percentage)
                  000312dc    0000004c     zb_ed_role.a : zboss_r23_common_zb_signal_common.obj (.text.zb_app_signal_pack_with_detailed_status)
                  00031328    0000004c                  : zboss_r23_commissioning_bdb_bdb_finding_binding.obj (.text.zb_bdb_finding_binding_target_cancel)
                  00031374    0000004c                  : zboss_r23_mac_mac.obj (.text.zb_mac_check_frame_dst_addr)
                  000313c0    0000004c                  : zboss_r23_mac_mac_zcl_diagnostic.obj (.text.zb_mac_diagnostics_periodic_handler)
                  0003140c    0000004c                  : zboss_r23_nwk_nwk_main.obj (.text.zb_nwk_handle_init)
                  00031458    0000004c     lto14 (.text.zb_nwk_reset_nwk_addr_in_mac_pib)
                  000314a4    0000004c     zb_ed_role.a : zboss_r23_nwk_nwk_main.obj (.text.zb_nwk_unlock_in)
                  000314f0    0000004c                  : zboss_r23_secur_zdo_secur.obj (.text.zb_secur_delete_link_key_by_idx)
                  0003153c    0000004c     lto14 (.text.zb_zcl_send_default_handler)
                  00031588    0000004c     zb_zdo_ed.a : zboss_r23_zdo_zdo_bind_manage.obj (.text.zb_zdo_end_device_bind_resp)
                  000315d4    0000004c     lto14 (.text.zb_zdo_pim_start_fast_poll)
                  00031620    0000004a     rcl_cc23x0r5.a : LRF.c.obj (.text.LRF_loadImage)
                  0003166a    0000004a     ti_freertos_config.o (.text.calloc)
                  000316b4    0000004a     zb_ed_role.a : zboss_r23_secur_apsme_secur.obj (.text.zb_secur_apsme_request_key)
                  000316fe    0000004a     zb_cluster_ed.a : zboss_r23_zcl_zcl_common.obj (.text.zb_zcl_schedule_status_abort)
                  00031748    00000048     lto14 (.text.LRF_setTemperatureTrim)
                  00031790    00000048     lto14 (.text.OPT3001_read)
                  000317d8    00000048     lto14 (.text.PowerCC23X0_hfxtAmpsettledTimeout)
                  00031820    00000048     lto14 (.text.Power_releaseDependency)
                  00031868    00000010     lto14 (.tramp.OUTLINED_FUNCTION_485.2)
                  00031878    00000048     lto14 (.text.Power_setDependency)
                  000318c0    00000048     lto14 (.text.degreesToCode)
                  00031908    00000048     lto14 (.text.initiate_short_disc)
                  00031950    00000048     ti_freertos_config.o (.text.localProgramStart)
                  00031998    00000048     lto14 (.text.mac_get_tx_power)
                  000319e0    00000048     lto14 (.text.prvSampleTimeNow)
                  00031a28    00000048     lto14 (.text.removeThreadKeys)
                  00031a70    00000048     lto14 (.text.tmp102_readRegister)
                  00031ab8    00000048     ti_freertos_config.o (.text.xTimerCreateTimerTask)
                  00031b00    00000048     zb_ed_role.a : zboss_r23_aps_aps_bind.obj (.text.zb_apsme_clear_all_bind_by_ieee)
                  00031b48    00000048                  : zboss_r23_common_zb_bufpool_mult.obj (.text.zb_buf_reuse_func)
                  00031b90    00000048     lto14 (.text.zb_calculate_mic64_for_challenge)
                  00031bd8    00000048     lto14 (.text.zb_ecc_dlk_create_base_point)
                  00031c20    00000048     zb_ed_role.a : zboss_r23_mac_mac_associate.obj (.text.zb_mac_assoc_send_data_req)
                  00031c68    00000048                  : zboss_r23_nwk_nwk_nlme.obj (.text.zb_mlme_poll_confirm)
                  00031cb0    00000048                  : zboss_r23_nwk_nwk_broadcasting.obj (.text.zb_nwk_broadcasting_find_btr)
                  00031cf8    00000048     lto14 (.text.zb_panid_conflict_set_panid_conf)
                  00031d40    00000048     zb_ed_role.a : zboss_r23_common_zb_tlv.obj (.text.zb_tlv_parse_value_fragmentation_parameters)
                  00031d88    00000048     zb_zdo_ed.a : zboss_r23_zdo_zdo_hubs.obj (.text.zb_wwah_set_pending_panid)
                  00031dd0    00000048     zb_cluster_ed.a : zboss_r23_zcl_zcl_s_wwah.obj (.text.zb_zcl_wwah_bad_parent_recovery_signal)
                  00031e18    00000048                     : zboss_r23_zcl_zcl_s_wwah.obj (.text.zb_zcl_wwah_recounter_checkin)
                  00031e60    00000048     zb_zdo_ed.a : zboss_r23_zdo_zdo_poll.obj (.text.zb_zdo_pim_set_long_poll_interval)
                  00031ea8    00000048     lto14 (.text.zb_zdo_pim_start_poll)
                  00031ef0    00000048     lto14 (.text.zb_zdo_pim_stop_poll)
                  00031f38    00000048     zb_zdo_ed.a : zboss_r23_zdo_zdo_poll.obj (.text.zb_zdo_pim_turbo_poll_continuous_leave)
                  00031f80    00000048     lto14 (.text.zb_zdo_pim_work_poll_interval_update)
                  00031fc8    00000048     zb_zdo_ed.a : zboss_r23_zdo_zdo_app_leave.obj (.text.zdo_device_removed)
                  00032010    00000046     ti_freertos_config.o (.text.pthread_exit)
                  00032056    00000002     --HOLE-- [fill = 0]
                  00032058    00000044     lto14 (.text.AESCMACLPF3_generateSubKey)
                  0003209c    00000044     ti_freertos_config.o (.text.ClockP_construct)
                  000320e0    00000044     drivers_cc23x0r5.a : GPIO.c.obj (.text.GPIO_resetConfig)
                  00032124    00000044     opt3001.o (.text.OPT3001_apply_config)
                  00032168    00000044     zb_ed_role.a : zboss_r23_aps_aps_main.obj (.text.aps_force_retx)
                  000321ac    00000044     lto14 (.text.aps_in_frag_stop_ack_timer)
                  000321f0    00000044     lto14 (.text.aps_retrans_ent_free)
                  00032234    00000044     lto14 (.text.batMonHwiFxn)
                  00032278    00000044     zb_ed_role.a : zboss_r23_secur_bdb_secur.obj (.text.bdb_request_tclk_alarm)
                  000322bc    00000044     lto14 (.text.bdb_touchlink_machine)
                  00032300    00000044     zb_ed_role.a : zboss_r23_secur_bdb_secur.obj (.text.bdb_verify_tclk_alarm)
                  00032344    00000044     lto14 (.text.call_status_indication)
                  00032388    00000044     lto14 (.text.getVoltage)
                  000323cc    00000044     rcl_cc23x0r5.a : hal_cc23x0.c.obj (.text.hal_power_release_swtcxo_update_constraint)
                  00032410    00000044     lto14 (.text.handle_scan_during_poll)
                  00032454    00000044     lto14 (.text.mgmt_leave_to_unauth_chld)
                  00032498    00000044     lto14 (.text.prvInsertBlockIntoFreeList)
                  000324dc    00000044     lto14 (.text.setNextThresholds)
                  00032520    00000044     lto14 (.text.tmp102_openPointerRegister)
                  00032564    00000044     ti_freertos_config.o (.text.vPortFree)
                  000325a8    00000044     ti_freertos_config.o (.text.vTaskStepTick)
                  000325ec    00000004     lto14 (.text.OUTLINED_FUNCTION_171)
                  000325f0    00000044     ti_freertos_portable_config.o (.text.xPortPendSVHandler)
                  00032634    00000044     zb_ed_role.a : zboss_r23_aps_aps_main.obj (.text.zb_aps_get_max_buffer_size)
                  00032678    00000044                  : zboss_r23_aps_aps_main.obj (.text.zb_aps_get_max_trans_size)
                  000326bc    00000044     lto14 (.text.zb_apsde_check_selfie)
                  00032700    00000044     zb_ed_role.a : zboss_r23_common_zb_address.obj (.text.zb_ieee_addr_decompress)
                  00032744    00000044     ti_f3_main.o (.text.zb_memmove)
                  00032788    00000044     zb_ed_role.a : zboss_r23_nwk_nwk_nlme.obj (.text.zb_nwk_pib_set)
                  000327cc    00000044                  : zboss_r23_common_zb_random.obj (.text.zb_random_val)
                  00032810    00000044     lto14 (.text.zb_zcl_call_identify_time_attr_device_cb)
                  00032854    00000044     zb_cluster_ed.a : zboss_r23_zcl_zcl_attr_value.obj (.text.zb_zcl_write_attr_hook)
                  00032898    00000044     zb_zdo_ed.a : zboss_r23_zdo_zdo_app.obj (.text.zb_zdo_dev_start_cont)
                  000328dc    00000044     lto14 (.text.zb_zdo_set_channel_cont)
                  00032920    00000044     lto14 (.text.zdo_validate_nwk_addr_resp)
                  00032964    00000042     libclang_rt.builtins.a : fixunsdfsi.S.obj (.text.__fixunsdfsi)
                  000329a6    00000042     lto14 (.text.squeeze)
                  000329e8    00000042     zb_zdo_ed.a : zboss_r23_zdo_zdo_rx.obj (.text.zb_zdo_send_status_res)
                  00032a2a    00000002     --HOLE-- [fill = 0]
                  00032a2c    00000040     drivers_cc23x0r5.a : NVSLPF3.c.obj (.text.NVSLPF3_read)
                  00032a6c    00000040     lto14 (.text.PWMTimerLPF3_getPeriodCounts)
                  00032aac    00000040     ti_freertos_config.o (.text.SemaphoreP_construct)
                  00032aec    00000040     libclang_rt.builtins.a : aeabi_uidivmod.S.obj (.text.__aeabi_uidivmod)
                  00032b2c    00000040                            : extendsfdf2.S.obj (.text.__extendsfdf2)
                  00032b6c    00000040     lto14 (.text.find_binding_whitelist_entry)
                  00032bac    00000040     zb_ed_role.a : zboss_r23_mac_mac_associate.obj (.text.mac_association_req_sent)
                  00032bec    00000040     zb_ti_platform_zed_log.a : mac_ti_f3_mac.obj (.text.mac_ti23xx_get_energy_level)
                  00032c2c    00000040     lto14 (.text.schedule_wwah_rejoin_backoff_attempt)
                  00032c6c    00000040     lto14 (.text.startCSMABackoff)
                  00032cac    00000040     lto14 (.text.start_wait_reporting_timer)
                  00032cec    00000040     ti_freertos_config.o (.text.vTaskPlaceOnEventListRestricted)
                  00032d2c    00000040     lto14 (.text.zb_bdb_find_respondent)
                  00032d6c    00000040     zb_ed_role.a : zboss_r23_commissioning_bdb_bdb_finding_binding.obj (.text.zb_bdb_finding_binding_initiator_alarm)
                  00032dac    00000040                  : zboss_r23_common_zb_bufpool_mult.obj (.text.zb_buf_cut_left_func)
                  00032dec    00000040     zb_zdo_ed.a : zboss_r23_zdo_zdo_app_leave.obj (.text.zb_nlme_leave_indication)
                  00032e2c    00000040     zb_ed_role.a : zboss_r23_nwk_nwk_join.obj (.text.zb_nlme_rejoin_set_channel)
                  00032e6c    00000040     lto14 (.text.zb_nvs_open)
                  00032eac    00000040     zb_cluster_ed.a : zboss_r23_zcl_zcl_main.obj (.text.zb_zcl_map_ret_code_to_zcl_status)
                  00032eec    00000040     lto14 (.text.zb_zcl_ota_upgrade_request_server)
                  00032f2c    00000040     zb_cluster_ed.a : zboss_r23_zcl_zcl_s_wwah.obj (.text.zb_zcl_wwah_periodic_checkin_timeout)
                  00032f6c    00000040     zb_zdo_ed.a : zboss_r23_zdo_zdo_disc_cli.obj (.text.zb_zdo_ieee_addr_req)
                  00032fac    00000040                 : zboss_r23_zdo_zdo_poll.obj (.text.zb_zdo_pim_set_fast_poll_timeout)
                  00032fec    00000040     lto14 (.text.zdo_join_done)
                  0003302c    0000003e     drivers_cc23x0r5.a : PWMTimerLPF3.c.obj (.text.PWMTimerLPF3_stop)
                  0003306a    00000002     --HOLE-- [fill = 0]
                  0003306c    0000003c     lto14 (.text.ADCSetInput)
                  000330a8    0000003c     drivers_cc23x0r5.a : BatteryMonitorLPF3.c.obj (.text.BatteryMonitor_init)
                  000330e4    00000010     lto14 (.tramp.OUTLINED_FUNCTION_485.3)
                  000330f4    0000003c     drivers_cc23x0r5.a : PWMTimerLPF3.c.obj (.text.PWMTimerLPF3_start)
                  00033130    0000003c     lto14 (.text.SHA2_finalize)
                  0003316c    0000003c     ti_freertos_config.o (.text.SemaphoreP_pend)
                  000331a8    0000003c     lto14 (.text.aps_start_dups_alarm)
                  000331e4    0000003c     zb_ed_role.a : zboss_r23_commissioning_bdb_zdo_commissioning_bdb.obj (.text.bdb_joined)
                  00033220    0000003c     lto14 (.text.call_ed_scan_confirm)
                  0003325c    0000003c     lto14 (.text.countLeadingZeros)
                  00033298    0000003c     ti_freertos_config.o (.text.eTaskConfirmSleepModeStatus)
                  000332d4    0000003c     lto14 (.text.prvProcessExpiredTimer)
                  00033310    0000003c     lto14 (.text.updateThresholds)
                  0003334c    0000003c     zb_ed_role.a : zboss_r23_aps_aps_main.obj (.text.zb_aps_send_command)
[...]
ffffffff  __TI_prof_data_start                                
00004100  __TI_static_base__                                  
00037b71  __TI_zero_init                                      
0002c2e1  __aeabi_d2f                                         
00032965  __aeabi_d2uiz                                       
00022755  __aeabi_ddiv                                        
000247c9  __aeabi_dmul                                        
00030429  __aeabi_errno_addr                                  
00032b2d  __aeabi_f2d                                         
0003381d  __aeabi_f2iz                                        
0002a441  __aeabi_fmul                                        
00034a4d  __aeabi_i2d                                         
0002f959  __aeabi_idiv                                        
00023ba3  __aeabi_idiv0                                       
0002f959  __aeabi_idivmod                                     
000273bb  __aeabi_ldiv0                                       
000362c9  __aeabi_llsl                                        
000356bd  __aeabi_lmul                                        
00037f5d  __aeabi_memclr                                      
00037f5d  __aeabi_memclr4                                     
00037f5d  __aeabi_memclr8                                     
00038735  __aeabi_memcpy                                      
00038735  __aeabi_memcpy4                                     
00038735  __aeabi_memcpy8                                     
00037ded  __aeabi_memset                                      
00037ded  __aeabi_memset4                                     
00037ded  __aeabi_memset8                                     
00035699  __aeabi_ui2d                                        
0003501d  __aeabi_ui2f                                        
00032aed  __aeabi_uidiv                                       
00032aed  __aeabi_uidivmod                                    
000373b5  __aeabi_uldivmod                                    
000362c9  __ashldi3                                           
ffffffff  __binit__                                           
0002f381  __clzsi2                                            
00022755  __divdf3                                            
00032b2d  __extendsfdf2                                       
0003381d  __fixsfsi                                           
00032965  __fixunsdfsi                                        
00034a4d  __floatsidf                                         
00035699  __floatunsidf                                       
0003501d  __floatunsisf                                       
UNDEFED   __mpu_init                                          
000247c9  __muldf3                                            
000356bd  __muldi3                                            
00033659  __muldsi3                                           
0002a441  __mulsf3                                            
20008c00  __stack                                             
20000000  __start___llvm_prf_bits                             
20000000  __start___llvm_prf_cnts                             
20000000  __stop___llvm_prf_bits                              
20000000  __stop___llvm_prf_cnts                              
0002c2e1  __truncdfsf2                                        
000283c9  __udivmoddi4                                        
0003679d  _c_int00                                            
UNDEFED   _system_post_cinit                                  
00038f1d  abort                                               
00038745  aligned_alloc                                       
ffffffff  binit                                               
0003166b  calloc                                              
4e020000  ccfg                                                
00033299  eTaskConfirmSleepModeStatus                         
000379f1  free                                                
00031951  localProgramStart                                   
0003396d  malloc                                              
0002ad41  memalign                                            
00025319  pthread_create                                      
00032011  pthread_exit                                        
00037a01  pthread_self                                        
00024b55  pvPortMalloc                                        
00036cc9  pvTaskIncrementMutexHeldCount                       
20007564  pxCurrentTCB                                        
00030c99  realloc                                             
00037a11  resetISR                                            
00004100  resetVectors                                        
0003c651  sysTimerResolutionShift                             
2000521c  sysTimerTimeouts                                    
4e020000  ti_utils_build_GenMap_sym_CRC_CCFG_BOOT_CFG_begin   
4e02000b  ti_utils_build_GenMap_sym_CRC_CCFG_BOOT_CFG_end     
4e0207d0  ti_utils_build_GenMap_sym_CRC_CCFG_DEBUG_begin      
4e0207fb  ti_utils_build_GenMap_sym_CRC_CCFG_DEBUG_end        
4e020750  ti_utils_build_GenMap_sym_CRC_CCFG_USER_RECORD_begin
4e0207cb  ti_utils_build_GenMap_sym_CRC_CCFG_USER_RECORD_end  
4e020010  ti_utils_build_GenMap_sym_CRC_CCFG_begin            
4e02074b  ti_utils_build_GenMap_sym_CRC_CCFG_end              
00035bf7  uxListRemove                                        
0003c664  uxTopUsedPriority                                   
00029b43  vApplicationStackOverflowHook                       
00034943  vListInsert                                         
00036cf9  vListInsertEnd                                      
00032565  vPortFree                                           
000377b3  vQueueDelete                                        
0002fe4d  vQueueWaitForMessageRestricted                      
00027b55  vTaskDelete                                         
000364e1  vTaskPlaceOnEventList                               
00032ced  vTaskPlaceOnEventListRestricted                     
0002d985  vTaskPriorityDisinheritAfterTimeout                 
00034185  vTaskSetApplicationTaskTag                          
0002902d  vTaskStartScheduler                                 
000325a9  vTaskStepTick                                       
00026a2d  vTaskSuspend                                        
0002b3e5  vTaskSwitchContext                                  
0003587d  xQueueCreateCountingSemaphore                       
00034de7  xQueueCreateCountingSemaphoreStatic                 
0002f9af  xQueueGenericCreate                                 
00033dcb  xQueueGenericCreateStatic                           
00027025  xQueueGenericReset                                  
0002001d  xQueueGenericSend                                   
0002e665  xQueueGiveFromISR                                   
00021239  xQueueReceive                                       
0002bead  xQueueReceiveFromISR                                
0001dfcd  xQueueSemaphoreTake                                 
0002d9ed  xTaskCheckForTimeOut                                
0002e6c5  xTaskCreate                                         
00030749  xTaskCreateStatic                                   
000341b9  xTaskGetApplicationTaskTag                          
000232bd  xTaskIncrementTick                                  
0002df1d  xTaskPriorityDisinherit                             
0002b465  xTaskPriorityInherit                                
00027d55  xTaskRemoveFromEventList                            
00021c61  xTaskResumeAll                                      
00031ab9  xTimerCreateTimerTask                               


GLOBAL SYMBOLS: SORTED BY Symbol Address 

address   name                                                
-------   ----                                                
00000000  __TI_ATRegion0_region_sz                            
00000000  __TI_ATRegion0_src_addr                             
00000000  __TI_ATRegion0_trg_addr                             
00000000  __TI_ATRegion1_region_sz                            
00000000  __TI_ATRegion1_src_addr                             
00000000  __TI_ATRegion1_trg_addr                             
00000000  __TI_ATRegion2_region_sz                            
00000000  __TI_ATRegion2_src_addr                             
00000000  __TI_ATRegion2_trg_addr                             
00000400  __STACK_SIZE                                        
00004000  _PRIMARY_SLOT_BASE                                  
00004100  __TI_static_base__                                  
00004100  resetVectors                                        
00018bf1  PowerCC23X0_standbyPolicy                           
0001dfcd  xQueueSemaphoreTake                                 
0002001d  xQueueGenericSend                                   
00021239  xQueueReceive                                       
00021c61  xTaskResumeAll                                      
00022755  __aeabi_ddiv                                        
00022755  __divdf3                                            
000232bd  xTaskIncrementTick                                  
00023ba3  __aeabi_idiv0                                       
000247c9  __aeabi_dmul                                        
000247c9  __muldf3                                            
00024b55  pvPortMalloc                                        
00025319  pthread_create                                      
00026a2d  vTaskSuspend                                        
00026f5d  SwiP_construct                                      
00027025  xQueueGenericReset                                  
000273bb  __aeabi_ldiv0                                       
00027b55  vTaskDelete                                         
00027d55  xTaskRemoveFromEventList                            
000283c9  __udivmoddi4                                        
0002902d  vTaskStartScheduler                                 
00029ab1  AESProcessAlignedBlocksCMAC                         
00029ac1  AESProcessAlignedBlocksCTR                          
00029ad9  AESProcessAlignedBlocksECB                          
00029b21  AESCopyBlock                                        
00029b43  vApplicationStackOverflowHook                       
00029b45  ClockP_startup                                      
0002a441  __aeabi_fmul                                        
0002a441  __mulsf3                                            
0002ab31  SwiP_dispatch                                       
0002ad41  memalign                                            
0002b3e5  vTaskSwitchContext                                  
0002b465  xTaskPriorityInherit                                
0002bdbd  HwiP_construct                                      
0002bead  xQueueReceiveFromISR                                
0002c105  __TI_decompress_lzss                                
0002c2dd  Exception_handlerSpin                               
0002c2e1  __aeabi_d2f                                         
0002c2e1  __truncdfsf2                                        
0002c8d5  ClockP_start                                        
0002d27d  ClockP_stop                                         
0002d985  vTaskPriorityDisinheritAfterTimeout                 
0002d9ed  xTaskCheckForTimeOut                                
0002df1d  xTaskPriorityDisinherit                             
0002e665  xQueueGiveFromISR                                   
0002e6c5  xTaskCreate                                         
0002f109  ClockP_walkQueueDynamic                             
0002f319  SwiP_post                                           
0002f381  __clzsi2                                            
0002f959  __aeabi_idiv                                        
0002f959  __aeabi_idivmod                                     
0002f9af  xQueueGenericCreate                                 
0002fe4d  vQueueWaitForMessageRestricted                      
00030429  __aeabi_errno_addr                                  
00030749  xTaskCreateStatic                                   
00030c99  realloc                                             
0003166b  calloc                                              
00031951  localProgramStart                                   
00031ab9  xTimerCreateTimerTask                               
00032011  pthread_exit                                        
0003209d  ClockP_construct                                    
00032565  vPortFree                                           
000325a9  vTaskStepTick                                       
00032965  __aeabi_d2uiz                                       
00032965  __fixunsdfsi                                        
00032aad  SemaphoreP_construct                                
00032aed  __aeabi_uidiv                                       
00032aed  __aeabi_uidivmod                                    
00032b2d  __aeabi_f2d                                         
00032b2d  __extendsfdf2                                       
00032ced  vTaskPlaceOnEventListRestricted                     
0003316d  SemaphoreP_pend                                     
00033299  eTaskConfirmSleepModeStatus                         
0003361d  __TI_auto_init_nobinit_nopinit                      
00033659  __muldsi3                                           
000337ad  SemaphoreP_create                                   
0003381d  __aeabi_f2iz                                        
0003381d  __fixsfsi                                           
0003396d  malloc                                              
00033dcb  xQueueGenericCreateStatic                           
00033f0d  HwiP_disable                                        
00034011  SwiP_destruct                                       
00034185  vTaskSetApplicationTaskTag                          
000341b9  xTaskGetApplicationTaskTag                          
000344f5  HwiP_dispatch                                       
00034943  vListInsert                                         
00034a4d  __aeabi_i2d                                         
00034a4d  __floatsidf                                         
00034de7  xQueueCreateCountingSemaphoreStatic                 
00034e8d  ClockP_usleep                                       
00034eb5  HwiP_restore                                        
0003501d  __aeabi_ui2f                                        
0003501d  __floatunsisf                                       
00035699  __aeabi_ui2d                                        
00035699  __floatunsidf                                       
000356bd  __aeabi_lmul                                        
000356bd  __muldi3                                            
0003587d  xQueueCreateCountingSemaphore                       
00035b4d  SemaphoreP_constructBinary                          
00035bf7  uxListRemove                                        
00035d01  HwiP_destruct                                       
00035e01  SemaphoreP_post                                     
000362ab  SemaphoreP_createBinary                             
000362c9  __aeabi_llsl                                        
000362c9  __ashldi3                                           
00036375  PTLS_taskDeleteHook                                 
000364e1  vTaskPlaceOnEventList                               
0003679d  _c_int00                                            
00036c09  QueueP_get                                          
00036c21  QueueP_put                                          
00036cc9  pvTaskIncrementMutexHeldCount                       
00036cf9  vListInsertEnd                                      
00036ea9  HwiP_setPriority                                    
000373b5  __aeabi_uldivmod                                    
000377b3  vQueueDelete                                        
0003781d  TI_memcpy_small                                     
0003782f  __TI_decompress_none                                
00037861  ClockP_destruct                                     
00037871  ClockP_setFunc                                      
00037891  HwiP_setFunc                                        
000379f1  free                                                
00037a01  pthread_self                                        
00037a11  resetISR                                            
00037b71  __TI_zero_init                                      
00037ded  __aeabi_memset                                      
00037ded  __aeabi_memset4                                     
00037ded  __aeabi_memset8                                     
00037e25  TI_memset_small                                     
00037f5d  __aeabi_memclr                                      
00037f5d  __aeabi_memclr4                                     
00037f5d  __aeabi_memclr8                                     
00038735  __aeabi_memcpy                                      
00038735  __aeabi_memcpy4                                     
00038735  __aeabi_memcpy8                                     
00038745  aligned_alloc                                       
00038f1c  C$$EXIT                                             
00038f1d  abort                                               
0003c651  sysTimerResolutionShift                             
0003c658  TimestampP_nativeFormat32                           
0003c65c  TimestampP_nativeFormat64                           
0003c664  uxTopUsedPriority                                   
0003c9b0  __TI_Handler_Table_Base                             
0003c9bc  __TI_Handler_Table_Limit                            
0003c9d4  __TI_CINIT_Base                                     
0003c9f4  __TI_CINIT_Limit                                    
0003c9f4  __TI_CINIT_Warm                                     
0003d800  _MCUBOOT_MAX_SLOT_SIZE                              
00041800  _SECONDARY_SLOT_BASE                                
20000000  __start___llvm_prf_bits                             
20000000  __start___llvm_prf_cnts                             
20000000  __stop___llvm_prf_bits                              
20000000  __stop___llvm_prf_cnts                              
2000521c  sysTimerTimeouts                                    
20006c34  __TI_cleanup_ptr                                    
20006c38  __TI_dtors_ptr                                      
20006f0c  HwiP_swiPIntNum                                     
20007564  pxCurrentTCB                                        
20008c00  __stack                                             
20009000  __STACK_END                                         
4e020000  ccfg                                                
4e020000  ti_utils_build_GenMap_sym_CRC_CCFG_BOOT_CFG_begin   
4e02000b  ti_utils_build_GenMap_sym_CRC_CCFG_BOOT_CFG_end     
4e020010  ti_utils_build_GenMap_sym_CRC_CCFG_begin            
4e02074b  ti_utils_build_GenMap_sym_CRC_CCFG_end              
4e020750  ti_utils_build_GenMap_sym_CRC_CCFG_USER_RECORD_begin
4e0207cb  ti_utils_build_GenMap_sym_CRC_CCFG_USER_RECORD_end  
4e0207d0  ti_utils_build_GenMap_sym_CRC_CCFG_DEBUG_begin      
4e0207fb  ti_utils_build_GenMap_sym_CRC_CCFG_DEBUG_end        
90002d10  TimestampP_nativeFormat64_copy                      
90002d14  TimestampP_nativeFormat32_copy                      
ffffffff  __TI_pprof_out_hndl                                 
ffffffff  __TI_prof_data_size                                 
ffffffff  __TI_prof_data_start                                
ffffffff  __binit__                                           
ffffffff  binit                                               
UNDEFED   RCL_Debug_assertProxy                               
UNDEFED   RCL_Profiling_eventHook                             
UNDEFED   __mpu_init                                          
UNDEFED   _system_post_cinit                                  

[192 symbols]
