******************************************************************************
            TI ARM Clang Linker PC v3.2.2                      
******************************************************************************
>> Linked Tue Jun 30 20:24:42 2026

OUTPUT FILE NAME:   <mcuboot_flower_CC2340R5_RGE.out>
ENTRY POINT SYMBOL: "resetISR"  address: 00002ddb


MEMORY CONFIGURATION

         name            origin    length      used     unused   attr    fill
----------------------  --------  ---------  --------  --------  ----  --------
  FLASH                 00000000   00004000  0000330c  00000cf4  R  X
  SRAM                  20000000   00009000  000049d8  00004628  RW X
  CCFG                  4e020000   00000800  00000800  00000000  RW  
  LOG_DATA              90000000   00040000  00000000  00040000  R   


SEGMENT ALLOCATION MAP

run origin  load origin   length   init length attrs members
----------  ----------- ---------- ----------- ----- -------
00000000    00000000    000032d0   000032d0    r-x
  00000000    00000000    0000008c   0000008c    r-- .resetVecs
  0000008c    0000008c    00002f08   00002f08    r-x .text
  00002f94    00002f94    0000033c   0000033c    r-- .rodata
000032d0    000032d0    00000008   00000008    rw-
  000032d0    000032d0    00000008   00000008    rw- .args
000032d8    000032d8    00000034   00000034    r--
  000032d8    000032d8    00000034   00000034    r-- .cinit
20000000    20000000    000045d8   00000000    rw-
  20000000    20000000    00002568   00000000    rw- .bss
  20002568    20002568    00002000   00000000    rw- .sysmem
  20004568    20004568    00000070   00000000    rw- .data
20008c00    20008c00    00000400   00000000    rw-
  20008c00    20008c00    00000400   00000000    rw- .stack
4e020000    4e020000    00000800   00000800    r--
  4e020000    4e020000    00000800   00000800    r-- .ccfg


SECTION ALLOCATION MAP

 output                                  attributes/
section   page    origin      length       input sections
--------  ----  ----------  ----------   ----------------
.resetVecs 
*          0    00000000    0000008c     
                  00000000    0000008c     nortos_cc23x0r5.a : startup_cc23x0r5_ticlang.c.obj (.resetVecs)

.binit     0    00000000    00000000     

.text      0    0000008c    00002f08     
                  0000008c    00000380     ecc.a : scalarMul.c.obj (.text.SCALARMUL_core)
                  0000040c    00000330           : scalarMul.c.obj (.text.ATOMICPATTERN)
                  0000073c    00000310           : lowlevelapi_m0_gnu.s.obj (.text)
                  00000a4c    000002e0           : ECCSW.c.obj (.text.ECCSW_ECDSAVerify)
                  00000d2c    0000020c     loader.o (.text.context_boot_go)
                  00000f38    00000208     image_validate.o (.text.bootutil_img_validate)
                  00001140    000001d8     ecc.a : scalarMul.c.obj (.text.INVERT)
                  00001318    000001a8           : scalarMul.c.obj (.text.JACADD)
                  000014c0    00000130           : ECCSW.c.obj (.text.ECCSW_validatePublicKeyWeierstrass)
                  000015f0    00000120     image_ecdsa.o (.text.bootutil_verify_sig)
                  00001710    00000118     loader.o (.text.boot_validate_slot)
                  00001828    000000f2     ecc.a : scalarMul.c.obj (.text.SCALARMUL_init)
                  0000191a    00000002     sl_crypto.o (.text.SlCrypto_ecdsa_p256_drop)
                  0000191c    000000f0     ecdsa_lpf3.o (.text.ECDSA_verify)
                  00001a0c    000000f0     ecc.a : scalarMul.c.obj (.text.SCALARMUL_final)
                  00001afc    000000d4           : lowlevelapi.c.obj (.text.mSET)
                  00001bd0    000000c8           : lowlevelapi.c.obj (.text.mINVK)
                  00001c98    000000c4     tlv.o (.text.bootutil_tlv_iter_begin)
                  00001d5c    000000b8     bootutil_public.o (.text.boot_read_swap_state)
                  00001e14    000000ae     swap_scratch.o (.text.boot_slots_compatible)
                  00001ec2    00000002     sl_crypto.o (.text.SlCrypto_ecdsa_p256_init)
                  00001ec4    000000ac     tlv.o (.text.bootutil_tlv_iter_next)
                  00001f70    000000ac     asn1parse.o (.text.mbedtls_asn1_get_len)
                  0000201c    000000a8     bootutil_public.o (.text.boot_swap_type_multi)
                  000020c4    000000a2     libclang_rt.builtins.a : udivmoddi4.S.obj (.text)
                  00002166    00000094     ecc.a : scalarMul.c.obj (.text.SQUAREMULTIPLYWORD)
                  000021fa    00000002     sl_crypto.o (.text.SlCrypto_sha256_drop)
                  000021fc    00000090     ecc.a : lowlevelapi.c.obj (.text.zSUB)
                  0000228c    0000008a           : lowlevelapi.c.obj (.text.zMACC32)
                  00002316    00000088     asn1parse.o (.text.mbedtls_asn1_get_alg)
                  0000239e    00000002     libclang_rt.builtins.a : aeabi_div0.c.obj (.text.__aeabi_ldiv0)
                  000023a0    00000078     libc.a : copy_decompress_lzss.c.obj (.text:decompress:lzss)
                  00002418    00000066     ecc.a : scalarMul.c.obj (.text.GETDIGITL2R)
                  0000247e    00000002     nortos_cc23x0r5.a : startup_cc23x0r5_ticlang.c.obj (.text.faultISR)
                  00002480    00000064     loader.o (.text.boot_copy_region)
                  000024e4    00000064     flash_map_backend.o (.text.flash_area_erase)
                  00002548    00000054     sl_crypto.o (.text.SlCrypto_ecdsa_p256_verify)
                  0000259c    00000054     flash_map_backend.o (.text.flash_area_get_sectors)
                  000025f0    00000050     image_ecdsa.o (.text.bootutil_read_bigint)
                  00002640    0000004a     loader.o (.text.boot_check_header_erased)
                  0000268a    0000004a     ecc.a : lowlevelapi.c.obj (.text.zADD32)
                  000026d4    00000044     flash_map_backend.o (.text.flash_area_write)
                  00002718    00000044     mcuboot_app.o (.text.main)
                  0000275c    00000044     ecc.a : lowlevelapi.c.obj (.text.zADD)
                  000027a0    0000003e     loader.o (.text.boot_read_image_headers)
                  000027de    0000003c     ecc.a : scalarMul.c.obj (.text.GETDIGIT)
                  0000281a    00000002     flash_map_backend.o (.text.flash_area_close)
                  0000281c    0000003c     libc.a : autoinit.c.obj (.text:__TI_auto_init_nobinit_nopinit)
                  00002858    0000003a     libclang_rt.builtins.a : muldsi3.S.obj (.text.__muldsi3)
                  00002892    00000038     ecc.a : lowlevelapi.c.obj (.text.IMPORTOPERAND)
                  000028ca    00000038     bootutil_public.o (.text.boot_read_flag)
                  00002902    00000038     ecc.a : lowlevelapi.c.obj (.text.zSUB32)
                  0000293a    00000036     loader.o (.text.boot_initialize_area)
                  00002970    00000034     ecc.a : scalarMul.c.obj (.text.SAVEPOINT)
                  000029a4    00000034     swap_scratch.o (.text.boot_read_image_header)
                  000029d8    00000030     asn1parse.o (.text.mbedtls_asn1_get_bitstring_null)
                  00002a08    0000002e     ecdsa_lpf3.o (.text.CryptoUtils_reverseCopyPad)
                  00002a36    0000002e     bootutil_public.o (.text.bootutil_buffer_is_erased)
                  00002a64    0000002c     driverlib.a : setup.c.obj (.text.SetupTrimDevice)
                  00002a90    0000002a     loader.o (.text.boot_read_sectors)
                  00002aba    0000002a     flash_map_backend.o (.text.flash_area_read)
                  00002ae4    00000028     bootutil_public.o (.text.boot_read_swap_state_by_id)
                  00002b0c    00000028     flash_map_backend.o (.text.flash_area_open)
                  00002b34    00000026     asn1parse.o (.text.mbedtls_asn1_get_tag)
                  00002b5a    00000002     nortos_cc23x0r5.a : startup_cc23x0r5_ticlang.c.obj (.text.intDefaultHandler)
                  00002b5c    00000024     libclang_rt.builtins.a : muldi3.S.obj (.text.__muldi3)
                  00002b80    00000024     libc.a : boot_cortex_m.c.obj (.text:_c_int00)
                  00002ba4    00000020     ecc.a : lowlevelapi.c.obj (.text.IMPORTMODULUS)
                  00002bc4    00000020     loader.o (.text.boot_go)
                  00002be4    00000020     bootutil_misc.o (.text.memcmp)
                  00002c04    0000001e     ecc.a : ECCSW.c.obj (.text.OUTLINED_FUNCTION_0)
                  00002c22    00000002     nortos_cc23x0r5.a : startup_cc23x0r5_ticlang.c.obj (.text.nmiISR)
                  00002c24    0000001e     libclang_rt.builtins.a : ashldi3.S.obj (.text.__ashldi3)
                  00002c42    00000002     --HOLE-- [fill = 0]
                  00002c44    0000001c     libc.a : args_main.c.obj (.text._args_main)
                  00002c60    0000001a     ecc.a : lowlevelapi.c.obj (.text.BUFFERSEQUAL)
                  00002c7a    0000001a           : lowlevelapi.c.obj (.text.EXPORTOPERAND)
                  00002c94    00000018     sl_crypto.o (.text.SlCrypto_sha256_final)
                  00002cac    00000018     sl_crypto.o (.text.SlCrypto_sha256_init)
                  00002cc4    00000018     sl_crypto.o (.text.SlCrypto_sha256_update)
                  00002cdc    00000018     platform_util.o (.text.mbedtls_platform_zeroize)
                  00002cf4    00000018     image_ecdsa.o (.text.memcmp)
                  00002d0c    00000016     ecc.a : lowlevelapi.c.obj (.text.IMPORTDATA)
                  00002d22    00000016           : lowlevelapi.c.obj (.text.SETOPERAND)
                  00002d38    00000014           : lowlevelapi.c.obj (.text.ISALLZEROS)
                  00002d4c    00000014     libclang_rt.builtins.a : aeabi_uldivmod.S.obj (.text.__aeabi_uldivmod)
                  00002d60    00000012     ecc.a : ECCSW.c.obj (.text.OUTLINED_FUNCTION_1)
                  00002d72    00000012           : lowlevelapi.c.obj (.text.OUTLINED_FUNCTION_1)
                  00002d84    00000012     flash_map_backend.o (.text.flash_area_align)
                  00002d96    00000012     libc.a : memcpy16.S.obj (.text:TI_memcpy_small)
                  00002da8    00000012            : copy_decompress_none.c.obj (.text:decompress:none)
                  00002dba    00000010     ecc.a : lowlevelapi.c.obj (.text.OUTLINED_FUNCTION_5)
                  00002dca    00000010     bootutil_public.o (.text.boot_read_image_ok)
                  00002dda    00000010     nortos_cc23x0r5.a : startup_cc23x0r5_ticlang.c.obj (.text.resetISR)
                  00002dea    00000010     libc.a : copy_zero_init.c.obj (.text:decompress:ZI)
                  00002dfa    0000000e     ecc.a : lowlevelapi.c.obj (.text.COPY)
                  00002e08    0000000e           : scalarMul.c.obj (.text.OUTLINED_FUNCTION_4)
                  00002e16    0000000e           : scalarMul.c.obj (.text.OUTLINED_FUNCTION_6)
                  00002e24    0000000e           : lowlevelapi.c.obj (.text.ZERO)
                  00002e32    0000000e     flash_map_backend.o (.text.flash_area_erased_val)
                  00002e40    0000000e     flash_map_backend.o (.text.flash_area_id_from_multi_image_slot)
                  00002e4e    0000000e     libc.a : memset16.S.obj (.text:TI_memset_small)
                  00002e5c    0000000c     ecc.a : lowlevelapi.c.obj (.text.OUTLINED_FUNCTION_2)
                  00002e68    0000000c           : lowlevelapi.c.obj (.text.OUTLINED_FUNCTION_3)
                  00002e74    00000010           : lowlevelapi.c.obj (.tramp.zMACC32.1)
                  00002e84    0000000c           : ECCSW.c.obj (.text.OUTLINED_FUNCTION_4)
                  00002e90    0000000c     libclang_rt.builtins.a : aeabi_memset.S.obj (.text.__aeabi_memclr)
                  00002e9c    0000000a     ecc.a : lowlevelapi.c.obj (.text.OUTLINED_FUNCTION_0)
                  00002ea6    0000000a           : scalarMul.c.obj (.text.OUTLINED_FUNCTION_10)
                  00002eb0    0000000a           : scalarMul.c.obj (.text.OUTLINED_FUNCTION_1)
                  00002eba    0000000a           : scalarMul.c.obj (.text.OUTLINED_FUNCTION_2)
                  00002ec4    0000000a           : lowlevelapi.c.obj (.text.OUTLINED_FUNCTION_4)
                  00002ece    0000000a           : scalarMul.c.obj (.text.OUTLINED_FUNCTION_5)
                  00002ed8    0000000a           : scalarMul.c.obj (.text.OUTLINED_FUNCTION_7)
                  00002ee2    0000000a           : scalarMul.c.obj (.text.OUTLINED_FUNCTION_8)
                  00002eec    0000000a           : scalarMul.c.obj (.text.OUTLINED_FUNCTION_9)
                  00002ef6    0000000a     bootutil_public.o (.text.boot_swap_info_off)
                  00002f00    0000000a     mcuboot_app.o (.text.start_app)
                  00002f0a    00000008     ecc.a : scalarMul.c.obj (.text.OUTLINED_FUNCTION_0)
                  00002f12    00000008           : ECCSW.c.obj (.text.OUTLINED_FUNCTION_5)
                  00002f1a    00000008           : ECCSW.c.obj (.text.OUTLINED_FUNCTION_6)
                  00002f22    00000002     --HOLE-- [fill = 0]
                  00002f24    00000010           : lowlevelapi_m0_gnu.s.obj (.tramp.mADD.1)
                  00002f34    00000008           : lowlevelapi.c.obj (.text.OUTLINED_FUNCTION_6)
                  00002f3c    00000010           : lowlevelapi.c.obj (.tramp.zADD32.1)
                  00002f4c    00000008           : lowlevelapi.c.obj (.text.SETWORD)
                  00002f54    00000008     libclang_rt.builtins.a : aeabi_memcpy.S.obj (.text.__aeabi_memcpy)
                  00002f5c    00000008     bootutil_misc.o (.text.boot_fih_memequal)
                  00002f64    00000008     bootutil_misc.o (.text.bootutil_max_image_size)
                  00002f6c    00000006     ecc.a : scalarMul.c.obj (.text.OUTLINED_FUNCTION_3)
                  00002f72    00000002     --HOLE-- [fill = 0]
                  00002f74    00000010           : lowlevelapi_m0_gnu.s.obj (.tramp.mMULT.1)
                  00002f84    00000004     ecdsa_lpf3.o (.text.CryptoKeyPlaintext_initKey)
                  00002f88    00000004     ecc.a : lowlevelapi.c.obj (.text.IMPORTLENGTH)
                  00002f8c    00000004     libc.a : pre_init.c.obj (.text._system_pre_init)
                  00002f90    00000004            : exit.c.obj (.text:abort)

.rodata    0    00002f94    0000033c     
                  00002f94    00000078     ecc.a : scalarMul.c.obj (.rodata.LUTJ)
                  0000300c    0000005b     keys.o (.rodata.root_pub_der)
                  00003067    0000003c     ecc.a : scalarMul.c.obj (.rodata.LUTSTATE)
                  000030a3    00000001     --HOLE-- [fill = 0]
                  000030a4    00000024     ecdsa_lpf3.o (.rodata.ECC_NISTP256_a)
                  000030c8    00000024     ecdsa_lpf3.o (.rodata.ECC_NISTP256_a_mont)
                  000030ec    00000024     ecdsa_lpf3.o (.rodata.ECC_NISTP256_b)
                  00003110    00000024     ecdsa_lpf3.o (.rodata.ECC_NISTP256_b_mont)
                  00003134    00000024     ecdsa_lpf3.o (.rodata.ECC_NISTP256_generatorX)
                  00003158    00000024     ecdsa_lpf3.o (.rodata.ECC_NISTP256_generatorY)
                  0000317c    00000024     ecdsa_lpf3.o (.rodata.ECC_NISTP256_k_mont)
                  000031a0    00000024     ecdsa_lpf3.o (.rodata.ECC_NISTP256_order)
                  000031c4    00000024     ecdsa_lpf3.o (.rodata.ECC_NISTP256_prime)
                  000031e8    00000018     ecc.a : scalarMul.c.obj (.rodata.LUTC)
                  00003200    00000018           : scalarMul.c.obj (.rodata.LUTINCI)
                  00003218    00000018           : scalarMul.c.obj (.rodata.LUTOPSIGN)
                  00003230    00000018           : scalarMul.c.obj (.rodata.LUTSE)
                  00003248    00000012     bootutil_public.o (.rodata.boot_swap_tables)
                  0000325a    00000002     --HOLE-- [fill = 0]
                  0000325c    00000010     flash_map_backend.o (.rodata.boot_area_descs)
                  0000326c    00000010     bootutil_public.o (.rodata.boot_img_magic)
                  0000327c    0000000c     flash_map_backend.o (.rodata.bootloader)
                  00003288    0000000c     flash_map_backend.o (.rodata.primary_1)
                  00003294    0000000c     flash_map_backend.o (.rodata.secondary_1)
                  000032a0    00000009     image_ecdsa.o (.rodata.ec_secp256r1_oid)
                  000032a9    00000003     --HOLE-- [fill = 0]
                  000032ac    00000008     keys.o (.rodata.bootutil_keys)
                  000032b4    00000008     image_ecdsa.o (.rodata.ec_pubkey_oid)
                  000032bc    00000006     ecc.a : scalarMul.c.obj (.rodata.LUTOPCODE)
                  000032c2    00000002     --HOLE-- [fill = 0]
                  000032c4    00000004     keys.o (.rodata.bootutil_key_cnt)
                  000032c8    00000004     platform_util.o (.rodata.memset_func)
                  000032cc    00000004     keys.o (.rodata.root_pub_der_len)

.cinit     0    000032d8    00000034     
                  000032d8    0000000e     (.cinit..data.load) [load image, compression = lzss]
                  000032e6    00000002     --HOLE-- [fill = 0]
                  000032e8    0000000c     (__TI_handler_table)
                  000032f4    00000008     (.cinit..bss.load) [load image, compression = zero_init]
                  000032fc    00000010     (__TI_cinit_table)

.init_array 
*          0    00000000    00000000     UNINITIALIZED

.ccfg      0    4e020000    00000800     
                  4e020000    00000800     ti_devices_config.o (.ccfg)

.bss       0    20000000    00002568     UNINITIALIZED
                  20000000    00001000     loader.o (.bss.context_boot_go.primary_slot_sectors)
                  20001000    00001000     loader.o (.bss.context_boot_go.secondary_slot_sectors)
                  20002000    00000400     loader.o (.bss.boot_copy_region.buf)
                  20002400    00000100     loader.o (.bss.boot_image_check.tmpbuf)
                  20002500    00000068     sl_crypto.o (.bss.sha256SWObject)

.sysmem    0    20002568    00002000     UNINITIALIZED
                  20002568    00000010     libc.a : memory.c.obj (.sysmem)
                  20002578    00001ff0     --HOLE--

.data      0    20004568    00000070     UNINITIALIZED
                  20004568    00000064     loader.o (.data..L_MergedGlobals)
                  200045cc    00000004     fault_injection_hardening.o (.data.FIH_FAILURE)
                  200045d0    00000004     fault_injection_hardening.o (.data.FIH_NO_BOOTABLE_IMAGE)
                  200045d4    00000004     fault_injection_hardening.o (.data.FIH_SUCCESS)

.stack     0    20008c00    00000400     UNINITIALIZED
                  20008c00    00000004     libc.a : boot_cortex_m.c.obj (.stack)
                  20008c04    000003fc     --HOLE--

.log_data 
*          0    90000000    00000000     COPY SECTION

__llvm_prf_cnts 
*          0    20000000    00000000     UNINITIALIZED

__llvm_prf_bits 
*          0    20000000    00000000     UNINITIALIZED

.args      0    000032d0    00000008     
                  000032d0    00000008     --HOLE-- [fill = 0]

MODULE SUMMARY

       Module                           code    ro data   rw data
       ------                           ----    -------   -------
    .\
       ecdsa_lpf3.o                     290     324       0      
       keys.o                           0       107       0      
       mcuboot_app.o                    78      0         0      
    +--+--------------------------------+-------+---------+---------+
       Total:                           368     431       0      
                                                                 
    .\bootutil\src\
       loader.o                         1168    0         9572   
       bootutil_public.o                520     34        0      
       image_validate.o                 520     0         0      
       image_ecdsa.o                    392     17        0      
       tlv.o                            368     0         0      
       swap_scratch.o                   226     0         0      
       bootutil_misc.o                  48      0         0      
       fault_injection_hardening.o      0       0         12     
    +--+--------------------------------+-------+---------+---------+
       Total:                           3242    51        9584   
                                                                 
    .\flash_map_backend\
       flash_map_backend.o              382     52        0      
    +--+--------------------------------+-------+---------+---------+
       Total:                           382     52        0      
                                                                 
    .\mbedtls-asn1\
       asn1parse.o                      394     0         0      
       platform_util.o                  24      4         0      
    +--+--------------------------------+-------+---------+---------+
       Total:                           418     4         0      
                                                                 
    .\syscfg\
       ti_devices_config.o              0       2048      0      
    +--+--------------------------------+-------+---------+---------+
       Total:                           0       2048      0      
                                                                 
    .\ti-crypto\
       sl_crypto.o                      162     0         104    
    +--+--------------------------------+-------+---------+---------+
       Total:                           162     0         104    
                                                                 
    C:/ti/simplelink_lowpower_f3_sdk_8_40_02_01/kernel/nortos/lib/ticlang/m0p/nortos_cc23x0r5.a
       startup_cc23x0r5_ticlang.c.obj   22      140       0      
    +--+--------------------------------+-------+---------+---------+
       Total:                           22      140       0      
                                                                 
    C:/ti/simplelink_lowpower_f3_sdk_8_40_02_01/source/third_party/ecc/lib/ticlang/m0p/ecc.a
       scalarMul.c.obj                  3564    282       0      
       lowlevelapi.c.obj                1254    0         0      
       ECCSW.c.obj                      1116    0         0      
       lowlevelapi_m0_gnu.s.obj         816     0         0      
    +--+--------------------------------+-------+---------+---------+
       Total:                           6750    282       0      
                                                                 
    C:/ti/simplelink_lowpower_f3_sdk_8_40_02_01/source/ti/devices/cc23x0r5/driverlib/lib/ticlang/driverlib.a
       setup.c.obj                      44      0         0      
    +--+--------------------------------+-------+---------+---------+
       Total:                           44      0         0      
                                                                 
    C:\ti\ccs1281\ccs\tools\compiler\ti-cgt-armllvm_3.2.2.LTS\lib\armv6m-ti-none-eabi/c/libc.a
       copy_decompress_lzss.c.obj       120     0         0      
       autoinit.c.obj                   60      0         0      
       boot_cortex_m.c.obj              36      0         0      
       args_main.c.obj                  28      0         0      
       copy_decompress_none.c.obj       18      0         0      
       memcpy16.S.obj                   18      0         0      
       copy_zero_init.c.obj             16      0         0      
       memset16.S.obj                   14      0         0      
       exit.c.obj                       4       0         0      
       pre_init.c.obj                   4       0         0      
    +--+--------------------------------+-------+---------+---------+
       Total:                           318     0         0      
                                                                 
    C:\ti\ccs1281\ccs\tools\compiler\ti-cgt-armllvm_3.2.2.LTS\lib\clang/15.0.7/lib/armv6m-ti-none-eabi/libclang_rt.builtins.a
       udivmoddi4.S.obj                 162     0         0      
       muldsi3.S.obj                    58      0         0      
       muldi3.S.obj                     36      0         0      
       ashldi3.S.obj                    30      0         0      
       aeabi_uldivmod.S.obj             20      0         0      
       aeabi_memset.S.obj               12      0         0      
       aeabi_memcpy.S.obj               8       0         0      
       aeabi_div0.c.obj                 2       0         0      
    +--+--------------------------------+-------+---------+---------+
       Total:                           328     0         0      
                                                                 
       Heap:                            0       0         8192   
       Stack:                           0       0         1024   
       Linker Generated:                0       50        0      
    +--+--------------------------------+-------+---------+---------+
       Grand Total:                     12034   3058      18904  


LINKER GENERATED COPY TABLES

__TI_cinit_table @ 000032fc records: 2, size/record: 8, table size: 16
	.data: load addr=000032d8, load size=0000000e bytes, run addr=20004568, run size=00000070 bytes, compression=lzss
	.bss: load addr=000032f4, load size=00000008 bytes, run addr=20000000, run size=00002568 bytes, compression=zero_init


LINKER GENERATED HANDLER TABLE

__TI_handler_table @ 000032e8 records: 3, size/record: 4, table size: 12
	index: 0, handler: __TI_decompress_lzss
	index: 1, handler: __TI_decompress_none
	index: 2, handler: __TI_zero_init


FAR CALL TRAMPOLINES

callee name               trampoline name
   callee addr  tramp addr   call addr  call info
--------------  -----------  ---------  ----------------
zMACC32                   $Tramp$TT$L$PI$$zMACC32
   0000228d     00002e74     00002e72   ecc.a : lowlevelapi.c.obj (.text.OUTLINED_FUNCTION_3)
mADD                      $Tramp$TT$L$PI$$mADD
   000008e1     00002f24     00002f20   ecc.a : ECCSW.c.obj (.text.OUTLINED_FUNCTION_6)
zADD32                    $Tramp$TT$L$PI$$zADD32
   0000268b     00002f3c     00002f3a   ecc.a : lowlevelapi.c.obj (.text.OUTLINED_FUNCTION_6)
mMULT                     $Tramp$TT$L$PI$$mMULT
   0000073d     00002f74     00002f70   ecc.a : scalarMul.c.obj (.text.OUTLINED_FUNCTION_3)

[4 trampolines]
[4 trampoline calls]


GLOBAL SYMBOLS: SORTED ALPHABETICALLY BY Name 

address   name                                                
-------   ----                                                
0000040d  ATOMICPATTERN                                       
00002c61  BUFFERSEQUAL                                        
00002f90  C$$EXIT                                             
00002dfb  COPY                                                
00002f85  CryptoKeyPlaintext_initKey                          
00000a4d  ECCSW_ECDSAVerify                                   
000014c1  ECCSW_validatePublicKeyWeierstrass                  
000030a4  ECC_NISTP256_a                                      
000030c8  ECC_NISTP256_a_mont                                 
000030ec  ECC_NISTP256_b                                      
00003110  ECC_NISTP256_b_mont                                 
00003134  ECC_NISTP256_generatorX                             
00003158  ECC_NISTP256_generatorY                             
0000317c  ECC_NISTP256_k_mont                                 
000031a0  ECC_NISTP256_order                                  
000031c4  ECC_NISTP256_prime                                  
0000191d  ECDSA_verify                                        
00002c7b  EXPORTOPERAND                                       
200045cc  FIH_FAILURE                                         
200045d0  FIH_NO_BOOTABLE_IMAGE                               
200045d4  FIH_SUCCESS                                         
000027df  GETDIGIT                                            
00002419  GETDIGITL2R                                         
00002d0d  IMPORTDATA                                          
00002f89  IMPORTLENGTH                                        
00002ba5  IMPORTMODULUS                                       
00002893  IMPORTOPERAND                                       
00001141  INVERT                                              
00002d39  ISALLZEROS                                          
00001319  JACADD                                              
000031e8  LUTC                                                
00003200  LUTINCI                                             
00002f94  LUTJ                                                
000032bc  LUTOPCODE                                           
00003218  LUTOPSIGN                                           
00003230  LUTSE                                               
00003067  LUTSTATE                                            
00002971  SAVEPOINT                                           
0000008d  SCALARMUL_core                                      
00001a0d  SCALARMUL_final                                     
00001829  SCALARMUL_init                                      
00002d23  SETOPERAND                                          
00002f4d  SETWORD                                             
00002167  SQUAREMULTIPLYWORD                                  
00002a65  SetupTrimDevice                                     
0000191b  SlCrypto_ecdsa_p256_drop                            
00001ec3  SlCrypto_ecdsa_p256_init                            
00002549  SlCrypto_ecdsa_p256_verify                          
000021fb  SlCrypto_sha256_drop                                
00002c95  SlCrypto_sha256_final                               
00002cad  SlCrypto_sha256_init                                
00002cc5  SlCrypto_sha256_update                              
00002d97  TI_memcpy_small                                     
00002e4f  TI_memset_small                                     
00002e25  ZERO                                                
20009000  __STACK_END                                         
00000400  __STACK_SIZE                                        
00002000  __SYSMEM_SIZE                                       
00000000  __TI_ATRegion0_region_sz                            
00000000  __TI_ATRegion0_src_addr                             
00000000  __TI_ATRegion0_trg_addr                             
00000000  __TI_ATRegion1_region_sz                            
00000000  __TI_ATRegion1_src_addr                             
00000000  __TI_ATRegion1_trg_addr                             
00000000  __TI_ATRegion2_region_sz                            
00000000  __TI_ATRegion2_src_addr                             
00000000  __TI_ATRegion2_trg_addr                             
000032fc  __TI_CINIT_Base                                     
0000330c  __TI_CINIT_Limit                                    
0000330c  __TI_CINIT_Warm                                     
000032e8  __TI_Handler_Table_Base                             
000032f4  __TI_Handler_Table_Limit                            
0000281d  __TI_auto_init_nobinit_nopinit                      
000023a1  __TI_decompress_lzss                                
00002da9  __TI_decompress_none                                
ffffffff  __TI_pprof_out_hndl                                 
ffffffff  __TI_prof_data_size                                 
ffffffff  __TI_prof_data_start                                
00000000  __TI_static_base__                                  
00002deb  __TI_zero_init                                      
0000239f  __aeabi_ldiv0                                       
00002c25  __aeabi_llsl                                        
00002b5d  __aeabi_lmul                                        
00002e91  __aeabi_memclr                                      
00002e91  __aeabi_memclr4                                     
00002e91  __aeabi_memclr8                                     
00002f55  __aeabi_memcpy                                      
00002f55  __aeabi_memcpy4                                     
00002f55  __aeabi_memcpy8                                     
00002d4d  __aeabi_uldivmod                                    
00002c25  __ashldi3                                           
ffffffff  __binit__                                           
000032d0  __c_args__                                          
UNDEFED   __mpu_init                                          
00002b5d  __muldi3                                            
00002859  __muldsi3                                           
20008c00  __stack                                             
20000000  __start___llvm_prf_bits                             
20000000  __start___llvm_prf_cnts                             
20000000  __stop___llvm_prf_bits                              
20000000  __stop___llvm_prf_cnts                              
000020c5  __udivmoddi4                                        
00002c45  _args_main                                          
00002b81  _c_int00                                            
20002568  _sys_memory                                         
UNDEFED   _system_post_cinit                                  
00002f8d  _system_pre_init                                    
00002f91  abort                                               
ffffffff  binit                                               
00002481  boot_copy_region                                    
00002f5d  boot_fih_memequal                                   
00002bc5  boot_go                                             
0000326c  boot_img_magic                                      
000029a5  boot_read_image_header                              
00002dcb  boot_read_image_ok                                  
00001d5d  boot_read_swap_state                                
00002ae5  boot_read_swap_state_by_id                          
00001e15  boot_slots_compatible                               
00002ef7  boot_swap_info_off                                  
0000201d  boot_swap_type_multi                                
00002a37  bootutil_buffer_is_erased                           
00000f39  bootutil_img_validate                               
000032c4  bootutil_key_cnt                                    
000032ac  bootutil_keys                                       
00002f65  bootutil_max_image_size                             
00001c99  bootutil_tlv_iter_begin                             
00001ec5  bootutil_tlv_iter_next                              
000015f1  bootutil_verify_sig                                 
4e020000  ccfg                                                
00000d2d  context_boot_go                                     
00002d85  flash_area_align                                    
0000281b  flash_area_close                                    
000024e5  flash_area_erase                                    
00002e33  flash_area_erased_val                               
0000259d  flash_area_get_sectors                              
00002e41  flash_area_id_from_multi_image_slot                 
00002b0d  flash_area_open                                     
00002abb  flash_area_read                                     
000026d5  flash_area_write                                    
000008e1  mADD                                                
00001bd1  mINVK                                               
0000073d  mMULT                                               
000009f1  mOUT                                                
00001afd  mSET                                                
00000969  mSUB                                                
00002719  main                                                
00002317  mbedtls_asn1_get_alg                                
000029d9  mbedtls_asn1_get_bitstring_null                     
00001f71  mbedtls_asn1_get_len                                
00002b35  mbedtls_asn1_get_tag                                
00002cdd  mbedtls_platform_zeroize                            
00002ddb  resetISR                                            
00000000  resetVectors                                        
0000300c  root_pub_der                                        
000032cc  root_pub_der_len                                    
4e020000  ti_utils_build_GenMap_sym_CRC_CCFG_BOOT_CFG_begin   
4e02000b  ti_utils_build_GenMap_sym_CRC_CCFG_BOOT_CFG_end     
4e0207d0  ti_utils_build_GenMap_sym_CRC_CCFG_DEBUG_begin      
4e0207fb  ti_utils_build_GenMap_sym_CRC_CCFG_DEBUG_end        
4e020750  ti_utils_build_GenMap_sym_CRC_CCFG_USER_RECORD_begin
4e0207cb  ti_utils_build_GenMap_sym_CRC_CCFG_USER_RECORD_end  
4e020010  ti_utils_build_GenMap_sym_CRC_CCFG_begin            
4e02074b  ti_utils_build_GenMap_sym_CRC_CCFG_end              
0000275d  zADD                                                
0000268b  zADD32                                              
0000228d  zMACC32                                             
000021fd  zSUB                                                
00002903  zSUB32                                              


GLOBAL SYMBOLS: SORTED BY Symbol Address 

address   name                                                
-------   ----                                                
00000000  __TI_ATRegion0_region_sz                            
00000000  __TI_ATRegion0_src_addr                             
00000000  __TI_ATRegion0_trg_addr                             
00000000  __TI_ATRegion1_region_sz                            
00000000  __TI_ATRegion1_src_addr                             
00000000  __TI_ATRegion1_trg_addr                             
00000000  __TI_ATRegion2_region_sz                            
00000000  __TI_ATRegion2_src_addr                             
00000000  __TI_ATRegion2_trg_addr                             
00000000  __TI_static_base__                                  
00000000  resetVectors                                        
0000008d  SCALARMUL_core                                      
00000400  __STACK_SIZE                                        
0000040d  ATOMICPATTERN                                       
0000073d  mMULT                                               
000008e1  mADD                                                
00000969  mSUB                                                
000009f1  mOUT                                                
00000a4d  ECCSW_ECDSAVerify                                   
00000d2d  context_boot_go                                     
00000f39  bootutil_img_validate                               
00001141  INVERT                                              
00001319  JACADD                                              
000014c1  ECCSW_validatePublicKeyWeierstrass                  
000015f1  bootutil_verify_sig                                 
00001829  SCALARMUL_init                                      
0000191b  SlCrypto_ecdsa_p256_drop                            
0000191d  ECDSA_verify                                        
00001a0d  SCALARMUL_final                                     
00001afd  mSET                                                
00001bd1  mINVK                                               
00001c99  bootutil_tlv_iter_begin                             
00001d5d  boot_read_swap_state                                
00001e15  boot_slots_compatible                               
00001ec3  SlCrypto_ecdsa_p256_init                            
00001ec5  bootutil_tlv_iter_next                              
00001f71  mbedtls_asn1_get_len                                
00002000  __SYSMEM_SIZE                                       
0000201d  boot_swap_type_multi                                
000020c5  __udivmoddi4                                        
00002167  SQUAREMULTIPLYWORD                                  
000021fb  SlCrypto_sha256_drop                                
000021fd  zSUB                                                
0000228d  zMACC32                                             
00002317  mbedtls_asn1_get_alg                                
0000239f  __aeabi_ldiv0                                       
000023a1  __TI_decompress_lzss                                
00002419  GETDIGITL2R                                         
00002481  boot_copy_region                                    
000024e5  flash_area_erase                                    
00002549  SlCrypto_ecdsa_p256_verify                          
0000259d  flash_area_get_sectors                              
0000268b  zADD32                                              
000026d5  flash_area_write                                    
00002719  main                                                
0000275d  zADD                                                
000027df  GETDIGIT                                            
0000281b  flash_area_close                                    
0000281d  __TI_auto_init_nobinit_nopinit                      
00002859  __muldsi3                                           
00002893  IMPORTOPERAND                                       
00002903  zSUB32                                              
00002971  SAVEPOINT                                           
000029a5  boot_read_image_header                              
000029d9  mbedtls_asn1_get_bitstring_null                     
00002a37  bootutil_buffer_is_erased                           
00002a65  SetupTrimDevice                                     
00002abb  flash_area_read                                     
00002ae5  boot_read_swap_state_by_id                          
00002b0d  flash_area_open                                     
00002b35  mbedtls_asn1_get_tag                                
00002b5d  __aeabi_lmul                                        
00002b5d  __muldi3                                            
00002b81  _c_int00                                            
00002ba5  IMPORTMODULUS                                       
00002bc5  boot_go                                             
00002c25  __aeabi_llsl                                        
00002c25  __ashldi3                                           
00002c45  _args_main                                          
00002c61  BUFFERSEQUAL                                        
00002c7b  EXPORTOPERAND                                       
00002c95  SlCrypto_sha256_final                               
00002cad  SlCrypto_sha256_init                                
00002cc5  SlCrypto_sha256_update                              
00002cdd  mbedtls_platform_zeroize                            
00002d0d  IMPORTDATA                                          
00002d23  SETOPERAND                                          
00002d39  ISALLZEROS                                          
00002d4d  __aeabi_uldivmod                                    
00002d85  flash_area_align                                    
00002d97  TI_memcpy_small                                     
00002da9  __TI_decompress_none                                
00002dcb  boot_read_image_ok                                  
00002ddb  resetISR                                            
00002deb  __TI_zero_init                                      
00002dfb  COPY                                                
00002e25  ZERO                                                
00002e33  flash_area_erased_val                               
00002e41  flash_area_id_from_multi_image_slot                 
00002e4f  TI_memset_small                                     
00002e91  __aeabi_memclr                                      
00002e91  __aeabi_memclr4                                     
00002e91  __aeabi_memclr8                                     
00002ef7  boot_swap_info_off                                  
00002f4d  SETWORD                                             
00002f55  __aeabi_memcpy                                      
00002f55  __aeabi_memcpy4                                     
00002f55  __aeabi_memcpy8                                     
00002f5d  boot_fih_memequal                                   
00002f65  bootutil_max_image_size                             
00002f85  CryptoKeyPlaintext_initKey                          
00002f89  IMPORTLENGTH                                        
00002f8d  _system_pre_init                                    
00002f90  C$$EXIT                                             
00002f91  abort                                               
00002f94  LUTJ                                                
0000300c  root_pub_der                                        
00003067  LUTSTATE                                            
000030a4  ECC_NISTP256_a                                      
000030c8  ECC_NISTP256_a_mont                                 
000030ec  ECC_NISTP256_b                                      
00003110  ECC_NISTP256_b_mont                                 
00003134  ECC_NISTP256_generatorX                             
00003158  ECC_NISTP256_generatorY                             
0000317c  ECC_NISTP256_k_mont                                 
000031a0  ECC_NISTP256_order                                  
000031c4  ECC_NISTP256_prime                                  
000031e8  LUTC                                                
00003200  LUTINCI                                             
00003218  LUTOPSIGN                                           
00003230  LUTSE                                               
0000326c  boot_img_magic                                      
000032ac  bootutil_keys                                       
000032bc  LUTOPCODE                                           
000032c4  bootutil_key_cnt                                    
000032cc  root_pub_der_len                                    
000032d0  __c_args__                                          
000032e8  __TI_Handler_Table_Base                             
000032f4  __TI_Handler_Table_Limit                            
000032fc  __TI_CINIT_Base                                     
0000330c  __TI_CINIT_Limit                                    
0000330c  __TI_CINIT_Warm                                     
20000000  __start___llvm_prf_bits                             
20000000  __start___llvm_prf_cnts                             
20000000  __stop___llvm_prf_bits                              
20000000  __stop___llvm_prf_cnts                              
20002568  _sys_memory                                         
200045cc  FIH_FAILURE                                         
200045d0  FIH_NO_BOOTABLE_IMAGE                               
200045d4  FIH_SUCCESS                                         
20008c00  __stack                                             
20009000  __STACK_END                                         
4e020000  ccfg                                                
4e020000  ti_utils_build_GenMap_sym_CRC_CCFG_BOOT_CFG_begin   
4e02000b  ti_utils_build_GenMap_sym_CRC_CCFG_BOOT_CFG_end     
4e020010  ti_utils_build_GenMap_sym_CRC_CCFG_begin            
4e02074b  ti_utils_build_GenMap_sym_CRC_CCFG_end              
4e020750  ti_utils_build_GenMap_sym_CRC_CCFG_USER_RECORD_begin
4e0207cb  ti_utils_build_GenMap_sym_CRC_CCFG_USER_RECORD_end  
4e0207d0  ti_utils_build_GenMap_sym_CRC_CCFG_DEBUG_begin      
4e0207fb  ti_utils_build_GenMap_sym_CRC_CCFG_DEBUG_end        
ffffffff  __TI_pprof_out_hndl                                 
ffffffff  __TI_prof_data_size                                 
ffffffff  __TI_prof_data_start                                
ffffffff  __binit__                                           
ffffffff  binit                                               
UNDEFED   __mpu_init                                          
UNDEFED   _system_post_cinit                                  

[168 symbols]
