<?xml version="1.0" encoding="ISO-8859-1" ?>
<link_info>
   <banner>TI ARM Clang Linker PC v3.2.2.LTS</banner>
   <copyright>Copyright (c) 1996-2018 Texas Instruments Incorporated</copyright>
   <link_time>0x6904bf1e</link_time>
   <link_errors>0x0</link_errors>
   <output_file>C:\Users\Sergey\workspace_v12\mcuboot_flower_CC2340R5_RGE\Debug\mcuboot_flower_CC2340R5_RGE.out</output_file>
   <entry_point>
      <name>resetISR</name>
      <address>0x2e6b</address>
   </entry_point>
   <input_file_list>
      <input_file id="fl-1">
         <path>C:\Users\Sergey\workspace_v12\mcuboot_flower_CC2340R5_RGE\Debug\.\</path>
         <kind>object</kind>
         <file>ecdsa_lpf3.o</file>
         <name>ecdsa_lpf3.o</name>
      </input_file>
      <input_file id="fl-2">
         <path>C:\Users\Sergey\workspace_v12\mcuboot_flower_CC2340R5_RGE\Debug\.\</path>
         <kind>object</kind>
         <file>keys.o</file>
         <name>keys.o</name>
      </input_file>
      <input_file id="fl-3">
         <path>C:\Users\Sergey\workspace_v12\mcuboot_flower_CC2340R5_RGE\Debug\.\syscfg\</path>
         <kind>object</kind>
         <file>ti_devices_config.o</file>
         <name>ti_devices_config.o</name>
      </input_file>
      <input_file id="fl-4">
         <path>C:\Users\Sergey\workspace_v12\mcuboot_flower_CC2340R5_RGE\Debug\.\syscfg\</path>
         <kind>object</kind>
         <file>ti_drivers_config.o</file>
         <name>ti_drivers_config.o</name>
      </input_file>
      <input_file id="fl-5">
         <path>C:\Users\Sergey\workspace_v12\mcuboot_flower_CC2340R5_RGE\Debug\.\</path>
         <kind>object</kind>
         <file>mcuboot_app.o</file>
         <name>mcuboot_app.o</name>
      </input_file>
      <input_file id="fl-6">
         <path>C:\Users\Sergey\workspace_v12\mcuboot_flower_CC2340R5_RGE\Debug\.\bootutil\src\</path>
         <kind>object</kind>
         <file>boot_record.o</file>
         <name>boot_record.o</name>
      </input_file>
      <input_file id="fl-7">
         <path>C:\Users\Sergey\workspace_v12\mcuboot_flower_CC2340R5_RGE\Debug\.\bootutil\src\</path>
         <kind>object</kind>
         <file>bootutil_misc.o</file>
         <name>bootutil_misc.o</name>
      </input_file>
      <input_file id="fl-8">
         <path>C:\Users\Sergey\workspace_v12\mcuboot_flower_CC2340R5_RGE\Debug\.\bootutil\src\</path>
         <kind>object</kind>
         <file>bootutil_public.o</file>
         <name>bootutil_public.o</name>
      </input_file>
      <input_file id="fl-9">
         <path>C:\Users\Sergey\workspace_v12\mcuboot_flower_CC2340R5_RGE\Debug\.\bootutil\src\</path>
         <kind>object</kind>
         <file>caps.o</file>
         <name>caps.o</name>
      </input_file>
      <input_file id="fl-a">
         <path>C:\Users\Sergey\workspace_v12\mcuboot_flower_CC2340R5_RGE\Debug\.\bootutil\src\</path>
         <kind>object</kind>
         <file>encrypted.o</file>
         <name>encrypted.o</name>
      </input_file>
      <input_file id="fl-b">
         <path>C:\Users\Sergey\workspace_v12\mcuboot_flower_CC2340R5_RGE\Debug\.\bootutil\src\</path>
         <kind>object</kind>
         <file>fault_injection_hardening.o</file>
         <name>fault_injection_hardening.o</name>
      </input_file>
      <input_file id="fl-c">
         <path>C:\Users\Sergey\workspace_v12\mcuboot_flower_CC2340R5_RGE\Debug\.\bootutil\src\</path>
         <kind>object</kind>
         <file>fault_injection_hardening_delay_rng_mbedtls.o</file>
         <name>fault_injection_hardening_delay_rng_mbedtls.o</name>
      </input_file>
      <input_file id="fl-d">
         <path>C:\Users\Sergey\workspace_v12\mcuboot_flower_CC2340R5_RGE\Debug\.\bootutil\src\</path>
         <kind>object</kind>
         <file>image_ecdsa.o</file>
         <name>image_ecdsa.o</name>
      </input_file>
      <input_file id="fl-e">
         <path>C:\Users\Sergey\workspace_v12\mcuboot_flower_CC2340R5_RGE\Debug\.\bootutil\src\</path>
         <kind>object</kind>
         <file>image_ed25519.o</file>
         <name>image_ed25519.o</name>
      </input_file>
      <input_file id="fl-f">
         <path>C:\Users\Sergey\workspace_v12\mcuboot_flower_CC2340R5_RGE\Debug\.\bootutil\src\</path>
         <kind>object</kind>
         <file>image_rsa.o</file>
         <name>image_rsa.o</name>
      </input_file>
      <input_file id="fl-10">
         <path>C:\Users\Sergey\workspace_v12\mcuboot_flower_CC2340R5_RGE\Debug\.\bootutil\src\</path>
         <kind>object</kind>
         <file>image_validate.o</file>
         <name>image_validate.o</name>
      </input_file>
      <input_file id="fl-11">
         <path>C:\Users\Sergey\workspace_v12\mcuboot_flower_CC2340R5_RGE\Debug\.\bootutil\src\</path>
         <kind>object</kind>
         <file>loader.o</file>
         <name>loader.o</name>
      </input_file>
      <input_file id="fl-12">
         <path>C:\Users\Sergey\workspace_v12\mcuboot_flower_CC2340R5_RGE\Debug\.\bootutil\src\</path>
         <kind>object</kind>
         <file>security_cnt.o</file>
         <name>security_cnt.o</name>
      </input_file>
      <input_file id="fl-13">
         <path>C:\Users\Sergey\workspace_v12\mcuboot_flower_CC2340R5_RGE\Debug\.\bootutil\src\</path>
         <kind>object</kind>
         <file>swap_misc.o</file>
         <name>swap_misc.o</name>
      </input_file>
      <input_file id="fl-14">
         <path>C:\Users\Sergey\workspace_v12\mcuboot_flower_CC2340R5_RGE\Debug\.\bootutil\src\</path>
         <kind>object</kind>
         <file>swap_move.o</file>
         <name>swap_move.o</name>
      </input_file>
      <input_file id="fl-15">
         <path>C:\Users\Sergey\workspace_v12\mcuboot_flower_CC2340R5_RGE\Debug\.\bootutil\src\</path>
         <kind>object</kind>
         <file>swap_scratch.o</file>
         <name>swap_scratch.o</name>
      </input_file>
      <input_file id="fl-16">
         <path>C:\Users\Sergey\workspace_v12\mcuboot_flower_CC2340R5_RGE\Debug\.\bootutil\src\</path>
         <kind>object</kind>
         <file>tlv.o</file>
         <name>tlv.o</name>
      </input_file>
      <input_file id="fl-17">
         <path>C:\Users\Sergey\workspace_v12\mcuboot_flower_CC2340R5_RGE\Debug\.\flash_map_backend\</path>
         <kind>object</kind>
         <file>bsp_spi_lpf3.o</file>
         <name>bsp_spi_lpf3.o</name>
      </input_file>
      <input_file id="fl-18">
         <path>C:\Users\Sergey\workspace_v12\mcuboot_flower_CC2340R5_RGE\Debug\.\flash_map_backend\</path>
         <kind>object</kind>
         <file>ext_flash.o</file>
         <name>ext_flash.o</name>
      </input_file>
      <input_file id="fl-19">
         <path>C:\Users\Sergey\workspace_v12\mcuboot_flower_CC2340R5_RGE\Debug\.\flash_map_backend\</path>
         <kind>object</kind>
         <file>flash_map_backend.o</file>
         <name>flash_map_backend.o</name>
      </input_file>
      <input_file id="fl-1a">
         <path>C:\Users\Sergey\workspace_v12\mcuboot_flower_CC2340R5_RGE\Debug\.\mbedtls-asn1\</path>
         <kind>object</kind>
         <file>asn1parse.o</file>
         <name>asn1parse.o</name>
      </input_file>
      <input_file id="fl-1b">
         <path>C:\Users\Sergey\workspace_v12\mcuboot_flower_CC2340R5_RGE\Debug\.\mbedtls-asn1\</path>
         <kind>object</kind>
         <file>platform_util.o</file>
         <name>platform_util.o</name>
      </input_file>
      <input_file id="fl-1c">
         <path>C:\Users\Sergey\workspace_v12\mcuboot_flower_CC2340R5_RGE\Debug\.\mcuboot_config\</path>
         <kind>object</kind>
         <file>led_debug.o</file>
         <name>led_debug.o</name>
      </input_file>
      <input_file id="fl-1d">
         <path>C:\Users\Sergey\workspace_v12\mcuboot_flower_CC2340R5_RGE\Debug\.\ti-crypto\</path>
         <kind>object</kind>
         <file>sl_crypto.o</file>
         <name>sl_crypto.o</name>
      </input_file>
      <input_file id="fl-2e">
         <path>C:\Users\Sergey\workspace_v12\mcuboot_flower_CC2340R5_RGE\Debug\</path>
         <kind>object</kind>
         <file>&lt;internal&gt;</file>
         <name>&lt;internal&gt;</name>
      </input_file>
      <input_file id="fl-2f">
         <path>C:\ti\simplelink_lowpower_f3_sdk_8_40_02_01\kernel\nortos\lib\ticlang\m0p\</path>
         <kind>archive</kind>
         <file>nortos_cc23x0r5.a</file>
         <name>startup_cc23x0r5_ticlang.c.obj</name>
      </input_file>
      <input_file id="fl-30">
         <path>C:\ti\simplelink_lowpower_f3_sdk_8_40_02_01\source\ti\drivers\lib\ticlang\m0p\</path>
         <kind>archive</kind>
         <file>drivers_cc23x0r5.a</file>
         <name>GPIO.c.obj</name>
      </input_file>
      <input_file id="fl-31">
         <path>C:\ti\simplelink_lowpower_f3_sdk_8_40_02_01\source\ti\drivers\lib\ticlang\m0p\</path>
         <kind>archive</kind>
         <file>drivers_cc23x0r5.a</file>
         <name>GPIOLPF3.c.obj</name>
      </input_file>
      <input_file id="fl-32">
         <path>C:\ti\simplelink_lowpower_f3_sdk_8_40_02_01\source\ti\drivers\lib\ticlang\m0p\</path>
         <kind>archive</kind>
         <file>drivers_cc23x0r5.a</file>
         <name>PowerCC23X0.c.obj</name>
      </input_file>
      <input_file id="fl-33">
         <path>C:\ti\simplelink_lowpower_f3_sdk_8_40_02_01\source\ti\drivers\lib\ticlang\m0p\</path>
         <kind>archive</kind>
         <file>drivers_cc23x0r5.a</file>
         <name>TemperatureLPF3.c.obj</name>
      </input_file>
      <input_file id="fl-34">
         <path>C:\ti\simplelink_lowpower_f3_sdk_8_40_02_01\source\ti\drivers\lib\ticlang\m0p\</path>
         <kind>archive</kind>
         <file>drivers_cc23x0r5.a</file>
         <name>List.c.obj</name>
      </input_file>
      <input_file id="fl-35">
         <path>C:\ti\simplelink_lowpower_f3_sdk_8_40_02_01\source\ti\drivers\lib\ticlang\m0p\</path>
         <kind>archive</kind>
         <file>drivers_cc23x0r5.a</file>
         <name>BatMonSupportLPF3.c.obj</name>
      </input_file>
      <input_file id="fl-36">
         <path>C:\ti\simplelink_lowpower_f3_sdk_8_40_02_01\kernel\nortos\lib\ticlang\m0p\</path>
         <kind>archive</kind>
         <file>nortos_cc23x0r5.a</file>
         <name>ClockPLPF3_nortos.c.obj</name>
      </input_file>
      <input_file id="fl-37">
         <path>C:\ti\simplelink_lowpower_f3_sdk_8_40_02_01\kernel\nortos\lib\ticlang\m0p\</path>
         <kind>archive</kind>
         <file>nortos_cc23x0r5.a</file>
         <name>HwiPCC23X0_nortos.c.obj</name>
      </input_file>
      <input_file id="fl-38">
         <path>C:\ti\simplelink_lowpower_f3_sdk_8_40_02_01\kernel\nortos\lib\ticlang\m0p\</path>
         <kind>archive</kind>
         <file>nortos_cc23x0r5.a</file>
         <name>SemaphoreP_nortos.c.obj</name>
      </input_file>
      <input_file id="fl-39">
         <path>C:\ti\simplelink_lowpower_f3_sdk_8_40_02_01\source\ti\devices\cc23x0r5\driverlib\lib\ticlang\</path>
         <kind>archive</kind>
         <file>driverlib.a</file>
         <name>cpu.c.obj</name>
      </input_file>
      <input_file id="fl-3a">
         <path>C:\ti\simplelink_lowpower_f3_sdk_8_40_02_01\source\ti\devices\cc23x0r5\driverlib\lib\ticlang\</path>
         <kind>archive</kind>
         <file>driverlib.a</file>
         <name>interrupt.c.obj</name>
      </input_file>
      <input_file id="fl-3b">
         <path>C:\ti\simplelink_lowpower_f3_sdk_8_40_02_01\source\ti\devices\cc23x0r5\driverlib\lib\ticlang\</path>
         <kind>archive</kind>
         <file>driverlib.a</file>
         <name>lrfd.c.obj</name>
      </input_file>
      <input_file id="fl-3c">
         <path>C:\ti\simplelink_lowpower_f3_sdk_8_40_02_01\source\ti\devices\cc23x0r5\driverlib\lib\ticlang\</path>
         <kind>archive</kind>
         <file>driverlib.a</file>
         <name>setup.c.obj</name>
      </input_file>
      <input_file id="fl-3d">
         <path>C:\ti\simplelink_lowpower_f3_sdk_8_40_02_01\source\ti\devices\cc23x0r5\driverlib\lib\ticlang\</path>
         <kind>archive</kind>
         <file>driverlib.a</file>
         <name>spi.c.obj</name>
      </input_file>
      <input_file id="fl-3e">
         <path>C:\ti\simplelink_lowpower_f3_sdk_8_40_02_01\source\third_party\ecc\lib\ticlang\m0p\</path>
         <kind>archive</kind>
         <file>ecc.a</file>
         <name>ECCSW.c.obj</name>
      </input_file>
      <input_file id="fl-3f">
         <path>C:\ti\simplelink_lowpower_f3_sdk_8_40_02_01\source\third_party\ecc\lib\ticlang\m0p\</path>
         <kind>archive</kind>
         <file>ecc.a</file>
         <name>lowlevelapi.c.obj</name>
      </input_file>
      <input_file id="fl-40">
         <path>C:\ti\simplelink_lowpower_f3_sdk_8_40_02_01\source\third_party\ecc\lib\ticlang\m0p\</path>
         <kind>archive</kind>
         <file>ecc.a</file>
         <name>scalarMul.c.obj</name>
      </input_file>
      <input_file id="fl-41">
         <path>C:\ti\simplelink_lowpower_f3_sdk_8_40_02_01\source\third_party\ecc\lib\ticlang\m0p\</path>
         <kind>archive</kind>
         <file>ecc.a</file>
         <name>lowlevelapi_m0_gnu.s.obj</name>
      </input_file>
      <input_file id="fl-50">
         <path>C:\ti\ccs1281\ccs\tools\compiler\ti-cgt-armllvm_3.2.2.LTS\lib\armv6m-ti-none-eabi\c\</path>
         <kind>archive</kind>
         <file>libc.a</file>
         <name>memset16.S.obj</name>
      </input_file>
      <input_file id="fl-51">
         <path>C:\ti\ccs1281\ccs\tools\compiler\ti-cgt-armllvm_3.2.2.LTS\lib\armv6m-ti-none-eabi\c\</path>
         <kind>archive</kind>
         <file>libc.a</file>
         <name>memory.c.obj</name>
      </input_file>
      <input_file id="fl-52">
         <path>C:\ti\ccs1281\ccs\tools\compiler\ti-cgt-armllvm_3.2.2.LTS\lib\armv6m-ti-none-eabi\c\</path>
         <kind>archive</kind>
         <file>libc.a</file>
         <name>boot_cortex_m.c.obj</name>
      </input_file>
      <input_file id="fl-53">
         <path>C:\ti\ccs1281\ccs\tools\compiler\ti-cgt-armllvm_3.2.2.LTS\lib\armv6m-ti-none-eabi\c\</path>
         <kind>archive</kind>
         <file>libc.a</file>
         <name>mathacl_init.c.obj</name>
      </input_file>
      <input_file id="fl-54">
         <path>C:\ti\ccs1281\ccs\tools\compiler\ti-cgt-armllvm_3.2.2.LTS\lib\armv6m-ti-none-eabi\c\</path>
         <kind>archive</kind>
         <file>libc.a</file>
         <name>autoinit.c.obj</name>
      </input_file>
      <input_file id="fl-55">
         <path>C:\ti\ccs1281\ccs\tools\compiler\ti-cgt-armllvm_3.2.2.LTS\lib\armv6m-ti-none-eabi\c\</path>
         <kind>archive</kind>
         <file>libc.a</file>
         <name>pre_init.c.obj</name>
      </input_file>
      <input_file id="fl-56">
         <path>C:\ti\ccs1281\ccs\tools\compiler\ti-cgt-armllvm_3.2.2.LTS\lib\armv6m-ti-none-eabi\c\</path>
         <kind>archive</kind>
         <file>libc.a</file>
         <name>cpy_tbl.c.obj</name>
      </input_file>
      <input_file id="fl-57">
         <path>C:\ti\ccs1281\ccs\tools\compiler\ti-cgt-armllvm_3.2.2.LTS\lib\armv6m-ti-none-eabi\c\</path>
         <kind>archive</kind>
         <file>libc.a</file>
         <name>copy_zero_init.c.obj</name>
      </input_file>
      <input_file id="fl-58">
         <path>C:\ti\ccs1281\ccs\tools\compiler\ti-cgt-armllvm_3.2.2.LTS\lib\armv6m-ti-none-eabi\c\</path>
         <kind>archive</kind>
         <file>libc.a</file>
         <name>copy_decompress_none.c.obj</name>
      </input_file>
      <input_file id="fl-59">
         <path>C:\ti\ccs1281\ccs\tools\compiler\ti-cgt-armllvm_3.2.2.LTS\lib\armv6m-ti-none-eabi\c\</path>
         <kind>archive</kind>
         <file>libc.a</file>
         <name>copy_decompress_lzss.c.obj</name>
      </input_file>
      <input_file id="fl-5a">
         <path>C:\ti\ccs1281\ccs\tools\compiler\ti-cgt-armllvm_3.2.2.LTS\lib\armv6m-ti-none-eabi\c\</path>
         <kind>archive</kind>
         <file>libc.a</file>
         <name>exit.c.obj</name>
      </input_file>
      <input_file id="fl-5b">
         <path>C:\ti\ccs1281\ccs\tools\compiler\ti-cgt-armllvm_3.2.2.LTS\lib\armv6m-ti-none-eabi\c\</path>
         <kind>archive</kind>
         <file>libc.a</file>
         <name>_lock.c.obj</name>
      </input_file>
      <input_file id="fl-5c">
         <path>C:\ti\ccs1281\ccs\tools\compiler\ti-cgt-armllvm_3.2.2.LTS\lib\armv6m-ti-none-eabi\c\</path>
         <kind>archive</kind>
         <file>libc.a</file>
         <name>args_main.c.obj</name>
      </input_file>
      <input_file id="fl-c2">
         <path>C:\ti\ccs1281\ccs\tools\compiler\ti-cgt-armllvm_3.2.2.LTS\lib\clang\15.0.7\lib\armv6m-ti-none-eabi\</path>
         <kind>archive</kind>
         <file>libclang_rt.builtins.a</file>
         <name>ashrdi3.S.obj</name>
      </input_file>
      <input_file id="fl-c3">
         <path>C:\ti\ccs1281\ccs\tools\compiler\ti-cgt-armllvm_3.2.2.LTS\lib\clang\15.0.7\lib\armv6m-ti-none-eabi\</path>
         <kind>archive</kind>
         <file>libclang_rt.builtins.a</file>
         <name>muldi3.S.obj</name>
      </input_file>
      <input_file id="fl-c4">
         <path>C:\ti\ccs1281\ccs\tools\compiler\ti-cgt-armllvm_3.2.2.LTS\lib\clang\15.0.7\lib\armv6m-ti-none-eabi\</path>
         <kind>archive</kind>
         <file>libclang_rt.builtins.a</file>
         <name>clzsi2.c.obj</name>
      </input_file>
      <input_file id="fl-c5">
         <path>C:\ti\ccs1281\ccs\tools\compiler\ti-cgt-armllvm_3.2.2.LTS\lib\clang\15.0.7\lib\armv6m-ti-none-eabi\</path>
         <kind>archive</kind>
         <file>libclang_rt.builtins.a</file>
         <name>aeabi_idivmod.S.obj</name>
      </input_file>
      <input_file id="fl-c6">
         <path>C:\ti\ccs1281\ccs\tools\compiler\ti-cgt-armllvm_3.2.2.LTS\lib\clang\15.0.7\lib\armv6m-ti-none-eabi\</path>
         <kind>archive</kind>
         <file>libclang_rt.builtins.a</file>
         <name>aeabi_ldivmod.S.obj</name>
      </input_file>
      <input_file id="fl-c7">
         <path>C:\ti\ccs1281\ccs\tools\compiler\ti-cgt-armllvm_3.2.2.LTS\lib\clang\15.0.7\lib\armv6m-ti-none-eabi\</path>
         <kind>archive</kind>
         <file>libclang_rt.builtins.a</file>
         <name>aeabi_memcpy.S.obj</name>
      </input_file>
      <input_file id="fl-c8">
         <path>C:\ti\ccs1281\ccs\tools\compiler\ti-cgt-armllvm_3.2.2.LTS\lib\clang\15.0.7\lib\armv6m-ti-none-eabi\</path>
         <kind>archive</kind>
         <file>libclang_rt.builtins.a</file>
         <name>aeabi_memset.S.obj</name>
      </input_file>
      <input_file id="fl-c9">
         <path>C:\ti\ccs1281\ccs\tools\compiler\ti-cgt-armllvm_3.2.2.LTS\lib\clang\15.0.7\lib\armv6m-ti-none-eabi\</path>
         <kind>archive</kind>
         <file>libclang_rt.builtins.a</file>
         <name>aeabi_uidivmod.S.obj</name>
      </input_file>
      <input_file id="fl-ca">
         <path>C:\ti\ccs1281\ccs\tools\compiler\ti-cgt-armllvm_3.2.2.LTS\lib\clang\15.0.7\lib\armv6m-ti-none-eabi\</path>
         <kind>archive</kind>
         <file>libclang_rt.builtins.a</file>
         <name>aeabi_uldivmod.S.obj</name>
      </input_file>
      <input_file id="fl-cb">
         <path>C:\ti\ccs1281\ccs\tools\compiler\ti-cgt-armllvm_3.2.2.LTS\lib\clang\15.0.7\lib\armv6m-ti-none-eabi\</path>
         <kind>archive</kind>
         <file>libclang_rt.builtins.a</file>
         <name>udivmoddi4.S.obj</name>
      </input_file>
      <input_file id="fl-cc">
         <path>C:\ti\ccs1281\ccs\tools\compiler\ti-cgt-armllvm_3.2.2.LTS\lib\clang\15.0.7\lib\armv6m-ti-none-eabi\</path>
         <kind>archive</kind>
         <file>libclang_rt.builtins.a</file>
         <name>muldsi3.S.obj</name>
      </input_file>
      <input_file id="fl-cd">
         <path>C:\ti\ccs1281\ccs\tools\compiler\ti-cgt-armllvm_3.2.2.LTS\lib\clang\15.0.7\lib\armv6m-ti-none-eabi\</path>
         <kind>archive</kind>
         <file>libclang_rt.builtins.a</file>
         <name>ashldi3.S.obj</name>
      </input_file>
      <input_file id="fl-ce">
         <path>C:\ti\ccs1281\ccs\tools\compiler\ti-cgt-armllvm_3.2.2.LTS\lib\clang\15.0.7\lib\armv6m-ti-none-eabi\</path>
         <kind>archive</kind>
         <file>libclang_rt.builtins.a</file>
         <name>divmoddi4.c.obj</name>
      </input_file>
      <input_file id="fl-cf">
         <path>C:\ti\ccs1281\ccs\tools\compiler\ti-cgt-armllvm_3.2.2.LTS\lib\clang\15.0.7\lib\armv6m-ti-none-eabi\</path>
         <kind>archive</kind>
         <file>libclang_rt.builtins.a</file>
         <name>aeabi_div0.c.obj</name>
      </input_file>
      <input_file id="fl-d0">
         <path>C:\ti\ccs1281\ccs\tools\compiler\ti-cgt-armllvm_3.2.2.LTS\lib\armv6m-ti-none-eabi\c\</path>
         <kind>archive</kind>
         <file>libc.a</file>
         <name>memcpy16.S.obj</name>
      </input_file>
   </input_file_list>
   <object_component_list>
      <object_component id="oc-1e">
         <name>.resetVecs</name>
         <load_address>0x0</load_address>
         <readonly>true</readonly>
         <run_address>0x0</run_address>
         <size>0x8c</size>
         <alignment>0x4</alignment>
         <input_file_ref idref="fl-2f"/>
      </object_component>
      <object_component id="oc-1b6">
         <name>.text.SCALARMUL_core</name>
         <load_address>0x8c</load_address>
         <readonly>true</readonly>
         <executable>true</executable>
         <run_address>0x8c</run_address>
         <size>0x380</size>
         <alignment>0x4</alignment>
         <input_file_ref idref="fl-40"/>
      </object_component>
      <object_component id="oc-1d6">
         <name>.text.ATOMICPATTERN</name>
         <load_address>0x40c</load_address>
         <readonly>true</readonly>
         <executable>true</executable>
         <run_address>0x40c</run_address>
         <size>0x330</size>
         <alignment>0x4</alignment>
         <input_file_ref idref="fl-40"/>
      </object_component>
      <object_component id="oc-1a3">
         <name>.text</name>
         <load_address>0x73c</load_address>
         <readonly>true</readonly>
         <executable>true</executable>
         <run_address>0x73c</run_address>
         <size>0x310</size>
         <alignment>0x4</alignment>
         <input_file_ref idref="fl-41"/>
      </object_component>
      <object_component id="oc-18a">
         <name>.text.ECCSW_ECDSAVerify</name>
         <load_address>0xa4c</load_address>
         <readonly>true</readonly>
         <executable>true</executable>
         <run_address>0xa4c</run_address>
         <size>0x2e0</size>
         <alignment>0x2</alignment>
         <input_file_ref idref="fl-3e"/>
      </object_component>
      <object_component id="oc-d2">
         <name>.text.context_boot_go</name>
         <load_address>0xd2c</load_address>
         <readonly>true</readonly>
         <executable>true</executable>
         <run_address>0xd2c</run_address>
         <size>0x20c</size>
         <alignment>0x4</alignment>
         <input_file_ref idref="fl-11"/>
      </object_component>
      <object_component id="oc-112">
         <name>.text.bootutil_img_validate</name>
         <load_address>0xf38</load_address>
         <readonly>true</readonly>
         <executable>true</executable>
         <run_address>0xf38</run_address>
         <size>0x208</size>
         <alignment>0x4</alignment>
         <input_file_ref idref="fl-10"/>
      </object_component>
      <object_component id="oc-1b1">
         <name>.text.INVERT</name>
         <load_address>0x1140</load_address>
         <readonly>true</readonly>
         <executable>true</executable>
         <run_address>0x1140</run_address>
         <size>0x1d8</size>
         <alignment>0x2</alignment>
         <input_file_ref idref="fl-40"/>
      </object_component>
      <object_component id="oc-1b8">
         <name>.text.JACADD</name>
         <load_address>0x1318</load_address>
         <readonly>true</readonly>
         <executable>true</executable>
         <run_address>0x1318</run_address>
         <size>0x1a8</size>
         <alignment>0x4</alignment>
         <input_file_ref idref="fl-40"/>
      </object_component>
      <object_component id="oc-184">
         <name>.text.ECCSW_validatePublicKeyWeierstrass</name>
         <load_address>0x14c0</load_address>
         <readonly>true</readonly>
         <executable>true</executable>
         <run_address>0x14c0</run_address>
         <size>0x130</size>
         <alignment>0x4</alignment>
         <input_file_ref idref="fl-3e"/>
      </object_component>
      <object_component id="oc-141">
         <name>.text.bootutil_verify_sig</name>
         <load_address>0x15f0</load_address>
         <readonly>true</readonly>
         <executable>true</executable>
         <run_address>0x15f0</run_address>
         <size>0x120</size>
         <alignment>0x4</alignment>
         <input_file_ref idref="fl-d"/>
      </object_component>
      <object_component id="oc-ec">
         <name>.text.boot_validate_slot</name>
         <load_address>0x1710</load_address>
         <readonly>true</readonly>
         <executable>true</executable>
         <run_address>0x1710</run_address>
         <size>0x118</size>
         <alignment>0x4</alignment>
         <input_file_ref idref="fl-11"/>
      </object_component>
      <object_component id="oc-1b3">
         <name>.text.SCALARMUL_init</name>
         <load_address>0x1828</load_address>
         <readonly>true</readonly>
         <executable>true</executable>
         <run_address>0x1828</run_address>
         <size>0xf2</size>
         <alignment>0x2</alignment>
         <input_file_ref idref="fl-40"/>
      </object_component>
      <object_component id="oc-15d">
         <name>.text.SlCrypto_ecdsa_p256_drop</name>
         <load_address>0x191a</load_address>
         <readonly>true</readonly>
         <executable>true</executable>
         <run_address>0x191a</run_address>
         <size>0x2</size>
         <alignment>0x2</alignment>
         <input_file_ref idref="fl-1d"/>
      </object_component>
      <object_component id="oc-17d">
         <name>.text.ECDSA_verify</name>
         <load_address>0x191c</load_address>
         <readonly>true</readonly>
         <executable>true</executable>
         <run_address>0x191c</run_address>
         <size>0xf0</size>
         <alignment>0x4</alignment>
         <input_file_ref idref="fl-1"/>
      </object_component>
      <object_component id="oc-1b9">
         <name>.text.SCALARMUL_final</name>
         <load_address>0x1a0c</load_address>
         <readonly>true</readonly>
         <executable>true</executable>
         <run_address>0x1a0c</run_address>
         <size>0xf0</size>
         <alignment>0x4</alignment>
         <input_file_ref idref="fl-40"/>
      </object_component>
      <object_component id="oc-19b">
         <name>.text.mSET</name>
         <load_address>0x1afc</load_address>
         <readonly>true</readonly>
         <executable>true</executable>
         <run_address>0x1afc</run_address>
         <size>0xd4</size>
         <alignment>0x2</alignment>
         <input_file_ref idref="fl-3f"/>
      </object_component>
      <object_component id="oc-1a9">
         <name>.text.mINVK</name>
         <load_address>0x1bd0</load_address>
         <readonly>true</readonly>
         <executable>true</executable>
         <run_address>0x1bd0</run_address>
         <size>0xc8</size>
         <alignment>0x2</alignment>
         <input_file_ref idref="fl-3f"/>
      </object_component>
      <object_component id="oc-133">
         <name>.text.bootutil_tlv_iter_begin</name>
         <load_address>0x1c98</load_address>
         <readonly>true</readonly>
         <executable>true</executable>
         <run_address>0x1c98</run_address>
         <size>0xc4</size>
         <alignment>0x4</alignment>
         <input_file_ref idref="fl-16"/>
      </object_component>
      <object_component id="oc-14c">
         <name>.text.boot_read_swap_state</name>
         <load_address>0x1d5c</load_address>
         <readonly>true</readonly>
         <executable>true</executable>
         <run_address>0x1d5c</run_address>
         <size>0xb8</size>
         <alignment>0x4</alignment>
         <input_file_ref idref="fl-8"/>
      </object_component>
      <object_component id="oc-ee">
         <name>.text.boot_slots_compatible</name>
         <load_address>0x1e14</load_address>
         <readonly>true</readonly>
         <executable>true</executable>
         <run_address>0x1e14</run_address>
         <size>0xae</size>
         <alignment>0x2</alignment>
         <input_file_ref idref="fl-15"/>
      </object_component>
      <object_component id="oc-156">
         <name>.text.SlCrypto_ecdsa_p256_init</name>
         <load_address>0x1ec2</load_address>
         <readonly>true</readonly>
         <executable>true</executable>
         <run_address>0x1ec2</run_address>
         <size>0x2</size>
         <alignment>0x2</alignment>
         <input_file_ref idref="fl-1d"/>
      </object_component>
      <object_component id="oc-13f">
         <name>.text.bootutil_tlv_iter_next</name>
         <load_address>0x1ec4</load_address>
         <readonly>true</readonly>
         <executable>true</executable>
         <run_address>0x1ec4</run_address>
         <size>0xac</size>
         <alignment>0x4</alignment>
         <input_file_ref idref="fl-16"/>
      </object_component>
      <object_component id="oc-170">
         <name>.text.mbedtls_asn1_get_len</name>
         <load_address>0x1f70</load_address>
         <readonly>true</readonly>
         <executable>true</executable>
         <run_address>0x1f70</run_address>
         <size>0xac</size>
         <alignment>0x4</alignment>
         <input_file_ref idref="fl-1a"/>
      </object_component>
      <object_component id="oc-f4">
         <name>.text.boot_swap_type_multi</name>
         <load_address>0x201c</load_address>
         <readonly>true</readonly>
         <executable>true</executable>
         <run_address>0x201c</run_address>
         <size>0xa8</size>
         <alignment>0x4</alignment>
         <input_file_ref idref="fl-8"/>
      </object_component>
      <object_component id="oc-1f2">
         <name>.text</name>
         <load_address>0x20c4</load_address>
         <readonly>true</readonly>
         <executable>true</executable>
         <run_address>0x20c4</run_address>
         <size>0xa2</size>
         <alignment>0x4</alignment>
         <input_file_ref idref="fl-cb"/>
      </object_component>
      <object_component id="oc-1aa">
         <name>.text.SQUAREMULTIPLYWORD</name>
         <load_address>0x2166</load_address>
         <readonly>true</readonly>
         <executable>true</executable>
         <run_address>0x2166</run_address>
         <size>0x94</size>
         <alignment>0x2</alignment>
         <input_file_ref idref="fl-40"/>
      </object_component>
      <object_component id="oc-132">
         <name>.text.SlCrypto_sha256_drop</name>
         <load_address>0x21fa</load_address>
         <readonly>true</readonly>
         <executable>true</executable>
         <run_address>0x21fa</run_address>
         <size>0x2</size>
         <alignment>0x2</alignment>
         <input_file_ref idref="fl-1d"/>
      </object_component>
      <object_component id="oc-19e">
         <name>.text.zSUB</name>
         <load_address>0x21fc</load_address>
         <readonly>true</readonly>
         <executable>true</executable>
         <run_address>0x21fc</run_address>
         <size>0x90</size>
         <alignment>0x4</alignment>
         <input_file_ref idref="fl-3f"/>
      </object_component>
      <object_component id="oc-1d0">
         <name>.text.zMACC32</name>
         <load_address>0x228c</load_address>
         <readonly>true</readonly>
         <executable>true</executable>
         <run_address>0x228c</run_address>
         <size>0x8a</size>
         <alignment>0x2</alignment>
         <input_file_ref idref="fl-3f"/>
      </object_component>
      <object_component id="oc-15e">
         <name>.text.mbedtls_asn1_get_alg</name>
         <load_address>0x2316</load_address>
         <readonly>true</readonly>
         <executable>true</executable>
         <run_address>0x2316</run_address>
         <size>0x88</size>
         <alignment>0x2</alignment>
         <input_file_ref idref="fl-1a"/>
      </object_component>
      <object_component id="oc-1f7">
         <name>.text.__aeabi_ldiv0</name>
         <load_address>0x239e</load_address>
         <readonly>true</readonly>
         <executable>true</executable>
         <run_address>0x239e</run_address>
         <size>0x2</size>
         <alignment>0x2</alignment>
         <input_file_ref idref="fl-cf"/>
      </object_component>
      <object_component id="oc-8c">
         <name>.text.main</name>
         <load_address>0x23a0</load_address>
         <readonly>true</readonly>
         <executable>true</executable>
         <run_address>0x23a0</run_address>
         <size>0x78</size>
         <alignment>0x4</alignment>
         <input_file_ref idref="fl-5"/>
      </object_component>
      <object_component id="oc-22">
         <name>.text:decompress:lzss</name>
         <load_address>0x2418</load_address>
         <readonly>true</readonly>
         <executable>true</executable>
         <run_address>0x2418</run_address>
         <size>0x78</size>
         <alignment>0x4</alignment>
         <input_file_ref idref="fl-59"/>
      </object_component>
      <object_component id="oc-1cd">
         <name>.text.GETDIGITL2R</name>
         <load_address>0x2490</load_address>
         <readonly>true</readonly>
         <executable>true</executable>
         <run_address>0x2490</run_address>
         <size>0x66</size>
         <alignment>0x2</alignment>
         <input_file_ref idref="fl-40"/>
      </object_component>
      <object_component id="oc-46">
         <name>.text.faultISR</name>
         <load_address>0x24f6</load_address>
         <readonly>true</readonly>
         <executable>true</executable>
         <run_address>0x24f6</run_address>
         <size>0x2</size>
         <alignment>0x2</alignment>
         <input_file_ref idref="fl-2f"/>
      </object_component>
      <object_component id="oc-fb">
         <name>.text.boot_copy_region</name>
         <load_address>0x24f8</load_address>
         <readonly>true</readonly>
         <executable>true</executable>
         <run_address>0x24f8</run_address>
         <size>0x64</size>
         <alignment>0x4</alignment>
         <input_file_ref idref="fl-11"/>
      </object_component>
      <object_component id="oc-fa">
         <name>.text.flash_area_erase</name>
         <load_address>0x255c</load_address>
         <readonly>true</readonly>
         <executable>true</executable>
         <run_address>0x255c</run_address>
         <size>0x64</size>
         <alignment>0x4</alignment>
         <input_file_ref idref="fl-19"/>
      </object_component>
      <object_component id="oc-162">
         <name>.text.SlCrypto_ecdsa_p256_verify</name>
         <load_address>0x25c0</load_address>
         <readonly>true</readonly>
         <executable>true</executable>
         <run_address>0x25c0</run_address>
         <size>0x54</size>
         <alignment>0x2</alignment>
         <input_file_ref idref="fl-1d"/>
      </object_component>
      <object_component id="oc-128">
         <name>.text.flash_area_get_sectors</name>
         <load_address>0x2614</load_address>
         <readonly>true</readonly>
         <executable>true</executable>
         <run_address>0x2614</run_address>
         <size>0x54</size>
         <alignment>0x4</alignment>
         <input_file_ref idref="fl-19"/>
      </object_component>
      <object_component id="oc-161">
         <name>.text.bootutil_read_bigint</name>
         <load_address>0x2668</load_address>
         <readonly>true</readonly>
         <executable>true</executable>
         <run_address>0x2668</run_address>
         <size>0x50</size>
         <alignment>0x2</alignment>
         <input_file_ref idref="fl-d"/>
      </object_component>
      <object_component id="oc-111">
         <name>.text.boot_check_header_erased</name>
         <load_address>0x26b8</load_address>
         <readonly>true</readonly>
         <executable>true</executable>
         <run_address>0x26b8</run_address>
         <size>0x4a</size>
         <alignment>0x2</alignment>
         <input_file_ref idref="fl-11"/>
      </object_component>
      <object_component id="oc-1ec">
         <name>.text.zADD32</name>
         <load_address>0x2702</load_address>
         <readonly>true</readonly>
         <executable>true</executable>
         <run_address>0x2702</run_address>
         <size>0x4a</size>
         <alignment>0x2</alignment>
         <input_file_ref idref="fl-3f"/>
      </object_component>
      <object_component id="oc-120">
         <name>.text.flash_area_write</name>
         <load_address>0x274c</load_address>
         <readonly>true</readonly>
         <executable>true</executable>
         <run_address>0x274c</run_address>
         <size>0x44</size>
         <alignment>0x4</alignment>
         <input_file_ref idref="fl-19"/>
      </object_component>
      <object_component id="oc-1c5">
         <name>.text.zADD</name>
         <load_address>0x2790</load_address>
         <readonly>true</readonly>
         <executable>true</executable>
         <run_address>0x2790</run_address>
         <size>0x44</size>
         <alignment>0x2</alignment>
         <input_file_ref idref="fl-3f"/>
      </object_component>
      <object_component id="oc-eb">
         <name>.text.boot_read_image_headers</name>
         <load_address>0x27d4</load_address>
         <readonly>true</readonly>
         <executable>true</executable>
         <run_address>0x27d4</run_address>
         <size>0x3e</size>
         <alignment>0x2</alignment>
         <input_file_ref idref="fl-11"/>
      </object_component>
      <object_component id="oc-1d5">
         <name>.text.GETDIGIT</name>
         <load_address>0x2812</load_address>
         <readonly>true</readonly>
         <executable>true</executable>
         <run_address>0x2812</run_address>
         <size>0x3c</size>
         <alignment>0x2</alignment>
         <input_file_ref idref="fl-40"/>
      </object_component>
      <object_component id="oc-ed">
         <name>.text.flash_area_close</name>
         <load_address>0x284e</load_address>
         <readonly>true</readonly>
         <executable>true</executable>
         <run_address>0x284e</run_address>
         <size>0x2</size>
         <alignment>0x2</alignment>
         <input_file_ref idref="fl-19"/>
      </object_component>
      <object_component id="oc-bd">
         <name>.text:__TI_auto_init_nobinit_nopinit</name>
         <load_address>0x2850</load_address>
         <readonly>true</readonly>
         <executable>true</executable>
         <run_address>0x2850</run_address>
         <size>0x3c</size>
         <alignment>0x4</alignment>
         <input_file_ref idref="fl-54"/>
      </object_component>
      <object_component id="oc-1e3">
         <name>.text.__muldsi3</name>
         <load_address>0x288c</load_address>
         <readonly>true</readonly>
         <executable>true</executable>
         <run_address>0x288c</run_address>
         <size>0x3a</size>
         <alignment>0x4</alignment>
         <input_file_ref idref="fl-cc"/>
      </object_component>
      <object_component id="oc-1a2">
         <name>.text.IMPORTOPERAND</name>
         <load_address>0x28c6</load_address>
         <readonly>true</readonly>
         <executable>true</executable>
         <run_address>0x28c6</run_address>
         <size>0x38</size>
         <alignment>0x2</alignment>
         <input_file_ref idref="fl-3f"/>
      </object_component>
      <object_component id="oc-16d">
         <name>.text.boot_read_flag</name>
         <load_address>0x28fe</load_address>
         <readonly>true</readonly>
         <executable>true</executable>
         <run_address>0x28fe</run_address>
         <size>0x38</size>
         <alignment>0x2</alignment>
         <input_file_ref idref="fl-8"/>
      </object_component>
      <object_component id="oc-1d1">
         <name>.text.zSUB32</name>
         <load_address>0x2936</load_address>
         <readonly>true</readonly>
         <executable>true</executable>
         <run_address>0x2936</run_address>
         <size>0x38</size>
         <alignment>0x2</alignment>
         <input_file_ref idref="fl-3f"/>
      </object_component>
      <object_component id="oc-10e">
         <name>.text.boot_initialize_area</name>
         <load_address>0x296e</load_address>
         <readonly>true</readonly>
         <executable>true</executable>
         <run_address>0x296e</run_address>
         <size>0x36</size>
         <alignment>0x2</alignment>
         <input_file_ref idref="fl-11"/>
      </object_component>
      <object_component id="oc-1b7">
         <name>.text.SAVEPOINT</name>
         <load_address>0x29a4</load_address>
         <readonly>true</readonly>
         <executable>true</executable>
         <run_address>0x29a4</run_address>
         <size>0x34</size>
         <alignment>0x4</alignment>
         <input_file_ref idref="fl-40"/>
      </object_component>
      <object_component id="oc-110">
         <name>.text.boot_read_image_header</name>
         <load_address>0x29d8</load_address>
         <readonly>true</readonly>
         <executable>true</executable>
         <run_address>0x29d8</run_address>
         <size>0x34</size>
         <alignment>0x2</alignment>
         <input_file_ref idref="fl-15"/>
      </object_component>
      <object_component id="oc-b1">
         <name>.text.blinkLed</name>
         <load_address>0x2a0c</load_address>
         <readonly>true</readonly>
         <executable>true</executable>
         <run_address>0x2a0c</run_address>
         <size>0x30</size>
         <alignment>0x4</alignment>
         <input_file_ref idref="fl-1c"/>
      </object_component>
      <object_component id="oc-160">
         <name>.text.mbedtls_asn1_get_bitstring_null</name>
         <load_address>0x2a3c</load_address>
         <readonly>true</readonly>
         <executable>true</executable>
         <run_address>0x2a3c</run_address>
         <size>0x30</size>
         <alignment>0x2</alignment>
         <input_file_ref idref="fl-1a"/>
      </object_component>
      <object_component id="oc-194">
         <name>.text.CryptoUtils_reverseCopyPad</name>
         <load_address>0x2a6c</load_address>
         <readonly>true</readonly>
         <executable>true</executable>
         <run_address>0x2a6c</run_address>
         <size>0x2e</size>
         <alignment>0x2</alignment>
         <input_file_ref idref="fl-1"/>
      </object_component>
      <object_component id="oc-16c">
         <name>.text.bootutil_buffer_is_erased</name>
         <load_address>0x2a9a</load_address>
         <readonly>true</readonly>
         <executable>true</executable>
         <run_address>0x2a9a</run_address>
         <size>0x2e</size>
         <alignment>0x2</alignment>
         <input_file_ref idref="fl-8"/>
      </object_component>
      <object_component id="oc-61">
         <name>.text.SetupTrimDevice</name>
         <load_address>0x2ac8</load_address>
         <readonly>true</readonly>
         <executable>true</executable>
         <run_address>0x2ac8</run_address>
         <size>0x2c</size>
         <alignment>0x4</alignment>
         <input_file_ref idref="fl-3c"/>
      </object_component>
      <object_component id="oc-ea">
         <name>.text.boot_read_sectors</name>
         <load_address>0x2af4</load_address>
         <readonly>true</readonly>
         <executable>true</executable>
         <run_address>0x2af4</run_address>
         <size>0x2a</size>
         <alignment>0x2</alignment>
         <input_file_ref idref="fl-11"/>
      </object_component>
      <object_component id="oc-11f">
         <name>.text.flash_area_read</name>
         <load_address>0x2b1e</load_address>
         <readonly>true</readonly>
         <executable>true</executable>
         <run_address>0x2b1e</run_address>
         <size>0x2a</size>
         <alignment>0x2</alignment>
         <input_file_ref idref="fl-19"/>
      </object_component>
      <object_component id="oc-11b">
         <name>.text.boot_read_swap_state_by_id</name>
         <load_address>0x2b48</load_address>
         <readonly>true</readonly>
         <executable>true</executable>
         <run_address>0x2b48</run_address>
         <size>0x28</size>
         <alignment>0x2</alignment>
         <input_file_ref idref="fl-8"/>
      </object_component>
      <object_component id="oc-e9">
         <name>.text.flash_area_open</name>
         <load_address>0x2b70</load_address>
         <readonly>true</readonly>
         <executable>true</executable>
         <run_address>0x2b70</run_address>
         <size>0x28</size>
         <alignment>0x4</alignment>
         <input_file_ref idref="fl-19"/>
      </object_component>
      <object_component id="oc-157">
         <name>.text.mbedtls_asn1_get_tag</name>
         <load_address>0x2b98</load_address>
         <readonly>true</readonly>
         <executable>true</executable>
         <run_address>0x2b98</run_address>
         <size>0x26</size>
         <alignment>0x2</alignment>
         <input_file_ref idref="fl-1a"/>
      </object_component>
      <object_component id="oc-47">
         <name>.text.intDefaultHandler</name>
         <load_address>0x2bbe</load_address>
         <readonly>true</readonly>
         <executable>true</executable>
         <run_address>0x2bbe</run_address>
         <size>0x2</size>
         <alignment>0x2</alignment>
         <input_file_ref idref="fl-2f"/>
      </object_component>
      <object_component id="oc-1bc">
         <name>.text.__muldi3</name>
         <load_address>0x2bc0</load_address>
         <readonly>true</readonly>
         <executable>true</executable>
         <run_address>0x2bc0</run_address>
         <size>0x24</size>
         <alignment>0x4</alignment>
         <input_file_ref idref="fl-c3"/>
      </object_component>
      <object_component id="oc-7b">
         <name>.text:_c_int00</name>
         <load_address>0x2be4</load_address>
         <readonly>true</readonly>
         <executable>true</executable>
         <run_address>0x2be4</run_address>
         <size>0x24</size>
         <alignment>0x4</alignment>
         <input_file_ref idref="fl-52"/>
      </object_component>
      <object_component id="oc-195">
         <name>.text.IMPORTMODULUS</name>
         <load_address>0x2c08</load_address>
         <readonly>true</readonly>
         <executable>true</executable>
         <run_address>0x2c08</run_address>
         <size>0x20</size>
         <alignment>0x2</alignment>
         <input_file_ref idref="fl-3f"/>
      </object_component>
      <object_component id="oc-ab">
         <name>.text.boot_go</name>
         <load_address>0x2c28</load_address>
         <readonly>true</readonly>
         <executable>true</executable>
         <run_address>0x2c28</run_address>
         <size>0x20</size>
         <alignment>0x4</alignment>
         <input_file_ref idref="fl-11"/>
      </object_component>
      <object_component id="oc-155">
         <name>.text.memcmp</name>
         <load_address>0x2c48</load_address>
         <readonly>true</readonly>
         <executable>true</executable>
         <run_address>0x2c48</run_address>
         <size>0x20</size>
         <alignment>0x2</alignment>
         <input_file_ref idref="fl-7"/>
      </object_component>
      <object_component id="oc-1b5">
         <name>.text.OUTLINED_FUNCTION_0</name>
         <load_address>0x2c68</load_address>
         <readonly>true</readonly>
         <executable>true</executable>
         <run_address>0x2c68</run_address>
         <size>0x1e</size>
         <alignment>0x2</alignment>
         <input_file_ref idref="fl-3e"/>
      </object_component>
      <object_component id="oc-45">
         <name>.text.nmiISR</name>
         <load_address>0x2c86</load_address>
         <readonly>true</readonly>
         <executable>true</executable>
         <run_address>0x2c86</run_address>
         <size>0x2</size>
         <alignment>0x2</alignment>
         <input_file_ref idref="fl-2f"/>
      </object_component>
      <object_component id="oc-1fd">
         <name>.text.__ashldi3</name>
         <load_address>0x2c88</load_address>
         <readonly>true</readonly>
         <executable>true</executable>
         <run_address>0x2c88</run_address>
         <size>0x1e</size>
         <alignment>0x4</alignment>
         <input_file_ref idref="fl-cd"/>
      </object_component>
      <object_component id="oc-94">
         <name>.text._args_main</name>
         <load_address>0x2ca8</load_address>
         <readonly>true</readonly>
         <executable>true</executable>
         <run_address>0x2ca8</run_address>
         <size>0x1c</size>
         <alignment>0x4</alignment>
         <input_file_ref idref="fl-5c"/>
      </object_component>
      <object_component id="oc-1a1">
         <name>.text.BUFFERSEQUAL</name>
         <load_address>0x2cc4</load_address>
         <readonly>true</readonly>
         <executable>true</executable>
         <run_address>0x2cc4</run_address>
         <size>0x1a</size>
         <alignment>0x2</alignment>
         <input_file_ref idref="fl-3f"/>
      </object_component>
      <object_component id="oc-1e2">
         <name>.text.EXPORTOPERAND</name>
         <load_address>0x2cde</load_address>
         <readonly>true</readonly>
         <executable>true</executable>
         <run_address>0x2cde</run_address>
         <size>0x1a</size>
         <alignment>0x2</alignment>
         <input_file_ref idref="fl-3f"/>
      </object_component>
      <object_component id="oc-131">
         <name>.text.SlCrypto_sha256_final</name>
         <load_address>0x2cf8</load_address>
         <readonly>true</readonly>
         <executable>true</executable>
         <run_address>0x2cf8</run_address>
         <size>0x18</size>
         <alignment>0x4</alignment>
         <input_file_ref idref="fl-1d"/>
      </object_component>
      <object_component id="oc-12a">
         <name>.text.SlCrypto_sha256_init</name>
         <load_address>0x2d10</load_address>
         <readonly>true</readonly>
         <executable>true</executable>
         <run_address>0x2d10</run_address>
         <size>0x18</size>
         <alignment>0x4</alignment>
         <input_file_ref idref="fl-1d"/>
      </object_component>
      <object_component id="oc-12f">
         <name>.text.SlCrypto_sha256_update</name>
         <load_address>0x2d28</load_address>
         <readonly>true</readonly>
         <executable>true</executable>
         <run_address>0x2d28</run_address>
         <size>0x18</size>
         <alignment>0x4</alignment>
         <input_file_ref idref="fl-1d"/>
      </object_component>
      <object_component id="oc-173">
         <name>.text.mbedtls_platform_zeroize</name>
         <load_address>0x2d40</load_address>
         <readonly>true</readonly>
         <executable>true</executable>
         <run_address>0x2d40</run_address>
         <size>0x18</size>
         <alignment>0x4</alignment>
         <input_file_ref idref="fl-1b"/>
      </object_component>
      <object_component id="oc-15f">
         <name>.text.memcmp</name>
         <load_address>0x2d58</load_address>
         <readonly>true</readonly>
         <executable>true</executable>
         <run_address>0x2d58</run_address>
         <size>0x18</size>
         <alignment>0x2</alignment>
         <input_file_ref idref="fl-d"/>
      </object_component>
      <object_component id="oc-a5">
         <name>.text.powerUpGpio</name>
         <load_address>0x2d70</load_address>
         <readonly>true</readonly>
         <executable>true</executable>
         <run_address>0x2d70</run_address>
         <size>0x18</size>
         <alignment>0x4</alignment>
         <input_file_ref idref="fl-1c"/>
      </object_component>
      <object_component id="oc-1cf">
         <name>.text.IMPORTDATA</name>
         <load_address>0x2d88</load_address>
         <readonly>true</readonly>
         <executable>true</executable>
         <run_address>0x2d88</run_address>
         <size>0x16</size>
         <alignment>0x2</alignment>
         <input_file_ref idref="fl-3f"/>
      </object_component>
      <object_component id="oc-1c4">
         <name>.text.SETOPERAND</name>
         <load_address>0x2d9e</load_address>
         <readonly>true</readonly>
         <executable>true</executable>
         <run_address>0x2d9e</run_address>
         <size>0x16</size>
         <alignment>0x2</alignment>
         <input_file_ref idref="fl-3f"/>
      </object_component>
      <object_component id="oc-19d">
         <name>.text.ISALLZEROS</name>
         <load_address>0x2db4</load_address>
         <readonly>true</readonly>
         <executable>true</executable>
         <run_address>0x2db4</run_address>
         <size>0x14</size>
         <alignment>0x2</alignment>
         <input_file_ref idref="fl-3f"/>
      </object_component>
      <object_component id="oc-1e8">
         <name>.text.__aeabi_uldivmod</name>
         <load_address>0x2dc8</load_address>
         <readonly>true</readonly>
         <executable>true</executable>
         <run_address>0x2dc8</run_address>
         <size>0x14</size>
         <alignment>0x4</alignment>
         <input_file_ref idref="fl-ca"/>
      </object_component>
      <object_component id="oc-d6">
         <name>.text.delay</name>
         <load_address>0x2ddc</load_address>
         <readonly>true</readonly>
         <executable>true</executable>
         <run_address>0x2ddc</run_address>
         <size>0x14</size>
         <alignment>0x4</alignment>
         <input_file_ref idref="fl-1c"/>
      </object_component>
      <object_component id="oc-1b4">
         <name>.text.OUTLINED_FUNCTION_1</name>
         <load_address>0x2df0</load_address>
         <readonly>true</readonly>
         <executable>true</executable>
         <run_address>0x2df0</run_address>
         <size>0x12</size>
         <alignment>0x2</alignment>
         <input_file_ref idref="fl-3e"/>
      </object_component>
      <object_component id="oc-1c3">
         <name>.text.OUTLINED_FUNCTION_1</name>
         <load_address>0x2e02</load_address>
         <readonly>true</readonly>
         <executable>true</executable>
         <run_address>0x2e02</run_address>
         <size>0x12</size>
         <alignment>0x2</alignment>
         <input_file_ref idref="fl-3f"/>
      </object_component>
      <object_component id="oc-10f">
         <name>.text.flash_area_align</name>
         <load_address>0x2e14</load_address>
         <readonly>true</readonly>
         <executable>true</executable>
         <run_address>0x2e14</run_address>
         <size>0x12</size>
         <alignment>0x2</alignment>
         <input_file_ref idref="fl-19"/>
      </object_component>
      <object_component id="oc-80">
         <name>.text:TI_memcpy_small</name>
         <load_address>0x2e26</load_address>
         <readonly>true</readonly>
         <executable>true</executable>
         <run_address>0x2e26</run_address>
         <size>0x12</size>
         <alignment>0x1</alignment>
         <input_file_ref idref="fl-d0"/>
      </object_component>
      <object_component id="oc-26">
         <name>.text:decompress:none</name>
         <load_address>0x2e38</load_address>
         <readonly>true</readonly>
         <executable>true</executable>
         <run_address>0x2e38</run_address>
         <size>0x12</size>
         <alignment>0x2</alignment>
         <input_file_ref idref="fl-58"/>
      </object_component>
      <object_component id="oc-1c6">
         <name>.text.OUTLINED_FUNCTION_5</name>
         <load_address>0x2e4a</load_address>
         <readonly>true</readonly>
         <executable>true</executable>
         <run_address>0x2e4a</run_address>
         <size>0x10</size>
         <alignment>0x2</alignment>
         <input_file_ref idref="fl-3f"/>
      </object_component>
      <object_component id="oc-16e">
         <name>.text.boot_read_image_ok</name>
         <load_address>0x2e5a</load_address>
         <readonly>true</readonly>
         <executable>true</executable>
         <run_address>0x2e5a</run_address>
         <size>0x10</size>
         <alignment>0x2</alignment>
         <input_file_ref idref="fl-8"/>
      </object_component>
      <object_component id="oc-2b">
         <name>.text.resetISR</name>
         <load_address>0x2e6a</load_address>
         <readonly>true</readonly>
         <executable>true</executable>
         <run_address>0x2e6a</run_address>
         <size>0x10</size>
         <alignment>0x2</alignment>
         <input_file_ref idref="fl-2f"/>
      </object_component>
      <object_component id="oc-60">
         <name>.text:decompress:ZI</name>
         <load_address>0x2e7a</load_address>
         <readonly>true</readonly>
         <executable>true</executable>
         <run_address>0x2e7a</run_address>
         <size>0x10</size>
         <alignment>0x2</alignment>
         <input_file_ref idref="fl-57"/>
      </object_component>
      <object_component id="oc-1b0">
         <name>.text.COPY</name>
         <load_address>0x2e8a</load_address>
         <readonly>true</readonly>
         <executable>true</executable>
         <run_address>0x2e8a</run_address>
         <size>0xe</size>
         <alignment>0x2</alignment>
         <input_file_ref idref="fl-3f"/>
      </object_component>
      <object_component id="oc-1de">
         <name>.text.OUTLINED_FUNCTION_4</name>
         <load_address>0x2e98</load_address>
         <readonly>true</readonly>
         <executable>true</executable>
         <run_address>0x2e98</run_address>
         <size>0xe</size>
         <alignment>0x2</alignment>
         <input_file_ref idref="fl-40"/>
      </object_component>
      <object_component id="oc-1d4">
         <name>.text.OUTLINED_FUNCTION_6</name>
         <load_address>0x2ea6</load_address>
         <readonly>true</readonly>
         <executable>true</executable>
         <run_address>0x2ea6</run_address>
         <size>0xe</size>
         <alignment>0x2</alignment>
         <input_file_ref idref="fl-40"/>
      </object_component>
      <object_component id="oc-1ce">
         <name>.text.ZERO</name>
         <load_address>0x2eb4</load_address>
         <readonly>true</readonly>
         <executable>true</executable>
         <run_address>0x2eb4</run_address>
         <size>0xe</size>
         <alignment>0x2</alignment>
         <input_file_ref idref="fl-3f"/>
      </object_component>
      <object_component id="oc-129">
         <name>.text.flash_area_erased_val</name>
         <load_address>0x2ec2</load_address>
         <readonly>true</readonly>
         <executable>true</executable>
         <run_address>0x2ec2</run_address>
         <size>0xe</size>
         <alignment>0x2</alignment>
         <input_file_ref idref="fl-19"/>
      </object_component>
      <object_component id="oc-e3">
         <name>.text.flash_area_id_from_multi_image_slot</name>
         <load_address>0x2ed0</load_address>
         <readonly>true</readonly>
         <executable>true</executable>
         <run_address>0x2ed0</run_address>
         <size>0xe</size>
         <alignment>0x2</alignment>
         <input_file_ref idref="fl-19"/>
      </object_component>
      <object_component id="oc-9d">
         <name>.text:TI_memset_small</name>
         <load_address>0x2ede</load_address>
         <readonly>true</readonly>
         <executable>true</executable>
         <run_address>0x2ede</run_address>
         <size>0xe</size>
         <alignment>0x1</alignment>
         <input_file_ref idref="fl-50"/>
      </object_component>
      <object_component id="oc-1c7">
         <name>.text.OUTLINED_FUNCTION_2</name>
         <load_address>0x2eec</load_address>
         <readonly>true</readonly>
         <executable>true</executable>
         <run_address>0x2eec</run_address>
         <size>0xc</size>
         <alignment>0x2</alignment>
         <input_file_ref idref="fl-3f"/>
      </object_component>
      <object_component id="oc-1c9">
         <name>.text.OUTLINED_FUNCTION_3</name>
         <load_address>0x2ef8</load_address>
         <readonly>true</readonly>
         <executable>true</executable>
         <run_address>0x2ef8</run_address>
         <size>0xc</size>
         <alignment>0x2</alignment>
         <input_file_ref idref="fl-3f"/>
      </object_component>
      <object_component id="oc-250">
         <name>.tramp.zMACC32.1</name>
         <load_address>0x2f04</load_address>
         <readonly>true</readonly>
         <executable>true</executable>
         <run_address>0x2f04</run_address>
         <size>0x10</size>
         <alignment>0x4</alignment>
         <input_file_ref idref="fl-3f"/>
      </object_component>
      <object_component id="oc-19f">
         <name>.text.OUTLINED_FUNCTION_4</name>
         <load_address>0x2f14</load_address>
         <readonly>true</readonly>
         <executable>true</executable>
         <run_address>0x2f14</run_address>
         <size>0xc</size>
         <alignment>0x2</alignment>
         <input_file_ref idref="fl-3e"/>
      </object_component>
      <object_component id="oc-6f">
         <name>.text.__aeabi_memclr</name>
         <load_address>0x2f20</load_address>
         <readonly>true</readonly>
         <executable>true</executable>
         <run_address>0x2f20</run_address>
         <size>0xc</size>
         <alignment>0x4</alignment>
         <input_file_ref idref="fl-c8"/>
      </object_component>
      <object_component id="oc-aa">
         <name>.text.lightRedLed</name>
         <load_address>0x2f2c</load_address>
         <readonly>true</readonly>
         <executable>true</executable>
         <run_address>0x2f2c</run_address>
         <size>0xc</size>
         <alignment>0x4</alignment>
         <input_file_ref idref="fl-1c"/>
      </object_component>
      <object_component id="oc-1c0">
         <name>.text.OUTLINED_FUNCTION_0</name>
         <load_address>0x2f38</load_address>
         <readonly>true</readonly>
         <executable>true</executable>
         <run_address>0x2f38</run_address>
         <size>0xa</size>
         <alignment>0x2</alignment>
         <input_file_ref idref="fl-3f"/>
      </object_component>
      <object_component id="oc-1d2">
         <name>.text.OUTLINED_FUNCTION_10</name>
         <load_address>0x2f42</load_address>
         <readonly>true</readonly>
         <executable>true</executable>
         <run_address>0x2f42</run_address>
         <size>0xa</size>
         <alignment>0x2</alignment>
         <input_file_ref idref="fl-40"/>
      </object_component>
      <object_component id="oc-1ef">
         <name>.text.OUTLINED_FUNCTION_1</name>
         <load_address>0x2f4c</load_address>
         <readonly>true</readonly>
         <executable>true</executable>
         <run_address>0x2f4c</run_address>
         <size>0xa</size>
         <alignment>0x2</alignment>
         <input_file_ref idref="fl-40"/>
      </object_component>
      <object_component id="oc-1f0">
         <name>.text.OUTLINED_FUNCTION_2</name>
         <load_address>0x2f56</load_address>
         <readonly>true</readonly>
         <executable>true</executable>
         <run_address>0x2f56</run_address>
         <size>0xa</size>
         <alignment>0x2</alignment>
         <input_file_ref idref="fl-40"/>
      </object_component>
      <object_component id="oc-1c1">
         <name>.text.OUTLINED_FUNCTION_4</name>
         <load_address>0x2f60</load_address>
         <readonly>true</readonly>
         <executable>true</executable>
         <run_address>0x2f60</run_address>
         <size>0xa</size>
         <alignment>0x2</alignment>
         <input_file_ref idref="fl-3f"/>
      </object_component>
      <object_component id="oc-1ed">
         <name>.text.OUTLINED_FUNCTION_5</name>
         <load_address>0x2f6a</load_address>
         <readonly>true</readonly>
         <executable>true</executable>
         <run_address>0x2f6a</run_address>
         <size>0xa</size>
         <alignment>0x2</alignment>
         <input_file_ref idref="fl-40"/>
      </object_component>
      <object_component id="oc-1e0">
         <name>.text.OUTLINED_FUNCTION_7</name>
         <load_address>0x2f74</load_address>
         <readonly>true</readonly>
         <executable>true</executable>
         <run_address>0x2f74</run_address>
         <size>0xa</size>
         <alignment>0x2</alignment>
         <input_file_ref idref="fl-40"/>
      </object_component>
      <object_component id="oc-1e1">
         <name>.text.OUTLINED_FUNCTION_8</name>
         <load_address>0x2f7e</load_address>
         <readonly>true</readonly>
         <executable>true</executable>
         <run_address>0x2f7e</run_address>
         <size>0xa</size>
         <alignment>0x2</alignment>
         <input_file_ref idref="fl-40"/>
      </object_component>
      <object_component id="oc-1ee">
         <name>.text.OUTLINED_FUNCTION_9</name>
         <load_address>0x2f88</load_address>
         <readonly>true</readonly>
         <executable>true</executable>
         <run_address>0x2f88</run_address>
         <size>0xa</size>
         <alignment>0x2</alignment>
         <input_file_ref idref="fl-40"/>
      </object_component>
      <object_component id="oc-152">
         <name>.text.boot_swap_info_off</name>
         <load_address>0x2f92</load_address>
         <readonly>true</readonly>
         <executable>true</executable>
         <run_address>0x2f92</run_address>
         <size>0xa</size>
         <alignment>0x2</alignment>
         <input_file_ref idref="fl-8"/>
      </object_component>
      <object_component id="oc-b3">
         <name>.text.start_app</name>
         <load_address>0x2f9c</load_address>
         <readonly>true</readonly>
         <executable>true</executable>
         <run_address>0x2f9c</run_address>
         <size>0xa</size>
         <alignment>0x2</alignment>
         <input_file_ref idref="fl-5"/>
      </object_component>
      <object_component id="oc-1df">
         <name>.text.OUTLINED_FUNCTION_0</name>
         <load_address>0x2fa6</load_address>
         <readonly>true</readonly>
         <executable>true</executable>
         <run_address>0x2fa6</run_address>
         <size>0x8</size>
         <alignment>0x2</alignment>
         <input_file_ref idref="fl-40"/>
      </object_component>
      <object_component id="oc-1b2">
         <name>.text.OUTLINED_FUNCTION_5</name>
         <load_address>0x2fae</load_address>
         <readonly>true</readonly>
         <executable>true</executable>
         <run_address>0x2fae</run_address>
         <size>0x8</size>
         <alignment>0x2</alignment>
         <input_file_ref idref="fl-3e"/>
      </object_component>
      <object_component id="oc-1a0">
         <name>.text.OUTLINED_FUNCTION_6</name>
         <load_address>0x2fb6</load_address>
         <readonly>true</readonly>
         <executable>true</executable>
         <run_address>0x2fb6</run_address>
         <size>0x8</size>
         <alignment>0x2</alignment>
         <input_file_ref idref="fl-3e"/>
      </object_component>
      <object_component id="oc-251">
         <name>.tramp.mADD.1</name>
         <load_address>0x2fc0</load_address>
         <readonly>true</readonly>
         <executable>true</executable>
         <run_address>0x2fc0</run_address>
         <size>0x10</size>
         <alignment>0x4</alignment>
         <input_file_ref idref="fl-41"/>
      </object_component>
      <object_component id="oc-1c8">
         <name>.text.OUTLINED_FUNCTION_6</name>
         <load_address>0x2fd0</load_address>
         <readonly>true</readonly>
         <executable>true</executable>
         <run_address>0x2fd0</run_address>
         <size>0x8</size>
         <alignment>0x2</alignment>
         <input_file_ref idref="fl-3f"/>
      </object_component>
      <object_component id="oc-252">
         <name>.tramp.zADD32.1</name>
         <load_address>0x2fd8</load_address>
         <readonly>true</readonly>
         <executable>true</executable>
         <run_address>0x2fd8</run_address>
         <size>0x10</size>
         <alignment>0x4</alignment>
         <input_file_ref idref="fl-3f"/>
      </object_component>
      <object_component id="oc-1cc">
         <name>.text.SETWORD</name>
         <load_address>0x2fe8</load_address>
         <readonly>true</readonly>
         <executable>true</executable>
         <run_address>0x2fe8</run_address>
         <size>0x8</size>
         <alignment>0x2</alignment>
         <input_file_ref idref="fl-3f"/>
      </object_component>
      <object_component id="oc-53">
         <name>.text.__aeabi_memcpy</name>
         <load_address>0x2ff0</load_address>
         <readonly>true</readonly>
         <executable>true</executable>
         <run_address>0x2ff0</run_address>
         <size>0x8</size>
         <alignment>0x4</alignment>
         <input_file_ref idref="fl-c7"/>
      </object_component>
      <object_component id="oc-140">
         <name>.text.boot_fih_memequal</name>
         <load_address>0x2ff8</load_address>
         <readonly>true</readonly>
         <executable>true</executable>
         <run_address>0x2ff8</run_address>
         <size>0x8</size>
         <alignment>0x2</alignment>
         <input_file_ref idref="fl-7"/>
      </object_component>
      <object_component id="oc-139">
         <name>.text.bootutil_max_image_size</name>
         <load_address>0x3000</load_address>
         <readonly>true</readonly>
         <executable>true</executable>
         <run_address>0x3000</run_address>
         <size>0x8</size>
         <alignment>0x2</alignment>
         <input_file_ref idref="fl-7"/>
      </object_component>
      <object_component id="oc-1d3">
         <name>.text.OUTLINED_FUNCTION_3</name>
         <load_address>0x3008</load_address>
         <readonly>true</readonly>
         <executable>true</executable>
         <run_address>0x3008</run_address>
         <size>0x6</size>
         <alignment>0x2</alignment>
         <input_file_ref idref="fl-40"/>
      </object_component>
      <object_component id="oc-253">
         <name>.tramp.mMULT.1</name>
         <load_address>0x3010</load_address>
         <readonly>true</readonly>
         <executable>true</executable>
         <run_address>0x3010</run_address>
         <size>0x10</size>
         <alignment>0x4</alignment>
         <input_file_ref idref="fl-41"/>
      </object_component>
      <object_component id="oc-177">
         <name>.text.CryptoKeyPlaintext_initKey</name>
         <load_address>0x3020</load_address>
         <readonly>true</readonly>
         <executable>true</executable>
         <run_address>0x3020</run_address>
         <size>0x4</size>
         <alignment>0x2</alignment>
         <input_file_ref idref="fl-1"/>
      </object_component>
      <object_component id="oc-19c">
         <name>.text.IMPORTLENGTH</name>
         <load_address>0x3024</load_address>
         <readonly>true</readonly>
         <executable>true</executable>
         <run_address>0x3024</run_address>
         <size>0x4</size>
         <alignment>0x2</alignment>
         <input_file_ref idref="fl-3f"/>
      </object_component>
      <object_component id="oc-88">
         <name>.text._system_pre_init</name>
         <load_address>0x3028</load_address>
         <readonly>true</readonly>
         <executable>true</executable>
         <run_address>0x3028</run_address>
         <size>0x4</size>
         <alignment>0x2</alignment>
         <input_file_ref idref="fl-55"/>
      </object_component>
      <object_component id="oc-b6">
         <name>.text:abort</name>
         <load_address>0x302c</load_address>
         <readonly>true</readonly>
         <executable>true</executable>
         <run_address>0x302c</run_address>
         <size>0x4</size>
         <alignment>0x2</alignment>
         <input_file_ref idref="fl-5a"/>
      </object_component>
      <object_component id="oc-1dc">
         <name>.rodata.LUTJ</name>
         <load_address>0x3030</load_address>
         <readonly>true</readonly>
         <run_address>0x3030</run_address>
         <size>0x78</size>
         <alignment>0x1</alignment>
         <input_file_ref idref="fl-40"/>
      </object_component>
      <object_component id="oc-16a">
         <name>.rodata.root_pub_der</name>
         <load_address>0x30a8</load_address>
         <readonly>true</readonly>
         <run_address>0x30a8</run_address>
         <size>0x5b</size>
         <alignment>0x1</alignment>
         <input_file_ref idref="fl-2"/>
      </object_component>
      <object_component id="oc-1dd">
         <name>.rodata.LUTSTATE</name>
         <load_address>0x3103</load_address>
         <readonly>true</readonly>
         <run_address>0x3103</run_address>
         <size>0x3c</size>
         <alignment>0x1</alignment>
         <input_file_ref idref="fl-40"/>
      </object_component>
      <object_component id="oc-18d">
         <name>.rodata.ECC_NISTP256_a</name>
         <load_address>0x3140</load_address>
         <readonly>true</readonly>
         <run_address>0x3140</run_address>
         <size>0x24</size>
         <alignment>0x4</alignment>
         <input_file_ref idref="fl-1"/>
      </object_component>
      <object_component id="oc-192">
         <name>.rodata.ECC_NISTP256_a_mont</name>
         <load_address>0x3164</load_address>
         <readonly>true</readonly>
         <run_address>0x3164</run_address>
         <size>0x24</size>
         <alignment>0x4</alignment>
         <input_file_ref idref="fl-1"/>
      </object_component>
      <object_component id="oc-18e">
         <name>.rodata.ECC_NISTP256_b</name>
         <load_address>0x3188</load_address>
         <readonly>true</readonly>
         <run_address>0x3188</run_address>
         <size>0x24</size>
         <alignment>0x4</alignment>
         <input_file_ref idref="fl-1"/>
      </object_component>
      <object_component id="oc-193">
         <name>.rodata.ECC_NISTP256_b_mont</name>
         <load_address>0x31ac</load_address>
         <readonly>true</readonly>
         <run_address>0x31ac</run_address>
         <size>0x24</size>
         <alignment>0x4</alignment>
         <input_file_ref idref="fl-1"/>
      </object_component>
      <object_component id="oc-18f">
         <name>.rodata.ECC_NISTP256_generatorX</name>
         <load_address>0x31d0</load_address>
         <readonly>true</readonly>
         <run_address>0x31d0</run_address>
         <size>0x24</size>
         <alignment>0x4</alignment>
         <input_file_ref idref="fl-1"/>
      </object_component>
      <object_component id="oc-190">
         <name>.rodata.ECC_NISTP256_generatorY</name>
         <load_address>0x31f4</load_address>
         <readonly>true</readonly>
         <run_address>0x31f4</run_address>
         <size>0x24</size>
         <alignment>0x4</alignment>
         <input_file_ref idref="fl-1"/>
      </object_component>
      <object_component id="oc-191">
         <name>.rodata.ECC_NISTP256_k_mont</name>
         <load_address>0x3218</load_address>
         <readonly>true</readonly>
         <run_address>0x3218</run_address>
         <size>0x24</size>
         <alignment>0x4</alignment>
         <input_file_ref idref="fl-1"/>
      </object_component>
      <object_component id="oc-18c">
         <name>.rodata.ECC_NISTP256_order</name>
         <load_address>0x323c</load_address>
         <readonly>true</readonly>
         <run_address>0x323c</run_address>
         <size>0x24</size>
         <alignment>0x4</alignment>
         <input_file_ref idref="fl-1"/>
      </object_component>
      <object_component id="oc-18b">
         <name>.rodata.ECC_NISTP256_prime</name>
         <load_address>0x3260</load_address>
         <readonly>true</readonly>
         <run_address>0x3260</run_address>
         <size>0x24</size>
         <alignment>0x4</alignment>
         <input_file_ref idref="fl-1"/>
      </object_component>
      <object_component id="oc-1d9">
         <name>.rodata.LUTC</name>
         <load_address>0x3284</load_address>
         <readonly>true</readonly>
         <run_address>0x3284</run_address>
         <size>0x18</size>
         <alignment>0x1</alignment>
         <input_file_ref idref="fl-40"/>
      </object_component>
      <object_component id="oc-1db">
         <name>.rodata.LUTINCI</name>
         <load_address>0x329c</load_address>
         <readonly>true</readonly>
         <run_address>0x329c</run_address>
         <size>0x18</size>
         <alignment>0x1</alignment>
         <input_file_ref idref="fl-40"/>
      </object_component>
      <object_component id="oc-1d8">
         <name>.rodata.LUTOPSIGN</name>
         <load_address>0x32b4</load_address>
         <readonly>true</readonly>
         <run_address>0x32b4</run_address>
         <size>0x18</size>
         <alignment>0x1</alignment>
         <input_file_ref idref="fl-40"/>
      </object_component>
      <object_component id="oc-1da">
         <name>.rodata.LUTSE</name>
         <load_address>0x32cc</load_address>
         <readonly>true</readonly>
         <run_address>0x32cc</run_address>
         <size>0x18</size>
         <alignment>0x1</alignment>
         <input_file_ref idref="fl-40"/>
      </object_component>
      <object_component id="oc-11c">
         <name>.rodata.boot_swap_tables</name>
         <load_address>0x32e4</load_address>
         <readonly>true</readonly>
         <run_address>0x32e4</run_address>
         <size>0x12</size>
         <alignment>0x1</alignment>
         <input_file_ref idref="fl-8"/>
      </object_component>
      <object_component id="oc-10d">
         <name>.rodata.boot_area_descs</name>
         <load_address>0x32f8</load_address>
         <readonly>true</readonly>
         <run_address>0x32f8</run_address>
         <size>0x10</size>
         <alignment>0x4</alignment>
         <input_file_ref idref="fl-19"/>
      </object_component>
      <object_component id="oc-16f">
         <name>.rodata.boot_img_magic</name>
         <load_address>0x3308</load_address>
         <readonly>true</readonly>
         <run_address>0x3308</run_address>
         <size>0x10</size>
         <alignment>0x4</alignment>
         <input_file_ref idref="fl-8"/>
      </object_component>
      <object_component id="oc-125">
         <name>.rodata.bootloader</name>
         <load_address>0x3318</load_address>
         <readonly>true</readonly>
         <run_address>0x3318</run_address>
         <size>0xc</size>
         <alignment>0x4</alignment>
         <input_file_ref idref="fl-19"/>
      </object_component>
      <object_component id="oc-126">
         <name>.rodata.primary_1</name>
         <load_address>0x3324</load_address>
         <readonly>true</readonly>
         <run_address>0x3324</run_address>
         <size>0xc</size>
         <alignment>0x4</alignment>
         <input_file_ref idref="fl-19"/>
      </object_component>
      <object_component id="oc-127">
         <name>.rodata.secondary_1</name>
         <load_address>0x3330</load_address>
         <readonly>true</readonly>
         <run_address>0x3330</run_address>
         <size>0xc</size>
         <alignment>0x4</alignment>
         <input_file_ref idref="fl-19"/>
      </object_component>
      <object_component id="oc-164">
         <name>.rodata.ec_secp256r1_oid</name>
         <load_address>0x333c</load_address>
         <readonly>true</readonly>
         <run_address>0x333c</run_address>
         <size>0x9</size>
         <alignment>0x1</alignment>
         <input_file_ref idref="fl-d"/>
      </object_component>
      <object_component id="oc-149">
         <name>.rodata.bootutil_keys</name>
         <load_address>0x3348</load_address>
         <readonly>true</readonly>
         <run_address>0x3348</run_address>
         <size>0x8</size>
         <alignment>0x4</alignment>
[...]
         <name>boot_fih_memequal</name>
         <value>0x2ff9</value>
         <object_component_ref idref="oc-140"/>
      </symbol>
      <symbol id="sm-87">
         <name>bootutil_max_image_size</name>
         <value>0x3001</value>
         <object_component_ref idref="oc-139"/>
      </symbol>
      <symbol id="sm-a2">
         <name>boot_swap_info_off</name>
         <value>0x2f93</value>
         <object_component_ref idref="oc-152"/>
      </symbol>
      <symbol id="sm-a3">
         <name>bootutil_buffer_is_erased</name>
         <value>0x2a9b</value>
         <object_component_ref idref="oc-16c"/>
      </symbol>
      <symbol id="sm-a4">
         <name>boot_read_swap_state</name>
         <value>0x1d5d</value>
         <object_component_ref idref="oc-14c"/>
      </symbol>
      <symbol id="sm-a5">
         <name>boot_read_image_ok</name>
         <value>0x2e5b</value>
         <object_component_ref idref="oc-16e"/>
      </symbol>
      <symbol id="sm-a6">
         <name>boot_img_magic</name>
         <value>0x3308</value>
         <object_component_ref idref="oc-16f"/>
      </symbol>
      <symbol id="sm-a7">
         <name>boot_read_swap_state_by_id</name>
         <value>0x2b49</value>
         <object_component_ref idref="oc-11b"/>
      </symbol>
      <symbol id="sm-a8">
         <name>boot_swap_type_multi</name>
         <value>0x201d</value>
         <object_component_ref idref="oc-f4"/>
      </symbol>
      <symbol id="sm-af">
         <name>FIH_SUCCESS</name>
         <value>0x200045d4</value>
         <object_component_ref idref="oc-100"/>
      </symbol>
      <symbol id="sm-b0">
         <name>FIH_FAILURE</name>
         <value>0x200045cc</value>
         <object_component_ref idref="oc-fc"/>
      </symbol>
      <symbol id="sm-b1">
         <name>FIH_NO_BOOTABLE_IMAGE</name>
         <value>0x200045d0</value>
         <object_component_ref idref="oc-101"/>
      </symbol>
      <symbol id="sm-c7">
         <name>bootutil_verify_sig</name>
         <value>0x15f1</value>
         <object_component_ref idref="oc-141"/>
      </symbol>
      <symbol id="sm-d8">
         <name>bootutil_img_validate</name>
         <value>0xf39</value>
         <object_component_ref idref="oc-112"/>
      </symbol>
      <symbol id="sm-10e">
         <name>boot_copy_region</name>
         <value>0x24f9</value>
         <object_component_ref idref="oc-fb"/>
      </symbol>
      <symbol id="sm-10f">
         <name>context_boot_go</name>
         <value>0xd2d</value>
         <object_component_ref idref="oc-d2"/>
      </symbol>
      <symbol id="sm-110">
         <name>boot_go</name>
         <value>0x2c29</value>
         <object_component_ref idref="oc-ab"/>
      </symbol>
      <symbol id="sm-11f">
         <name>boot_read_image_header</name>
         <value>0x29d9</value>
         <object_component_ref idref="oc-110"/>
      </symbol>
      <symbol id="sm-120">
         <name>boot_slots_compatible</name>
         <value>0x1e15</value>
         <object_component_ref idref="oc-ee"/>
      </symbol>
      <symbol id="sm-12e">
         <name>bootutil_tlv_iter_begin</name>
         <value>0x1c99</value>
         <object_component_ref idref="oc-133"/>
      </symbol>
      <symbol id="sm-12f">
         <name>bootutil_tlv_iter_next</name>
         <value>0x1ec5</value>
         <object_component_ref idref="oc-13f"/>
      </symbol>
      <symbol id="sm-157">
         <name>flash_area_open</name>
         <value>0x2b71</value>
         <object_component_ref idref="oc-e9"/>
      </symbol>
      <symbol id="sm-158">
         <name>flash_area_close</name>
         <value>0x284f</value>
         <object_component_ref idref="oc-ed"/>
      </symbol>
      <symbol id="sm-159">
         <name>flash_area_read</name>
         <value>0x2b1f</value>
         <object_component_ref idref="oc-11f"/>
      </symbol>
      <symbol id="sm-15a">
         <name>flash_area_write</name>
         <value>0x274d</value>
         <object_component_ref idref="oc-120"/>
      </symbol>
      <symbol id="sm-15b">
         <name>flash_area_erase</name>
         <value>0x255d</value>
         <object_component_ref idref="oc-fa"/>
      </symbol>
      <symbol id="sm-15c">
         <name>flash_area_align</name>
         <value>0x2e15</value>
         <object_component_ref idref="oc-10f"/>
      </symbol>
      <symbol id="sm-15d">
         <name>flash_area_id_from_multi_image_slot</name>
         <value>0x2ed1</value>
         <object_component_ref idref="oc-e3"/>
      </symbol>
      <symbol id="sm-15e">
         <name>flash_area_erased_val</name>
         <value>0x2ec3</value>
         <object_component_ref idref="oc-129"/>
      </symbol>
      <symbol id="sm-15f">
         <name>flash_area_get_sectors</name>
         <value>0x2615</value>
         <object_component_ref idref="oc-128"/>
      </symbol>
      <symbol id="sm-171">
         <name>mbedtls_asn1_get_len</name>
         <value>0x1f71</value>
         <object_component_ref idref="oc-170"/>
      </symbol>
      <symbol id="sm-172">
         <name>mbedtls_asn1_get_tag</name>
         <value>0x2b99</value>
         <object_component_ref idref="oc-157"/>
      </symbol>
      <symbol id="sm-173">
         <name>mbedtls_asn1_get_bitstring_null</name>
         <value>0x2a3d</value>
         <object_component_ref idref="oc-160"/>
      </symbol>
      <symbol id="sm-174">
         <name>mbedtls_asn1_get_alg</name>
         <value>0x2317</value>
         <object_component_ref idref="oc-15e"/>
      </symbol>
      <symbol id="sm-180">
         <name>mbedtls_platform_zeroize</name>
         <value>0x2d41</value>
         <object_component_ref idref="oc-173"/>
      </symbol>
      <symbol id="sm-194">
         <name>blinkLed</name>
         <value>0x2a0d</value>
         <object_component_ref idref="oc-b1"/>
      </symbol>
      <symbol id="sm-195">
         <name>delay</name>
         <value>0x2ddd</value>
         <object_component_ref idref="oc-d6"/>
      </symbol>
      <symbol id="sm-196">
         <name>lightRedLed</name>
         <value>0x2f2d</value>
         <object_component_ref idref="oc-aa"/>
      </symbol>
      <symbol id="sm-197">
         <name>powerUpGpio</name>
         <value>0x2d71</value>
         <object_component_ref idref="oc-a5"/>
      </symbol>
      <symbol id="sm-1b2">
         <name>SlCrypto_sha256_init</name>
         <value>0x2d11</value>
         <object_component_ref idref="oc-12a"/>
      </symbol>
      <symbol id="sm-1b3">
         <name>SlCrypto_sha256_drop</name>
         <value>0x21fb</value>
         <object_component_ref idref="oc-132"/>
      </symbol>
      <symbol id="sm-1b4">
         <name>SlCrypto_sha256_update</name>
         <value>0x2d29</value>
         <object_component_ref idref="oc-12f"/>
      </symbol>
      <symbol id="sm-1b5">
         <name>SlCrypto_sha256_final</name>
         <value>0x2cf9</value>
         <object_component_ref idref="oc-131"/>
      </symbol>
      <symbol id="sm-1b6">
         <name>SlCrypto_ecdsa_p256_init</name>
         <value>0x1ec3</value>
         <object_component_ref idref="oc-156"/>
      </symbol>
      <symbol id="sm-1b7">
         <name>SlCrypto_ecdsa_p256_drop</name>
         <value>0x191b</value>
         <object_component_ref idref="oc-15d"/>
      </symbol>
      <symbol id="sm-1b8">
         <name>SlCrypto_ecdsa_p256_verify</name>
         <value>0x25c1</value>
         <object_component_ref idref="oc-162"/>
      </symbol>
      <symbol id="sm-1b9">
         <name>__TI_ATRegion0_src_addr</name>
         <value>0x0</value>
      </symbol>
      <symbol id="sm-1ba">
         <name>__TI_ATRegion0_trg_addr</name>
         <value>0x0</value>
      </symbol>
      <symbol id="sm-1bb">
         <name>__TI_ATRegion0_region_sz</name>
         <value>0x0</value>
      </symbol>
      <symbol id="sm-1bc">
         <name>__TI_ATRegion1_src_addr</name>
         <value>0x0</value>
      </symbol>
      <symbol id="sm-1bd">
         <name>__TI_ATRegion1_trg_addr</name>
         <value>0x0</value>
      </symbol>
      <symbol id="sm-1be">
         <name>__TI_ATRegion1_region_sz</name>
         <value>0x0</value>
      </symbol>
      <symbol id="sm-1bf">
         <name>__TI_ATRegion2_src_addr</name>
         <value>0x0</value>
      </symbol>
      <symbol id="sm-1c0">
         <name>__TI_ATRegion2_trg_addr</name>
         <value>0x0</value>
      </symbol>
      <symbol id="sm-1c1">
         <name>__TI_ATRegion2_region_sz</name>
         <value>0x0</value>
      </symbol>
      <symbol id="sm-1d3">
         <name>resetISR</name>
         <value>0x2e6b</value>
         <object_component_ref idref="oc-2b"/>
      </symbol>
      <symbol id="sm-1d4">
         <name>resetVectors</name>
         <value>0x0</value>
         <object_component_ref idref="oc-1e"/>
      </symbol>
      <symbol id="sm-1ea">
         <name>SetupTrimDevice</name>
         <value>0x2ac9</value>
         <object_component_ref idref="oc-61"/>
      </symbol>
      <symbol id="sm-207">
         <name>ECCSW_ECDSAVerify</name>
         <value>0xa4d</value>
         <object_component_ref idref="oc-18a"/>
      </symbol>
      <symbol id="sm-208">
         <name>ECCSW_validatePublicKeyWeierstrass</name>
         <value>0x14c1</value>
         <object_component_ref idref="oc-184"/>
      </symbol>
      <symbol id="sm-24a">
         <name>IMPORTLENGTH</name>
         <value>0x3025</value>
         <object_component_ref idref="oc-19c"/>
      </symbol>
      <symbol id="sm-24b">
         <name>IMPORTMODULUS</name>
         <value>0x2c09</value>
         <object_component_ref idref="oc-195"/>
      </symbol>
      <symbol id="sm-24c">
         <name>IMPORTOPERAND</name>
         <value>0x28c7</value>
         <object_component_ref idref="oc-1a2"/>
      </symbol>
      <symbol id="sm-24d">
         <name>EXPORTOPERAND</name>
         <value>0x2cdf</value>
         <object_component_ref idref="oc-1e2"/>
      </symbol>
      <symbol id="sm-24e">
         <name>IMPORTDATA</name>
         <value>0x2d89</value>
         <object_component_ref idref="oc-1cf"/>
      </symbol>
      <symbol id="sm-24f">
         <name>SETOPERAND</name>
         <value>0x2d9f</value>
         <object_component_ref idref="oc-1c4"/>
      </symbol>
      <symbol id="sm-250">
         <name>COPY</name>
         <value>0x2e8b</value>
         <object_component_ref idref="oc-1b0"/>
      </symbol>
      <symbol id="sm-251">
         <name>ZERO</name>
         <value>0x2eb5</value>
         <object_component_ref idref="oc-1ce"/>
      </symbol>
      <symbol id="sm-252">
         <name>SETWORD</name>
         <value>0x2fe9</value>
         <object_component_ref idref="oc-1cc"/>
      </symbol>
      <symbol id="sm-253">
         <name>mSET</name>
         <value>0x1afd</value>
         <object_component_ref idref="oc-19b"/>
      </symbol>
      <symbol id="sm-254">
         <name>mINVK</name>
         <value>0x1bd1</value>
         <object_component_ref idref="oc-1a9"/>
      </symbol>
      <symbol id="sm-255">
         <name>zADD</name>
         <value>0x2791</value>
         <object_component_ref idref="oc-1c5"/>
      </symbol>
      <symbol id="sm-256">
         <name>zADD32</name>
         <value>0x2703</value>
         <object_component_ref idref="oc-1ec"/>
      </symbol>
      <symbol id="sm-257">
         <name>zMACC32</name>
         <value>0x228d</value>
         <object_component_ref idref="oc-1d0"/>
      </symbol>
      <symbol id="sm-258">
         <name>zSUB</name>
         <value>0x21fd</value>
         <object_component_ref idref="oc-19e"/>
      </symbol>
      <symbol id="sm-259">
         <name>zSUB32</name>
         <value>0x2937</value>
         <object_component_ref idref="oc-1d1"/>
      </symbol>
      <symbol id="sm-25a">
         <name>BUFFERSEQUAL</name>
         <value>0x2cc5</value>
         <object_component_ref idref="oc-1a1"/>
      </symbol>
      <symbol id="sm-25b">
         <name>ISALLZEROS</name>
         <value>0x2db5</value>
         <object_component_ref idref="oc-19d"/>
      </symbol>
      <symbol id="sm-2a3">
         <name>SCALARMUL_init</name>
         <value>0x1829</value>
         <object_component_ref idref="oc-1b3"/>
      </symbol>
      <symbol id="sm-2a4">
         <name>SQUAREMULTIPLYWORD</name>
         <value>0x2167</value>
         <object_component_ref idref="oc-1aa"/>
      </symbol>
      <symbol id="sm-2a5">
         <name>SCALARMUL_core</name>
         <value>0x8d</value>
         <object_component_ref idref="oc-1b6"/>
      </symbol>
      <symbol id="sm-2a6">
         <name>GETDIGIT</name>
         <value>0x2813</value>
         <object_component_ref idref="oc-1d5"/>
      </symbol>
      <symbol id="sm-2a7">
         <name>ATOMICPATTERN</name>
         <value>0x40d</value>
         <object_component_ref idref="oc-1d6"/>
      </symbol>
      <symbol id="sm-2a8">
         <name>JACADD</name>
         <value>0x1319</value>
         <object_component_ref idref="oc-1b8"/>
      </symbol>
      <symbol id="sm-2a9">
         <name>LUTOPCODE</name>
         <value>0x3358</value>
         <object_component_ref idref="oc-1d7"/>
      </symbol>
      <symbol id="sm-2aa">
         <name>LUTOPSIGN</name>
         <value>0x32b4</value>
         <object_component_ref idref="oc-1d8"/>
      </symbol>
      <symbol id="sm-2ab">
         <name>LUTC</name>
         <value>0x3284</value>
         <object_component_ref idref="oc-1d9"/>
      </symbol>
      <symbol id="sm-2ac">
         <name>LUTSE</name>
         <value>0x32cc</value>
         <object_component_ref idref="oc-1da"/>
      </symbol>
      <symbol id="sm-2ad">
         <name>LUTINCI</name>
         <value>0x329c</value>
         <object_component_ref idref="oc-1db"/>
      </symbol>
      <symbol id="sm-2ae">
         <name>LUTJ</name>
         <value>0x3030</value>
         <object_component_ref idref="oc-1dc"/>
      </symbol>
      <symbol id="sm-2af">
         <name>LUTSTATE</name>
         <value>0x3103</value>
         <object_component_ref idref="oc-1dd"/>
      </symbol>
      <symbol id="sm-2b0">
         <name>SCALARMUL_final</name>
         <value>0x1a0d</value>
         <object_component_ref idref="oc-1b9"/>
      </symbol>
      <symbol id="sm-2b1">
         <name>INVERT</name>
         <value>0x1141</value>
         <object_component_ref idref="oc-1b1"/>
      </symbol>
      <symbol id="sm-2b2">
         <name>GETDIGITL2R</name>
         <value>0x2491</value>
         <object_component_ref idref="oc-1cd"/>
      </symbol>
      <symbol id="sm-2b3">
         <name>SAVEPOINT</name>
         <value>0x29a5</value>
         <object_component_ref idref="oc-1b7"/>
      </symbol>
      <symbol id="sm-2dd">
         <name>mMULT</name>
         <value>0x73d</value>
         <object_component_ref idref="oc-1a3"/>
      </symbol>
      <symbol id="sm-2de">
         <name>mADD</name>
         <value>0x8e1</value>
         <object_component_ref idref="oc-1a3"/>
      </symbol>
      <symbol id="sm-2df">
         <name>mSUB</name>
         <value>0x969</value>
         <object_component_ref idref="oc-1a3"/>
      </symbol>
      <symbol id="sm-2e0">
         <name>mOUT</name>
         <value>0x9f1</value>
         <object_component_ref idref="oc-1a3"/>
      </symbol>
      <symbol id="sm-2ef">
         <name>TI_memset_small</name>
         <value>0x2edf</value>
         <object_component_ref idref="oc-9d"/>
      </symbol>
      <symbol id="sm-2f6">
         <name>_sys_memory</name>
         <value>0x20002568</value>
         <object_component_ref idref="oc-40"/>
      </symbol>
      <symbol id="sm-301">
         <name>__stack</name>
         <value>0x20008c00</value>
         <object_component_ref idref="oc-20"/>
      </symbol>
      <symbol id="sm-302">
         <name>_c_int00</name>
         <value>0x2be5</value>
         <object_component_ref idref="oc-7b"/>
      </symbol>
      <symbol id="sm-30e">
         <name>__TI_auto_init_nobinit_nopinit</name>
         <value>0x2851</value>
         <object_component_ref idref="oc-bd"/>
      </symbol>
      <symbol id="sm-316">
         <name>_system_pre_init</name>
         <value>0x3029</value>
         <object_component_ref idref="oc-88"/>
      </symbol>
      <symbol id="sm-321">
         <name>__TI_zero_init</name>
         <value>0x2e7b</value>
         <object_component_ref idref="oc-60"/>
      </symbol>
      <symbol id="sm-32a">
         <name>__TI_decompress_none</name>
         <value>0x2e39</value>
         <object_component_ref idref="oc-26"/>
      </symbol>
      <symbol id="sm-335">
         <name>__TI_decompress_lzss</name>
         <value>0x2419</value>
         <object_component_ref idref="oc-22"/>
      </symbol>
      <symbol id="sm-33f">
         <name>abort</name>
         <value>0x302d</value>
         <object_component_ref idref="oc-b6"/>
      </symbol>
      <symbol id="sm-340">
         <name>C$$EXIT</name>
         <value>0x302c</value>
         <object_component_ref idref="oc-b6"/>
      </symbol>
      <symbol id="sm-34b">
         <name>_args_main</name>
         <value>0x2ca9</value>
         <object_component_ref idref="oc-94"/>
      </symbol>
      <symbol id="sm-351">
         <name>__aeabi_lmul</name>
         <value>0x2bc1</value>
         <object_component_ref idref="oc-1bc"/>
      </symbol>
      <symbol id="sm-352">
         <name>__muldi3</name>
         <value>0x2bc1</value>
         <object_component_ref idref="oc-1bc"/>
      </symbol>
      <symbol id="sm-359">
         <name>__aeabi_memcpy</name>
         <value>0x2ff1</value>
         <object_component_ref idref="oc-53"/>
      </symbol>
      <symbol id="sm-35a">
         <name>__aeabi_memcpy4</name>
         <value>0x2ff1</value>
         <object_component_ref idref="oc-53"/>
      </symbol>
      <symbol id="sm-35b">
         <name>__aeabi_memcpy8</name>
         <value>0x2ff1</value>
         <object_component_ref idref="oc-53"/>
      </symbol>
      <symbol id="sm-362">
         <name>__aeabi_memclr</name>
         <value>0x2f21</value>
         <object_component_ref idref="oc-6f"/>
      </symbol>
      <symbol id="sm-363">
         <name>__aeabi_memclr4</name>
         <value>0x2f21</value>
         <object_component_ref idref="oc-6f"/>
      </symbol>
      <symbol id="sm-364">
         <name>__aeabi_memclr8</name>
         <value>0x2f21</value>
         <object_component_ref idref="oc-6f"/>
      </symbol>
      <symbol id="sm-36a">
         <name>__aeabi_uldivmod</name>
         <value>0x2dc9</value>
         <object_component_ref idref="oc-1e8"/>
      </symbol>
      <symbol id="sm-370">
         <name>__udivmoddi4</name>
         <value>0x20c5</value>
         <object_component_ref idref="oc-1f2"/>
      </symbol>
      <symbol id="sm-376">
         <name>__muldsi3</name>
         <value>0x288d</value>
         <object_component_ref idref="oc-1e3"/>
      </symbol>
      <symbol id="sm-37c">
         <name>__aeabi_llsl</name>
         <value>0x2c89</value>
         <object_component_ref idref="oc-1fd"/>
      </symbol>
      <symbol id="sm-37d">
         <name>__ashldi3</name>
         <value>0x2c89</value>
         <object_component_ref idref="oc-1fd"/>
      </symbol>
      <symbol id="sm-388">
         <name>__aeabi_ldiv0</name>
         <value>0x239f</value>
         <object_component_ref idref="oc-1f7"/>
      </symbol>
      <symbol id="sm-391">
         <name>TI_memcpy_small</name>
         <value>0x2e27</value>
         <object_component_ref idref="oc-80"/>
      </symbol>
      <symbol id="sm-392">
         <name>__TI_static_base__</name>
         <value>0x0</value>
      </symbol>
      <symbol id="sm-396">
         <name>__mpu_init</name>
         <value>0x0</value>
      </symbol>
      <symbol id="sm-397">
         <name>_system_post_cinit</name>
         <value>0x0</value>
      </symbol>
   </symbol_table>
   <title>Link successful</title>
</link_info>
