<?xml version="1.0" encoding="ISO-8859-1" ?>
<link_info>
   <banner>TI ARM Clang Linker PC v3.2.2.LTS</banner>
   <copyright>Copyright (c) 1996-2018 Texas Instruments Incorporated</copyright>
   <link_time>0x6a43dfba</link_time>
   <link_errors>0x0</link_errors>
   <output_file>C:\Users\Sergey\workspace_v12\mcuboot_flower_CC2340R5_RGE\Debug\mcuboot_flower_CC2340R5_RGE.out</output_file>
   <entry_point>
      <name>resetISR</name>
      <address>0x2ddb</address>
   </entry_point>
   <input_file_list>
      <input_file id="fl-1">
         <path>C:\Users\Sergey\workspace_v12\mcuboot_flower_CC2340R5_RGE\Debug\.\</path>
         <kind>object</kind>
         <file>ecdsa_lpf3.o</file>
         <name>ecdsa_lpf3.o</name>
      </input_file>
      <input_file id="fl-2">
         <path>C:\Users\Sergey\workspace_v12\mcuboot_flower_CC2340R5_RGE\Debug\.\</path>
         <kind>object</kind>
         <file>keys.o</file>
         <name>keys.o</name>
      </input_file>
      <input_file id="fl-3">
         <path>C:\Users\Sergey\workspace_v12\mcuboot_flower_CC2340R5_RGE\Debug\.\syscfg\</path>
         <kind>object</kind>
         <file>ti_devices_config.o</file>
         <name>ti_devices_config.o</name>
      </input_file>
      <input_file id="fl-4">
         <path>C:\Users\Sergey\workspace_v12\mcuboot_flower_CC2340R5_RGE\Debug\.\syscfg\</path>
         <kind>object</kind>
         <file>ti_drivers_config.o</file>
         <name>ti_drivers_config.o</name>
      </input_file>
      <input_file id="fl-5">
         <path>C:\Users\Sergey\workspace_v12\mcuboot_flower_CC2340R5_RGE\Debug\.\</path>
         <kind>object</kind>
         <file>mcuboot_app.o</file>
         <name>mcuboot_app.o</name>
      </input_file>
      <input_file id="fl-6">
         <path>C:\Users\Sergey\workspace_v12\mcuboot_flower_CC2340R5_RGE\Debug\.\bootutil\src\</path>
         <kind>object</kind>
         <file>boot_record.o</file>
         <name>boot_record.o</name>
      </input_file>
      <input_file id="fl-7">
         <path>C:\Users\Sergey\workspace_v12\mcuboot_flower_CC2340R5_RGE\Debug\.\bootutil\src\</path>
         <kind>object</kind>
         <file>bootutil_misc.o</file>
         <name>bootutil_misc.o</name>
      </input_file>
      <input_file id="fl-8">
         <path>C:\Users\Sergey\workspace_v12\mcuboot_flower_CC2340R5_RGE\Debug\.\bootutil\src\</path>
         <kind>object</kind>
         <file>bootutil_public.o</file>
         <name>bootutil_public.o</name>
      </input_file>
      <input_file id="fl-9">
         <path>C:\Users\Sergey\workspace_v12\mcuboot_flower_CC2340R5_RGE\Debug\.\bootutil\src\</path>
         <kind>object</kind>
         <file>caps.o</file>
         <name>caps.o</name>
      </input_file>
      <input_file id="fl-a">
         <path>C:\Users\Sergey\workspace_v12\mcuboot_flower_CC2340R5_RGE\Debug\.\bootutil\src\</path>
         <kind>object</kind>
         <file>encrypted.o</file>
         <name>encrypted.o</name>
      </input_file>
      <input_file id="fl-b">
         <path>C:\Users\Sergey\workspace_v12\mcuboot_flower_CC2340R5_RGE\Debug\.\bootutil\src\</path>
         <kind>object</kind>
         <file>fault_injection_hardening.o</file>
         <name>fault_injection_hardening.o</name>
      </input_file>
      <input_file id="fl-c">
         <path>C:\Users\Sergey\workspace_v12\mcuboot_flower_CC2340R5_RGE\Debug\.\bootutil\src\</path>
         <kind>object</kind>
         <file>fault_injection_hardening_delay_rng_mbedtls.o</file>
         <name>fault_injection_hardening_delay_rng_mbedtls.o</name>
      </input_file>
      <input_file id="fl-d">
         <path>C:\Users\Sergey\workspace_v12\mcuboot_flower_CC2340R5_RGE\Debug\.\bootutil\src\</path>
         <kind>object</kind>
         <file>image_ecdsa.o</file>
         <name>image_ecdsa.o</name>
      </input_file>
      <input_file id="fl-e">
         <path>C:\Users\Sergey\workspace_v12\mcuboot_flower_CC2340R5_RGE\Debug\.\bootutil\src\</path>
         <kind>object</kind>
         <file>image_ed25519.o</file>
         <name>image_ed25519.o</name>
      </input_file>
      <input_file id="fl-f">
         <path>C:\Users\Sergey\workspace_v12\mcuboot_flower_CC2340R5_RGE\Debug\.\bootutil\src\</path>
         <kind>object</kind>
         <file>image_rsa.o</file>
         <name>image_rsa.o</name>
      </input_file>
      <input_file id="fl-10">
         <path>C:\Users\Sergey\workspace_v12\mcuboot_flower_CC2340R5_RGE\Debug\.\bootutil\src\</path>
         <kind>object</kind>
         <file>image_validate.o</file>
         <name>image_validate.o</name>
      </input_file>
      <input_file id="fl-11">
         <path>C:\Users\Sergey\workspace_v12\mcuboot_flower_CC2340R5_RGE\Debug\.\bootutil\src\</path>
         <kind>object</kind>
         <file>loader.o</file>
         <name>loader.o</name>
      </input_file>
      <input_file id="fl-12">
         <path>C:\Users\Sergey\workspace_v12\mcuboot_flower_CC2340R5_RGE\Debug\.\bootutil\src\</path>
         <kind>object</kind>
         <file>security_cnt.o</file>
         <name>security_cnt.o</name>
      </input_file>
      <input_file id="fl-13">
         <path>C:\Users\Sergey\workspace_v12\mcuboot_flower_CC2340R5_RGE\Debug\.\bootutil\src\</path>
         <kind>object</kind>
         <file>swap_misc.o</file>
         <name>swap_misc.o</name>
      </input_file>
      <input_file id="fl-14">
         <path>C:\Users\Sergey\workspace_v12\mcuboot_flower_CC2340R5_RGE\Debug\.\bootutil\src\</path>
         <kind>object</kind>
         <file>swap_move.o</file>
         <name>swap_move.o</name>
      </input_file>
      <input_file id="fl-15">
         <path>C:\Users\Sergey\workspace_v12\mcuboot_flower_CC2340R5_RGE\Debug\.\bootutil\src\</path>
         <kind>object</kind>
         <file>swap_scratch.o</file>
         <name>swap_scratch.o</name>
      </input_file>
      <input_file id="fl-16">
         <path>C:\Users\Sergey\workspace_v12\mcuboot_flower_CC2340R5_RGE\Debug\.\bootutil\src\</path>
         <kind>object</kind>
         <file>tlv.o</file>
         <name>tlv.o</name>
      </input_file>
      <input_file id="fl-17">
         <path>C:\Users\Sergey\workspace_v12\mcuboot_flower_CC2340R5_RGE\Debug\.\flash_map_backend\</path>
         <kind>object</kind>
         <file>bsp_spi_lpf3.o</file>
         <name>bsp_spi_lpf3.o</name>
      </input_file>
      <input_file id="fl-18">
         <path>C:\Users\Sergey\workspace_v12\mcuboot_flower_CC2340R5_RGE\Debug\.\flash_map_backend\</path>
         <kind>object</kind>
         <file>ext_flash.o</file>
         <name>ext_flash.o</name>
      </input_file>
      <input_file id="fl-19">
         <path>C:\Users\Sergey\workspace_v12\mcuboot_flower_CC2340R5_RGE\Debug\.\flash_map_backend\</path>
         <kind>object</kind>
         <file>flash_map_backend.o</file>
         <name>flash_map_backend.o</name>
      </input_file>
      <input_file id="fl-1a">
         <path>C:\Users\Sergey\workspace_v12\mcuboot_flower_CC2340R5_RGE\Debug\.\mbedtls-asn1\</path>
         <kind>object</kind>
         <file>asn1parse.o</file>
         <name>asn1parse.o</name>
      </input_file>
      <input_file id="fl-1b">
         <path>C:\Users\Sergey\workspace_v12\mcuboot_flower_CC2340R5_RGE\Debug\.\mbedtls-asn1\</path>
         <kind>object</kind>
         <file>platform_util.o</file>
         <name>platform_util.o</name>
      </input_file>
      <input_file id="fl-1c">
         <path>C:\Users\Sergey\workspace_v12\mcuboot_flower_CC2340R5_RGE\Debug\.\mcuboot_config\</path>
         <kind>object</kind>
         <file>led_debug.o</file>
         <name>led_debug.o</name>
      </input_file>
      <input_file id="fl-1d">
         <path>C:\Users\Sergey\workspace_v12\mcuboot_flower_CC2340R5_RGE\Debug\.\ti-crypto\</path>
         <kind>object</kind>
         <file>sl_crypto.o</file>
         <name>sl_crypto.o</name>
      </input_file>
      <input_file id="fl-2e">
         <path>C:\Users\Sergey\workspace_v12\mcuboot_flower_CC2340R5_RGE\Debug\</path>
         <kind>object</kind>
         <file>&lt;internal&gt;</file>
         <name>&lt;internal&gt;</name>
      </input_file>
      <input_file id="fl-2f">
         <path>C:\ti\simplelink_lowpower_f3_sdk_8_40_02_01\kernel\nortos\lib\ticlang\m0p\</path>
         <kind>archive</kind>
         <file>nortos_cc23x0r5.a</file>
         <name>startup_cc23x0r5_ticlang.c.obj</name>
      </input_file>
      <input_file id="fl-30">
         <path>C:\ti\simplelink_lowpower_f3_sdk_8_40_02_01\source\ti\drivers\lib\ticlang\m0p\</path>
         <kind>archive</kind>
         <file>drivers_cc23x0r5.a</file>
         <name>GPIO.c.obj</name>
      </input_file>
      <input_file id="fl-31">
         <path>C:\ti\simplelink_lowpower_f3_sdk_8_40_02_01\source\ti\drivers\lib\ticlang\m0p\</path>
         <kind>archive</kind>
         <file>drivers_cc23x0r5.a</file>
         <name>GPIOLPF3.c.obj</name>
      </input_file>
      <input_file id="fl-32">
         <path>C:\ti\simplelink_lowpower_f3_sdk_8_40_02_01\source\ti\drivers\lib\ticlang\m0p\</path>
         <kind>archive</kind>
         <file>drivers_cc23x0r5.a</file>
         <name>PowerCC23X0.c.obj</name>
      </input_file>
      <input_file id="fl-33">
         <path>C:\ti\simplelink_lowpower_f3_sdk_8_40_02_01\source\ti\drivers\lib\ticlang\m0p\</path>
         <kind>archive</kind>
         <file>drivers_cc23x0r5.a</file>
         <name>TemperatureLPF3.c.obj</name>
      </input_file>
      <input_file id="fl-34">
         <path>C:\ti\simplelink_lowpower_f3_sdk_8_40_02_01\source\ti\drivers\lib\ticlang\m0p\</path>
         <kind>archive</kind>
         <file>drivers_cc23x0r5.a</file>
         <name>List.c.obj</name>
      </input_file>
      <input_file id="fl-35">
         <path>C:\ti\simplelink_lowpower_f3_sdk_8_40_02_01\source\ti\drivers\lib\ticlang\m0p\</path>
         <kind>archive</kind>
         <file>drivers_cc23x0r5.a</file>
         <name>BatMonSupportLPF3.c.obj</name>
      </input_file>
      <input_file id="fl-36">
         <path>C:\ti\simplelink_lowpower_f3_sdk_8_40_02_01\kernel\nortos\lib\ticlang\m0p\</path>
         <kind>archive</kind>
         <file>nortos_cc23x0r5.a</file>
         <name>ClockPLPF3_nortos.c.obj</name>
      </input_file>
      <input_file id="fl-37">
         <path>C:\ti\simplelink_lowpower_f3_sdk_8_40_02_01\kernel\nortos\lib\ticlang\m0p\</path>
         <kind>archive</kind>
         <file>nortos_cc23x0r5.a</file>
         <name>HwiPCC23X0_nortos.c.obj</name>
      </input_file>
      <input_file id="fl-38">
         <path>C:\ti\simplelink_lowpower_f3_sdk_8_40_02_01\kernel\nortos\lib\ticlang\m0p\</path>
         <kind>archive</kind>
         <file>nortos_cc23x0r5.a</file>
         <name>SemaphoreP_nortos.c.obj</name>
      </input_file>
      <input_file id="fl-39">
         <path>C:\ti\simplelink_lowpower_f3_sdk_8_40_02_01\source\ti\devices\cc23x0r5\driverlib\lib\ticlang\</path>
         <kind>archive</kind>
         <file>driverlib.a</file>
         <name>cpu.c.obj</name>
      </input_file>
      <input_file id="fl-3a">
         <path>C:\ti\simplelink_lowpower_f3_sdk_8_40_02_01\source\ti\devices\cc23x0r5\driverlib\lib\ticlang\</path>
         <kind>archive</kind>
         <file>driverlib.a</file>
         <name>interrupt.c.obj</name>
      </input_file>
      <input_file id="fl-3b">
         <path>C:\ti\simplelink_lowpower_f3_sdk_8_40_02_01\source\ti\devices\cc23x0r5\driverlib\lib\ticlang\</path>
         <kind>archive</kind>
         <file>driverlib.a</file>
         <name>lrfd.c.obj</name>
      </input_file>
      <input_file id="fl-3c">
         <path>C:\ti\simplelink_lowpower_f3_sdk_8_40_02_01\source\ti\devices\cc23x0r5\driverlib\lib\ticlang\</path>
         <kind>archive</kind>
         <file>driverlib.a</file>
         <name>setup.c.obj</name>
      </input_file>
      <input_file id="fl-3d">
         <path>C:\ti\simplelink_lowpower_f3_sdk_8_40_02_01\source\ti\devices\cc23x0r5\driverlib\lib\ticlang\</path>
         <kind>archive</kind>
         <file>driverlib.a</file>
         <name>spi.c.obj</name>
      </input_file>
      <input_file id="fl-3e">
         <path>C:\ti\simplelink_lowpower_f3_sdk_8_40_02_01\source\third_party\ecc\lib\ticlang\m0p\</path>
         <kind>archive</kind>
         <file>ecc.a</file>
         <name>ECCSW.c.obj</name>
      </input_file>
      <input_file id="fl-3f">
         <path>C:\ti\simplelink_lowpower_f3_sdk_8_40_02_01\source\third_party\ecc\lib\ticlang\m0p\</path>
         <kind>archive</kind>
         <file>ecc.a</file>
         <name>lowlevelapi.c.obj</name>
      </input_file>
      <input_file id="fl-40">
         <path>C:\ti\simplelink_lowpower_f3_sdk_8_40_02_01\source\third_party\ecc\lib\ticlang\m0p\</path>
         <kind>archive</kind>
         <file>ecc.a</file>
         <name>scalarMul.c.obj</name>
      </input_file>
      <input_file id="fl-41">
         <path>C:\ti\simplelink_lowpower_f3_sdk_8_40_02_01\source\third_party\ecc\lib\ticlang\m0p\</path>
         <kind>archive</kind>
         <file>ecc.a</file>
         <name>lowlevelapi_m0_gnu.s.obj</name>
      </input_file>
      <input_file id="fl-50">
         <path>C:\ti\ccs1281\ccs\tools\compiler\ti-cgt-armllvm_3.2.2.LTS\lib\armv6m-ti-none-eabi\c\</path>
         <kind>archive</kind>
         <file>libc.a</file>
         <name>memset16.S.obj</name>
      </input_file>
      <input_file id="fl-51">
         <path>C:\ti\ccs1281\ccs\tools\compiler\ti-cgt-armllvm_3.2.2.LTS\lib\armv6m-ti-none-eabi\c\</path>
         <kind>archive</kind>
         <file>libc.a</file>
         <name>memory.c.obj</name>
      </input_file>
      <input_file id="fl-52">
         <path>C:\ti\ccs1281\ccs\tools\compiler\ti-cgt-armllvm_3.2.2.LTS\lib\armv6m-ti-none-eabi\c\</path>
         <kind>archive</kind>
         <file>libc.a</file>
         <name>boot_cortex_m.c.obj</name>
      </input_file>
      <input_file id="fl-53">
         <path>C:\ti\ccs1281\ccs\tools\compiler\ti-cgt-armllvm_3.2.2.LTS\lib\armv6m-ti-none-eabi\c\</path>
         <kind>archive</kind>
         <file>libc.a</file>
         <name>mathacl_init.c.obj</name>
      </input_file>
      <input_file id="fl-54">
         <path>C:\ti\ccs1281\ccs\tools\compiler\ti-cgt-armllvm_3.2.2.LTS\lib\armv6m-ti-none-eabi\c\</path>
         <kind>archive</kind>
         <file>libc.a</file>
         <name>autoinit.c.obj</name>
      </input_file>
      <input_file id="fl-55">
         <path>C:\ti\ccs1281\ccs\tools\compiler\ti-cgt-armllvm_3.2.2.LTS\lib\armv6m-ti-none-eabi\c\</path>
         <kind>archive</kind>
         <file>libc.a</file>
         <name>pre_init.c.obj</name>
      </input_file>
      <input_file id="fl-56">
         <path>C:\ti\ccs1281\ccs\tools\compiler\ti-cgt-armllvm_3.2.2.LTS\lib\armv6m-ti-none-eabi\c\</path>
         <kind>archive</kind>
         <file>libc.a</file>
         <name>cpy_tbl.c.obj</name>
      </input_file>
      <input_file id="fl-57">
         <path>C:\ti\ccs1281\ccs\tools\compiler\ti-cgt-armllvm_3.2.2.LTS\lib\armv6m-ti-none-eabi\c\</path>
         <kind>archive</kind>
         <file>libc.a</file>
         <name>copy_zero_init.c.obj</name>
      </input_file>
      <input_file id="fl-58">
         <path>C:\ti\ccs1281\ccs\tools\compiler\ti-cgt-armllvm_3.2.2.LTS\lib\armv6m-ti-none-eabi\c\</path>
         <kind>archive</kind>
         <file>libc.a</file>
         <name>copy_decompress_none.c.obj</name>
      </input_file>
      <input_file id="fl-59">
         <path>C:\ti\ccs1281\ccs\tools\compiler\ti-cgt-armllvm_3.2.2.LTS\lib\armv6m-ti-none-eabi\c\</path>
         <kind>archive</kind>
         <file>libc.a</file>
         <name>copy_decompress_lzss.c.obj</name>
      </input_file>
      <input_file id="fl-5a">
         <path>C:\ti\ccs1281\ccs\tools\compiler\ti-cgt-armllvm_3.2.2.LTS\lib\armv6m-ti-none-eabi\c\</path>
         <kind>archive</kind>
         <file>libc.a</file>
         <name>exit.c.obj</name>
      </input_file>
      <input_file id="fl-5b">
         <path>C:\ti\ccs1281\ccs\tools\compiler\ti-cgt-armllvm_3.2.2.LTS\lib\armv6m-ti-none-eabi\c\</path>
         <kind>archive</kind>
         <file>libc.a</file>
         <name>_lock.c.obj</name>
      </input_file>
      <input_file id="fl-5c">
         <path>C:\ti\ccs1281\ccs\tools\compiler\ti-cgt-armllvm_3.2.2.LTS\lib\armv6m-ti-none-eabi\c\</path>
         <kind>archive</kind>
         <file>libc.a</file>
         <name>args_main.c.obj</name>
      </input_file>
      <input_file id="fl-c2">
         <path>C:\ti\ccs1281\ccs\tools\compiler\ti-cgt-armllvm_3.2.2.LTS\lib\clang\15.0.7\lib\armv6m-ti-none-eabi\</path>
         <kind>archive</kind>
         <file>libclang_rt.builtins.a</file>
         <name>ashrdi3.S.obj</name>
      </input_file>
      <input_file id="fl-c3">
         <path>C:\ti\ccs1281\ccs\tools\compiler\ti-cgt-armllvm_3.2.2.LTS\lib\clang\15.0.7\lib\armv6m-ti-none-eabi\</path>
         <kind>archive</kind>
         <file>libclang_rt.builtins.a</file>
         <name>muldi3.S.obj</name>
      </input_file>
      <input_file id="fl-c4">
         <path>C:\ti\ccs1281\ccs\tools\compiler\ti-cgt-armllvm_3.2.2.LTS\lib\clang\15.0.7\lib\armv6m-ti-none-eabi\</path>
         <kind>archive</kind>
         <file>libclang_rt.builtins.a</file>
         <name>clzsi2.c.obj</name>
      </input_file>
      <input_file id="fl-c5">
         <path>C:\ti\ccs1281\ccs\tools\compiler\ti-cgt-armllvm_3.2.2.LTS\lib\clang\15.0.7\lib\armv6m-ti-none-eabi\</path>
         <kind>archive</kind>
         <file>libclang_rt.builtins.a</file>
         <name>aeabi_idivmod.S.obj</name>
      </input_file>
      <input_file id="fl-c6">
         <path>C:\ti\ccs1281\ccs\tools\compiler\ti-cgt-armllvm_3.2.2.LTS\lib\clang\15.0.7\lib\armv6m-ti-none-eabi\</path>
         <kind>archive</kind>
         <file>libclang_rt.builtins.a</file>
         <name>aeabi_ldivmod.S.obj</name>
      </input_file>
      <input_file id="fl-c7">
         <path>C:\ti\ccs1281\ccs\tools\compiler\ti-cgt-armllvm_3.2.2.LTS\lib\clang\15.0.7\lib\armv6m-ti-none-eabi\</path>
         <kind>archive</kind>
         <file>libclang_rt.builtins.a</file>
         <name>aeabi_memcpy.S.obj</name>
      </input_file>
      <input_file id="fl-c8">
         <path>C:\ti\ccs1281\ccs\tools\compiler\ti-cgt-armllvm_3.2.2.LTS\lib\clang\15.0.7\lib\armv6m-ti-none-eabi\</path>
         <kind>archive</kind>
         <file>libclang_rt.builtins.a</file>
         <name>aeabi_memset.S.obj</name>
      </input_file>
      <input_file id="fl-c9">
         <path>C:\ti\ccs1281\ccs\tools\compiler\ti-cgt-armllvm_3.2.2.LTS\lib\clang\15.0.7\lib\armv6m-ti-none-eabi\</path>
         <kind>archive</kind>
         <file>libclang_rt.builtins.a</file>
         <name>aeabi_uidivmod.S.obj</name>
      </input_file>
      <input_file id="fl-ca">
         <path>C:\ti\ccs1281\ccs\tools\compiler\ti-cgt-armllvm_3.2.2.LTS\lib\clang\15.0.7\lib\armv6m-ti-none-eabi\</path>
         <kind>archive</kind>
         <file>libclang_rt.builtins.a</file>
         <name>aeabi_uldivmod.S.obj</name>
      </input_file>
      <input_file id="fl-cb">
         <path>C:\ti\ccs1281\ccs\tools\compiler\ti-cgt-armllvm_3.2.2.LTS\lib\clang\15.0.7\lib\armv6m-ti-none-eabi\</path>
         <kind>archive</kind>
         <file>libclang_rt.builtins.a</file>
         <name>udivmoddi4.S.obj</name>
      </input_file>
      <input_file id="fl-cc">
         <path>C:\ti\ccs1281\ccs\tools\compiler\ti-cgt-armllvm_3.2.2.LTS\lib\clang\15.0.7\lib\armv6m-ti-none-eabi\</path>
         <kind>archive</kind>
         <file>libclang_rt.builtins.a</file>
         <name>muldsi3.S.obj</name>
      </input_file>
      <input_file id="fl-cd">
         <path>C:\ti\ccs1281\ccs\tools\compiler\ti-cgt-armllvm_3.2.2.LTS\lib\clang\15.0.7\lib\armv6m-ti-none-eabi\</path>
         <kind>archive</kind>
         <file>libclang_rt.builtins.a</file>
         <name>ashldi3.S.obj</name>
      </input_file>
      <input_file id="fl-ce">
         <path>C:\ti\ccs1281\ccs\tools\compiler\ti-cgt-armllvm_3.2.2.LTS\lib\clang\15.0.7\lib\armv6m-ti-none-eabi\</path>
         <kind>archive</kind>
         <file>libclang_rt.builtins.a</file>
         <name>divmoddi4.c.obj</name>
      </input_file>
      <input_file id="fl-cf">
         <path>C:\ti\ccs1281\ccs\tools\compiler\ti-cgt-armllvm_3.2.2.LTS\lib\clang\15.0.7\lib\armv6m-ti-none-eabi\</path>
         <kind>archive</kind>
         <file>libclang_rt.builtins.a</file>
         <name>aeabi_div0.c.obj</name>
      </input_file>
      <input_file id="fl-d0">
         <path>C:\ti\ccs1281\ccs\tools\compiler\ti-cgt-armllvm_3.2.2.LTS\lib\armv6m-ti-none-eabi\c\</path>
         <kind>archive</kind>
         <file>libc.a</file>
         <name>memcpy16.S.obj</name>
      </input_file>
   </input_file_list>
   <object_component_list>
      <object_component id="oc-1e">
         <name>.resetVecs</name>
         <load_address>0x0</load_address>
         <readonly>true</readonly>
         <run_address>0x0</run_address>
         <size>0x8c</size>
         <alignment>0x4</alignment>
         <input_file_ref idref="fl-2f"/>
      </object_component>
      <object_component id="oc-1ab">
         <name>.text.SCALARMUL_core</name>
         <load_address>0x8c</load_address>
         <readonly>true</readonly>
         <executable>true</executable>
         <run_address>0x8c</run_address>
         <size>0x380</size>
         <alignment>0x4</alignment>
         <input_file_ref idref="fl-40"/>
      </object_component>
      <object_component id="oc-1cb">
         <name>.text.ATOMICPATTERN</name>
         <load_address>0x40c</load_address>
         <readonly>true</readonly>
         <executable>true</executable>
         <run_address>0x40c</run_address>
         <size>0x330</size>
         <alignment>0x4</alignment>
         <input_file_ref idref="fl-40"/>
      </object_component>
      <object_component id="oc-198">
         <name>.text</name>
         <load_address>0x73c</load_address>
         <readonly>true</readonly>
         <executable>true</executable>
         <run_address>0x73c</run_address>
         <size>0x310</size>
         <alignment>0x4</alignment>
         <input_file_ref idref="fl-41"/>
      </object_component>
      <object_component id="oc-17f">
         <name>.text.ECCSW_ECDSAVerify</name>
         <load_address>0xa4c</load_address>
         <readonly>true</readonly>
         <executable>true</executable>
         <run_address>0xa4c</run_address>
         <size>0x2e0</size>
         <alignment>0x2</alignment>
         <input_file_ref idref="fl-3e"/>
      </object_component>
      <object_component id="oc-c8">
         <name>.text.context_boot_go</name>
         <load_address>0xd2c</load_address>
         <readonly>true</readonly>
         <executable>true</executable>
         <run_address>0xd2c</run_address>
         <size>0x20c</size>
         <alignment>0x4</alignment>
         <input_file_ref idref="fl-11"/>
      </object_component>
      <object_component id="oc-107">
         <name>.text.bootutil_img_validate</name>
         <load_address>0xf38</load_address>
         <readonly>true</readonly>
         <executable>true</executable>
         <run_address>0xf38</run_address>
         <size>0x208</size>
         <alignment>0x4</alignment>
         <input_file_ref idref="fl-10"/>
      </object_component>
      <object_component id="oc-1a6">
         <name>.text.INVERT</name>
         <load_address>0x1140</load_address>
         <readonly>true</readonly>
         <executable>true</executable>
         <run_address>0x1140</run_address>
         <size>0x1d8</size>
         <alignment>0x2</alignment>
         <input_file_ref idref="fl-40"/>
      </object_component>
      <object_component id="oc-1ad">
         <name>.text.JACADD</name>
         <load_address>0x1318</load_address>
         <readonly>true</readonly>
         <executable>true</executable>
         <run_address>0x1318</run_address>
         <size>0x1a8</size>
         <alignment>0x4</alignment>
         <input_file_ref idref="fl-40"/>
      </object_component>
      <object_component id="oc-179">
         <name>.text.ECCSW_validatePublicKeyWeierstrass</name>
         <load_address>0x14c0</load_address>
         <readonly>true</readonly>
         <executable>true</executable>
         <run_address>0x14c0</run_address>
         <size>0x130</size>
         <alignment>0x4</alignment>
         <input_file_ref idref="fl-3e"/>
      </object_component>
      <object_component id="oc-136">
         <name>.text.bootutil_verify_sig</name>
         <load_address>0x15f0</load_address>
         <readonly>true</readonly>
         <executable>true</executable>
         <run_address>0x15f0</run_address>
         <size>0x120</size>
         <alignment>0x4</alignment>
         <input_file_ref idref="fl-d"/>
      </object_component>
      <object_component id="oc-e1">
         <name>.text.boot_validate_slot</name>
         <load_address>0x1710</load_address>
         <readonly>true</readonly>
         <executable>true</executable>
         <run_address>0x1710</run_address>
         <size>0x118</size>
         <alignment>0x4</alignment>
         <input_file_ref idref="fl-11"/>
      </object_component>
      <object_component id="oc-1a8">
         <name>.text.SCALARMUL_init</name>
         <load_address>0x1828</load_address>
         <readonly>true</readonly>
         <executable>true</executable>
         <run_address>0x1828</run_address>
         <size>0xf2</size>
         <alignment>0x2</alignment>
         <input_file_ref idref="fl-40"/>
      </object_component>
      <object_component id="oc-152">
         <name>.text.SlCrypto_ecdsa_p256_drop</name>
         <load_address>0x191a</load_address>
         <readonly>true</readonly>
         <executable>true</executable>
         <run_address>0x191a</run_address>
         <size>0x2</size>
         <alignment>0x2</alignment>
         <input_file_ref idref="fl-1d"/>
      </object_component>
      <object_component id="oc-172">
         <name>.text.ECDSA_verify</name>
         <load_address>0x191c</load_address>
         <readonly>true</readonly>
         <executable>true</executable>
         <run_address>0x191c</run_address>
         <size>0xf0</size>
         <alignment>0x4</alignment>
         <input_file_ref idref="fl-1"/>
      </object_component>
      <object_component id="oc-1ae">
         <name>.text.SCALARMUL_final</name>
         <load_address>0x1a0c</load_address>
         <readonly>true</readonly>
         <executable>true</executable>
         <run_address>0x1a0c</run_address>
         <size>0xf0</size>
         <alignment>0x4</alignment>
         <input_file_ref idref="fl-40"/>
      </object_component>
      <object_component id="oc-190">
         <name>.text.mSET</name>
         <load_address>0x1afc</load_address>
         <readonly>true</readonly>
         <executable>true</executable>
         <run_address>0x1afc</run_address>
         <size>0xd4</size>
         <alignment>0x2</alignment>
         <input_file_ref idref="fl-3f"/>
      </object_component>
      <object_component id="oc-19e">
         <name>.text.mINVK</name>
         <load_address>0x1bd0</load_address>
         <readonly>true</readonly>
         <executable>true</executable>
         <run_address>0x1bd0</run_address>
         <size>0xc8</size>
         <alignment>0x2</alignment>
         <input_file_ref idref="fl-3f"/>
      </object_component>
      <object_component id="oc-128">
         <name>.text.bootutil_tlv_iter_begin</name>
         <load_address>0x1c98</load_address>
         <readonly>true</readonly>
         <executable>true</executable>
         <run_address>0x1c98</run_address>
         <size>0xc4</size>
         <alignment>0x4</alignment>
         <input_file_ref idref="fl-16"/>
      </object_component>
      <object_component id="oc-141">
         <name>.text.boot_read_swap_state</name>
         <load_address>0x1d5c</load_address>
         <readonly>true</readonly>
         <executable>true</executable>
         <run_address>0x1d5c</run_address>
         <size>0xb8</size>
         <alignment>0x4</alignment>
         <input_file_ref idref="fl-8"/>
      </object_component>
      <object_component id="oc-e3">
         <name>.text.boot_slots_compatible</name>
         <load_address>0x1e14</load_address>
         <readonly>true</readonly>
         <executable>true</executable>
         <run_address>0x1e14</run_address>
         <size>0xae</size>
         <alignment>0x2</alignment>
         <input_file_ref idref="fl-15"/>
      </object_component>
      <object_component id="oc-14b">
         <name>.text.SlCrypto_ecdsa_p256_init</name>
         <load_address>0x1ec2</load_address>
         <readonly>true</readonly>
         <executable>true</executable>
         <run_address>0x1ec2</run_address>
         <size>0x2</size>
         <alignment>0x2</alignment>
         <input_file_ref idref="fl-1d"/>
      </object_component>
      <object_component id="oc-134">
         <name>.text.bootutil_tlv_iter_next</name>
         <load_address>0x1ec4</load_address>
         <readonly>true</readonly>
         <executable>true</executable>
         <run_address>0x1ec4</run_address>
         <size>0xac</size>
         <alignment>0x4</alignment>
         <input_file_ref idref="fl-16"/>
      </object_component>
      <object_component id="oc-165">
         <name>.text.mbedtls_asn1_get_len</name>
         <load_address>0x1f70</load_address>
         <readonly>true</readonly>
         <executable>true</executable>
         <run_address>0x1f70</run_address>
         <size>0xac</size>
         <alignment>0x4</alignment>
         <input_file_ref idref="fl-1a"/>
      </object_component>
      <object_component id="oc-e9">
         <name>.text.boot_swap_type_multi</name>
         <load_address>0x201c</load_address>
         <readonly>true</readonly>
         <executable>true</executable>
         <run_address>0x201c</run_address>
         <size>0xa8</size>
         <alignment>0x4</alignment>
         <input_file_ref idref="fl-8"/>
      </object_component>
      <object_component id="oc-1e7">
         <name>.text</name>
         <load_address>0x20c4</load_address>
         <readonly>true</readonly>
         <executable>true</executable>
         <run_address>0x20c4</run_address>
         <size>0xa2</size>
         <alignment>0x4</alignment>
         <input_file_ref idref="fl-cb"/>
      </object_component>
      <object_component id="oc-19f">
         <name>.text.SQUAREMULTIPLYWORD</name>
         <load_address>0x2166</load_address>
         <readonly>true</readonly>
         <executable>true</executable>
         <run_address>0x2166</run_address>
         <size>0x94</size>
         <alignment>0x2</alignment>
         <input_file_ref idref="fl-40"/>
      </object_component>
      <object_component id="oc-127">
         <name>.text.SlCrypto_sha256_drop</name>
         <load_address>0x21fa</load_address>
         <readonly>true</readonly>
         <executable>true</executable>
         <run_address>0x21fa</run_address>
         <size>0x2</size>
         <alignment>0x2</alignment>
         <input_file_ref idref="fl-1d"/>
      </object_component>
      <object_component id="oc-193">
         <name>.text.zSUB</name>
         <load_address>0x21fc</load_address>
         <readonly>true</readonly>
         <executable>true</executable>
         <run_address>0x21fc</run_address>
         <size>0x90</size>
         <alignment>0x4</alignment>
         <input_file_ref idref="fl-3f"/>
      </object_component>
      <object_component id="oc-1c5">
         <name>.text.zMACC32</name>
         <load_address>0x228c</load_address>
         <readonly>true</readonly>
         <executable>true</executable>
         <run_address>0x228c</run_address>
         <size>0x8a</size>
         <alignment>0x2</alignment>
         <input_file_ref idref="fl-3f"/>
      </object_component>
      <object_component id="oc-153">
         <name>.text.mbedtls_asn1_get_alg</name>
         <load_address>0x2316</load_address>
         <readonly>true</readonly>
         <executable>true</executable>
         <run_address>0x2316</run_address>
         <size>0x88</size>
         <alignment>0x2</alignment>
         <input_file_ref idref="fl-1a"/>
      </object_component>
      <object_component id="oc-1ec">
         <name>.text.__aeabi_ldiv0</name>
         <load_address>0x239e</load_address>
         <readonly>true</readonly>
         <executable>true</executable>
         <run_address>0x239e</run_address>
         <size>0x2</size>
         <alignment>0x2</alignment>
         <input_file_ref idref="fl-cf"/>
      </object_component>
      <object_component id="oc-22">
         <name>.text:decompress:lzss</name>
         <load_address>0x23a0</load_address>
         <readonly>true</readonly>
         <executable>true</executable>
         <run_address>0x23a0</run_address>
         <size>0x78</size>
         <alignment>0x4</alignment>
         <input_file_ref idref="fl-59"/>
      </object_component>
      <object_component id="oc-1c2">
         <name>.text.GETDIGITL2R</name>
         <load_address>0x2418</load_address>
         <readonly>true</readonly>
         <executable>true</executable>
         <run_address>0x2418</run_address>
         <size>0x66</size>
         <alignment>0x2</alignment>
         <input_file_ref idref="fl-40"/>
      </object_component>
      <object_component id="oc-46">
         <name>.text.faultISR</name>
         <load_address>0x247e</load_address>
         <readonly>true</readonly>
         <executable>true</executable>
         <run_address>0x247e</run_address>
         <size>0x2</size>
         <alignment>0x2</alignment>
         <input_file_ref idref="fl-2f"/>
      </object_component>
      <object_component id="oc-f0">
         <name>.text.boot_copy_region</name>
         <load_address>0x2480</load_address>
         <readonly>true</readonly>
         <executable>true</executable>
         <run_address>0x2480</run_address>
         <size>0x64</size>
         <alignment>0x4</alignment>
         <input_file_ref idref="fl-11"/>
      </object_component>
      <object_component id="oc-ef">
         <name>.text.flash_area_erase</name>
         <load_address>0x24e4</load_address>
         <readonly>true</readonly>
         <executable>true</executable>
         <run_address>0x24e4</run_address>
         <size>0x64</size>
         <alignment>0x4</alignment>
         <input_file_ref idref="fl-19"/>
      </object_component>
      <object_component id="oc-157">
         <name>.text.SlCrypto_ecdsa_p256_verify</name>
         <load_address>0x2548</load_address>
         <readonly>true</readonly>
         <executable>true</executable>
         <run_address>0x2548</run_address>
         <size>0x54</size>
         <alignment>0x2</alignment>
         <input_file_ref idref="fl-1d"/>
      </object_component>
      <object_component id="oc-11d">
         <name>.text.flash_area_get_sectors</name>
         <load_address>0x259c</load_address>
         <readonly>true</readonly>
         <executable>true</executable>
         <run_address>0x259c</run_address>
         <size>0x54</size>
         <alignment>0x4</alignment>
         <input_file_ref idref="fl-19"/>
      </object_component>
      <object_component id="oc-156">
         <name>.text.bootutil_read_bigint</name>
         <load_address>0x25f0</load_address>
         <readonly>true</readonly>
         <executable>true</executable>
         <run_address>0x25f0</run_address>
         <size>0x50</size>
         <alignment>0x2</alignment>
         <input_file_ref idref="fl-d"/>
      </object_component>
      <object_component id="oc-106">
         <name>.text.boot_check_header_erased</name>
         <load_address>0x2640</load_address>
         <readonly>true</readonly>
         <executable>true</executable>
         <run_address>0x2640</run_address>
         <size>0x4a</size>
         <alignment>0x2</alignment>
         <input_file_ref idref="fl-11"/>
      </object_component>
      <object_component id="oc-1e1">
         <name>.text.zADD32</name>
         <load_address>0x268a</load_address>
         <readonly>true</readonly>
         <executable>true</executable>
         <run_address>0x268a</run_address>
         <size>0x4a</size>
         <alignment>0x2</alignment>
         <input_file_ref idref="fl-3f"/>
      </object_component>
      <object_component id="oc-115">
         <name>.text.flash_area_write</name>
         <load_address>0x26d4</load_address>
         <readonly>true</readonly>
         <executable>true</executable>
         <run_address>0x26d4</run_address>
         <size>0x44</size>
         <alignment>0x4</alignment>
         <input_file_ref idref="fl-19"/>
      </object_component>
      <object_component id="oc-8c">
         <name>.text.main</name>
         <load_address>0x2718</load_address>
         <readonly>true</readonly>
         <executable>true</executable>
         <run_address>0x2718</run_address>
         <size>0x44</size>
         <alignment>0x4</alignment>
         <input_file_ref idref="fl-5"/>
      </object_component>
      <object_component id="oc-1ba">
         <name>.text.zADD</name>
         <load_address>0x275c</load_address>
         <readonly>true</readonly>
         <executable>true</executable>
         <run_address>0x275c</run_address>
         <size>0x44</size>
         <alignment>0x2</alignment>
         <input_file_ref idref="fl-3f"/>
      </object_component>
      <object_component id="oc-e0">
         <name>.text.boot_read_image_headers</name>
         <load_address>0x27a0</load_address>
         <readonly>true</readonly>
         <executable>true</executable>
         <run_address>0x27a0</run_address>
         <size>0x3e</size>
         <alignment>0x2</alignment>
         <input_file_ref idref="fl-11"/>
      </object_component>
      <object_component id="oc-1ca">
         <name>.text.GETDIGIT</name>
         <load_address>0x27de</load_address>
         <readonly>true</readonly>
         <executable>true</executable>
         <run_address>0x27de</run_address>
         <size>0x3c</size>
         <alignment>0x2</alignment>
         <input_file_ref idref="fl-40"/>
      </object_component>
      <object_component id="oc-e2">
         <name>.text.flash_area_close</name>
         <load_address>0x281a</load_address>
         <readonly>true</readonly>
         <executable>true</executable>
         <run_address>0x281a</run_address>
         <size>0x2</size>
         <alignment>0x2</alignment>
         <input_file_ref idref="fl-19"/>
      </object_component>
      <object_component id="oc-b5">
         <name>.text:__TI_auto_init_nobinit_nopinit</name>
         <load_address>0x281c</load_address>
         <readonly>true</readonly>
         <executable>true</executable>
         <run_address>0x281c</run_address>
         <size>0x3c</size>
         <alignment>0x4</alignment>
         <input_file_ref idref="fl-54"/>
      </object_component>
      <object_component id="oc-1d8">
         <name>.text.__muldsi3</name>
         <load_address>0x2858</load_address>
         <readonly>true</readonly>
         <executable>true</executable>
         <run_address>0x2858</run_address>
         <size>0x3a</size>
         <alignment>0x4</alignment>
         <input_file_ref idref="fl-cc"/>
      </object_component>
      <object_component id="oc-197">
         <name>.text.IMPORTOPERAND</name>
         <load_address>0x2892</load_address>
         <readonly>true</readonly>
         <executable>true</executable>
         <run_address>0x2892</run_address>
         <size>0x38</size>
         <alignment>0x2</alignment>
         <input_file_ref idref="fl-3f"/>
      </object_component>
      <object_component id="oc-162">
         <name>.text.boot_read_flag</name>
         <load_address>0x28ca</load_address>
         <readonly>true</readonly>
         <executable>true</executable>
         <run_address>0x28ca</run_address>
         <size>0x38</size>
         <alignment>0x2</alignment>
         <input_file_ref idref="fl-8"/>
      </object_component>
      <object_component id="oc-1c6">
         <name>.text.zSUB32</name>
         <load_address>0x2902</load_address>
         <readonly>true</readonly>
         <executable>true</executable>
         <run_address>0x2902</run_address>
         <size>0x38</size>
         <alignment>0x2</alignment>
         <input_file_ref idref="fl-3f"/>
      </object_component>
      <object_component id="oc-103">
         <name>.text.boot_initialize_area</name>
         <load_address>0x293a</load_address>
         <readonly>true</readonly>
         <executable>true</executable>
         <run_address>0x293a</run_address>
         <size>0x36</size>
         <alignment>0x2</alignment>
         <input_file_ref idref="fl-11"/>
      </object_component>
      <object_component id="oc-1ac">
         <name>.text.SAVEPOINT</name>
         <load_address>0x2970</load_address>
         <readonly>true</readonly>
         <executable>true</executable>
         <run_address>0x2970</run_address>
         <size>0x34</size>
         <alignment>0x4</alignment>
         <input_file_ref idref="fl-40"/>
      </object_component>
      <object_component id="oc-105">
         <name>.text.boot_read_image_header</name>
         <load_address>0x29a4</load_address>
         <readonly>true</readonly>
         <executable>true</executable>
         <run_address>0x29a4</run_address>
         <size>0x34</size>
         <alignment>0x2</alignment>
         <input_file_ref idref="fl-15"/>
      </object_component>
      <object_component id="oc-155">
         <name>.text.mbedtls_asn1_get_bitstring_null</name>
         <load_address>0x29d8</load_address>
         <readonly>true</readonly>
         <executable>true</executable>
         <run_address>0x29d8</run_address>
         <size>0x30</size>
         <alignment>0x2</alignment>
         <input_file_ref idref="fl-1a"/>
      </object_component>
      <object_component id="oc-189">
         <name>.text.CryptoUtils_reverseCopyPad</name>
         <load_address>0x2a08</load_address>
         <readonly>true</readonly>
         <executable>true</executable>
         <run_address>0x2a08</run_address>
         <size>0x2e</size>
         <alignment>0x2</alignment>
         <input_file_ref idref="fl-1"/>
      </object_component>
      <object_component id="oc-161">
         <name>.text.bootutil_buffer_is_erased</name>
         <load_address>0x2a36</load_address>
         <readonly>true</readonly>
         <executable>true</executable>
         <run_address>0x2a36</run_address>
         <size>0x2e</size>
         <alignment>0x2</alignment>
         <input_file_ref idref="fl-8"/>
      </object_component>
      <object_component id="oc-61">
         <name>.text.SetupTrimDevice</name>
         <load_address>0x2a64</load_address>
         <readonly>true</readonly>
         <executable>true</executable>
         <run_address>0x2a64</run_address>
         <size>0x2c</size>
         <alignment>0x4</alignment>
         <input_file_ref idref="fl-3c"/>
      </object_component>
      <object_component id="oc-df">
         <name>.text.boot_read_sectors</name>
         <load_address>0x2a90</load_address>
         <readonly>true</readonly>
         <executable>true</executable>
         <run_address>0x2a90</run_address>
         <size>0x2a</size>
         <alignment>0x2</alignment>
         <input_file_ref idref="fl-11"/>
      </object_component>
      <object_component id="oc-114">
         <name>.text.flash_area_read</name>
         <load_address>0x2aba</load_address>
         <readonly>true</readonly>
         <executable>true</executable>
         <run_address>0x2aba</run_address>
         <size>0x2a</size>
         <alignment>0x2</alignment>
         <input_file_ref idref="fl-19"/>
      </object_component>
      <object_component id="oc-110">
         <name>.text.boot_read_swap_state_by_id</name>
         <load_address>0x2ae4</load_address>
         <readonly>true</readonly>
         <executable>true</executable>
         <run_address>0x2ae4</run_address>
         <size>0x28</size>
         <alignment>0x2</alignment>
         <input_file_ref idref="fl-8"/>
      </object_component>
      <object_component id="oc-de">
         <name>.text.flash_area_open</name>
         <load_address>0x2b0c</load_address>
         <readonly>true</readonly>
         <executable>true</executable>
         <run_address>0x2b0c</run_address>
         <size>0x28</size>
         <alignment>0x4</alignment>
         <input_file_ref idref="fl-19"/>
      </object_component>
      <object_component id="oc-14c">
         <name>.text.mbedtls_asn1_get_tag</name>
         <load_address>0x2b34</load_address>
         <readonly>true</readonly>
         <executable>true</executable>
         <run_address>0x2b34</run_address>
         <size>0x26</size>
         <alignment>0x2</alignment>
         <input_file_ref idref="fl-1a"/>
      </object_component>
      <object_component id="oc-47">
         <name>.text.intDefaultHandler</name>
         <load_address>0x2b5a</load_address>
         <readonly>true</readonly>
         <executable>true</executable>
         <run_address>0x2b5a</run_address>
         <size>0x2</size>
         <alignment>0x2</alignment>
         <input_file_ref idref="fl-2f"/>
      </object_component>
      <object_component id="oc-1b1">
         <name>.text.__muldi3</name>
         <load_address>0x2b5c</load_address>
         <readonly>true</readonly>
         <executable>true</executable>
         <run_address>0x2b5c</run_address>
         <size>0x24</size>
         <alignment>0x4</alignment>
         <input_file_ref idref="fl-c3"/>
      </object_component>
      <object_component id="oc-7b">
         <name>.text:_c_int00</name>
         <load_address>0x2b80</load_address>
         <readonly>true</readonly>
         <executable>true</executable>
         <run_address>0x2b80</run_address>
         <size>0x24</size>
         <alignment>0x4</alignment>
         <input_file_ref idref="fl-52"/>
      </object_component>
      <object_component id="oc-18a">
         <name>.text.IMPORTMODULUS</name>
         <load_address>0x2ba4</load_address>
         <readonly>true</readonly>
         <executable>true</executable>
         <run_address>0x2ba4</run_address>
         <size>0x20</size>
         <alignment>0x2</alignment>
         <input_file_ref idref="fl-3f"/>
      </object_component>
      <object_component id="oc-a5">
         <name>.text.boot_go</name>
         <load_address>0x2bc4</load_address>
         <readonly>true</readonly>
         <executable>true</executable>
         <run_address>0x2bc4</run_address>
         <size>0x20</size>
         <alignment>0x4</alignment>
         <input_file_ref idref="fl-11"/>
      </object_component>
      <object_component id="oc-14a">
         <name>.text.memcmp</name>
         <load_address>0x2be4</load_address>
         <readonly>true</readonly>
         <executable>true</executable>
         <run_address>0x2be4</run_address>
         <size>0x20</size>
         <alignment>0x2</alignment>
         <input_file_ref idref="fl-7"/>
      </object_component>
      <object_component id="oc-1aa">
         <name>.text.OUTLINED_FUNCTION_0</name>
         <load_address>0x2c04</load_address>
         <readonly>true</readonly>
         <executable>true</executable>
         <run_address>0x2c04</run_address>
         <size>0x1e</size>
         <alignment>0x2</alignment>
         <input_file_ref idref="fl-3e"/>
      </object_component>
      <object_component id="oc-45">
         <name>.text.nmiISR</name>
         <load_address>0x2c22</load_address>
         <readonly>true</readonly>
         <executable>true</executable>
         <run_address>0x2c22</run_address>
         <size>0x2</size>
         <alignment>0x2</alignment>
         <input_file_ref idref="fl-2f"/>
      </object_component>
      <object_component id="oc-1f2">
         <name>.text.__ashldi3</name>
         <load_address>0x2c24</load_address>
         <readonly>true</readonly>
         <executable>true</executable>
         <run_address>0x2c24</run_address>
         <size>0x1e</size>
         <alignment>0x4</alignment>
         <input_file_ref idref="fl-cd"/>
      </object_component>
      <object_component id="oc-94">
         <name>.text._args_main</name>
         <load_address>0x2c44</load_address>
         <readonly>true</readonly>
         <executable>true</executable>
         <run_address>0x2c44</run_address>
         <size>0x1c</size>
         <alignment>0x4</alignment>
         <input_file_ref idref="fl-5c"/>
      </object_component>
      <object_component id="oc-196">
         <name>.text.BUFFERSEQUAL</name>
         <load_address>0x2c60</load_address>
         <readonly>true</readonly>
         <executable>true</executable>
         <run_address>0x2c60</run_address>
         <size>0x1a</size>
         <alignment>0x2</alignment>
         <input_file_ref idref="fl-3f"/>
      </object_component>
      <object_component id="oc-1d7">
         <name>.text.EXPORTOPERAND</name>
         <load_address>0x2c7a</load_address>
         <readonly>true</readonly>
         <executable>true</executable>
         <run_address>0x2c7a</run_address>
         <size>0x1a</size>
         <alignment>0x2</alignment>
         <input_file_ref idref="fl-3f"/>
      </object_component>
      <object_component id="oc-126">
         <name>.text.SlCrypto_sha256_final</name>
         <load_address>0x2c94</load_address>
         <readonly>true</readonly>
         <executable>true</executable>
         <run_address>0x2c94</run_address>
         <size>0x18</size>
         <alignment>0x4</alignment>
         <input_file_ref idref="fl-1d"/>
      </object_component>
      <object_component id="oc-11f">
         <name>.text.SlCrypto_sha256_init</name>
         <load_address>0x2cac</load_address>
         <readonly>true</readonly>
         <executable>true</executable>
         <run_address>0x2cac</run_address>
         <size>0x18</size>
         <alignment>0x4</alignment>
         <input_file_ref idref="fl-1d"/>
      </object_component>
      <object_component id="oc-124">
         <name>.text.SlCrypto_sha256_update</name>
         <load_address>0x2cc4</load_address>
         <readonly>true</readonly>
         <executable>true</executable>
         <run_address>0x2cc4</run_address>
         <size>0x18</size>
         <alignment>0x4</alignment>
         <input_file_ref idref="fl-1d"/>
      </object_component>
      <object_component id="oc-168">
         <name>.text.mbedtls_platform_zeroize</name>
         <load_address>0x2cdc</load_address>
         <readonly>true</readonly>
         <executable>true</executable>
         <run_address>0x2cdc</run_address>
         <size>0x18</size>
         <alignment>0x4</alignment>
         <input_file_ref idref="fl-1b"/>
      </object_component>
      <object_component id="oc-154">
         <name>.text.memcmp</name>
         <load_address>0x2cf4</load_address>
         <readonly>true</readonly>
         <executable>true</executable>
         <run_address>0x2cf4</run_address>
         <size>0x18</size>
         <alignment>0x2</alignment>
         <input_file_ref idref="fl-d"/>
      </object_component>
      <object_component id="oc-1c4">
         <name>.text.IMPORTDATA</name>
         <load_address>0x2d0c</load_address>
         <readonly>true</readonly>
         <executable>true</executable>
         <run_address>0x2d0c</run_address>
         <size>0x16</size>
         <alignment>0x2</alignment>
         <input_file_ref idref="fl-3f"/>
      </object_component>
      <object_component id="oc-1b9">
         <name>.text.SETOPERAND</name>
         <load_address>0x2d22</load_address>
         <readonly>true</readonly>
         <executable>true</executable>
         <run_address>0x2d22</run_address>
         <size>0x16</size>
         <alignment>0x2</alignment>
         <input_file_ref idref="fl-3f"/>
      </object_component>
      <object_component id="oc-192">
         <name>.text.ISALLZEROS</name>
         <load_address>0x2d38</load_address>
         <readonly>true</readonly>
         <executable>true</executable>
         <run_address>0x2d38</run_address>
         <size>0x14</size>
         <alignment>0x2</alignment>
         <input_file_ref idref="fl-3f"/>
      </object_component>
      <object_component id="oc-1dd">
         <name>.text.__aeabi_uldivmod</name>
         <load_address>0x2d4c</load_address>
         <readonly>true</readonly>
         <executable>true</executable>
         <run_address>0x2d4c</run_address>
         <size>0x14</size>
         <alignment>0x4</alignment>
         <input_file_ref idref="fl-ca"/>
      </object_component>
      <object_component id="oc-1a9">
         <name>.text.OUTLINED_FUNCTION_1</name>
         <load_address>0x2d60</load_address>
         <readonly>true</readonly>
         <executable>true</executable>
         <run_address>0x2d60</run_address>
         <size>0x12</size>
         <alignment>0x2</alignment>
         <input_file_ref idref="fl-3e"/>
      </object_component>
      <object_component id="oc-1b8">
         <name>.text.OUTLINED_FUNCTION_1</name>
         <load_address>0x2d72</load_address>
         <readonly>true</readonly>
         <executable>true</executable>
         <run_address>0x2d72</run_address>
         <size>0x12</size>
         <alignment>0x2</alignment>
         <input_file_ref idref="fl-3f"/>
      </object_component>
      <object_component id="oc-104">
         <name>.text.flash_area_align</name>
         <load_address>0x2d84</load_address>
         <readonly>true</readonly>
         <executable>true</executable>
         <run_address>0x2d84</run_address>
         <size>0x12</size>
         <alignment>0x2</alignment>
         <input_file_ref idref="fl-19"/>
      </object_component>
      <object_component id="oc-80">
         <name>.text:TI_memcpy_small</name>
         <load_address>0x2d96</load_address>
         <readonly>true</readonly>
         <executable>true</executable>
         <run_address>0x2d96</run_address>
         <size>0x12</size>
         <alignment>0x1</alignment>
         <input_file_ref idref="fl-d0"/>
      </object_component>
      <object_component id="oc-26">
         <name>.text:decompress:none</name>
         <load_address>0x2da8</load_address>
         <readonly>true</readonly>
         <executable>true</executable>
         <run_address>0x2da8</run_address>
         <size>0x12</size>
         <alignment>0x2</alignment>
         <input_file_ref idref="fl-58"/>
      </object_component>
      <object_component id="oc-1bb">
         <name>.text.OUTLINED_FUNCTION_5</name>
         <load_address>0x2dba</load_address>
         <readonly>true</readonly>
         <executable>true</executable>
         <run_address>0x2dba</run_address>
         <size>0x10</size>
         <alignment>0x2</alignment>
         <input_file_ref idref="fl-3f"/>
      </object_component>
      <object_component id="oc-163">
         <name>.text.boot_read_image_ok</name>
         <load_address>0x2dca</load_address>
         <readonly>true</readonly>
         <executable>true</executable>
         <run_address>0x2dca</run_address>
         <size>0x10</size>
         <alignment>0x2</alignment>
         <input_file_ref idref="fl-8"/>
      </object_component>
      <object_component id="oc-2b">
         <name>.text.resetISR</name>
         <load_address>0x2dda</load_address>
         <readonly>true</readonly>
         <executable>true</executable>
         <run_address>0x2dda</run_address>
         <size>0x10</size>
         <alignment>0x2</alignment>
         <input_file_ref idref="fl-2f"/>
      </object_component>
      <object_component id="oc-60">
         <name>.text:decompress:ZI</name>
         <load_address>0x2dea</load_address>
         <readonly>true</readonly>
         <executable>true</executable>
         <run_address>0x2dea</run_address>
         <size>0x10</size>
         <alignment>0x2</alignment>
         <input_file_ref idref="fl-57"/>
      </object_component>
      <object_component id="oc-1a5">
         <name>.text.COPY</name>
         <load_address>0x2dfa</load_address>
         <readonly>true</readonly>
         <executable>true</executable>
         <run_address>0x2dfa</run_address>
         <size>0xe</size>
         <alignment>0x2</alignment>
         <input_file_ref idref="fl-3f"/>
      </object_component>
      <object_component id="oc-1d3">
         <name>.text.OUTLINED_FUNCTION_4</name>
         <load_address>0x2e08</load_address>
         <readonly>true</readonly>
         <executable>true</executable>
         <run_address>0x2e08</run_address>
         <size>0xe</size>
         <alignment>0x2</alignment>
         <input_file_ref idref="fl-40"/>
      </object_component>
      <object_component id="oc-1c9">
         <name>.text.OUTLINED_FUNCTION_6</name>
         <load_address>0x2e16</load_address>
         <readonly>true</readonly>
         <executable>true</executable>
         <run_address>0x2e16</run_address>
         <size>0xe</size>
         <alignment>0x2</alignment>
         <input_file_ref idref="fl-40"/>
      </object_component>
      <object_component id="oc-1c3">
         <name>.text.ZERO</name>
         <load_address>0x2e24</load_address>
         <readonly>true</readonly>
         <executable>true</executable>
         <run_address>0x2e24</run_address>
         <size>0xe</size>
         <alignment>0x2</alignment>
         <input_file_ref idref="fl-3f"/>
      </object_component>
      <object_component id="oc-11e">
         <name>.text.flash_area_erased_val</name>
         <load_address>0x2e32</load_address>
         <readonly>true</readonly>
         <executable>true</executable>
         <run_address>0x2e32</run_address>
         <size>0xe</size>
         <alignment>0x2</alignment>
         <input_file_ref idref="fl-19"/>
      </object_component>
      <object_component id="oc-d8">
         <name>.text.flash_area_id_from_multi_image_slot</name>
         <load_address>0x2e40</load_address>
         <readonly>true</readonly>
         <executable>true</executable>
         <run_address>0x2e40</run_address>
         <size>0xe</size>
         <alignment>0x2</alignment>
         <input_file_ref idref="fl-19"/>
      </object_component>
      <object_component id="oc-9d">
         <name>.text:TI_memset_small</name>
         <load_address>0x2e4e</load_address>
         <readonly>true</readonly>
         <executable>true</executable>
         <run_address>0x2e4e</run_address>
         <size>0xe</size>
         <alignment>0x1</alignment>
         <input_file_ref idref="fl-50"/>
      </object_component>
      <object_component id="oc-1bc">
         <name>.text.OUTLINED_FUNCTION_2</name>
         <load_address>0x2e5c</load_address>
         <readonly>true</readonly>
         <executable>true</executable>
         <run_address>0x2e5c</run_address>
         <size>0xc</size>
         <alignment>0x2</alignment>
         <input_file_ref idref="fl-3f"/>
      </object_component>
      <object_component id="oc-1be">
         <name>.text.OUTLINED_FUNCTION_3</name>
         <load_address>0x2e68</load_address>
         <readonly>true</readonly>
         <executable>true</executable>
         <run_address>0x2e68</run_address>
         <size>0xc</size>
         <alignment>0x2</alignment>
         <input_file_ref idref="fl-3f"/>
      </object_component>
      <object_component id="oc-245">
         <name>.tramp.zMACC32.1</name>
         <load_address>0x2e74</load_address>
         <readonly>true</readonly>
         <executable>true</executable>
         <run_address>0x2e74</run_address>
         <size>0x10</size>
         <alignment>0x4</alignment>
         <input_file_ref idref="fl-3f"/>
      </object_component>
      <object_component id="oc-194">
         <name>.text.OUTLINED_FUNCTION_4</name>
         <load_address>0x2e84</load_address>
         <readonly>true</readonly>
         <executable>true</executable>
         <run_address>0x2e84</run_address>
         <size>0xc</size>
         <alignment>0x2</alignment>
         <input_file_ref idref="fl-3e"/>
      </object_component>
      <object_component id="oc-6f">
         <name>.text.__aeabi_memclr</name>
         <load_address>0x2e90</load_address>
         <readonly>true</readonly>
         <executable>true</executable>
         <run_address>0x2e90</run_address>
         <size>0xc</size>
         <alignment>0x4</alignment>
         <input_file_ref idref="fl-c8"/>
      </object_component>
      <object_component id="oc-1b5">
         <name>.text.OUTLINED_FUNCTION_0</name>
         <load_address>0x2e9c</load_address>
         <readonly>true</readonly>
         <executable>true</executable>
         <run_address>0x2e9c</run_address>
         <size>0xa</size>
         <alignment>0x2</alignment>
         <input_file_ref idref="fl-3f"/>
      </object_component>
      <object_component id="oc-1c7">
         <name>.text.OUTLINED_FUNCTION_10</name>
         <load_address>0x2ea6</load_address>
         <readonly>true</readonly>
         <executable>true</executable>
         <run_address>0x2ea6</run_address>
         <size>0xa</size>
         <alignment>0x2</alignment>
         <input_file_ref idref="fl-40"/>
      </object_component>
      <object_component id="oc-1e4">
         <name>.text.OUTLINED_FUNCTION_1</name>
         <load_address>0x2eb0</load_address>
         <readonly>true</readonly>
         <executable>true</executable>
         <run_address>0x2eb0</run_address>
         <size>0xa</size>
         <alignment>0x2</alignment>
         <input_file_ref idref="fl-40"/>
      </object_component>
      <object_component id="oc-1e5">
         <name>.text.OUTLINED_FUNCTION_2</name>
         <load_address>0x2eba</load_address>
         <readonly>true</readonly>
         <executable>true</executable>
         <run_address>0x2eba</run_address>
         <size>0xa</size>
         <alignment>0x2</alignment>
         <input_file_ref idref="fl-40"/>
      </object_component>
      <object_component id="oc-1b6">
         <name>.text.OUTLINED_FUNCTION_4</name>
         <load_address>0x2ec4</load_address>
         <readonly>true</readonly>
         <executable>true</executable>
         <run_address>0x2ec4</run_address>
         <size>0xa</size>
         <alignment>0x2</alignment>
         <input_file_ref idref="fl-3f"/>
      </object_component>
      <object_component id="oc-1e2">
         <name>.text.OUTLINED_FUNCTION_5</name>
         <load_address>0x2ece</load_address>
         <readonly>true</readonly>
         <executable>true</executable>
         <run_address>0x2ece</run_address>
         <size>0xa</size>
         <alignment>0x2</alignment>
         <input_file_ref idref="fl-40"/>
      </object_component>
      <object_component id="oc-1d5">
         <name>.text.OUTLINED_FUNCTION_7</name>
         <load_address>0x2ed8</load_address>
         <readonly>true</readonly>
         <executable>true</executable>
         <run_address>0x2ed8</run_address>
         <size>0xa</size>
         <alignment>0x2</alignment>
         <input_file_ref idref="fl-40"/>
      </object_component>
      <object_component id="oc-1d6">
         <name>.text.OUTLINED_FUNCTION_8</name>
         <load_address>0x2ee2</load_address>
         <readonly>true</readonly>
         <executable>true</executable>
         <run_address>0x2ee2</run_address>
         <size>0xa</size>
         <alignment>0x2</alignment>
         <input_file_ref idref="fl-40"/>
      </object_component>
      <object_component id="oc-1e3">
         <name>.text.OUTLINED_FUNCTION_9</name>
         <load_address>0x2eec</load_address>
         <readonly>true</readonly>
         <executable>true</executable>
         <run_address>0x2eec</run_address>
         <size>0xa</size>
         <alignment>0x2</alignment>
         <input_file_ref idref="fl-40"/>
      </object_component>
      <object_component id="oc-147">
         <name>.text.boot_swap_info_off</name>
         <load_address>0x2ef6</load_address>
         <readonly>true</readonly>
         <executable>true</executable>
         <run_address>0x2ef6</run_address>
         <size>0xa</size>
         <alignment>0x2</alignment>
         <input_file_ref idref="fl-8"/>
      </object_component>
      <object_component id="oc-ab">
         <name>.text.start_app</name>
         <load_address>0x2f00</load_address>
         <readonly>true</readonly>
         <executable>true</executable>
         <run_address>0x2f00</run_address>
         <size>0xa</size>
         <alignment>0x2</alignment>
         <input_file_ref idref="fl-5"/>
      </object_component>
      <object_component id="oc-1d4">
         <name>.text.OUTLINED_FUNCTION_0</name>
         <load_address>0x2f0a</load_address>
         <readonly>true</readonly>
         <executable>true</executable>
         <run_address>0x2f0a</run_address>
         <size>0x8</size>
         <alignment>0x2</alignment>
         <input_file_ref idref="fl-40"/>
      </object_component>
      <object_component id="oc-1a7">
         <name>.text.OUTLINED_FUNCTION_5</name>
         <load_address>0x2f12</load_address>
         <readonly>true</readonly>
         <executable>true</executable>
         <run_address>0x2f12</run_address>
         <size>0x8</size>
         <alignment>0x2</alignment>
         <input_file_ref idref="fl-3e"/>
      </object_component>
      <object_component id="oc-195">
         <name>.text.OUTLINED_FUNCTION_6</name>
         <load_address>0x2f1a</load_address>
         <readonly>true</readonly>
         <executable>true</executable>
         <run_address>0x2f1a</run_address>
         <size>0x8</size>
         <alignment>0x2</alignment>
         <input_file_ref idref="fl-3e"/>
      </object_component>
      <object_component id="oc-246">
         <name>.tramp.mADD.1</name>
         <load_address>0x2f24</load_address>
         <readonly>true</readonly>
         <executable>true</executable>
         <run_address>0x2f24</run_address>
         <size>0x10</size>
         <alignment>0x4</alignment>
         <input_file_ref idref="fl-41"/>
      </object_component>
      <object_component id="oc-1bd">
         <name>.text.OUTLINED_FUNCTION_6</name>
         <load_address>0x2f34</load_address>
         <readonly>true</readonly>
         <executable>true</executable>
         <run_address>0x2f34</run_address>
         <size>0x8</size>
         <alignment>0x2</alignment>
         <input_file_ref idref="fl-3f"/>
      </object_component>
      <object_component id="oc-247">
         <name>.tramp.zADD32.1</name>
         <load_address>0x2f3c</load_address>
         <readonly>true</readonly>
         <executable>true</executable>
         <run_address>0x2f3c</run_address>
         <size>0x10</size>
         <alignment>0x4</alignment>
         <input_file_ref idref="fl-3f"/>
      </object_component>
      <object_component id="oc-1c1">
         <name>.text.SETWORD</name>
         <load_address>0x2f4c</load_address>
         <readonly>true</readonly>
         <executable>true</executable>
         <run_address>0x2f4c</run_address>
         <size>0x8</size>
         <alignment>0x2</alignment>
         <input_file_ref idref="fl-3f"/>
      </object_component>
      <object_component id="oc-53">
         <name>.text.__aeabi_memcpy</name>
         <load_address>0x2f54</load_address>
         <readonly>true</readonly>
         <executable>true</executable>
         <run_address>0x2f54</run_address>
         <size>0x8</size>
         <alignment>0x4</alignment>
         <input_file_ref idref="fl-c7"/>
      </object_component>
      <object_component id="oc-135">
         <name>.text.boot_fih_memequal</name>
         <load_address>0x2f5c</load_address>
         <readonly>true</readonly>
         <executable>true</executable>
         <run_address>0x2f5c</run_address>
         <size>0x8</size>
         <alignment>0x2</alignment>
         <input_file_ref idref="fl-7"/>
      </object_component>
      <object_component id="oc-12e">
         <name>.text.bootutil_max_image_size</name>
         <load_address>0x2f64</load_address>
         <readonly>true</readonly>
         <executable>true</executable>
         <run_address>0x2f64</run_address>
         <size>0x8</size>
         <alignment>0x2</alignment>
         <input_file_ref idref="fl-7"/>
      </object_component>
      <object_component id="oc-1c8">
         <name>.text.OUTLINED_FUNCTION_3</name>
         <load_address>0x2f6c</load_address>
         <readonly>true</readonly>
         <executable>true</executable>
         <run_address>0x2f6c</run_address>
         <size>0x6</size>
         <alignment>0x2</alignment>
         <input_file_ref idref="fl-40"/>
      </object_component>
      <object_component id="oc-248">
         <name>.tramp.mMULT.1</name>
         <load_address>0x2f74</load_address>
         <readonly>true</readonly>
         <executable>true</executable>
         <run_address>0x2f74</run_address>
         <size>0x10</size>
         <alignment>0x4</alignment>
         <input_file_ref idref="fl-41"/>
      </object_component>
      <object_component id="oc-16c">
         <name>.text.CryptoKeyPlaintext_initKey</name>
         <load_address>0x2f84</load_address>
         <readonly>true</readonly>
         <executable>true</executable>
         <run_address>0x2f84</run_address>
         <size>0x4</size>
         <alignment>0x2</alignment>
         <input_file_ref idref="fl-1"/>
      </object_component>
      <object_component id="oc-191">
         <name>.text.IMPORTLENGTH</name>
         <load_address>0x2f88</load_address>
         <readonly>true</readonly>
         <executable>true</executable>
         <run_address>0x2f88</run_address>
         <size>0x4</size>
         <alignment>0x2</alignment>
         <input_file_ref idref="fl-3f"/>
      </object_component>
      <object_component id="oc-88">
         <name>.text._system_pre_init</name>
         <load_address>0x2f8c</load_address>
         <readonly>true</readonly>
         <executable>true</executable>
         <run_address>0x2f8c</run_address>
         <size>0x4</size>
         <alignment>0x2</alignment>
         <input_file_ref idref="fl-55"/>
      </object_component>
      <object_component id="oc-ae">
         <name>.text:abort</name>
         <load_address>0x2f90</load_address>
         <readonly>true</readonly>
         <executable>true</executable>
         <run_address>0x2f90</run_address>
         <size>0x4</size>
         <alignment>0x2</alignment>
         <input_file_ref idref="fl-5a"/>
      </object_component>
      <object_component id="oc-1d1">
         <name>.rodata.LUTJ</name>
         <load_address>0x2f94</load_address>
         <readonly>true</readonly>
         <run_address>0x2f94</run_address>
         <size>0x78</size>
         <alignment>0x1</alignment>
         <input_file_ref idref="fl-40"/>
      </object_component>
      <object_component id="oc-15f">
         <name>.rodata.root_pub_der</name>
         <load_address>0x300c</load_address>
         <readonly>true</readonly>
         <run_address>0x300c</run_address>
         <size>0x5b</size>
         <alignment>0x1</alignment>
         <input_file_ref idref="fl-2"/>
      </object_component>
      <object_component id="oc-1d2">
         <name>.rodata.LUTSTATE</name>
         <load_address>0x3067</load_address>
         <readonly>true</readonly>
         <run_address>0x3067</run_address>
         <size>0x3c</size>
         <alignment>0x1</alignment>
         <input_file_ref idref="fl-40"/>
      </object_component>
      <object_component id="oc-182">
         <name>.rodata.ECC_NISTP256_a</name>
         <load_address>0x30a4</load_address>
         <readonly>true</readonly>
         <run_address>0x30a4</run_address>
         <size>0x24</size>
         <alignment>0x4</alignment>
         <input_file_ref idref="fl-1"/>
      </object_component>
      <object_component id="oc-187">
         <name>.rodata.ECC_NISTP256_a_mont</name>
         <load_address>0x30c8</load_address>
         <readonly>true</readonly>
         <run_address>0x30c8</run_address>
         <size>0x24</size>
         <alignment>0x4</alignment>
         <input_file_ref idref="fl-1"/>
      </object_component>
      <object_component id="oc-183">
         <name>.rodata.ECC_NISTP256_b</name>
         <load_address>0x30ec</load_address>
         <readonly>true</readonly>
         <run_address>0x30ec</run_address>
         <size>0x24</size>
         <alignment>0x4</alignment>
         <input_file_ref idref="fl-1"/>
      </object_component>
      <object_component id="oc-188">
         <name>.rodata.ECC_NISTP256_b_mont</name>
         <load_address>0x3110</load_address>
         <readonly>true</readonly>
         <run_address>0x3110</run_address>
         <size>0x24</size>
         <alignment>0x4</alignment>
         <input_file_ref idref="fl-1"/>
      </object_component>
      <object_component id="oc-184">
         <name>.rodata.ECC_NISTP256_generatorX</name>
         <load_address>0x3134</load_address>
         <readonly>true</readonly>
         <run_address>0x3134</run_address>
         <size>0x24</size>
         <alignment>0x4</alignment>
         <input_file_ref idref="fl-1"/>
      </object_component>
      <object_component id="oc-185">
         <name>.rodata.ECC_NISTP256_generatorY</name>
         <load_address>0x3158</load_address>
         <readonly>true</readonly>
         <run_address>0x3158</run_address>
         <size>0x24</size>
         <alignment>0x4</alignment>
         <input_file_ref idref="fl-1"/>
      </object_component>
      <object_component id="oc-186">
         <name>.rodata.ECC_NISTP256_k_mont</name>
         <load_address>0x317c</load_address>
         <readonly>true</readonly>
         <run_address>0x317c</run_address>
         <size>0x24</size>
         <alignment>0x4</alignment>
         <input_file_ref idref="fl-1"/>
      </object_component>
      <object_component id="oc-181">
         <name>.rodata.ECC_NISTP256_order</name>
         <load_address>0x31a0</load_address>
         <readonly>true</readonly>
         <run_address>0x31a0</run_address>
         <size>0x24</size>
         <alignment>0x4</alignment>
         <input_file_ref idref="fl-1"/>
      </object_component>
      <object_component id="oc-180">
         <name>.rodata.ECC_NISTP256_prime</name>
         <load_address>0x31c4</load_address>
         <readonly>true</readonly>
         <run_address>0x31c4</run_address>
         <size>0x24</size>
         <alignment>0x4</alignment>
         <input_file_ref idref="fl-1"/>
      </object_component>
      <object_component id="oc-1ce">
         <name>.rodata.LUTC</name>
         <load_address>0x31e8</load_address>
         <readonly>true</readonly>
         <run_address>0x31e8</run_address>
         <size>0x18</size>
         <alignment>0x1</alignment>
         <input_file_ref idref="fl-40"/>
      </object_component>
      <object_component id="oc-1d0">
         <name>.rodata.LUTINCI</name>
         <load_address>0x3200</load_address>
         <readonly>true</readonly>
         <run_address>0x3200</run_address>
         <size>0x18</size>
         <alignment>0x1</alignment>
         <input_file_ref idref="fl-40"/>
      </object_component>
      <object_component id="oc-1cd">
         <name>.rodata.LUTOPSIGN</name>
         <load_address>0x3218</load_address>
         <readonly>true</readonly>
         <run_address>0x3218</run_address>
         <size>0x18</size>
         <alignment>0x1</alignment>
         <input_file_ref idref="fl-40"/>
      </object_component>
      <object_component id="oc-1cf">
         <name>.rodata.LUTSE</name>
         <load_address>0x3230</load_address>
         <readonly>true</readonly>
         <run_address>0x3230</run_address>
         <size>0x18</size>
         <alignment>0x1</alignment>
         <input_file_ref idref="fl-40"/>
      </object_component>
      <object_component id="oc-111">
         <name>.rodata.boot_swap_tables</name>
         <load_address>0x3248</load_address>
         <readonly>true</readonly>
         <run_address>0x3248</run_address>
         <size>0x12</size>
         <alignment>0x1</alignment>
         <input_file_ref idref="fl-8"/>
      </object_component>
      <object_component id="oc-102">
         <name>.rodata.boot_area_descs</name>
         <load_address>0x325c</load_address>
         <readonly>true</readonly>
         <run_address>0x325c</run_address>
         <size>0x10</size>
         <alignment>0x4</alignment>
         <input_file_ref idref="fl-19"/>
      </object_component>
      <object_component id="oc-164">
         <name>.rodata.boot_img_magic</name>
         <load_address>0x326c</load_address>
         <readonly>true</readonly>
         <run_address>0x326c</run_address>
         <size>0x10</size>
         <alignment>0x4</alignment>
         <input_file_ref idref="fl-8"/>
      </object_component>
      <object_component id="oc-11a">
         <name>.rodata.bootloader</name>
         <load_address>0x327c</load_address>
         <readonly>true</readonly>
         <run_address>0x327c</run_address>
         <size>0xc</size>
         <alignment>0x4</alignment>
         <input_file_ref idref="fl-19"/>
      </object_component>
      <object_component id="oc-11b">
         <name>.rodata.primary_1</name>
         <load_address>0x3288</load_address>
         <readonly>true</readonly>
         <run_address>0x3288</run_address>
         <size>0xc</size>
         <alignment>0x4</alignment>
         <input_file_ref idref="fl-19"/>
      </object_component>
      <object_component id="oc-11c">
         <name>.rodata.secondary_1</name>
         <load_address>0x3294</load_address>
         <readonly>true</readonly>
         <run_address>0x3294</run_address>
         <size>0xc</size>
         <alignment>0x4</alignment>
         <input_file_ref idref="fl-19"/>
      </object_component>
      <object_component id="oc-159">
         <name>.rodata.ec_secp256r1_oid</name>
         <load_address>0x32a0</load_address>
         <readonly>true</readonly>
         <run_address>0x32a0</run_address>
         <size>0x9</size>
         <alignment>0x1</alignment>
         <input_file_ref idref="fl-d"/>
      </object_component>
      <object_component id="oc-13e">
         <name>.rodata.bootutil_keys</name>
         <load_address>0x32ac</load_address>
         <readonly>true</readonly>
         <run_address>0x32ac</run_address>
         <size>0x8</size>
         <alignment>0x4</alignment>
         <input_file_ref idref="fl-2"/>
      </object_component>
      <object_component id="oc-158">
         <name>.rodata.ec_pubkey_oid</name>
         <load_address>0x32b4</load_address>
         <readonly>true</readonly>
         <run_address>0x32b4</run_address>
         <size>0x8</size>
         <alignment>0x1</alignment>
         <input_file_ref idref="fl-d"/>
      </object_component>
      <object_component id="oc-1cc">
         <name>.rodata.LUTOPCODE</name>
         <load_address>0x32bc</load_address>
         <readonly>true</readonly>
         <run_address>0x32bc</run_address>
         <size>0x6</size>
         <alignment>0x1</alignment>
         <input_file_ref idref="fl-40"/>
      </object_component>
      <object_component id="oc-13c">
         <name>.rodata.bootutil_key_cnt</name>
         <load_address>0x32c4</load_address>
         <readonly>true</readonly>
         <run_address>0x32c4</run_address>
         <size>0x4</size>
         <alignment>0x4</alignment>
         <input_file_ref idref="fl-2"/>
      </object_component>
      <object_component id="oc-173">
         <name>.rodata.memset_func</name>
         <load_address>0x32c8</load_address>
         <readonly>true</readonly>
         <run_address>0x32c8</run_address>
         <size>0x4</size>
         <alignment>0x4</alignment>
         <input_file_ref idref="fl-1b"/>
      </object_component>
      <object_component id="oc-160">
         <name>.rodata.root_pub_der_len</name>
[...]
         <name>bootutil_keys</name>
         <value>0x32ac</value>
         <object_component_ref idref="oc-13e"/>
      </symbol>
      <symbol id="sm-62">
         <name>bootutil_key_cnt</name>
         <value>0x32c4</value>
         <object_component_ref idref="oc-13c"/>
      </symbol>
      <symbol id="sm-67">
         <name>ccfg</name>
         <value>0x4e020000</value>
         <object_component_ref idref="oc-1c"/>
      </symbol>
      <symbol id="sm-76">
         <name>main</name>
         <value>0x2719</value>
         <object_component_ref idref="oc-8c"/>
      </symbol>
      <symbol id="sm-86">
         <name>boot_fih_memequal</name>
         <value>0x2f5d</value>
         <object_component_ref idref="oc-135"/>
      </symbol>
      <symbol id="sm-87">
         <name>bootutil_max_image_size</name>
         <value>0x2f65</value>
         <object_component_ref idref="oc-12e"/>
      </symbol>
      <symbol id="sm-a2">
         <name>boot_swap_info_off</name>
         <value>0x2ef7</value>
         <object_component_ref idref="oc-147"/>
      </symbol>
      <symbol id="sm-a3">
         <name>bootutil_buffer_is_erased</name>
         <value>0x2a37</value>
         <object_component_ref idref="oc-161"/>
      </symbol>
      <symbol id="sm-a4">
         <name>boot_read_swap_state</name>
         <value>0x1d5d</value>
         <object_component_ref idref="oc-141"/>
      </symbol>
      <symbol id="sm-a5">
         <name>boot_read_image_ok</name>
         <value>0x2dcb</value>
         <object_component_ref idref="oc-163"/>
      </symbol>
      <symbol id="sm-a6">
         <name>boot_img_magic</name>
         <value>0x326c</value>
         <object_component_ref idref="oc-164"/>
      </symbol>
      <symbol id="sm-a7">
         <name>boot_read_swap_state_by_id</name>
         <value>0x2ae5</value>
         <object_component_ref idref="oc-110"/>
      </symbol>
      <symbol id="sm-a8">
         <name>boot_swap_type_multi</name>
         <value>0x201d</value>
         <object_component_ref idref="oc-e9"/>
      </symbol>
      <symbol id="sm-af">
         <name>FIH_SUCCESS</name>
         <value>0x200045d4</value>
         <object_component_ref idref="oc-f5"/>
      </symbol>
      <symbol id="sm-b0">
         <name>FIH_FAILURE</name>
         <value>0x200045cc</value>
         <object_component_ref idref="oc-f1"/>
      </symbol>
      <symbol id="sm-b1">
         <name>FIH_NO_BOOTABLE_IMAGE</name>
         <value>0x200045d0</value>
         <object_component_ref idref="oc-f6"/>
      </symbol>
      <symbol id="sm-c7">
         <name>bootutil_verify_sig</name>
         <value>0x15f1</value>
         <object_component_ref idref="oc-136"/>
      </symbol>
      <symbol id="sm-d8">
         <name>bootutil_img_validate</name>
         <value>0xf39</value>
         <object_component_ref idref="oc-107"/>
      </symbol>
      <symbol id="sm-10e">
         <name>boot_copy_region</name>
         <value>0x2481</value>
         <object_component_ref idref="oc-f0"/>
      </symbol>
      <symbol id="sm-10f">
         <name>context_boot_go</name>
         <value>0xd2d</value>
         <object_component_ref idref="oc-c8"/>
      </symbol>
      <symbol id="sm-110">
         <name>boot_go</name>
         <value>0x2bc5</value>
         <object_component_ref idref="oc-a5"/>
      </symbol>
      <symbol id="sm-11f">
         <name>boot_read_image_header</name>
         <value>0x29a5</value>
         <object_component_ref idref="oc-105"/>
      </symbol>
      <symbol id="sm-120">
         <name>boot_slots_compatible</name>
         <value>0x1e15</value>
         <object_component_ref idref="oc-e3"/>
      </symbol>
      <symbol id="sm-12e">
         <name>bootutil_tlv_iter_begin</name>
         <value>0x1c99</value>
         <object_component_ref idref="oc-128"/>
      </symbol>
      <symbol id="sm-12f">
         <name>bootutil_tlv_iter_next</name>
         <value>0x1ec5</value>
         <object_component_ref idref="oc-134"/>
      </symbol>
      <symbol id="sm-157">
         <name>flash_area_open</name>
         <value>0x2b0d</value>
         <object_component_ref idref="oc-de"/>
      </symbol>
      <symbol id="sm-158">
         <name>flash_area_close</name>
         <value>0x281b</value>
         <object_component_ref idref="oc-e2"/>
      </symbol>
      <symbol id="sm-159">
         <name>flash_area_read</name>
         <value>0x2abb</value>
         <object_component_ref idref="oc-114"/>
      </symbol>
      <symbol id="sm-15a">
         <name>flash_area_write</name>
         <value>0x26d5</value>
         <object_component_ref idref="oc-115"/>
      </symbol>
      <symbol id="sm-15b">
         <name>flash_area_erase</name>
         <value>0x24e5</value>
         <object_component_ref idref="oc-ef"/>
      </symbol>
      <symbol id="sm-15c">
         <name>flash_area_align</name>
         <value>0x2d85</value>
         <object_component_ref idref="oc-104"/>
      </symbol>
      <symbol id="sm-15d">
         <name>flash_area_id_from_multi_image_slot</name>
         <value>0x2e41</value>
         <object_component_ref idref="oc-d8"/>
      </symbol>
      <symbol id="sm-15e">
         <name>flash_area_erased_val</name>
         <value>0x2e33</value>
         <object_component_ref idref="oc-11e"/>
      </symbol>
      <symbol id="sm-15f">
         <name>flash_area_get_sectors</name>
         <value>0x259d</value>
         <object_component_ref idref="oc-11d"/>
      </symbol>
      <symbol id="sm-171">
         <name>mbedtls_asn1_get_len</name>
         <value>0x1f71</value>
         <object_component_ref idref="oc-165"/>
      </symbol>
      <symbol id="sm-172">
         <name>mbedtls_asn1_get_tag</name>
         <value>0x2b35</value>
         <object_component_ref idref="oc-14c"/>
      </symbol>
      <symbol id="sm-173">
         <name>mbedtls_asn1_get_bitstring_null</name>
         <value>0x29d9</value>
         <object_component_ref idref="oc-155"/>
      </symbol>
      <symbol id="sm-174">
         <name>mbedtls_asn1_get_alg</name>
         <value>0x2317</value>
         <object_component_ref idref="oc-153"/>
      </symbol>
      <symbol id="sm-180">
         <name>mbedtls_platform_zeroize</name>
         <value>0x2cdd</value>
         <object_component_ref idref="oc-168"/>
      </symbol>
      <symbol id="sm-19c">
         <name>SlCrypto_sha256_init</name>
         <value>0x2cad</value>
         <object_component_ref idref="oc-11f"/>
      </symbol>
      <symbol id="sm-19d">
         <name>SlCrypto_sha256_drop</name>
         <value>0x21fb</value>
         <object_component_ref idref="oc-127"/>
      </symbol>
      <symbol id="sm-19e">
         <name>SlCrypto_sha256_update</name>
         <value>0x2cc5</value>
         <object_component_ref idref="oc-124"/>
      </symbol>
      <symbol id="sm-19f">
         <name>SlCrypto_sha256_final</name>
         <value>0x2c95</value>
         <object_component_ref idref="oc-126"/>
      </symbol>
      <symbol id="sm-1a0">
         <name>SlCrypto_ecdsa_p256_init</name>
         <value>0x1ec3</value>
         <object_component_ref idref="oc-14b"/>
      </symbol>
      <symbol id="sm-1a1">
         <name>SlCrypto_ecdsa_p256_drop</name>
         <value>0x191b</value>
         <object_component_ref idref="oc-152"/>
      </symbol>
      <symbol id="sm-1a2">
         <name>SlCrypto_ecdsa_p256_verify</name>
         <value>0x2549</value>
         <object_component_ref idref="oc-157"/>
      </symbol>
      <symbol id="sm-1a3">
         <name>__TI_ATRegion0_src_addr</name>
         <value>0x0</value>
      </symbol>
      <symbol id="sm-1a4">
         <name>__TI_ATRegion0_trg_addr</name>
         <value>0x0</value>
      </symbol>
      <symbol id="sm-1a5">
         <name>__TI_ATRegion0_region_sz</name>
         <value>0x0</value>
      </symbol>
      <symbol id="sm-1a6">
         <name>__TI_ATRegion1_src_addr</name>
         <value>0x0</value>
      </symbol>
      <symbol id="sm-1a7">
         <name>__TI_ATRegion1_trg_addr</name>
         <value>0x0</value>
      </symbol>
      <symbol id="sm-1a8">
         <name>__TI_ATRegion1_region_sz</name>
         <value>0x0</value>
      </symbol>
      <symbol id="sm-1a9">
         <name>__TI_ATRegion2_src_addr</name>
         <value>0x0</value>
      </symbol>
      <symbol id="sm-1aa">
         <name>__TI_ATRegion2_trg_addr</name>
         <value>0x0</value>
      </symbol>
      <symbol id="sm-1ab">
         <name>__TI_ATRegion2_region_sz</name>
         <value>0x0</value>
      </symbol>
      <symbol id="sm-1bd">
         <name>resetISR</name>
         <value>0x2ddb</value>
         <object_component_ref idref="oc-2b"/>
      </symbol>
      <symbol id="sm-1be">
         <name>resetVectors</name>
         <value>0x0</value>
         <object_component_ref idref="oc-1e"/>
      </symbol>
      <symbol id="sm-1d4">
         <name>SetupTrimDevice</name>
         <value>0x2a65</value>
         <object_component_ref idref="oc-61"/>
      </symbol>
      <symbol id="sm-1f1">
         <name>ECCSW_ECDSAVerify</name>
         <value>0xa4d</value>
         <object_component_ref idref="oc-17f"/>
      </symbol>
      <symbol id="sm-1f2">
         <name>ECCSW_validatePublicKeyWeierstrass</name>
         <value>0x14c1</value>
         <object_component_ref idref="oc-179"/>
      </symbol>
      <symbol id="sm-234">
         <name>IMPORTLENGTH</name>
         <value>0x2f89</value>
         <object_component_ref idref="oc-191"/>
      </symbol>
      <symbol id="sm-235">
         <name>IMPORTMODULUS</name>
         <value>0x2ba5</value>
         <object_component_ref idref="oc-18a"/>
      </symbol>
      <symbol id="sm-236">
         <name>IMPORTOPERAND</name>
         <value>0x2893</value>
         <object_component_ref idref="oc-197"/>
      </symbol>
      <symbol id="sm-237">
         <name>EXPORTOPERAND</name>
         <value>0x2c7b</value>
         <object_component_ref idref="oc-1d7"/>
      </symbol>
      <symbol id="sm-238">
         <name>IMPORTDATA</name>
         <value>0x2d0d</value>
         <object_component_ref idref="oc-1c4"/>
      </symbol>
      <symbol id="sm-239">
         <name>SETOPERAND</name>
         <value>0x2d23</value>
         <object_component_ref idref="oc-1b9"/>
      </symbol>
      <symbol id="sm-23a">
         <name>COPY</name>
         <value>0x2dfb</value>
         <object_component_ref idref="oc-1a5"/>
      </symbol>
      <symbol id="sm-23b">
         <name>ZERO</name>
         <value>0x2e25</value>
         <object_component_ref idref="oc-1c3"/>
      </symbol>
      <symbol id="sm-23c">
         <name>SETWORD</name>
         <value>0x2f4d</value>
         <object_component_ref idref="oc-1c1"/>
      </symbol>
      <symbol id="sm-23d">
         <name>mSET</name>
         <value>0x1afd</value>
         <object_component_ref idref="oc-190"/>
      </symbol>
      <symbol id="sm-23e">
         <name>mINVK</name>
         <value>0x1bd1</value>
         <object_component_ref idref="oc-19e"/>
      </symbol>
      <symbol id="sm-23f">
         <name>zADD</name>
         <value>0x275d</value>
         <object_component_ref idref="oc-1ba"/>
      </symbol>
      <symbol id="sm-240">
         <name>zADD32</name>
         <value>0x268b</value>
         <object_component_ref idref="oc-1e1"/>
      </symbol>
      <symbol id="sm-241">
         <name>zMACC32</name>
         <value>0x228d</value>
         <object_component_ref idref="oc-1c5"/>
      </symbol>
      <symbol id="sm-242">
         <name>zSUB</name>
         <value>0x21fd</value>
         <object_component_ref idref="oc-193"/>
      </symbol>
      <symbol id="sm-243">
         <name>zSUB32</name>
         <value>0x2903</value>
         <object_component_ref idref="oc-1c6"/>
      </symbol>
      <symbol id="sm-244">
         <name>BUFFERSEQUAL</name>
         <value>0x2c61</value>
         <object_component_ref idref="oc-196"/>
      </symbol>
      <symbol id="sm-245">
         <name>ISALLZEROS</name>
         <value>0x2d39</value>
         <object_component_ref idref="oc-192"/>
      </symbol>
      <symbol id="sm-28d">
         <name>SCALARMUL_init</name>
         <value>0x1829</value>
         <object_component_ref idref="oc-1a8"/>
      </symbol>
      <symbol id="sm-28e">
         <name>SQUAREMULTIPLYWORD</name>
         <value>0x2167</value>
         <object_component_ref idref="oc-19f"/>
      </symbol>
      <symbol id="sm-28f">
         <name>SCALARMUL_core</name>
         <value>0x8d</value>
         <object_component_ref idref="oc-1ab"/>
      </symbol>
      <symbol id="sm-290">
         <name>GETDIGIT</name>
         <value>0x27df</value>
         <object_component_ref idref="oc-1ca"/>
      </symbol>
      <symbol id="sm-291">
         <name>ATOMICPATTERN</name>
         <value>0x40d</value>
         <object_component_ref idref="oc-1cb"/>
      </symbol>
      <symbol id="sm-292">
         <name>JACADD</name>
         <value>0x1319</value>
         <object_component_ref idref="oc-1ad"/>
      </symbol>
      <symbol id="sm-293">
         <name>LUTOPCODE</name>
         <value>0x32bc</value>
         <object_component_ref idref="oc-1cc"/>
      </symbol>
      <symbol id="sm-294">
         <name>LUTOPSIGN</name>
         <value>0x3218</value>
         <object_component_ref idref="oc-1cd"/>
      </symbol>
      <symbol id="sm-295">
         <name>LUTC</name>
         <value>0x31e8</value>
         <object_component_ref idref="oc-1ce"/>
      </symbol>
      <symbol id="sm-296">
         <name>LUTSE</name>
         <value>0x3230</value>
         <object_component_ref idref="oc-1cf"/>
      </symbol>
      <symbol id="sm-297">
         <name>LUTINCI</name>
         <value>0x3200</value>
         <object_component_ref idref="oc-1d0"/>
      </symbol>
      <symbol id="sm-298">
         <name>LUTJ</name>
         <value>0x2f94</value>
         <object_component_ref idref="oc-1d1"/>
      </symbol>
      <symbol id="sm-299">
         <name>LUTSTATE</name>
         <value>0x3067</value>
         <object_component_ref idref="oc-1d2"/>
      </symbol>
      <symbol id="sm-29a">
         <name>SCALARMUL_final</name>
         <value>0x1a0d</value>
         <object_component_ref idref="oc-1ae"/>
      </symbol>
      <symbol id="sm-29b">
         <name>INVERT</name>
         <value>0x1141</value>
         <object_component_ref idref="oc-1a6"/>
      </symbol>
      <symbol id="sm-29c">
         <name>GETDIGITL2R</name>
         <value>0x2419</value>
         <object_component_ref idref="oc-1c2"/>
      </symbol>
      <symbol id="sm-29d">
         <name>SAVEPOINT</name>
         <value>0x2971</value>
         <object_component_ref idref="oc-1ac"/>
      </symbol>
      <symbol id="sm-2c7">
         <name>mMULT</name>
         <value>0x73d</value>
         <object_component_ref idref="oc-198"/>
      </symbol>
      <symbol id="sm-2c8">
         <name>mADD</name>
         <value>0x8e1</value>
         <object_component_ref idref="oc-198"/>
      </symbol>
      <symbol id="sm-2c9">
         <name>mSUB</name>
         <value>0x969</value>
         <object_component_ref idref="oc-198"/>
      </symbol>
      <symbol id="sm-2ca">
         <name>mOUT</name>
         <value>0x9f1</value>
         <object_component_ref idref="oc-198"/>
      </symbol>
      <symbol id="sm-2d9">
         <name>TI_memset_small</name>
         <value>0x2e4f</value>
         <object_component_ref idref="oc-9d"/>
      </symbol>
      <symbol id="sm-2e0">
         <name>_sys_memory</name>
         <value>0x20002568</value>
         <object_component_ref idref="oc-40"/>
      </symbol>
      <symbol id="sm-2eb">
         <name>__stack</name>
         <value>0x20008c00</value>
         <object_component_ref idref="oc-20"/>
      </symbol>
      <symbol id="sm-2ec">
         <name>_c_int00</name>
         <value>0x2b81</value>
         <object_component_ref idref="oc-7b"/>
      </symbol>
      <symbol id="sm-2f8">
         <name>__TI_auto_init_nobinit_nopinit</name>
         <value>0x281d</value>
         <object_component_ref idref="oc-b5"/>
      </symbol>
      <symbol id="sm-300">
         <name>_system_pre_init</name>
         <value>0x2f8d</value>
         <object_component_ref idref="oc-88"/>
      </symbol>
      <symbol id="sm-30b">
         <name>__TI_zero_init</name>
         <value>0x2deb</value>
         <object_component_ref idref="oc-60"/>
      </symbol>
      <symbol id="sm-314">
         <name>__TI_decompress_none</name>
         <value>0x2da9</value>
         <object_component_ref idref="oc-26"/>
      </symbol>
      <symbol id="sm-31f">
         <name>__TI_decompress_lzss</name>
         <value>0x23a1</value>
         <object_component_ref idref="oc-22"/>
      </symbol>
      <symbol id="sm-329">
         <name>abort</name>
         <value>0x2f91</value>
         <object_component_ref idref="oc-ae"/>
      </symbol>
      <symbol id="sm-32a">
         <name>C$$EXIT</name>
         <value>0x2f90</value>
         <object_component_ref idref="oc-ae"/>
      </symbol>
      <symbol id="sm-335">
         <name>_args_main</name>
         <value>0x2c45</value>
         <object_component_ref idref="oc-94"/>
      </symbol>
      <symbol id="sm-33b">
         <name>__aeabi_lmul</name>
         <value>0x2b5d</value>
         <object_component_ref idref="oc-1b1"/>
      </symbol>
      <symbol id="sm-33c">
         <name>__muldi3</name>
         <value>0x2b5d</value>
         <object_component_ref idref="oc-1b1"/>
      </symbol>
      <symbol id="sm-343">
         <name>__aeabi_memcpy</name>
         <value>0x2f55</value>
         <object_component_ref idref="oc-53"/>
      </symbol>
      <symbol id="sm-344">
         <name>__aeabi_memcpy4</name>
         <value>0x2f55</value>
         <object_component_ref idref="oc-53"/>
      </symbol>
      <symbol id="sm-345">
         <name>__aeabi_memcpy8</name>
         <value>0x2f55</value>
         <object_component_ref idref="oc-53"/>
      </symbol>
      <symbol id="sm-34c">
         <name>__aeabi_memclr</name>
         <value>0x2e91</value>
         <object_component_ref idref="oc-6f"/>
      </symbol>
      <symbol id="sm-34d">
         <name>__aeabi_memclr4</name>
         <value>0x2e91</value>
         <object_component_ref idref="oc-6f"/>
      </symbol>
      <symbol id="sm-34e">
         <name>__aeabi_memclr8</name>
         <value>0x2e91</value>
         <object_component_ref idref="oc-6f"/>
      </symbol>
      <symbol id="sm-354">
         <name>__aeabi_uldivmod</name>
         <value>0x2d4d</value>
         <object_component_ref idref="oc-1dd"/>
      </symbol>
      <symbol id="sm-35a">
         <name>__udivmoddi4</name>
         <value>0x20c5</value>
         <object_component_ref idref="oc-1e7"/>
      </symbol>
      <symbol id="sm-360">
         <name>__muldsi3</name>
         <value>0x2859</value>
         <object_component_ref idref="oc-1d8"/>
      </symbol>
      <symbol id="sm-366">
         <name>__aeabi_llsl</name>
         <value>0x2c25</value>
         <object_component_ref idref="oc-1f2"/>
      </symbol>
      <symbol id="sm-367">
         <name>__ashldi3</name>
         <value>0x2c25</value>
         <object_component_ref idref="oc-1f2"/>
      </symbol>
      <symbol id="sm-372">
         <name>__aeabi_ldiv0</name>
         <value>0x239f</value>
         <object_component_ref idref="oc-1ec"/>
      </symbol>
      <symbol id="sm-37b">
         <name>TI_memcpy_small</name>
         <value>0x2d97</value>
         <object_component_ref idref="oc-80"/>
      </symbol>
      <symbol id="sm-37c">
         <name>__TI_static_base__</name>
         <value>0x0</value>
      </symbol>
      <symbol id="sm-380">
         <name>__mpu_init</name>
         <value>0x0</value>
      </symbol>
      <symbol id="sm-381">
         <name>_system_post_cinit</name>
         <value>0x0</value>
      </symbol>
   </symbol_table>
   <title>Link successful</title>
</link_info>
